<!doctype html public "-//w3c//dtd html 4.0 transitional//en">
<html><head>
<title>Static Call Graph - [.\debug\Bootloader_LPC54606.icf]</title></head>
<body><HR>
<H1>Static Call Graph for image .\debug\Bootloader_LPC54606.icf</H1><HR>
<BR><P>#&#060CALLGRAPH&#062# ARM Linker, 5060528: Last Updated: Tue May 29 19:00:58 2018
<BR><P>
<H3>Maximum Stack Usage =       1040 bytes + Unknown(Cycles, Untraceable Function Pointers)</H3><H3>
Call chain for Maximum Stack Depth:</H3>
main &rArr; bootloader &rArr; setupserial() &rArr; BOARD_InitDebugConsole &rArr; DbgConsole_Init &rArr; USART_Init &rArr; USART_SetBaudRate &rArr; __aeabi_assert &rArr; DbgConsole_Printf &rArr; DbgConsole_PrintfFormattedData &rArr; DbgConsole_ConvertFloatRadixNumToString &rArr; __hardfp_pow &rArr; __kernel_poly &rArr; __aeabi_dmul &rArr; _double_epilogue &rArr; _double_round
<P>
<H3>
Mutually Recursive functions
</H3> <LI><a href="#[2]">NMI_Handler</a>&nbsp;&nbsp;&nbsp;&rArr;&nbsp;&nbsp;&nbsp;<a href="#[2]">NMI_Handler</a><BR>
 <LI><a href="#[3]">HardFault_Handler</a>&nbsp;&nbsp;&nbsp;&rArr;&nbsp;&nbsp;&nbsp;<a href="#[3]">HardFault_Handler</a><BR>
 <LI><a href="#[4]">MemManage_Handler</a>&nbsp;&nbsp;&nbsp;&rArr;&nbsp;&nbsp;&nbsp;<a href="#[4]">MemManage_Handler</a><BR>
 <LI><a href="#[5]">BusFault_Handler</a>&nbsp;&nbsp;&nbsp;&rArr;&nbsp;&nbsp;&nbsp;<a href="#[5]">BusFault_Handler</a><BR>
 <LI><a href="#[6]">UsageFault_Handler</a>&nbsp;&nbsp;&nbsp;&rArr;&nbsp;&nbsp;&nbsp;<a href="#[6]">UsageFault_Handler</a><BR>
 <LI><a href="#[7]">SVC_Handler</a>&nbsp;&nbsp;&nbsp;&rArr;&nbsp;&nbsp;&nbsp;<a href="#[7]">SVC_Handler</a><BR>
 <LI><a href="#[8]">DebugMon_Handler</a>&nbsp;&nbsp;&nbsp;&rArr;&nbsp;&nbsp;&nbsp;<a href="#[8]">DebugMon_Handler</a><BR>
 <LI><a href="#[9]">PendSV_Handler</a>&nbsp;&nbsp;&nbsp;&rArr;&nbsp;&nbsp;&nbsp;<a href="#[9]">PendSV_Handler</a><BR>
 <LI><a href="#[a]">SysTick_Handler</a>&nbsp;&nbsp;&nbsp;&rArr;&nbsp;&nbsp;&nbsp;<a href="#[a]">SysTick_Handler</a><BR>
 <LI><a href="#[5d]">ADC0_SEQA_DriverIRQHandler</a>&nbsp;&nbsp;&nbsp;&rArr;&nbsp;&nbsp;&nbsp;<a href="#[5d]">ADC0_SEQA_DriverIRQHandler</a><BR>
 <LI><a href="#[b3]">CLOCK_GetFlexCommClkFreq</a>&nbsp;&nbsp;&nbsp;&rArr;&nbsp;&nbsp;&nbsp;<a href="#[a2]">CLOCK_GetFreq</a><BR>
</UL>
<P>
<H3>
Function Pointers
</H3><UL>
 <LI><a href="#[5d]">ADC0_SEQA_DriverIRQHandler</a> from startup_lpc54608.o(.text) referenced from startup_lpc54608.o(.text)
 <LI><a href="#[21]">ADC0_SEQA_IRQHandler</a> from startup_lpc54608.o(.text) referenced from startup_lpc54608.o(RESET)
 <LI><a href="#[5e]">ADC0_SEQB_DriverIRQHandler</a> from startup_lpc54608.o(.text) referenced from startup_lpc54608.o(.text)
 <LI><a href="#[22]">ADC0_SEQB_IRQHandler</a> from startup_lpc54608.o(.text) referenced from startup_lpc54608.o(RESET)
 <LI><a href="#[5f]">ADC0_THCMP_DriverIRQHandler</a> from startup_lpc54608.o(.text) referenced from startup_lpc54608.o(.text)
 <LI><a href="#[23]">ADC0_THCMP_IRQHandler</a> from startup_lpc54608.o(.text) referenced from startup_lpc54608.o(RESET)
 <LI><a href="#[5]">BusFault_Handler</a> from startup_lpc54608.o(.text) referenced from startup_lpc54608.o(RESET)
 <LI><a href="#[72]">CAN0_IRQ0_DriverIRQHandler</a> from startup_lpc54608.o(.text) referenced from startup_lpc54608.o(.text)
 <LI><a href="#[36]">CAN0_IRQ0_IRQHandler</a> from startup_lpc54608.o(.text) referenced from startup_lpc54608.o(RESET)
 <LI><a href="#[73]">CAN0_IRQ1_DriverIRQHandler</a> from startup_lpc54608.o(.text) referenced from startup_lpc54608.o(.text)
 <LI><a href="#[37]">CAN0_IRQ1_IRQHandler</a> from startup_lpc54608.o(.text) referenced from startup_lpc54608.o(RESET)
 <LI><a href="#[74]">CAN1_IRQ0_DriverIRQHandler</a> from startup_lpc54608.o(.text) referenced from startup_lpc54608.o(.text)
 <LI><a href="#[38]">CAN1_IRQ0_IRQHandler</a> from startup_lpc54608.o(.text) referenced from startup_lpc54608.o(RESET)
 <LI><a href="#[75]">CAN1_IRQ1_DriverIRQHandler</a> from startup_lpc54608.o(.text) referenced from startup_lpc54608.o(.text)
 <LI><a href="#[39]">CAN1_IRQ1_IRQHandler</a> from startup_lpc54608.o(.text) referenced from startup_lpc54608.o(RESET)
 <LI><a href="#[51]">CTIMER0_DriverIRQHandler</a> from startup_lpc54608.o(.text) referenced from startup_lpc54608.o(.text)
 <LI><a href="#[15]">CTIMER0_IRQHandler</a> from startup_lpc54608.o(.text) referenced from startup_lpc54608.o(RESET)
 <LI><a href="#[52]">CTIMER1_DriverIRQHandler</a> from startup_lpc54608.o(.text) referenced from startup_lpc54608.o(.text)
 <LI><a href="#[16]">CTIMER1_IRQHandler</a> from startup_lpc54608.o(.text) referenced from startup_lpc54608.o(RESET)
 <LI><a href="#[6b]">CTIMER2_DriverIRQHandler</a> from startup_lpc54608.o(.text) referenced from startup_lpc54608.o(.text)
 <LI><a href="#[2f]">CTIMER2_IRQHandler</a> from startup_lpc54608.o(.text) referenced from startup_lpc54608.o(RESET)
 <LI><a href="#[54]">CTIMER3_DriverIRQHandler</a> from startup_lpc54608.o(.text) referenced from startup_lpc54608.o(.text)
 <LI><a href="#[18]">CTIMER3_IRQHandler</a> from startup_lpc54608.o(.text) referenced from startup_lpc54608.o(RESET)
 <LI><a href="#[6c]">CTIMER4_DriverIRQHandler</a> from startup_lpc54608.o(.text) referenced from startup_lpc54608.o(.text)
 <LI><a href="#[30]">CTIMER4_IRQHandler</a> from startup_lpc54608.o(.text) referenced from startup_lpc54608.o(RESET)
 <LI><a href="#[48]">DMA0_DriverIRQHandler</a> from startup_lpc54608.o(.text) referenced from startup_lpc54608.o(.text)
 <LI><a href="#[c]">DMA0_IRQHandler</a> from startup_lpc54608.o(.text) referenced from startup_lpc54608.o(RESET)
 <LI><a href="#[60]">DMIC0_DriverIRQHandler</a> from startup_lpc54608.o(.text) referenced from startup_lpc54608.o(.text)
 <LI><a href="#[24]">DMIC0_IRQHandler</a> from startup_lpc54608.o(.text) referenced from startup_lpc54608.o(RESET)
 <LI><a href="#[82]">DbgConsole_Putchar</a> from fsl_debug_console.o(i.DbgConsole_Putchar) referenced from fsl_debug_console.o(i.DbgConsole_Printf)
 <LI><a href="#[8]">DebugMon_Handler</a> from startup_lpc54608.o(.text) referenced from startup_lpc54608.o(RESET)
 <LI><a href="#[7b]">EEPROM_DriverIRQHandler</a> from startup_lpc54608.o(.text) referenced from startup_lpc54608.o(.text)
 <LI><a href="#[3f]">EEPROM_IRQHandler</a> from startup_lpc54608.o(.text) referenced from startup_lpc54608.o(RESET)
 <LI><a href="#[78]">ETHERNET_DriverIRQHandler</a> from fsl_enet.o(i.ETHERNET_DriverIRQHandler) referenced from startup_lpc54608.o(.text)
 <LI><a href="#[3c]">ETHERNET_IRQHandler</a> from startup_lpc54608.o(.text) referenced from startup_lpc54608.o(RESET)
 <LI><a href="#[7a]">ETHERNET_MACLP_DriverIRQHandler</a> from startup_lpc54608.o(.text) referenced from startup_lpc54608.o(.text)
 <LI><a href="#[3e]">ETHERNET_MACLP_IRQHandler</a> from startup_lpc54608.o(.text) referenced from startup_lpc54608.o(RESET)
 <LI><a href="#[79]">ETHERNET_PMT_DriverIRQHandler</a> from startup_lpc54608.o(.text) referenced from startup_lpc54608.o(.text)
 <LI><a href="#[3d]">ETHERNET_PMT_IRQHandler</a> from startup_lpc54608.o(.text) referenced from startup_lpc54608.o(RESET)
 <LI><a href="#[55]">FLEXCOMM0_DriverIRQHandler</a> from fsl_flexcomm.o(i.FLEXCOMM0_DriverIRQHandler) referenced from startup_lpc54608.o(.text)
 <LI><a href="#[19]">FLEXCOMM0_IRQHandler</a> from startup_lpc54608.o(.text) referenced from startup_lpc54608.o(RESET)
 <LI><a href="#[56]">FLEXCOMM1_DriverIRQHandler</a> from fsl_flexcomm.o(i.FLEXCOMM1_DriverIRQHandler) referenced from startup_lpc54608.o(.text)
 <LI><a href="#[1a]">FLEXCOMM1_IRQHandler</a> from startup_lpc54608.o(.text) referenced from startup_lpc54608.o(RESET)
 <LI><a href="#[57]">FLEXCOMM2_DriverIRQHandler</a> from fsl_flexcomm.o(i.FLEXCOMM2_DriverIRQHandler) referenced from startup_lpc54608.o(.text)
 <LI><a href="#[1b]">FLEXCOMM2_IRQHandler</a> from startup_lpc54608.o(.text) referenced from startup_lpc54608.o(RESET)
 <LI><a href="#[58]">FLEXCOMM3_DriverIRQHandler</a> from fsl_flexcomm.o(i.FLEXCOMM3_DriverIRQHandler) referenced from startup_lpc54608.o(.text)
 <LI><a href="#[1c]">FLEXCOMM3_IRQHandler</a> from startup_lpc54608.o(.text) referenced from startup_lpc54608.o(RESET)
 <LI><a href="#[59]">FLEXCOMM4_DriverIRQHandler</a> from fsl_flexcomm.o(i.FLEXCOMM4_DriverIRQHandler) referenced from startup_lpc54608.o(.text)
 <LI><a href="#[1d]">FLEXCOMM4_IRQHandler</a> from startup_lpc54608.o(.text) referenced from startup_lpc54608.o(RESET)
 <LI><a href="#[5a]">FLEXCOMM5_DriverIRQHandler</a> from fsl_flexcomm.o(i.FLEXCOMM5_DriverIRQHandler) referenced from startup_lpc54608.o(.text)
 <LI><a href="#[1e]">FLEXCOMM5_IRQHandler</a> from startup_lpc54608.o(.text) referenced from startup_lpc54608.o(RESET)
 <LI><a href="#[5b]">FLEXCOMM6_DriverIRQHandler</a> from fsl_flexcomm.o(i.FLEXCOMM6_DriverIRQHandler) referenced from startup_lpc54608.o(.text)
 <LI><a href="#[1f]">FLEXCOMM6_IRQHandler</a> from startup_lpc54608.o(.text) referenced from startup_lpc54608.o(RESET)
 <LI><a href="#[5c]">FLEXCOMM7_DriverIRQHandler</a> from fsl_flexcomm.o(i.FLEXCOMM7_DriverIRQHandler) referenced from startup_lpc54608.o(.text)
 <LI><a href="#[20]">FLEXCOMM7_IRQHandler</a> from startup_lpc54608.o(.text) referenced from startup_lpc54608.o(RESET)
 <LI><a href="#[6f]">FLEXCOMM8_DriverIRQHandler</a> from fsl_flexcomm.o(i.FLEXCOMM8_DriverIRQHandler) referenced from startup_lpc54608.o(.text)
 <LI><a href="#[33]">FLEXCOMM8_IRQHandler</a> from startup_lpc54608.o(.text) referenced from startup_lpc54608.o(RESET)
 <LI><a href="#[70]">FLEXCOMM9_DriverIRQHandler</a> from fsl_flexcomm.o(i.FLEXCOMM9_DriverIRQHandler) referenced from startup_lpc54608.o(.text)
 <LI><a href="#[34]">FLEXCOMM9_IRQHandler</a> from startup_lpc54608.o(.text) referenced from startup_lpc54608.o(RESET)
 <LI><a href="#[49]">GINT0_DriverIRQHandler</a> from startup_lpc54608.o(.text) referenced from startup_lpc54608.o(.text)
 <LI><a href="#[d]">GINT0_IRQHandler</a> from startup_lpc54608.o(.text) referenced from startup_lpc54608.o(RESET)
 <LI><a href="#[4a]">GINT1_DriverIRQHandler</a> from startup_lpc54608.o(.text) referenced from startup_lpc54608.o(.text)
 <LI><a href="#[e]">GINT1_IRQHandler</a> from startup_lpc54608.o(.text) referenced from startup_lpc54608.o(RESET)
 <LI><a href="#[61]">HWVAD0_DriverIRQHandler</a> from startup_lpc54608.o(.text) referenced from startup_lpc54608.o(.text)
 <LI><a href="#[25]">HWVAD0_IRQHandler</a> from startup_lpc54608.o(.text) referenced from startup_lpc54608.o(RESET)
 <LI><a href="#[3]">HardFault_Handler</a> from startup_lpc54608.o(.text) referenced from startup_lpc54608.o(RESET)
 <LI><a href="#[7c]">LCD_DriverIRQHandler</a> from startup_lpc54608.o(.text) referenced from startup_lpc54608.o(.text)
 <LI><a href="#[40]">LCD_IRQHandler</a> from startup_lpc54608.o(.text) referenced from startup_lpc54608.o(RESET)
 <LI><a href="#[50]">MRT0_DriverIRQHandler</a> from startup_lpc54608.o(.text) referenced from startup_lpc54608.o(.text)
 <LI><a href="#[14]">MRT0_IRQHandler</a> from startup_lpc54608.o(.text) referenced from startup_lpc54608.o(RESET)
 <LI><a href="#[4]">MemManage_Handler</a> from startup_lpc54608.o(.text) referenced from startup_lpc54608.o(RESET)
 <LI><a href="#[2]">NMI_Handler</a> from startup_lpc54608.o(.text) referenced from startup_lpc54608.o(RESET)
 <LI><a href="#[4b]">PIN_INT0_DriverIRQHandler</a> from startup_lpc54608.o(.text) referenced from startup_lpc54608.o(.text)
 <LI><a href="#[f]">PIN_INT0_IRQHandler</a> from startup_lpc54608.o(.text) referenced from startup_lpc54608.o(RESET)
 <LI><a href="#[4c]">PIN_INT1_DriverIRQHandler</a> from startup_lpc54608.o(.text) referenced from startup_lpc54608.o(.text)
 <LI><a href="#[10]">PIN_INT1_IRQHandler</a> from startup_lpc54608.o(.text) referenced from startup_lpc54608.o(RESET)
 <LI><a href="#[4d]">PIN_INT2_DriverIRQHandler</a> from startup_lpc54608.o(.text) referenced from startup_lpc54608.o(.text)
 <LI><a href="#[11]">PIN_INT2_IRQHandler</a> from startup_lpc54608.o(.text) referenced from startup_lpc54608.o(RESET)
 <LI><a href="#[4e]">PIN_INT3_DriverIRQHandler</a> from startup_lpc54608.o(.text) referenced from startup_lpc54608.o(.text)
 <LI><a href="#[12]">PIN_INT3_IRQHandler</a> from startup_lpc54608.o(.text) referenced from startup_lpc54608.o(RESET)
 <LI><a href="#[67]">PIN_INT4_DriverIRQHandler</a> from startup_lpc54608.o(.text) referenced from startup_lpc54608.o(.text)
 <LI><a href="#[2b]">PIN_INT4_IRQHandler</a> from startup_lpc54608.o(.text) referenced from startup_lpc54608.o(RESET)
 <LI><a href="#[68]">PIN_INT5_DriverIRQHandler</a> from startup_lpc54608.o(.text) referenced from startup_lpc54608.o(.text)
 <LI><a href="#[2c]">PIN_INT5_IRQHandler</a> from startup_lpc54608.o(.text) referenced from startup_lpc54608.o(RESET)
 <LI><a href="#[69]">PIN_INT6_DriverIRQHandler</a> from startup_lpc54608.o(.text) referenced from startup_lpc54608.o(.text)
 <LI><a href="#[2d]">PIN_INT6_IRQHandler</a> from startup_lpc54608.o(.text) referenced from startup_lpc54608.o(RESET)
 <LI><a href="#[6a]">PIN_INT7_DriverIRQHandler</a> from startup_lpc54608.o(.text) referenced from startup_lpc54608.o(.text)
 <LI><a href="#[2e]">PIN_INT7_IRQHandler</a> from startup_lpc54608.o(.text) referenced from startup_lpc54608.o(RESET)
 <LI><a href="#[9]">PendSV_Handler</a> from startup_lpc54608.o(.text) referenced from startup_lpc54608.o(RESET)
 <LI><a href="#[6d]">RIT_DriverIRQHandler</a> from startup_lpc54608.o(.text) referenced from startup_lpc54608.o(.text)
 <LI><a href="#[31]">RIT_IRQHandler</a> from startup_lpc54608.o(.text) referenced from startup_lpc54608.o(RESET)
 <LI><a href="#[64]">RTC_DriverIRQHandler</a> from startup_lpc54608.o(.text) referenced from startup_lpc54608.o(.text)
 <LI><a href="#[28]">RTC_IRQHandler</a> from startup_lpc54608.o(.text) referenced from startup_lpc54608.o(RESET)
 <LI><a href="#[65]">Reserved46_DriverIRQHandler</a> from startup_lpc54608.o(.text) referenced from startup_lpc54608.o(.text)
 <LI><a href="#[29]">Reserved46_IRQHandler</a> from startup_lpc54608.o(.text) referenced from startup_lpc54608.o(RESET)
 <LI><a href="#[66]">Reserved47_DriverIRQHandler</a> from startup_lpc54608.o(.text) referenced from startup_lpc54608.o(.text)
 <LI><a href="#[2a]">Reserved47_IRQHandler</a> from startup_lpc54608.o(.text) referenced from startup_lpc54608.o(RESET)
 <LI><a href="#[1]">Reset_Handler</a> from startup_lpc54608.o(.text) referenced from startup_lpc54608.o(RESET)
 <LI><a href="#[53]">SCT0_DriverIRQHandler</a> from startup_lpc54608.o(.text) referenced from startup_lpc54608.o(.text)
 <LI><a href="#[17]">SCT0_IRQHandler</a> from startup_lpc54608.o(.text) referenced from startup_lpc54608.o(RESET)
 <LI><a href="#[71]">SDIO_DriverIRQHandler</a> from startup_lpc54608.o(.text) referenced from startup_lpc54608.o(.text)
 <LI><a href="#[35]">SDIO_IRQHandler</a> from startup_lpc54608.o(.text) referenced from startup_lpc54608.o(RESET)
 <LI><a href="#[7d]">SHA_DriverIRQHandler</a> from startup_lpc54608.o(.text) referenced from startup_lpc54608.o(.text)
 <LI><a href="#[41]">SHA_IRQHandler</a> from startup_lpc54608.o(.text) referenced from startup_lpc54608.o(RESET)
 <LI><a href="#[7e]">SMARTCARD0_DriverIRQHandler</a> from startup_lpc54608.o(.text) referenced from startup_lpc54608.o(.text)
 <LI><a href="#[42]">SMARTCARD0_IRQHandler</a> from startup_lpc54608.o(.text) referenced from startup_lpc54608.o(RESET)
 <LI><a href="#[7f]">SMARTCARD1_DriverIRQHandler</a> from startup_lpc54608.o(.text) referenced from startup_lpc54608.o(.text)
 <LI><a href="#[43]">SMARTCARD1_IRQHandler</a> from startup_lpc54608.o(.text) referenced from startup_lpc54608.o(RESET)
 <LI><a href="#[6e]">SPIFI0_DriverIRQHandler</a> from startup_lpc54608.o(.text) referenced from startup_lpc54608.o(.text)
 <LI><a href="#[32]">SPIFI0_IRQHandler</a> from startup_lpc54608.o(.text) referenced from startup_lpc54608.o(RESET)
 <LI><a href="#[7]">SVC_Handler</a> from startup_lpc54608.o(.text) referenced from startup_lpc54608.o(RESET)
 <LI><a href="#[a]">SysTick_Handler</a> from startup_lpc54608.o(.text) referenced from startup_lpc54608.o(RESET)
 <LI><a href="#[45]">SystemInit</a> from system_lpc54608.o(i.SystemInit) referenced from startup_lpc54608.o(.text)
 <LI><a href="#[81]">USART_ReadBlocking</a> from fsl_usart.o(i.USART_ReadBlocking) referenced from fsl_debug_console.o(i.DbgConsole_Init)
 <LI><a href="#[80]">USART_WriteBlocking</a> from fsl_usart.o(i.USART_WriteBlocking) referenced from fsl_debug_console.o(i.DbgConsole_Init)
 <LI><a href="#[63]">USB0_DriverIRQHandler</a> from startup_lpc54608.o(.text) referenced from startup_lpc54608.o(.text)
 <LI><a href="#[27]">USB0_IRQHandler</a> from startup_lpc54608.o(.text) referenced from startup_lpc54608.o(RESET)
 <LI><a href="#[62]">USB0_NEEDCLK_DriverIRQHandler</a> from startup_lpc54608.o(.text) referenced from startup_lpc54608.o(.text)
 <LI><a href="#[26]">USB0_NEEDCLK_IRQHandler</a> from startup_lpc54608.o(.text) referenced from startup_lpc54608.o(RESET)
 <LI><a href="#[76]">USB1_DriverIRQHandler</a> from startup_lpc54608.o(.text) referenced from startup_lpc54608.o(.text)
 <LI><a href="#[3a]">USB1_IRQHandler</a> from startup_lpc54608.o(.text) referenced from startup_lpc54608.o(RESET)
 <LI><a href="#[77]">USB1_NEEDCLK_DriverIRQHandler</a> from startup_lpc54608.o(.text) referenced from startup_lpc54608.o(.text)
 <LI><a href="#[3b]">USB1_NEEDCLK_IRQHandler</a> from startup_lpc54608.o(.text) referenced from startup_lpc54608.o(RESET)
 <LI><a href="#[4f]">UTICK0_DriverIRQHandler</a> from startup_lpc54608.o(.text) referenced from startup_lpc54608.o(.text)
 <LI><a href="#[13]">UTICK0_IRQHandler</a> from startup_lpc54608.o(.text) referenced from startup_lpc54608.o(RESET)
 <LI><a href="#[6]">UsageFault_Handler</a> from startup_lpc54608.o(.text) referenced from startup_lpc54608.o(RESET)
 <LI><a href="#[47]">WDT_BOD_DriverIRQHandler</a> from startup_lpc54608.o(.text) referenced from startup_lpc54608.o(.text)
 <LI><a href="#[b]">WDT_BOD_IRQHandler</a> from startup_lpc54608.o(.text) referenced from startup_lpc54608.o(RESET)
 <LI><a href="#[46]">__main</a> from entry.o(.ARM.Collect$$$$00000000) referenced from startup_lpc54608.o(.text)
 <LI><a href="#[84]">_sputc</a> from printf8.o(i._sputc) referenced from printf8.o(i.__0sprintf$8)
 <LI><a href="#[83]">fputc</a> from fsl_debug_console.o(i.fputc) referenced from printf8.o(i.__0printf$8)
 <LI><a href="#[44]">main</a> from main.o(i.main) referenced from entry9a.o(.ARM.Collect$$$$0000000B)
</UL>
<P>
<H3>
Global Symbols
</H3>
<P><STRONG><a name="[46]"></a>__main</STRONG> (Thumb, 0 bytes, Stack size unknown bytes, entry.o(.ARM.Collect$$$$00000000))
<BR>[Address Reference Count : 1]<UL><LI> startup_lpc54608.o(.text)
</UL>
<P><STRONG><a name="[100]"></a>_main_stk</STRONG> (Thumb, 0 bytes, Stack size unknown bytes, entry4.o(.ARM.Collect$$$$00000003))

<P><STRONG><a name="[85]"></a>_main_scatterload</STRONG> (Thumb, 0 bytes, Stack size unknown bytes, entry5.o(.ARM.Collect$$$$00000004))
<BR><BR>[Calls]<UL><LI><a href="#[86]">&gt;&gt;</a>&nbsp;&nbsp;&nbsp;__scatterload
</UL>

<P><STRONG><a name="[97]"></a>__main_after_scatterload</STRONG> (Thumb, 0 bytes, Stack size unknown bytes, entry5.o(.ARM.Collect$$$$00000004))
<BR><BR>[Called By]<UL><LI><a href="#[86]">&gt;&gt;</a>&nbsp;&nbsp;&nbsp;__scatterload
</UL>

<P><STRONG><a name="[101]"></a>_main_clock</STRONG> (Thumb, 0 bytes, Stack size unknown bytes, entry7b.o(.ARM.Collect$$$$00000008))

<P><STRONG><a name="[102]"></a>_main_cpp_init</STRONG> (Thumb, 0 bytes, Stack size unknown bytes, entry8b.o(.ARM.Collect$$$$0000000A))

<P><STRONG><a name="[103]"></a>_main_init</STRONG> (Thumb, 0 bytes, Stack size unknown bytes, entry9a.o(.ARM.Collect$$$$0000000B))

<P><STRONG><a name="[104]"></a>__rt_final_cpp</STRONG> (Thumb, 0 bytes, Stack size unknown bytes, entry10a.o(.ARM.Collect$$$$0000000D))

<P><STRONG><a name="[105]"></a>__rt_final_exit</STRONG> (Thumb, 0 bytes, Stack size unknown bytes, entry11a.o(.ARM.Collect$$$$0000000F))

<P><STRONG><a name="[1]"></a>Reset_Handler</STRONG> (Thumb, 8 bytes, Stack size 0 bytes, startup_lpc54608.o(.text))
<BR>[Address Reference Count : 1]<UL><LI> startup_lpc54608.o(RESET)
</UL>
<P><STRONG><a name="[2]"></a>NMI_Handler</STRONG> (Thumb, 2 bytes, Stack size 0 bytes, startup_lpc54608.o(.text))
<BR><BR>[Calls]<UL><LI><a href="#[2]">&gt;&gt;</a>&nbsp;&nbsp;&nbsp;NMI_Handler
</UL>
<BR>[Called By]<UL><LI><a href="#[2]">&gt;&gt;</a>&nbsp;&nbsp;&nbsp;NMI_Handler
</UL>
<BR>[Address Reference Count : 1]<UL><LI> startup_lpc54608.o(RESET)
</UL>
<P><STRONG><a name="[3]"></a>HardFault_Handler</STRONG> (Thumb, 2 bytes, Stack size 0 bytes, startup_lpc54608.o(.text))
<BR><BR>[Calls]<UL><LI><a href="#[3]">&gt;&gt;</a>&nbsp;&nbsp;&nbsp;HardFault_Handler
</UL>
<BR>[Called By]<UL><LI><a href="#[3]">&gt;&gt;</a>&nbsp;&nbsp;&nbsp;HardFault_Handler
</UL>
<BR>[Address Reference Count : 1]<UL><LI> startup_lpc54608.o(RESET)
</UL>
<P><STRONG><a name="[4]"></a>MemManage_Handler</STRONG> (Thumb, 2 bytes, Stack size 0 bytes, startup_lpc54608.o(.text))
<BR><BR>[Calls]<UL><LI><a href="#[4]">&gt;&gt;</a>&nbsp;&nbsp;&nbsp;MemManage_Handler
</UL>
<BR>[Called By]<UL><LI><a href="#[4]">&gt;&gt;</a>&nbsp;&nbsp;&nbsp;MemManage_Handler
</UL>
<BR>[Address Reference Count : 1]<UL><LI> startup_lpc54608.o(RESET)
</UL>
<P><STRONG><a name="[5]"></a>BusFault_Handler</STRONG> (Thumb, 2 bytes, Stack size 0 bytes, startup_lpc54608.o(.text))
<BR><BR>[Calls]<UL><LI><a href="#[5]">&gt;&gt;</a>&nbsp;&nbsp;&nbsp;BusFault_Handler
</UL>
<BR>[Called By]<UL><LI><a href="#[5]">&gt;&gt;</a>&nbsp;&nbsp;&nbsp;BusFault_Handler
</UL>
<BR>[Address Reference Count : 1]<UL><LI> startup_lpc54608.o(RESET)
</UL>
<P><STRONG><a name="[6]"></a>UsageFault_Handler</STRONG> (Thumb, 2 bytes, Stack size 0 bytes, startup_lpc54608.o(.text))
<BR><BR>[Calls]<UL><LI><a href="#[6]">&gt;&gt;</a>&nbsp;&nbsp;&nbsp;UsageFault_Handler
</UL>
<BR>[Called By]<UL><LI><a href="#[6]">&gt;&gt;</a>&nbsp;&nbsp;&nbsp;UsageFault_Handler
</UL>
<BR>[Address Reference Count : 1]<UL><LI> startup_lpc54608.o(RESET)
</UL>
<P><STRONG><a name="[7]"></a>SVC_Handler</STRONG> (Thumb, 2 bytes, Stack size 0 bytes, startup_lpc54608.o(.text))
<BR><BR>[Calls]<UL><LI><a href="#[7]">&gt;&gt;</a>&nbsp;&nbsp;&nbsp;SVC_Handler
</UL>
<BR>[Called By]<UL><LI><a href="#[7]">&gt;&gt;</a>&nbsp;&nbsp;&nbsp;SVC_Handler
</UL>
<BR>[Address Reference Count : 1]<UL><LI> startup_lpc54608.o(RESET)
</UL>
<P><STRONG><a name="[8]"></a>DebugMon_Handler</STRONG> (Thumb, 2 bytes, Stack size 0 bytes, startup_lpc54608.o(.text))
<BR><BR>[Calls]<UL><LI><a href="#[8]">&gt;&gt;</a>&nbsp;&nbsp;&nbsp;DebugMon_Handler
</UL>
<BR>[Called By]<UL><LI><a href="#[8]">&gt;&gt;</a>&nbsp;&nbsp;&nbsp;DebugMon_Handler
</UL>
<BR>[Address Reference Count : 1]<UL><LI> startup_lpc54608.o(RESET)
</UL>
<P><STRONG><a name="[9]"></a>PendSV_Handler</STRONG> (Thumb, 2 bytes, Stack size 0 bytes, startup_lpc54608.o(.text))
<BR><BR>[Calls]<UL><LI><a href="#[9]">&gt;&gt;</a>&nbsp;&nbsp;&nbsp;PendSV_Handler
</UL>
<BR>[Called By]<UL><LI><a href="#[9]">&gt;&gt;</a>&nbsp;&nbsp;&nbsp;PendSV_Handler
</UL>
<BR>[Address Reference Count : 1]<UL><LI> startup_lpc54608.o(RESET)
</UL>
<P><STRONG><a name="[a]"></a>SysTick_Handler</STRONG> (Thumb, 2 bytes, Stack size 0 bytes, startup_lpc54608.o(.text))
<BR><BR>[Calls]<UL><LI><a href="#[a]">&gt;&gt;</a>&nbsp;&nbsp;&nbsp;SysTick_Handler
</UL>
<BR>[Called By]<UL><LI><a href="#[a]">&gt;&gt;</a>&nbsp;&nbsp;&nbsp;SysTick_Handler
</UL>
<BR>[Address Reference Count : 1]<UL><LI> startup_lpc54608.o(RESET)
</UL>
<P><STRONG><a name="[b]"></a>WDT_BOD_IRQHandler</STRONG> (Thumb, 4 bytes, Stack size 0 bytes, startup_lpc54608.o(.text))
<BR>[Address Reference Count : 1]<UL><LI> startup_lpc54608.o(RESET)
</UL>
<P><STRONG><a name="[c]"></a>DMA0_IRQHandler</STRONG> (Thumb, 4 bytes, Stack size 0 bytes, startup_lpc54608.o(.text))
<BR>[Address Reference Count : 1]<UL><LI> startup_lpc54608.o(RESET)
</UL>
<P><STRONG><a name="[d]"></a>GINT0_IRQHandler</STRONG> (Thumb, 4 bytes, Stack size 0 bytes, startup_lpc54608.o(.text))
<BR>[Address Reference Count : 1]<UL><LI> startup_lpc54608.o(RESET)
</UL>
<P><STRONG><a name="[e]"></a>GINT1_IRQHandler</STRONG> (Thumb, 4 bytes, Stack size 0 bytes, startup_lpc54608.o(.text))
<BR>[Address Reference Count : 1]<UL><LI> startup_lpc54608.o(RESET)
</UL>
<P><STRONG><a name="[f]"></a>PIN_INT0_IRQHandler</STRONG> (Thumb, 4 bytes, Stack size 0 bytes, startup_lpc54608.o(.text))
<BR>[Address Reference Count : 1]<UL><LI> startup_lpc54608.o(RESET)
</UL>
<P><STRONG><a name="[10]"></a>PIN_INT1_IRQHandler</STRONG> (Thumb, 4 bytes, Stack size 0 bytes, startup_lpc54608.o(.text))
<BR>[Address Reference Count : 1]<UL><LI> startup_lpc54608.o(RESET)
</UL>
<P><STRONG><a name="[11]"></a>PIN_INT2_IRQHandler</STRONG> (Thumb, 4 bytes, Stack size 0 bytes, startup_lpc54608.o(.text))
<BR>[Address Reference Count : 1]<UL><LI> startup_lpc54608.o(RESET)
</UL>
<P><STRONG><a name="[12]"></a>PIN_INT3_IRQHandler</STRONG> (Thumb, 4 bytes, Stack size 0 bytes, startup_lpc54608.o(.text))
<BR>[Address Reference Count : 1]<UL><LI> startup_lpc54608.o(RESET)
</UL>
<P><STRONG><a name="[13]"></a>UTICK0_IRQHandler</STRONG> (Thumb, 4 bytes, Stack size 0 bytes, startup_lpc54608.o(.text))
<BR>[Address Reference Count : 1]<UL><LI> startup_lpc54608.o(RESET)
</UL>
<P><STRONG><a name="[14]"></a>MRT0_IRQHandler</STRONG> (Thumb, 4 bytes, Stack size 0 bytes, startup_lpc54608.o(.text))
<BR>[Address Reference Count : 1]<UL><LI> startup_lpc54608.o(RESET)
</UL>
<P><STRONG><a name="[15]"></a>CTIMER0_IRQHandler</STRONG> (Thumb, 4 bytes, Stack size 0 bytes, startup_lpc54608.o(.text))
<BR>[Address Reference Count : 1]<UL><LI> startup_lpc54608.o(RESET)
</UL>
<P><STRONG><a name="[16]"></a>CTIMER1_IRQHandler</STRONG> (Thumb, 4 bytes, Stack size 0 bytes, startup_lpc54608.o(.text))
<BR>[Address Reference Count : 1]<UL><LI> startup_lpc54608.o(RESET)
</UL>
<P><STRONG><a name="[17]"></a>SCT0_IRQHandler</STRONG> (Thumb, 4 bytes, Stack size 0 bytes, startup_lpc54608.o(.text))
<BR>[Address Reference Count : 1]<UL><LI> startup_lpc54608.o(RESET)
</UL>
<P><STRONG><a name="[18]"></a>CTIMER3_IRQHandler</STRONG> (Thumb, 4 bytes, Stack size 0 bytes, startup_lpc54608.o(.text))
<BR>[Address Reference Count : 1]<UL><LI> startup_lpc54608.o(RESET)
</UL>
<P><STRONG><a name="[19]"></a>FLEXCOMM0_IRQHandler</STRONG> (Thumb, 4 bytes, Stack size 0 bytes, startup_lpc54608.o(.text))
<BR>[Address Reference Count : 1]<UL><LI> startup_lpc54608.o(RESET)
</UL>
<P><STRONG><a name="[1a]"></a>FLEXCOMM1_IRQHandler</STRONG> (Thumb, 4 bytes, Stack size 0 bytes, startup_lpc54608.o(.text))
<BR>[Address Reference Count : 1]<UL><LI> startup_lpc54608.o(RESET)
</UL>
<P><STRONG><a name="[1b]"></a>FLEXCOMM2_IRQHandler</STRONG> (Thumb, 4 bytes, Stack size 0 bytes, startup_lpc54608.o(.text))
<BR>[Address Reference Count : 1]<UL><LI> startup_lpc54608.o(RESET)
</UL>
<P><STRONG><a name="[1c]"></a>FLEXCOMM3_IRQHandler</STRONG> (Thumb, 4 bytes, Stack size 0 bytes, startup_lpc54608.o(.text))
<BR>[Address Reference Count : 1]<UL><LI> startup_lpc54608.o(RESET)
</UL>
<P><STRONG><a name="[1d]"></a>FLEXCOMM4_IRQHandler</STRONG> (Thumb, 4 bytes, Stack size 0 bytes, startup_lpc54608.o(.text))
<BR>[Address Reference Count : 1]<UL><LI> startup_lpc54608.o(RESET)
</UL>
<P><STRONG><a name="[1e]"></a>FLEXCOMM5_IRQHandler</STRONG> (Thumb, 4 bytes, Stack size 0 bytes, startup_lpc54608.o(.text))
<BR>[Address Reference Count : 1]<UL><LI> startup_lpc54608.o(RESET)
</UL>
<P><STRONG><a name="[1f]"></a>FLEXCOMM6_IRQHandler</STRONG> (Thumb, 4 bytes, Stack size 0 bytes, startup_lpc54608.o(.text))
<BR>[Address Reference Count : 1]<UL><LI> startup_lpc54608.o(RESET)
</UL>
<P><STRONG><a name="[20]"></a>FLEXCOMM7_IRQHandler</STRONG> (Thumb, 4 bytes, Stack size 0 bytes, startup_lpc54608.o(.text))
<BR>[Address Reference Count : 1]<UL><LI> startup_lpc54608.o(RESET)
</UL>
<P><STRONG><a name="[21]"></a>ADC0_SEQA_IRQHandler</STRONG> (Thumb, 4 bytes, Stack size 0 bytes, startup_lpc54608.o(.text))
<BR>[Address Reference Count : 1]<UL><LI> startup_lpc54608.o(RESET)
</UL>
<P><STRONG><a name="[22]"></a>ADC0_SEQB_IRQHandler</STRONG> (Thumb, 4 bytes, Stack size 0 bytes, startup_lpc54608.o(.text))
<BR>[Address Reference Count : 1]<UL><LI> startup_lpc54608.o(RESET)
</UL>
<P><STRONG><a name="[23]"></a>ADC0_THCMP_IRQHandler</STRONG> (Thumb, 4 bytes, Stack size 0 bytes, startup_lpc54608.o(.text))
<BR>[Address Reference Count : 1]<UL><LI> startup_lpc54608.o(RESET)
</UL>
<P><STRONG><a name="[24]"></a>DMIC0_IRQHandler</STRONG> (Thumb, 4 bytes, Stack size 0 bytes, startup_lpc54608.o(.text))
<BR>[Address Reference Count : 1]<UL><LI> startup_lpc54608.o(RESET)
</UL>
<P><STRONG><a name="[25]"></a>HWVAD0_IRQHandler</STRONG> (Thumb, 4 bytes, Stack size 0 bytes, startup_lpc54608.o(.text))
<BR>[Address Reference Count : 1]<UL><LI> startup_lpc54608.o(RESET)
</UL>
<P><STRONG><a name="[26]"></a>USB0_NEEDCLK_IRQHandler</STRONG> (Thumb, 4 bytes, Stack size 0 bytes, startup_lpc54608.o(.text))
<BR>[Address Reference Count : 1]<UL><LI> startup_lpc54608.o(RESET)
</UL>
<P><STRONG><a name="[27]"></a>USB0_IRQHandler</STRONG> (Thumb, 4 bytes, Stack size 0 bytes, startup_lpc54608.o(.text))
<BR>[Address Reference Count : 1]<UL><LI> startup_lpc54608.o(RESET)
</UL>
<P><STRONG><a name="[28]"></a>RTC_IRQHandler</STRONG> (Thumb, 4 bytes, Stack size 0 bytes, startup_lpc54608.o(.text))
<BR>[Address Reference Count : 1]<UL><LI> startup_lpc54608.o(RESET)
</UL>
<P><STRONG><a name="[29]"></a>Reserved46_IRQHandler</STRONG> (Thumb, 4 bytes, Stack size 0 bytes, startup_lpc54608.o(.text))
<BR>[Address Reference Count : 1]<UL><LI> startup_lpc54608.o(RESET)
</UL>
<P><STRONG><a name="[2a]"></a>Reserved47_IRQHandler</STRONG> (Thumb, 4 bytes, Stack size 0 bytes, startup_lpc54608.o(.text))
<BR>[Address Reference Count : 1]<UL><LI> startup_lpc54608.o(RESET)
</UL>
<P><STRONG><a name="[2b]"></a>PIN_INT4_IRQHandler</STRONG> (Thumb, 4 bytes, Stack size 0 bytes, startup_lpc54608.o(.text))
<BR>[Address Reference Count : 1]<UL><LI> startup_lpc54608.o(RESET)
</UL>
<P><STRONG><a name="[2c]"></a>PIN_INT5_IRQHandler</STRONG> (Thumb, 4 bytes, Stack size 0 bytes, startup_lpc54608.o(.text))
<BR>[Address Reference Count : 1]<UL><LI> startup_lpc54608.o(RESET)
</UL>
<P><STRONG><a name="[2d]"></a>PIN_INT6_IRQHandler</STRONG> (Thumb, 4 bytes, Stack size 0 bytes, startup_lpc54608.o(.text))
<BR>[Address Reference Count : 1]<UL><LI> startup_lpc54608.o(RESET)
</UL>
<P><STRONG><a name="[2e]"></a>PIN_INT7_IRQHandler</STRONG> (Thumb, 4 bytes, Stack size 0 bytes, startup_lpc54608.o(.text))
<BR>[Address Reference Count : 1]<UL><LI> startup_lpc54608.o(RESET)
</UL>
<P><STRONG><a name="[2f]"></a>CTIMER2_IRQHandler</STRONG> (Thumb, 4 bytes, Stack size 0 bytes, startup_lpc54608.o(.text))
<BR>[Address Reference Count : 1]<UL><LI> startup_lpc54608.o(RESET)
</UL>
<P><STRONG><a name="[30]"></a>CTIMER4_IRQHandler</STRONG> (Thumb, 4 bytes, Stack size 0 bytes, startup_lpc54608.o(.text))
<BR>[Address Reference Count : 1]<UL><LI> startup_lpc54608.o(RESET)
</UL>
<P><STRONG><a name="[31]"></a>RIT_IRQHandler</STRONG> (Thumb, 4 bytes, Stack size 0 bytes, startup_lpc54608.o(.text))
<BR>[Address Reference Count : 1]<UL><LI> startup_lpc54608.o(RESET)
</UL>
<P><STRONG><a name="[32]"></a>SPIFI0_IRQHandler</STRONG> (Thumb, 4 bytes, Stack size 0 bytes, startup_lpc54608.o(.text))
<BR>[Address Reference Count : 1]<UL><LI> startup_lpc54608.o(RESET)
</UL>
<P><STRONG><a name="[33]"></a>FLEXCOMM8_IRQHandler</STRONG> (Thumb, 4 bytes, Stack size 0 bytes, startup_lpc54608.o(.text))
<BR>[Address Reference Count : 1]<UL><LI> startup_lpc54608.o(RESET)
</UL>
<P><STRONG><a name="[34]"></a>FLEXCOMM9_IRQHandler</STRONG> (Thumb, 4 bytes, Stack size 0 bytes, startup_lpc54608.o(.text))
<BR>[Address Reference Count : 1]<UL><LI> startup_lpc54608.o(RESET)
</UL>
<P><STRONG><a name="[35]"></a>SDIO_IRQHandler</STRONG> (Thumb, 4 bytes, Stack size 0 bytes, startup_lpc54608.o(.text))
<BR>[Address Reference Count : 1]<UL><LI> startup_lpc54608.o(RESET)
</UL>
<P><STRONG><a name="[36]"></a>CAN0_IRQ0_IRQHandler</STRONG> (Thumb, 4 bytes, Stack size 0 bytes, startup_lpc54608.o(.text))
<BR>[Address Reference Count : 1]<UL><LI> startup_lpc54608.o(RESET)
</UL>
<P><STRONG><a name="[37]"></a>CAN0_IRQ1_IRQHandler</STRONG> (Thumb, 4 bytes, Stack size 0 bytes, startup_lpc54608.o(.text))
<BR>[Address Reference Count : 1]<UL><LI> startup_lpc54608.o(RESET)
</UL>
<P><STRONG><a name="[38]"></a>CAN1_IRQ0_IRQHandler</STRONG> (Thumb, 4 bytes, Stack size 0 bytes, startup_lpc54608.o(.text))
<BR>[Address Reference Count : 1]<UL><LI> startup_lpc54608.o(RESET)
</UL>
<P><STRONG><a name="[39]"></a>CAN1_IRQ1_IRQHandler</STRONG> (Thumb, 4 bytes, Stack size 0 bytes, startup_lpc54608.o(.text))
<BR>[Address Reference Count : 1]<UL><LI> startup_lpc54608.o(RESET)
</UL>
<P><STRONG><a name="[3a]"></a>USB1_IRQHandler</STRONG> (Thumb, 4 bytes, Stack size 0 bytes, startup_lpc54608.o(.text))
<BR>[Address Reference Count : 1]<UL><LI> startup_lpc54608.o(RESET)
</UL>
<P><STRONG><a name="[3b]"></a>USB1_NEEDCLK_IRQHandler</STRONG> (Thumb, 4 bytes, Stack size 0 bytes, startup_lpc54608.o(.text))
<BR>[Address Reference Count : 1]<UL><LI> startup_lpc54608.o(RESET)
</UL>
<P><STRONG><a name="[3c]"></a>ETHERNET_IRQHandler</STRONG> (Thumb, 4 bytes, Stack size 0 bytes, startup_lpc54608.o(.text))
<BR>[Address Reference Count : 1]<UL><LI> startup_lpc54608.o(RESET)
</UL>
<P><STRONG><a name="[3d]"></a>ETHERNET_PMT_IRQHandler</STRONG> (Thumb, 4 bytes, Stack size 0 bytes, startup_lpc54608.o(.text))
<BR>[Address Reference Count : 1]<UL><LI> startup_lpc54608.o(RESET)
</UL>
<P><STRONG><a name="[3e]"></a>ETHERNET_MACLP_IRQHandler</STRONG> (Thumb, 4 bytes, Stack size 0 bytes, startup_lpc54608.o(.text))
<BR>[Address Reference Count : 1]<UL><LI> startup_lpc54608.o(RESET)
</UL>
<P><STRONG><a name="[3f]"></a>EEPROM_IRQHandler</STRONG> (Thumb, 4 bytes, Stack size 0 bytes, startup_lpc54608.o(.text))
<BR>[Address Reference Count : 1]<UL><LI> startup_lpc54608.o(RESET)
</UL>
<P><STRONG><a name="[40]"></a>LCD_IRQHandler</STRONG> (Thumb, 4 bytes, Stack size 0 bytes, startup_lpc54608.o(.text))
<BR>[Address Reference Count : 1]<UL><LI> startup_lpc54608.o(RESET)
</UL>
<P><STRONG><a name="[41]"></a>SHA_IRQHandler</STRONG> (Thumb, 4 bytes, Stack size 0 bytes, startup_lpc54608.o(.text))
<BR>[Address Reference Count : 1]<UL><LI> startup_lpc54608.o(RESET)
</UL>
<P><STRONG><a name="[42]"></a>SMARTCARD0_IRQHandler</STRONG> (Thumb, 4 bytes, Stack size 0 bytes, startup_lpc54608.o(.text))
<BR>[Address Reference Count : 1]<UL><LI> startup_lpc54608.o(RESET)
</UL>
<P><STRONG><a name="[43]"></a>SMARTCARD1_IRQHandler</STRONG> (Thumb, 4 bytes, Stack size 0 bytes, startup_lpc54608.o(.text))
<BR>[Address Reference Count : 1]<UL><LI> startup_lpc54608.o(RESET)
</UL>
<P><STRONG><a name="[5d]"></a>ADC0_SEQA_DriverIRQHandler</STRONG> (Thumb, 0 bytes, Stack size 0 bytes, startup_lpc54608.o(.text))
<BR><BR>[Calls]<UL><LI><a href="#[5d]">&gt;&gt;</a>&nbsp;&nbsp;&nbsp;ADC0_SEQA_DriverIRQHandler
</UL>
<BR>[Called By]<UL><LI><a href="#[5d]">&gt;&gt;</a>&nbsp;&nbsp;&nbsp;ADC0_SEQA_DriverIRQHandler
</UL>
<BR>[Address Reference Count : 1]<UL><LI> startup_lpc54608.o(.text)
</UL>
<P><STRONG><a name="[5e]"></a>ADC0_SEQB_DriverIRQHandler</STRONG> (Thumb, 0 bytes, Stack size 0 bytes, startup_lpc54608.o(.text))
<BR>[Address Reference Count : 1]<UL><LI> startup_lpc54608.o(.text)
</UL>
<P><STRONG><a name="[5f]"></a>ADC0_THCMP_DriverIRQHandler</STRONG> (Thumb, 0 bytes, Stack size 0 bytes, startup_lpc54608.o(.text))
<BR>[Address Reference Count : 1]<UL><LI> startup_lpc54608.o(.text)
</UL>
<P><STRONG><a name="[72]"></a>CAN0_IRQ0_DriverIRQHandler</STRONG> (Thumb, 0 bytes, Stack size 0 bytes, startup_lpc54608.o(.text))
<BR>[Address Reference Count : 1]<UL><LI> startup_lpc54608.o(.text)
</UL>
<P><STRONG><a name="[73]"></a>CAN0_IRQ1_DriverIRQHandler</STRONG> (Thumb, 0 bytes, Stack size 0 bytes, startup_lpc54608.o(.text))
<BR>[Address Reference Count : 1]<UL><LI> startup_lpc54608.o(.text)
</UL>
<P><STRONG><a name="[74]"></a>CAN1_IRQ0_DriverIRQHandler</STRONG> (Thumb, 0 bytes, Stack size 0 bytes, startup_lpc54608.o(.text))
<BR>[Address Reference Count : 1]<UL><LI> startup_lpc54608.o(.text)
</UL>
<P><STRONG><a name="[75]"></a>CAN1_IRQ1_DriverIRQHandler</STRONG> (Thumb, 0 bytes, Stack size 0 bytes, startup_lpc54608.o(.text))
<BR>[Address Reference Count : 1]<UL><LI> startup_lpc54608.o(.text)
</UL>
<P><STRONG><a name="[51]"></a>CTIMER0_DriverIRQHandler</STRONG> (Thumb, 0 bytes, Stack size 0 bytes, startup_lpc54608.o(.text))
<BR>[Address Reference Count : 1]<UL><LI> startup_lpc54608.o(.text)
</UL>
<P><STRONG><a name="[52]"></a>CTIMER1_DriverIRQHandler</STRONG> (Thumb, 0 bytes, Stack size 0 bytes, startup_lpc54608.o(.text))
<BR>[Address Reference Count : 1]<UL><LI> startup_lpc54608.o(.text)
</UL>
<P><STRONG><a name="[6b]"></a>CTIMER2_DriverIRQHandler</STRONG> (Thumb, 0 bytes, Stack size 0 bytes, startup_lpc54608.o(.text))
<BR>[Address Reference Count : 1]<UL><LI> startup_lpc54608.o(.text)
</UL>
<P><STRONG><a name="[54]"></a>CTIMER3_DriverIRQHandler</STRONG> (Thumb, 0 bytes, Stack size 0 bytes, startup_lpc54608.o(.text))
<BR>[Address Reference Count : 1]<UL><LI> startup_lpc54608.o(.text)
</UL>
<P><STRONG><a name="[6c]"></a>CTIMER4_DriverIRQHandler</STRONG> (Thumb, 0 bytes, Stack size 0 bytes, startup_lpc54608.o(.text))
<BR>[Address Reference Count : 1]<UL><LI> startup_lpc54608.o(.text)
</UL>
<P><STRONG><a name="[48]"></a>DMA0_DriverIRQHandler</STRONG> (Thumb, 0 bytes, Stack size 0 bytes, startup_lpc54608.o(.text))
<BR>[Address Reference Count : 1]<UL><LI> startup_lpc54608.o(.text)
</UL>
<P><STRONG><a name="[60]"></a>DMIC0_DriverIRQHandler</STRONG> (Thumb, 0 bytes, Stack size 0 bytes, startup_lpc54608.o(.text))
<BR>[Address Reference Count : 1]<UL><LI> startup_lpc54608.o(.text)
</UL>
<P><STRONG><a name="[7b]"></a>EEPROM_DriverIRQHandler</STRONG> (Thumb, 0 bytes, Stack size 0 bytes, startup_lpc54608.o(.text))
<BR>[Address Reference Count : 1]<UL><LI> startup_lpc54608.o(.text)
</UL>
<P><STRONG><a name="[7a]"></a>ETHERNET_MACLP_DriverIRQHandler</STRONG> (Thumb, 0 bytes, Stack size 0 bytes, startup_lpc54608.o(.text))
<BR>[Address Reference Count : 1]<UL><LI> startup_lpc54608.o(.text)
</UL>
<P><STRONG><a name="[79]"></a>ETHERNET_PMT_DriverIRQHandler</STRONG> (Thumb, 0 bytes, Stack size 0 bytes, startup_lpc54608.o(.text))
<BR>[Address Reference Count : 1]<UL><LI> startup_lpc54608.o(.text)
</UL>
<P><STRONG><a name="[49]"></a>GINT0_DriverIRQHandler</STRONG> (Thumb, 0 bytes, Stack size 0 bytes, startup_lpc54608.o(.text))
<BR>[Address Reference Count : 1]<UL><LI> startup_lpc54608.o(.text)
</UL>
<P><STRONG><a name="[4a]"></a>GINT1_DriverIRQHandler</STRONG> (Thumb, 0 bytes, Stack size 0 bytes, startup_lpc54608.o(.text))
<BR>[Address Reference Count : 1]<UL><LI> startup_lpc54608.o(.text)
</UL>
<P><STRONG><a name="[61]"></a>HWVAD0_DriverIRQHandler</STRONG> (Thumb, 0 bytes, Stack size 0 bytes, startup_lpc54608.o(.text))
<BR>[Address Reference Count : 1]<UL><LI> startup_lpc54608.o(.text)
</UL>
<P><STRONG><a name="[7c]"></a>LCD_DriverIRQHandler</STRONG> (Thumb, 0 bytes, Stack size 0 bytes, startup_lpc54608.o(.text))
<BR>[Address Reference Count : 1]<UL><LI> startup_lpc54608.o(.text)
</UL>
<P><STRONG><a name="[50]"></a>MRT0_DriverIRQHandler</STRONG> (Thumb, 0 bytes, Stack size 0 bytes, startup_lpc54608.o(.text))
<BR>[Address Reference Count : 1]<UL><LI> startup_lpc54608.o(.text)
</UL>
<P><STRONG><a name="[4b]"></a>PIN_INT0_DriverIRQHandler</STRONG> (Thumb, 0 bytes, Stack size 0 bytes, startup_lpc54608.o(.text))
<BR>[Address Reference Count : 1]<UL><LI> startup_lpc54608.o(.text)
</UL>
<P><STRONG><a name="[4c]"></a>PIN_INT1_DriverIRQHandler</STRONG> (Thumb, 0 bytes, Stack size 0 bytes, startup_lpc54608.o(.text))
<BR>[Address Reference Count : 1]<UL><LI> startup_lpc54608.o(.text)
</UL>
<P><STRONG><a name="[4d]"></a>PIN_INT2_DriverIRQHandler</STRONG> (Thumb, 0 bytes, Stack size 0 bytes, startup_lpc54608.o(.text))
<BR>[Address Reference Count : 1]<UL><LI> startup_lpc54608.o(.text)
</UL>
<P><STRONG><a name="[4e]"></a>PIN_INT3_DriverIRQHandler</STRONG> (Thumb, 0 bytes, Stack size 0 bytes, startup_lpc54608.o(.text))
<BR>[Address Reference Count : 1]<UL><LI> startup_lpc54608.o(.text)
</UL>
<P><STRONG><a name="[67]"></a>PIN_INT4_DriverIRQHandler</STRONG> (Thumb, 0 bytes, Stack size 0 bytes, startup_lpc54608.o(.text))
<BR>[Address Reference Count : 1]<UL><LI> startup_lpc54608.o(.text)
</UL>
<P><STRONG><a name="[68]"></a>PIN_INT5_DriverIRQHandler</STRONG> (Thumb, 0 bytes, Stack size 0 bytes, startup_lpc54608.o(.text))
<BR>[Address Reference Count : 1]<UL><LI> startup_lpc54608.o(.text)
</UL>
<P><STRONG><a name="[69]"></a>PIN_INT6_DriverIRQHandler</STRONG> (Thumb, 0 bytes, Stack size 0 bytes, startup_lpc54608.o(.text))
<BR>[Address Reference Count : 1]<UL><LI> startup_lpc54608.o(.text)
</UL>
<P><STRONG><a name="[6a]"></a>PIN_INT7_DriverIRQHandler</STRONG> (Thumb, 0 bytes, Stack size 0 bytes, startup_lpc54608.o(.text))
<BR>[Address Reference Count : 1]<UL><LI> startup_lpc54608.o(.text)
</UL>
<P><STRONG><a name="[6d]"></a>RIT_DriverIRQHandler</STRONG> (Thumb, 0 bytes, Stack size 0 bytes, startup_lpc54608.o(.text))
<BR>[Address Reference Count : 1]<UL><LI> startup_lpc54608.o(.text)
</UL>
<P><STRONG><a name="[64]"></a>RTC_DriverIRQHandler</STRONG> (Thumb, 0 bytes, Stack size 0 bytes, startup_lpc54608.o(.text))
<BR>[Address Reference Count : 1]<UL><LI> startup_lpc54608.o(.text)
</UL>
<P><STRONG><a name="[65]"></a>Reserved46_DriverIRQHandler</STRONG> (Thumb, 0 bytes, Stack size 0 bytes, startup_lpc54608.o(.text))
<BR>[Address Reference Count : 1]<UL><LI> startup_lpc54608.o(.text)
</UL>
<P><STRONG><a name="[66]"></a>Reserved47_DriverIRQHandler</STRONG> (Thumb, 0 bytes, Stack size 0 bytes, startup_lpc54608.o(.text))
<BR>[Address Reference Count : 1]<UL><LI> startup_lpc54608.o(.text)
</UL>
<P><STRONG><a name="[53]"></a>SCT0_DriverIRQHandler</STRONG> (Thumb, 0 bytes, Stack size 0 bytes, startup_lpc54608.o(.text))
<BR>[Address Reference Count : 1]<UL><LI> startup_lpc54608.o(.text)
</UL>
<P><STRONG><a name="[71]"></a>SDIO_DriverIRQHandler</STRONG> (Thumb, 0 bytes, Stack size 0 bytes, startup_lpc54608.o(.text))
<BR>[Address Reference Count : 1]<UL><LI> startup_lpc54608.o(.text)
</UL>
<P><STRONG><a name="[7d]"></a>SHA_DriverIRQHandler</STRONG> (Thumb, 0 bytes, Stack size 0 bytes, startup_lpc54608.o(.text))
<BR>[Address Reference Count : 1]<UL><LI> startup_lpc54608.o(.text)
</UL>
<P><STRONG><a name="[7e]"></a>SMARTCARD0_DriverIRQHandler</STRONG> (Thumb, 0 bytes, Stack size 0 bytes, startup_lpc54608.o(.text))
<BR>[Address Reference Count : 1]<UL><LI> startup_lpc54608.o(.text)
</UL>
<P><STRONG><a name="[7f]"></a>SMARTCARD1_DriverIRQHandler</STRONG> (Thumb, 0 bytes, Stack size 0 bytes, startup_lpc54608.o(.text))
<BR>[Address Reference Count : 1]<UL><LI> startup_lpc54608.o(.text)
</UL>
<P><STRONG><a name="[6e]"></a>SPIFI0_DriverIRQHandler</STRONG> (Thumb, 0 bytes, Stack size 0 bytes, startup_lpc54608.o(.text))
<BR>[Address Reference Count : 1]<UL><LI> startup_lpc54608.o(.text)
</UL>
<P><STRONG><a name="[63]"></a>USB0_DriverIRQHandler</STRONG> (Thumb, 0 bytes, Stack size 0 bytes, startup_lpc54608.o(.text))
<BR>[Address Reference Count : 1]<UL><LI> startup_lpc54608.o(.text)
</UL>
<P><STRONG><a name="[62]"></a>USB0_NEEDCLK_DriverIRQHandler</STRONG> (Thumb, 0 bytes, Stack size 0 bytes, startup_lpc54608.o(.text))
<BR>[Address Reference Count : 1]<UL><LI> startup_lpc54608.o(.text)
</UL>
<P><STRONG><a name="[76]"></a>USB1_DriverIRQHandler</STRONG> (Thumb, 0 bytes, Stack size 0 bytes, startup_lpc54608.o(.text))
<BR>[Address Reference Count : 1]<UL><LI> startup_lpc54608.o(.text)
</UL>
<P><STRONG><a name="[77]"></a>USB1_NEEDCLK_DriverIRQHandler</STRONG> (Thumb, 0 bytes, Stack size 0 bytes, startup_lpc54608.o(.text))
<BR>[Address Reference Count : 1]<UL><LI> startup_lpc54608.o(.text)
</UL>
<P><STRONG><a name="[4f]"></a>UTICK0_DriverIRQHandler</STRONG> (Thumb, 0 bytes, Stack size 0 bytes, startup_lpc54608.o(.text))
<BR>[Address Reference Count : 1]<UL><LI> startup_lpc54608.o(.text)
</UL>
<P><STRONG><a name="[47]"></a>WDT_BOD_DriverIRQHandler</STRONG> (Thumb, 0 bytes, Stack size 0 bytes, startup_lpc54608.o(.text))
<BR>[Address Reference Count : 1]<UL><LI> startup_lpc54608.o(.text)
</UL>
<P><STRONG><a name="[87]"></a>__aeabi_uldivmod</STRONG> (Thumb, 98 bytes, Stack size 40 bytes, uldiv.o(.text), UNUSED)
<BR><BR>[Calls]<UL><LI><a href="#[88]">&gt;&gt;</a>&nbsp;&nbsp;&nbsp;__aeabi_llsr
<LI><a href="#[89]">&gt;&gt;</a>&nbsp;&nbsp;&nbsp;__aeabi_llsl
</UL>
<BR>[Called By]<UL><LI><a href="#[e8]">&gt;&gt;</a>&nbsp;&nbsp;&nbsp;_printf_core
</UL>

<P><STRONG><a name="[e6]"></a>__aeabi_memcpy</STRONG> (Thumb, 36 bytes, Stack size 0 bytes, memcpya.o(.text))
<BR><BR>[Called By]<UL><LI><a href="#[de]">&gt;&gt;</a>&nbsp;&nbsp;&nbsp;md5Update(_md5_std_ctx*, unsigned char*, unsigned)
</UL>

<P><STRONG><a name="[106]"></a>__aeabi_memcpy4</STRONG> (Thumb, 0 bytes, Stack size 0 bytes, memcpya.o(.text), UNUSED)

<P><STRONG><a name="[107]"></a>__aeabi_memcpy8</STRONG> (Thumb, 0 bytes, Stack size 0 bytes, memcpya.o(.text), UNUSED)

<P><STRONG><a name="[cb]"></a>strlen</STRONG> (Thumb, 14 bytes, Stack size 0 bytes, strlen.o(.text))
<BR><BR>[Called By]<UL><LI><a href="#[c8]">&gt;&gt;</a>&nbsp;&nbsp;&nbsp;DbgConsole_PrintfFormattedData
</UL>

<P><STRONG><a name="[fb]"></a>strcmp</STRONG> (Thumb, 28 bytes, Stack size 8 bytes, strcmp.o(.text))
<BR><BR>[Stack]<UL><LI>Max Depth = 8<LI>Call Chain = strcmp
</UL>
<BR>[Called By]<UL><LI><a href="#[f7]">&gt;&gt;</a>&nbsp;&nbsp;&nbsp;bootloader
</UL>

<P><STRONG><a name="[f9]"></a>strncmp</STRONG> (Thumb, 30 bytes, Stack size 12 bytes, strncmp.o(.text))
<BR><BR>[Stack]<UL><LI>Max Depth = 12<LI>Call Chain = strncmp
</UL>
<BR>[Called By]<UL><LI><a href="#[f7]">&gt;&gt;</a>&nbsp;&nbsp;&nbsp;bootloader
</UL>

<P><STRONG><a name="[8a]"></a>__aeabi_dadd</STRONG> (Thumb, 322 bytes, Stack size 48 bytes, dadd.o(.text))
<BR><BR>[Stack]<UL><LI>Max Depth = 88<LI>Call Chain = __aeabi_dadd &rArr; _double_epilogue &rArr; _double_round
</UL>
<BR>[Calls]<UL><LI><a href="#[8b]">&gt;&gt;</a>&nbsp;&nbsp;&nbsp;__aeabi_lasr
<LI><a href="#[89]">&gt;&gt;</a>&nbsp;&nbsp;&nbsp;__aeabi_llsl
<LI><a href="#[8d]">&gt;&gt;</a>&nbsp;&nbsp;&nbsp;_double_round
<LI><a href="#[8c]">&gt;&gt;</a>&nbsp;&nbsp;&nbsp;_double_epilogue
</UL>
<BR>[Called By]<UL><LI><a href="#[c3]">&gt;&gt;</a>&nbsp;&nbsp;&nbsp;__hardfp_pow
<LI><a href="#[8e]">&gt;&gt;</a>&nbsp;&nbsp;&nbsp;__aeabi_dsub
<LI><a href="#[8f]">&gt;&gt;</a>&nbsp;&nbsp;&nbsp;__aeabi_drsub
<LI><a href="#[bf]">&gt;&gt;</a>&nbsp;&nbsp;&nbsp;DbgConsole_ConvertFloatRadixNumToString
<LI><a href="#[f2]">&gt;&gt;</a>&nbsp;&nbsp;&nbsp;__kernel_poly
<LI><a href="#[ea]">&gt;&gt;</a>&nbsp;&nbsp;&nbsp;__mathlib_dbl_infnan2
</UL>

<P><STRONG><a name="[8e]"></a>__aeabi_dsub</STRONG> (Thumb, 6 bytes, Stack size 0 bytes, dadd.o(.text))
<BR><BR>[Stack]<UL><LI>Max Depth = 88<LI>Call Chain = __aeabi_dsub &rArr; __aeabi_dadd &rArr; _double_epilogue &rArr; _double_round
</UL>
<BR>[Calls]<UL><LI><a href="#[8a]">&gt;&gt;</a>&nbsp;&nbsp;&nbsp;__aeabi_dadd
</UL>
<BR>[Called By]<UL><LI><a href="#[c3]">&gt;&gt;</a>&nbsp;&nbsp;&nbsp;__hardfp_pow
<LI><a href="#[c1]">&gt;&gt;</a>&nbsp;&nbsp;&nbsp;__hardfp_modf
<LI><a href="#[bf]">&gt;&gt;</a>&nbsp;&nbsp;&nbsp;DbgConsole_ConvertFloatRadixNumToString
</UL>

<P><STRONG><a name="[8f]"></a>__aeabi_drsub</STRONG> (Thumb, 6 bytes, Stack size 0 bytes, dadd.o(.text))
<BR><BR>[Stack]<UL><LI>Max Depth = 88<LI>Call Chain = __aeabi_drsub &rArr; __aeabi_dadd &rArr; _double_epilogue &rArr; _double_round
</UL>
<BR>[Calls]<UL><LI><a href="#[8a]">&gt;&gt;</a>&nbsp;&nbsp;&nbsp;__aeabi_dadd
</UL>
<BR>[Called By]<UL><LI><a href="#[c3]">&gt;&gt;</a>&nbsp;&nbsp;&nbsp;__hardfp_pow
<LI><a href="#[bf]">&gt;&gt;</a>&nbsp;&nbsp;&nbsp;DbgConsole_ConvertFloatRadixNumToString
</UL>

<P><STRONG><a name="[90]"></a>__aeabi_dmul</STRONG> (Thumb, 228 bytes, Stack size 48 bytes, dmul.o(.text))
<BR><BR>[Stack]<UL><LI>Max Depth = 88<LI>Call Chain = __aeabi_dmul &rArr; _double_epilogue &rArr; _double_round
</UL>
<BR>[Calls]<UL><LI><a href="#[8c]">&gt;&gt;</a>&nbsp;&nbsp;&nbsp;_double_epilogue
</UL>
<BR>[Called By]<UL><LI><a href="#[c3]">&gt;&gt;</a>&nbsp;&nbsp;&nbsp;__hardfp_pow
<LI><a href="#[bf]">&gt;&gt;</a>&nbsp;&nbsp;&nbsp;DbgConsole_ConvertFloatRadixNumToString
<LI><a href="#[f2]">&gt;&gt;</a>&nbsp;&nbsp;&nbsp;__kernel_poly
<LI><a href="#[f1]">&gt;&gt;</a>&nbsp;&nbsp;&nbsp;__mathlib_dbl_underflow
<LI><a href="#[ed]">&gt;&gt;</a>&nbsp;&nbsp;&nbsp;__mathlib_dbl_overflow
</UL>

<P><STRONG><a name="[91]"></a>__aeabi_ddiv</STRONG> (Thumb, 222 bytes, Stack size 32 bytes, ddiv.o(.text))
<BR><BR>[Stack]<UL><LI>Max Depth = 40<LI>Call Chain = __aeabi_ddiv &rArr; _double_round
</UL>
<BR>[Calls]<UL><LI><a href="#[8d]">&gt;&gt;</a>&nbsp;&nbsp;&nbsp;_double_round
</UL>
<BR>[Called By]<UL><LI><a href="#[c3]">&gt;&gt;</a>&nbsp;&nbsp;&nbsp;__hardfp_pow
<LI><a href="#[bf]">&gt;&gt;</a>&nbsp;&nbsp;&nbsp;DbgConsole_ConvertFloatRadixNumToString
<LI><a href="#[f0]">&gt;&gt;</a>&nbsp;&nbsp;&nbsp;__mathlib_dbl_invalid
<LI><a href="#[ec]">&gt;&gt;</a>&nbsp;&nbsp;&nbsp;__mathlib_dbl_divzero
</UL>

<P><STRONG><a name="[92]"></a>__aeabi_i2d</STRONG> (Thumb, 34 bytes, Stack size 16 bytes, dflti.o(.text))
<BR><BR>[Stack]<UL><LI>Max Depth = 56<LI>Call Chain = __aeabi_i2d &rArr; _double_epilogue &rArr; _double_round
</UL>
<BR>[Calls]<UL><LI><a href="#[8c]">&gt;&gt;</a>&nbsp;&nbsp;&nbsp;_double_epilogue
</UL>
<BR>[Called By]<UL><LI><a href="#[c3]">&gt;&gt;</a>&nbsp;&nbsp;&nbsp;__hardfp_pow
<LI><a href="#[bf]">&gt;&gt;</a>&nbsp;&nbsp;&nbsp;DbgConsole_ConvertFloatRadixNumToString
</UL>

<P><STRONG><a name="[93]"></a>__aeabi_ui2d</STRONG> (Thumb, 26 bytes, Stack size 16 bytes, dfltui.o(.text))
<BR><BR>[Stack]<UL><LI>Max Depth = 56<LI>Call Chain = __aeabi_ui2d &rArr; _double_epilogue &rArr; _double_round
</UL>
<BR>[Calls]<UL><LI><a href="#[8c]">&gt;&gt;</a>&nbsp;&nbsp;&nbsp;_double_epilogue
</UL>
<BR>[Called By]<UL><LI><a href="#[bf]">&gt;&gt;</a>&nbsp;&nbsp;&nbsp;DbgConsole_ConvertFloatRadixNumToString
</UL>

<P><STRONG><a name="[94]"></a>__aeabi_l2d</STRONG> (Thumb, 40 bytes, Stack size 24 bytes, dfltl.o(.text))
<BR><BR>[Stack]<UL><LI>Max Depth = 64<LI>Call Chain = __aeabi_l2d &rArr; _double_epilogue &rArr; _double_round
</UL>
<BR>[Calls]<UL><LI><a href="#[8c]">&gt;&gt;</a>&nbsp;&nbsp;&nbsp;_double_epilogue
</UL>
<BR>[Called By]<UL><LI><a href="#[bf]">&gt;&gt;</a>&nbsp;&nbsp;&nbsp;DbgConsole_ConvertFloatRadixNumToString
</UL>

<P><STRONG><a name="[95]"></a>__aeabi_d2iz</STRONG> (Thumb, 62 bytes, Stack size 16 bytes, dfixi.o(.text))
<BR><BR>[Stack]<UL><LI>Max Depth = 16<LI>Call Chain = __aeabi_d2iz
</UL>
<BR>[Calls]<UL><LI><a href="#[88]">&gt;&gt;</a>&nbsp;&nbsp;&nbsp;__aeabi_llsr
</UL>
<BR>[Called By]<UL><LI><a href="#[bf]">&gt;&gt;</a>&nbsp;&nbsp;&nbsp;DbgConsole_ConvertFloatRadixNumToString
</UL>

<P><STRONG><a name="[96]"></a>__aeabi_d2lz</STRONG> (Thumb, 74 bytes, Stack size 16 bytes, dfixl.o(.text))
<BR><BR>[Stack]<UL><LI>Max Depth = 16<LI>Call Chain = __aeabi_d2lz
</UL>
<BR>[Calls]<UL><LI><a href="#[88]">&gt;&gt;</a>&nbsp;&nbsp;&nbsp;__aeabi_llsr
<LI><a href="#[89]">&gt;&gt;</a>&nbsp;&nbsp;&nbsp;__aeabi_llsl
</UL>
<BR>[Called By]<UL><LI><a href="#[bf]">&gt;&gt;</a>&nbsp;&nbsp;&nbsp;DbgConsole_ConvertFloatRadixNumToString
</UL>

<P><STRONG><a name="[c0]"></a>__aeabi_cdcmpeq</STRONG> (Thumb, 0 bytes, Stack size 0 bytes, cdcmple.o(.text))
<BR><BR>[Called By]<UL><LI><a href="#[bf]">&gt;&gt;</a>&nbsp;&nbsp;&nbsp;DbgConsole_ConvertFloatRadixNumToString
</UL>

<P><STRONG><a name="[c4]"></a>__aeabi_cdcmple</STRONG> (Thumb, 48 bytes, Stack size 0 bytes, cdcmple.o(.text))
<BR><BR>[Called By]<UL><LI><a href="#[bf]">&gt;&gt;</a>&nbsp;&nbsp;&nbsp;DbgConsole_ConvertFloatRadixNumToString
</UL>

<P><STRONG><a name="[c2]"></a>__aeabi_cdrcmple</STRONG> (Thumb, 48 bytes, Stack size 0 bytes, cdrcmple.o(.text))
<BR><BR>[Called By]<UL><LI><a href="#[c3]">&gt;&gt;</a>&nbsp;&nbsp;&nbsp;__hardfp_pow
<LI><a href="#[bf]">&gt;&gt;</a>&nbsp;&nbsp;&nbsp;DbgConsole_ConvertFloatRadixNumToString
</UL>

<P><STRONG><a name="[89]"></a>__aeabi_llsl</STRONG> (Thumb, 30 bytes, Stack size 0 bytes, llshl.o(.text))
<BR><BR>[Called By]<UL><LI><a href="#[87]">&gt;&gt;</a>&nbsp;&nbsp;&nbsp;__aeabi_uldivmod
<LI><a href="#[8a]">&gt;&gt;</a>&nbsp;&nbsp;&nbsp;__aeabi_dadd
<LI><a href="#[96]">&gt;&gt;</a>&nbsp;&nbsp;&nbsp;__aeabi_d2lz
<LI><a href="#[8c]">&gt;&gt;</a>&nbsp;&nbsp;&nbsp;_double_epilogue
</UL>

<P><STRONG><a name="[108]"></a>_ll_shift_l</STRONG> (Thumb, 0 bytes, Stack size 0 bytes, llshl.o(.text), UNUSED)

<P><STRONG><a name="[88]"></a>__aeabi_llsr</STRONG> (Thumb, 32 bytes, Stack size 0 bytes, llushr.o(.text))
<BR><BR>[Called By]<UL><LI><a href="#[87]">&gt;&gt;</a>&nbsp;&nbsp;&nbsp;__aeabi_uldivmod
<LI><a href="#[96]">&gt;&gt;</a>&nbsp;&nbsp;&nbsp;__aeabi_d2lz
<LI><a href="#[95]">&gt;&gt;</a>&nbsp;&nbsp;&nbsp;__aeabi_d2iz
<LI><a href="#[98]">&gt;&gt;</a>&nbsp;&nbsp;&nbsp;_dsqrt
<LI><a href="#[8c]">&gt;&gt;</a>&nbsp;&nbsp;&nbsp;_double_epilogue
</UL>

<P><STRONG><a name="[109]"></a>_ll_ushift_r</STRONG> (Thumb, 0 bytes, Stack size 0 bytes, llushr.o(.text), UNUSED)

<P><STRONG><a name="[8b]"></a>__aeabi_lasr</STRONG> (Thumb, 36 bytes, Stack size 0 bytes, llsshr.o(.text))
<BR><BR>[Called By]<UL><LI><a href="#[8a]">&gt;&gt;</a>&nbsp;&nbsp;&nbsp;__aeabi_dadd
</UL>

<P><STRONG><a name="[10a]"></a>_ll_sshift_r</STRONG> (Thumb, 0 bytes, Stack size 0 bytes, llsshr.o(.text), UNUSED)

<P><STRONG><a name="[10b]"></a>__I$use$fp</STRONG> (Thumb, 0 bytes, Stack size 8 bytes, iusefp.o(.text), UNUSED)

<P><STRONG><a name="[8d]"></a>_double_round</STRONG> (Thumb, 30 bytes, Stack size 8 bytes, depilogue.o(.text))
<BR><BR>[Stack]<UL><LI>Max Depth = 8<LI>Call Chain = _double_round
</UL>
<BR>[Called By]<UL><LI><a href="#[91]">&gt;&gt;</a>&nbsp;&nbsp;&nbsp;__aeabi_ddiv
<LI><a href="#[8a]">&gt;&gt;</a>&nbsp;&nbsp;&nbsp;__aeabi_dadd
<LI><a href="#[98]">&gt;&gt;</a>&nbsp;&nbsp;&nbsp;_dsqrt
<LI><a href="#[8c]">&gt;&gt;</a>&nbsp;&nbsp;&nbsp;_double_epilogue
</UL>

<P><STRONG><a name="[8c]"></a>_double_epilogue</STRONG> (Thumb, 156 bytes, Stack size 32 bytes, depilogue.o(.text))
<BR><BR>[Stack]<UL><LI>Max Depth = 40<LI>Call Chain = _double_epilogue &rArr; _double_round
</UL>
<BR>[Calls]<UL><LI><a href="#[88]">&gt;&gt;</a>&nbsp;&nbsp;&nbsp;__aeabi_llsr
<LI><a href="#[89]">&gt;&gt;</a>&nbsp;&nbsp;&nbsp;__aeabi_llsl
<LI><a href="#[8d]">&gt;&gt;</a>&nbsp;&nbsp;&nbsp;_double_round
</UL>
<BR>[Called By]<UL><LI><a href="#[93]">&gt;&gt;</a>&nbsp;&nbsp;&nbsp;__aeabi_ui2d
<LI><a href="#[94]">&gt;&gt;</a>&nbsp;&nbsp;&nbsp;__aeabi_l2d
<LI><a href="#[92]">&gt;&gt;</a>&nbsp;&nbsp;&nbsp;__aeabi_i2d
<LI><a href="#[90]">&gt;&gt;</a>&nbsp;&nbsp;&nbsp;__aeabi_dmul
<LI><a href="#[8a]">&gt;&gt;</a>&nbsp;&nbsp;&nbsp;__aeabi_dadd
</UL>

<P><STRONG><a name="[f3]"></a>__ARM_scalbn</STRONG> (Thumb, 46 bytes, Stack size 16 bytes, dscalb.o(.text))
<BR><BR>[Stack]<UL><LI>Max Depth = 16<LI>Call Chain = __ARM_scalbn
</UL>
<BR>[Called By]<UL><LI><a href="#[c3]">&gt;&gt;</a>&nbsp;&nbsp;&nbsp;__hardfp_pow
</UL>

<P><STRONG><a name="[10c]"></a>scalbn</STRONG> (Thumb, 0 bytes, Stack size 16 bytes, dscalb.o(.text), UNUSED)

<P><STRONG><a name="[86]"></a>__scatterload</STRONG> (Thumb, 28 bytes, Stack size 0 bytes, init.o(.text))
<BR><BR>[Calls]<UL><LI><a href="#[97]">&gt;&gt;</a>&nbsp;&nbsp;&nbsp;__main_after_scatterload
</UL>
<BR>[Called By]<UL><LI><a href="#[85]">&gt;&gt;</a>&nbsp;&nbsp;&nbsp;_main_scatterload
</UL>

<P><STRONG><a name="[10d]"></a>__scatterload_rt2</STRONG> (Thumb, 0 bytes, Stack size 0 bytes, init.o(.text), UNUSED)

<P><STRONG><a name="[98]"></a>_dsqrt</STRONG> (Thumb, 162 bytes, Stack size 32 bytes, dsqrt.o(.text))
<BR><BR>[Stack]<UL><LI>Max Depth = 40<LI>Call Chain = _dsqrt &rArr; _double_round
</UL>
<BR>[Calls]<UL><LI><a href="#[88]">&gt;&gt;</a>&nbsp;&nbsp;&nbsp;__aeabi_llsr
<LI><a href="#[8d]">&gt;&gt;</a>&nbsp;&nbsp;&nbsp;_double_round
</UL>
<BR>[Called By]<UL><LI><a href="#[ee]">&gt;&gt;</a>&nbsp;&nbsp;&nbsp;sqrt
</UL>

<P><STRONG><a name="[99]"></a>BOARD_BootClockFROHF48M</STRONG> (Thumb, 56 bytes, Stack size 8 bytes, clock_config.o(i.BOARD_BootClockFROHF48M))
<BR><BR>[Stack]<UL><LI>Max Depth = 28<LI>Call Chain = BOARD_BootClockFROHF48M &rArr; CLOCK_AttachClk
</UL>
<BR>[Calls]<UL><LI><a href="#[9c]">&gt;&gt;</a>&nbsp;&nbsp;&nbsp;POWER_SetVoltageForFreq
<LI><a href="#[9e]">&gt;&gt;</a>&nbsp;&nbsp;&nbsp;CLOCK_SetupFROClocking
<LI><a href="#[9d]">&gt;&gt;</a>&nbsp;&nbsp;&nbsp;CLOCK_SetFLASHAccessCyclesForFreq
<LI><a href="#[9f]">&gt;&gt;</a>&nbsp;&nbsp;&nbsp;CLOCK_SetClkDiv
<LI><a href="#[9b]">&gt;&gt;</a>&nbsp;&nbsp;&nbsp;CLOCK_AttachClk
<LI><a href="#[9a]">&gt;&gt;</a>&nbsp;&nbsp;&nbsp;POWER_DisablePD
</UL>
<BR>[Called By]<UL><LI><a href="#[db]">&gt;&gt;</a>&nbsp;&nbsp;&nbsp;setupserial()
</UL>

<P><STRONG><a name="[a0]"></a>BOARD_InitDebugConsole</STRONG> (Thumb, 50 bytes, Stack size 16 bytes, board.o(i.BOARD_InitDebugConsole))
<BR><BR>[Stack]<UL><LI>Max Depth = 736<LI>Call Chain = BOARD_InitDebugConsole &rArr; DbgConsole_Init &rArr; USART_Init &rArr; USART_SetBaudRate &rArr; __aeabi_assert &rArr; DbgConsole_Printf &rArr; DbgConsole_PrintfFormattedData &rArr; DbgConsole_ConvertFloatRadixNumToString &rArr; __hardfp_pow &rArr; __kernel_poly &rArr; __aeabi_dmul &rArr; _double_epilogue &rArr; _double_round
</UL>
<BR>[Calls]<UL><LI><a href="#[a4]">&gt;&gt;</a>&nbsp;&nbsp;&nbsp;__aeabi_assert
<LI><a href="#[a2]">&gt;&gt;</a>&nbsp;&nbsp;&nbsp;CLOCK_GetFreq
<LI><a href="#[a1]">&gt;&gt;</a>&nbsp;&nbsp;&nbsp;RESET_PeripheralReset
<LI><a href="#[a3]">&gt;&gt;</a>&nbsp;&nbsp;&nbsp;DbgConsole_Init
</UL>
<BR>[Called By]<UL><LI><a href="#[db]">&gt;&gt;</a>&nbsp;&nbsp;&nbsp;setupserial()
</UL>

<P><STRONG><a name="[a5]"></a>BOARD_InitPins</STRONG> (Thumb, 68 bytes, Stack size 16 bytes, pin_mux.o(i.BOARD_InitPins))
<BR><BR>[Stack]<UL><LI>Max Depth = 24<LI>Call Chain = BOARD_InitPins &rArr; IOCON_PinMuxSet
</UL>
<BR>[Calls]<UL><LI><a href="#[a6]">&gt;&gt;</a>&nbsp;&nbsp;&nbsp;IOCON_PinMuxSet
</UL>
<BR>[Called By]<UL><LI><a href="#[db]">&gt;&gt;</a>&nbsp;&nbsp;&nbsp;setupserial()
</UL>

<P><STRONG><a name="[9b]"></a>CLOCK_AttachClk</STRONG> (Thumb, 66 bytes, Stack size 20 bytes, fsl_clock.o(i.CLOCK_AttachClk))
<BR><BR>[Stack]<UL><LI>Max Depth = 20<LI>Call Chain = CLOCK_AttachClk
</UL>
<BR>[Called By]<UL><LI><a href="#[99]">&gt;&gt;</a>&nbsp;&nbsp;&nbsp;BOARD_BootClockFROHF48M
<LI><a href="#[db]">&gt;&gt;</a>&nbsp;&nbsp;&nbsp;setupserial()
</UL>

<P><STRONG><a name="[a7]"></a>CLOCK_GetAdcClkFreq</STRONG> (Thumb, 72 bytes, Stack size 4 bytes, fsl_clock.o(i.CLOCK_GetAdcClkFreq))
<BR><BR>[Stack]<UL><LI>Max Depth = 4<LI>Call Chain = CLOCK_GetAdcClkFreq
</UL>
<BR>[Calls]<UL><LI><a href="#[aa]">&gt;&gt;</a>&nbsp;&nbsp;&nbsp;CLOCK_GetUsbPllOutFreq
<LI><a href="#[a9]">&gt;&gt;</a>&nbsp;&nbsp;&nbsp;CLOCK_GetPllOutFreq
<LI><a href="#[a8]">&gt;&gt;</a>&nbsp;&nbsp;&nbsp;CLOCK_GetFroHfFreq
<LI><a href="#[ab]">&gt;&gt;</a>&nbsp;&nbsp;&nbsp;CLOCK_GetAudioPllOutFreq
</UL>
<BR>[Called By]<UL><LI><a href="#[a2]">&gt;&gt;</a>&nbsp;&nbsp;&nbsp;CLOCK_GetFreq
</UL>

<P><STRONG><a name="[ac]"></a>CLOCK_GetAsyncApbClkFreq</STRONG> (Thumb, 40 bytes, Stack size 8 bytes, fsl_clock.o(i.CLOCK_GetAsyncApbClkFreq))
<BR><BR>[Stack]<UL><LI>Max Depth = 12<LI>Call Chain = CLOCK_GetAsyncApbClkFreq &rArr; CLOCK_GetCoreSysClkFreq
</UL>
<BR>[Calls]<UL><LI><a href="#[ad]">&gt;&gt;</a>&nbsp;&nbsp;&nbsp;CLOCK_GetCoreSysClkFreq
</UL>
<BR>[Called By]<UL><LI><a href="#[a2]">&gt;&gt;</a>&nbsp;&nbsp;&nbsp;CLOCK_GetFreq
</UL>

<P><STRONG><a name="[ab]"></a>CLOCK_GetAudioPllOutFreq</STRONG> (Thumb, 6 bytes, Stack size 0 bytes, fsl_clock.o(i.CLOCK_GetAudioPllOutFreq))
<BR><BR>[Called By]<UL><LI><a href="#[b5]">&gt;&gt;</a>&nbsp;&nbsp;&nbsp;CLOCK_GetSpifiClkFreq
<LI><a href="#[ba]">&gt;&gt;</a>&nbsp;&nbsp;&nbsp;CLOCK_GetSdioClkFreq
<LI><a href="#[b9]">&gt;&gt;</a>&nbsp;&nbsp;&nbsp;CLOCK_GetSctClkFreq
<LI><a href="#[b8]">&gt;&gt;</a>&nbsp;&nbsp;&nbsp;CLOCK_GetMclkClkFreq
<LI><a href="#[ae]">&gt;&gt;</a>&nbsp;&nbsp;&nbsp;CLOCK_GetClockOutClkFreq
<LI><a href="#[a7]">&gt;&gt;</a>&nbsp;&nbsp;&nbsp;CLOCK_GetAdcClkFreq
</UL>

<P><STRONG><a name="[ae]"></a>CLOCK_GetClockOutClkFreq</STRONG> (Thumb, 116 bytes, Stack size 4 bytes, fsl_clock.o(i.CLOCK_GetClockOutClkFreq))
<BR><BR>[Stack]<UL><LI>Max Depth = 8<LI>Call Chain = CLOCK_GetClockOutClkFreq &rArr; CLOCK_GetCoreSysClkFreq
</UL>
<BR>[Calls]<UL><LI><a href="#[b0]">&gt;&gt;</a>&nbsp;&nbsp;&nbsp;CLOCK_GetWdtOscFreq
<LI><a href="#[aa]">&gt;&gt;</a>&nbsp;&nbsp;&nbsp;CLOCK_GetUsbPllOutFreq
<LI><a href="#[a9]">&gt;&gt;</a>&nbsp;&nbsp;&nbsp;CLOCK_GetPllOutFreq
<LI><a href="#[b1]">&gt;&gt;</a>&nbsp;&nbsp;&nbsp;CLOCK_GetOsc32KFreq
<LI><a href="#[a8]">&gt;&gt;</a>&nbsp;&nbsp;&nbsp;CLOCK_GetFroHfFreq
<LI><a href="#[af]">&gt;&gt;</a>&nbsp;&nbsp;&nbsp;CLOCK_GetExtClkFreq
<LI><a href="#[ad]">&gt;&gt;</a>&nbsp;&nbsp;&nbsp;CLOCK_GetCoreSysClkFreq
<LI><a href="#[ab]">&gt;&gt;</a>&nbsp;&nbsp;&nbsp;CLOCK_GetAudioPllOutFreq
</UL>
<BR>[Called By]<UL><LI><a href="#[a2]">&gt;&gt;</a>&nbsp;&nbsp;&nbsp;CLOCK_GetFreq
</UL>

<P><STRONG><a name="[ad]"></a>CLOCK_GetCoreSysClkFreq</STRONG> (Thumb, 120 bytes, Stack size 4 bytes, fsl_clock.o(i.CLOCK_GetCoreSysClkFreq))
<BR><BR>[Stack]<UL><LI>Max Depth = 4<LI>Call Chain = CLOCK_GetCoreSysClkFreq
</UL>
<BR>[Calls]<UL><LI><a href="#[b0]">&gt;&gt;</a>&nbsp;&nbsp;&nbsp;CLOCK_GetWdtOscFreq
<LI><a href="#[a9]">&gt;&gt;</a>&nbsp;&nbsp;&nbsp;CLOCK_GetPllOutFreq
<LI><a href="#[b1]">&gt;&gt;</a>&nbsp;&nbsp;&nbsp;CLOCK_GetOsc32KFreq
<LI><a href="#[a8]">&gt;&gt;</a>&nbsp;&nbsp;&nbsp;CLOCK_GetFroHfFreq
<LI><a href="#[b2]">&gt;&gt;</a>&nbsp;&nbsp;&nbsp;CLOCK_GetFro12MFreq
<LI><a href="#[af]">&gt;&gt;</a>&nbsp;&nbsp;&nbsp;CLOCK_GetExtClkFreq
</UL>
<BR>[Called By]<UL><LI><a href="#[b7]">&gt;&gt;</a>&nbsp;&nbsp;&nbsp;CLOCK_GetUsb1ClkFreq
<LI><a href="#[b5]">&gt;&gt;</a>&nbsp;&nbsp;&nbsp;CLOCK_GetSpifiClkFreq
<LI><a href="#[ba]">&gt;&gt;</a>&nbsp;&nbsp;&nbsp;CLOCK_GetSdioClkFreq
<LI><a href="#[b9]">&gt;&gt;</a>&nbsp;&nbsp;&nbsp;CLOCK_GetSctClkFreq
<LI><a href="#[bb]">&gt;&gt;</a>&nbsp;&nbsp;&nbsp;CLOCK_GetLcdClkFreq
<LI><a href="#[a2]">&gt;&gt;</a>&nbsp;&nbsp;&nbsp;CLOCK_GetFreq
<LI><a href="#[ae]">&gt;&gt;</a>&nbsp;&nbsp;&nbsp;CLOCK_GetClockOutClkFreq
<LI><a href="#[ac]">&gt;&gt;</a>&nbsp;&nbsp;&nbsp;CLOCK_GetAsyncApbClkFreq
</UL>

<P><STRONG><a name="[af]"></a>CLOCK_GetExtClkFreq</STRONG> (Thumb, 4 bytes, Stack size 0 bytes, fsl_clock.o(i.CLOCK_GetExtClkFreq))
<BR><BR>[Called By]<UL><LI><a href="#[a2]">&gt;&gt;</a>&nbsp;&nbsp;&nbsp;CLOCK_GetFreq
<LI><a href="#[ad]">&gt;&gt;</a>&nbsp;&nbsp;&nbsp;CLOCK_GetCoreSysClkFreq
<LI><a href="#[ae]">&gt;&gt;</a>&nbsp;&nbsp;&nbsp;CLOCK_GetClockOutClkFreq
</UL>

<P><STRONG><a name="[b3]"></a>CLOCK_GetFlexCommClkFreq</STRONG> (Thumb, 88 bytes, Stack size 8 bytes, fsl_clock.o(i.CLOCK_GetFlexCommClkFreq))
<BR><BR>[Stack]<UL><LI>Max Depth = 8 + In Cycle
<LI>Call Chain = CLOCK_GetFlexCommClkFreq &rArr;  CLOCK_GetFreq (Cycle)
</UL>
<BR>[Calls]<UL><LI><a href="#[a9]">&gt;&gt;</a>&nbsp;&nbsp;&nbsp;CLOCK_GetPllOutFreq
<LI><a href="#[b4]">&gt;&gt;</a>&nbsp;&nbsp;&nbsp;CLOCK_GetI2SMClkFreq
<LI><a href="#[a8]">&gt;&gt;</a>&nbsp;&nbsp;&nbsp;CLOCK_GetFroHfFreq
<LI><a href="#[b2]">&gt;&gt;</a>&nbsp;&nbsp;&nbsp;CLOCK_GetFro12MFreq
<LI><a href="#[a2]">&gt;&gt;</a>&nbsp;&nbsp;&nbsp;CLOCK_GetFreq
</UL>
<BR>[Called By]<UL><LI><a href="#[a2]">&gt;&gt;</a>&nbsp;&nbsp;&nbsp;CLOCK_GetFreq
</UL>

<P><STRONG><a name="[a2]"></a>CLOCK_GetFreq</STRONG> (Thumb, 708 bytes, Stack size 16 bytes, fsl_clock.o(i.CLOCK_GetFreq))
<BR><BR>[Stack]<UL><LI>Max Depth = 28<LI>Call Chain = CLOCK_GetFreq &rArr; CLOCK_GetAsyncApbClkFreq &rArr; CLOCK_GetCoreSysClkFreq
</UL>
<BR>[Calls]<UL><LI><a href="#[b0]">&gt;&gt;</a>&nbsp;&nbsp;&nbsp;CLOCK_GetWdtOscFreq
<LI><a href="#[b7]">&gt;&gt;</a>&nbsp;&nbsp;&nbsp;CLOCK_GetUsb1ClkFreq
<LI><a href="#[b6]">&gt;&gt;</a>&nbsp;&nbsp;&nbsp;CLOCK_GetUsb0ClkFreq
<LI><a href="#[b5]">&gt;&gt;</a>&nbsp;&nbsp;&nbsp;CLOCK_GetSpifiClkFreq
<LI><a href="#[ba]">&gt;&gt;</a>&nbsp;&nbsp;&nbsp;CLOCK_GetSdioClkFreq
<LI><a href="#[b9]">&gt;&gt;</a>&nbsp;&nbsp;&nbsp;CLOCK_GetSctClkFreq
<LI><a href="#[a9]">&gt;&gt;</a>&nbsp;&nbsp;&nbsp;CLOCK_GetPllOutFreq
<LI><a href="#[b8]">&gt;&gt;</a>&nbsp;&nbsp;&nbsp;CLOCK_GetMclkClkFreq
<LI><a href="#[bb]">&gt;&gt;</a>&nbsp;&nbsp;&nbsp;CLOCK_GetLcdClkFreq
<LI><a href="#[b4]">&gt;&gt;</a>&nbsp;&nbsp;&nbsp;CLOCK_GetI2SMClkFreq
<LI><a href="#[a8]">&gt;&gt;</a>&nbsp;&nbsp;&nbsp;CLOCK_GetFroHfFreq
<LI><a href="#[b2]">&gt;&gt;</a>&nbsp;&nbsp;&nbsp;CLOCK_GetFro12MFreq
<LI><a href="#[b3]">&gt;&gt;</a>&nbsp;&nbsp;&nbsp;CLOCK_GetFlexCommClkFreq
<LI><a href="#[af]">&gt;&gt;</a>&nbsp;&nbsp;&nbsp;CLOCK_GetExtClkFreq
<LI><a href="#[ad]">&gt;&gt;</a>&nbsp;&nbsp;&nbsp;CLOCK_GetCoreSysClkFreq
<LI><a href="#[ae]">&gt;&gt;</a>&nbsp;&nbsp;&nbsp;CLOCK_GetClockOutClkFreq
<LI><a href="#[ac]">&gt;&gt;</a>&nbsp;&nbsp;&nbsp;CLOCK_GetAsyncApbClkFreq
<LI><a href="#[a7]">&gt;&gt;</a>&nbsp;&nbsp;&nbsp;CLOCK_GetAdcClkFreq
</UL>
<BR>[Called By]<UL><LI><a href="#[b3]">&gt;&gt;</a>&nbsp;&nbsp;&nbsp;CLOCK_GetFlexCommClkFreq
<LI><a href="#[a0]">&gt;&gt;</a>&nbsp;&nbsp;&nbsp;BOARD_InitDebugConsole
</UL>

<P><STRONG><a name="[b2]"></a>CLOCK_GetFro12MFreq</STRONG> (Thumb, 18 bytes, Stack size 0 bytes, fsl_clock.o(i.CLOCK_GetFro12MFreq))
<BR><BR>[Called By]<UL><LI><a href="#[a2]">&gt;&gt;</a>&nbsp;&nbsp;&nbsp;CLOCK_GetFreq
<LI><a href="#[b3]">&gt;&gt;</a>&nbsp;&nbsp;&nbsp;CLOCK_GetFlexCommClkFreq
<LI><a href="#[ad]">&gt;&gt;</a>&nbsp;&nbsp;&nbsp;CLOCK_GetCoreSysClkFreq
</UL>

<P><STRONG><a name="[a8]"></a>CLOCK_GetFroHfFreq</STRONG> (Thumb, 46 bytes, Stack size 0 bytes, fsl_clock.o(i.CLOCK_GetFroHfFreq))
<BR><BR>[Called By]<UL><LI><a href="#[b6]">&gt;&gt;</a>&nbsp;&nbsp;&nbsp;CLOCK_GetUsb0ClkFreq
<LI><a href="#[b5]">&gt;&gt;</a>&nbsp;&nbsp;&nbsp;CLOCK_GetSpifiClkFreq
<LI><a href="#[ba]">&gt;&gt;</a>&nbsp;&nbsp;&nbsp;CLOCK_GetSdioClkFreq
<LI><a href="#[b9]">&gt;&gt;</a>&nbsp;&nbsp;&nbsp;CLOCK_GetSctClkFreq
<LI><a href="#[b8]">&gt;&gt;</a>&nbsp;&nbsp;&nbsp;CLOCK_GetMclkClkFreq
<LI><a href="#[bb]">&gt;&gt;</a>&nbsp;&nbsp;&nbsp;CLOCK_GetLcdClkFreq
<LI><a href="#[a2]">&gt;&gt;</a>&nbsp;&nbsp;&nbsp;CLOCK_GetFreq
<LI><a href="#[b3]">&gt;&gt;</a>&nbsp;&nbsp;&nbsp;CLOCK_GetFlexCommClkFreq
<LI><a href="#[ad]">&gt;&gt;</a>&nbsp;&nbsp;&nbsp;CLOCK_GetCoreSysClkFreq
<LI><a href="#[ae]">&gt;&gt;</a>&nbsp;&nbsp;&nbsp;CLOCK_GetClockOutClkFreq
<LI><a href="#[a7]">&gt;&gt;</a>&nbsp;&nbsp;&nbsp;CLOCK_GetAdcClkFreq
</UL>

<P><STRONG><a name="[b4]"></a>CLOCK_GetI2SMClkFreq</STRONG> (Thumb, 4 bytes, Stack size 0 bytes, fsl_clock.o(i.CLOCK_GetI2SMClkFreq))
<BR><BR>[Called By]<UL><LI><a href="#[a2]">&gt;&gt;</a>&nbsp;&nbsp;&nbsp;CLOCK_GetFreq
<LI><a href="#[b3]">&gt;&gt;</a>&nbsp;&nbsp;&nbsp;CLOCK_GetFlexCommClkFreq
</UL>

<P><STRONG><a name="[bb]"></a>CLOCK_GetLcdClkFreq</STRONG> (Thumb, 58 bytes, Stack size 4 bytes, fsl_clock.o(i.CLOCK_GetLcdClkFreq))
<BR><BR>[Stack]<UL><LI>Max Depth = 8<LI>Call Chain = CLOCK_GetLcdClkFreq &rArr; CLOCK_GetCoreSysClkFreq
</UL>
<BR>[Calls]<UL><LI><a href="#[bc]">&gt;&gt;</a>&nbsp;&nbsp;&nbsp;CLOCK_GetLcdClkIn
<LI><a href="#[a8]">&gt;&gt;</a>&nbsp;&nbsp;&nbsp;CLOCK_GetFroHfFreq
<LI><a href="#[ad]">&gt;&gt;</a>&nbsp;&nbsp;&nbsp;CLOCK_GetCoreSysClkFreq
</UL>
<BR>[Called By]<UL><LI><a href="#[a2]">&gt;&gt;</a>&nbsp;&nbsp;&nbsp;CLOCK_GetFreq
</UL>

<P><STRONG><a name="[bc]"></a>CLOCK_GetLcdClkIn</STRONG> (Thumb, 4 bytes, Stack size 0 bytes, fsl_clock.o(i.CLOCK_GetLcdClkIn))
<BR><BR>[Called By]<UL><LI><a href="#[bb]">&gt;&gt;</a>&nbsp;&nbsp;&nbsp;CLOCK_GetLcdClkFreq
</UL>

<P><STRONG><a name="[b8]"></a>CLOCK_GetMclkClkFreq</STRONG> (Thumb, 58 bytes, Stack size 4 bytes, fsl_clock.o(i.CLOCK_GetMclkClkFreq))
<BR><BR>[Stack]<UL><LI>Max Depth = 4<LI>Call Chain = CLOCK_GetMclkClkFreq
</UL>
<BR>[Calls]<UL><LI><a href="#[a8]">&gt;&gt;</a>&nbsp;&nbsp;&nbsp;CLOCK_GetFroHfFreq
<LI><a href="#[ab]">&gt;&gt;</a>&nbsp;&nbsp;&nbsp;CLOCK_GetAudioPllOutFreq
</UL>
<BR>[Called By]<UL><LI><a href="#[a2]">&gt;&gt;</a>&nbsp;&nbsp;&nbsp;CLOCK_GetFreq
</UL>

<P><STRONG><a name="[b1]"></a>CLOCK_GetOsc32KFreq</STRONG> (Thumb, 6 bytes, Stack size 0 bytes, fsl_clock.o(i.CLOCK_GetOsc32KFreq))
<BR><BR>[Called By]<UL><LI><a href="#[ad]">&gt;&gt;</a>&nbsp;&nbsp;&nbsp;CLOCK_GetCoreSysClkFreq
<LI><a href="#[ae]">&gt;&gt;</a>&nbsp;&nbsp;&nbsp;CLOCK_GetClockOutClkFreq
</UL>

<P><STRONG><a name="[a9]"></a>CLOCK_GetPllOutFreq</STRONG> (Thumb, 6 bytes, Stack size 0 bytes, fsl_clock.o(i.CLOCK_GetPllOutFreq))
<BR><BR>[Called By]<UL><LI><a href="#[b7]">&gt;&gt;</a>&nbsp;&nbsp;&nbsp;CLOCK_GetUsb1ClkFreq
<LI><a href="#[b6]">&gt;&gt;</a>&nbsp;&nbsp;&nbsp;CLOCK_GetUsb0ClkFreq
<LI><a href="#[b5]">&gt;&gt;</a>&nbsp;&nbsp;&nbsp;CLOCK_GetSpifiClkFreq
<LI><a href="#[ba]">&gt;&gt;</a>&nbsp;&nbsp;&nbsp;CLOCK_GetSdioClkFreq
<LI><a href="#[b9]">&gt;&gt;</a>&nbsp;&nbsp;&nbsp;CLOCK_GetSctClkFreq
<LI><a href="#[a2]">&gt;&gt;</a>&nbsp;&nbsp;&nbsp;CLOCK_GetFreq
<LI><a href="#[b3]">&gt;&gt;</a>&nbsp;&nbsp;&nbsp;CLOCK_GetFlexCommClkFreq
<LI><a href="#[ad]">&gt;&gt;</a>&nbsp;&nbsp;&nbsp;CLOCK_GetCoreSysClkFreq
<LI><a href="#[ae]">&gt;&gt;</a>&nbsp;&nbsp;&nbsp;CLOCK_GetClockOutClkFreq
<LI><a href="#[a7]">&gt;&gt;</a>&nbsp;&nbsp;&nbsp;CLOCK_GetAdcClkFreq
</UL>

<P><STRONG><a name="[b9]"></a>CLOCK_GetSctClkFreq</STRONG> (Thumb, 72 bytes, Stack size 4 bytes, fsl_clock.o(i.CLOCK_GetSctClkFreq))
<BR><BR>[Stack]<UL><LI>Max Depth = 8<LI>Call Chain = CLOCK_GetSctClkFreq &rArr; CLOCK_GetCoreSysClkFreq
</UL>
<BR>[Calls]<UL><LI><a href="#[a9]">&gt;&gt;</a>&nbsp;&nbsp;&nbsp;CLOCK_GetPllOutFreq
<LI><a href="#[a8]">&gt;&gt;</a>&nbsp;&nbsp;&nbsp;CLOCK_GetFroHfFreq
<LI><a href="#[ad]">&gt;&gt;</a>&nbsp;&nbsp;&nbsp;CLOCK_GetCoreSysClkFreq
<LI><a href="#[ab]">&gt;&gt;</a>&nbsp;&nbsp;&nbsp;CLOCK_GetAudioPllOutFreq
</UL>
<BR>[Called By]<UL><LI><a href="#[a2]">&gt;&gt;</a>&nbsp;&nbsp;&nbsp;CLOCK_GetFreq
</UL>

<P><STRONG><a name="[ba]"></a>CLOCK_GetSdioClkFreq</STRONG> (Thumb, 86 bytes, Stack size 4 bytes, fsl_clock.o(i.CLOCK_GetSdioClkFreq))
<BR><BR>[Stack]<UL><LI>Max Depth = 8<LI>Call Chain = CLOCK_GetSdioClkFreq &rArr; CLOCK_GetCoreSysClkFreq
</UL>
<BR>[Calls]<UL><LI><a href="#[aa]">&gt;&gt;</a>&nbsp;&nbsp;&nbsp;CLOCK_GetUsbPllOutFreq
<LI><a href="#[a9]">&gt;&gt;</a>&nbsp;&nbsp;&nbsp;CLOCK_GetPllOutFreq
<LI><a href="#[a8]">&gt;&gt;</a>&nbsp;&nbsp;&nbsp;CLOCK_GetFroHfFreq
<LI><a href="#[ad]">&gt;&gt;</a>&nbsp;&nbsp;&nbsp;CLOCK_GetCoreSysClkFreq
<LI><a href="#[ab]">&gt;&gt;</a>&nbsp;&nbsp;&nbsp;CLOCK_GetAudioPllOutFreq
</UL>
<BR>[Called By]<UL><LI><a href="#[a2]">&gt;&gt;</a>&nbsp;&nbsp;&nbsp;CLOCK_GetFreq
</UL>

<P><STRONG><a name="[b5]"></a>CLOCK_GetSpifiClkFreq</STRONG> (Thumb, 86 bytes, Stack size 4 bytes, fsl_clock.o(i.CLOCK_GetSpifiClkFreq))
<BR><BR>[Stack]<UL><LI>Max Depth = 8<LI>Call Chain = CLOCK_GetSpifiClkFreq &rArr; CLOCK_GetCoreSysClkFreq
</UL>
<BR>[Calls]<UL><LI><a href="#[aa]">&gt;&gt;</a>&nbsp;&nbsp;&nbsp;CLOCK_GetUsbPllOutFreq
<LI><a href="#[a9]">&gt;&gt;</a>&nbsp;&nbsp;&nbsp;CLOCK_GetPllOutFreq
<LI><a href="#[a8]">&gt;&gt;</a>&nbsp;&nbsp;&nbsp;CLOCK_GetFroHfFreq
<LI><a href="#[ad]">&gt;&gt;</a>&nbsp;&nbsp;&nbsp;CLOCK_GetCoreSysClkFreq
<LI><a href="#[ab]">&gt;&gt;</a>&nbsp;&nbsp;&nbsp;CLOCK_GetAudioPllOutFreq
</UL>
<BR>[Called By]<UL><LI><a href="#[a2]">&gt;&gt;</a>&nbsp;&nbsp;&nbsp;CLOCK_GetFreq
</UL>

<P><STRONG><a name="[b6]"></a>CLOCK_GetUsb0ClkFreq</STRONG> (Thumb, 58 bytes, Stack size 4 bytes, fsl_clock.o(i.CLOCK_GetUsb0ClkFreq))
<BR><BR>[Stack]<UL><LI>Max Depth = 4<LI>Call Chain = CLOCK_GetUsb0ClkFreq
</UL>
<BR>[Calls]<UL><LI><a href="#[aa]">&gt;&gt;</a>&nbsp;&nbsp;&nbsp;CLOCK_GetUsbPllOutFreq
<LI><a href="#[a9]">&gt;&gt;</a>&nbsp;&nbsp;&nbsp;CLOCK_GetPllOutFreq
<LI><a href="#[a8]">&gt;&gt;</a>&nbsp;&nbsp;&nbsp;CLOCK_GetFroHfFreq
</UL>
<BR>[Called By]<UL><LI><a href="#[a2]">&gt;&gt;</a>&nbsp;&nbsp;&nbsp;CLOCK_GetFreq
</UL>

<P><STRONG><a name="[b7]"></a>CLOCK_GetUsb1ClkFreq</STRONG> (Thumb, 58 bytes, Stack size 4 bytes, fsl_clock.o(i.CLOCK_GetUsb1ClkFreq))
<BR><BR>[Stack]<UL><LI>Max Depth = 8<LI>Call Chain = CLOCK_GetUsb1ClkFreq &rArr; CLOCK_GetCoreSysClkFreq
</UL>
<BR>[Calls]<UL><LI><a href="#[aa]">&gt;&gt;</a>&nbsp;&nbsp;&nbsp;CLOCK_GetUsbPllOutFreq
<LI><a href="#[a9]">&gt;&gt;</a>&nbsp;&nbsp;&nbsp;CLOCK_GetPllOutFreq
<LI><a href="#[ad]">&gt;&gt;</a>&nbsp;&nbsp;&nbsp;CLOCK_GetCoreSysClkFreq
</UL>
<BR>[Called By]<UL><LI><a href="#[a2]">&gt;&gt;</a>&nbsp;&nbsp;&nbsp;CLOCK_GetFreq
</UL>

<P><STRONG><a name="[aa]"></a>CLOCK_GetUsbPllOutFreq</STRONG> (Thumb, 6 bytes, Stack size 0 bytes, fsl_clock.o(i.CLOCK_GetUsbPllOutFreq))
<BR><BR>[Called By]<UL><LI><a href="#[b7]">&gt;&gt;</a>&nbsp;&nbsp;&nbsp;CLOCK_GetUsb1ClkFreq
<LI><a href="#[b6]">&gt;&gt;</a>&nbsp;&nbsp;&nbsp;CLOCK_GetUsb0ClkFreq
<LI><a href="#[b5]">&gt;&gt;</a>&nbsp;&nbsp;&nbsp;CLOCK_GetSpifiClkFreq
<LI><a href="#[ba]">&gt;&gt;</a>&nbsp;&nbsp;&nbsp;CLOCK_GetSdioClkFreq
<LI><a href="#[ae]">&gt;&gt;</a>&nbsp;&nbsp;&nbsp;CLOCK_GetClockOutClkFreq
<LI><a href="#[a7]">&gt;&gt;</a>&nbsp;&nbsp;&nbsp;CLOCK_GetAdcClkFreq
</UL>

<P><STRONG><a name="[b0]"></a>CLOCK_GetWdtOscFreq</STRONG> (Thumb, 50 bytes, Stack size 0 bytes, fsl_clock.o(i.CLOCK_GetWdtOscFreq))
<BR><BR>[Called By]<UL><LI><a href="#[a2]">&gt;&gt;</a>&nbsp;&nbsp;&nbsp;CLOCK_GetFreq
<LI><a href="#[ad]">&gt;&gt;</a>&nbsp;&nbsp;&nbsp;CLOCK_GetCoreSysClkFreq
<LI><a href="#[ae]">&gt;&gt;</a>&nbsp;&nbsp;&nbsp;CLOCK_GetClockOutClkFreq
</UL>

<P><STRONG><a name="[9f]"></a>CLOCK_SetClkDiv</STRONG> (Thumb, 36 bytes, Stack size 8 bytes, fsl_clock.o(i.CLOCK_SetClkDiv))
<BR><BR>[Stack]<UL><LI>Max Depth = 8<LI>Call Chain = CLOCK_SetClkDiv
</UL>
<BR>[Called By]<UL><LI><a href="#[99]">&gt;&gt;</a>&nbsp;&nbsp;&nbsp;BOARD_BootClockFROHF48M
</UL>

<P><STRONG><a name="[9d]"></a>CLOCK_SetFLASHAccessCyclesForFreq</STRONG> (Thumb, 124 bytes, Stack size 8 bytes, fsl_clock.o(i.CLOCK_SetFLASHAccessCyclesForFreq))
<BR><BR>[Stack]<UL><LI>Max Depth = 8<LI>Call Chain = CLOCK_SetFLASHAccessCyclesForFreq
</UL>
<BR>[Calls]<UL><LI><a href="#[bd]">&gt;&gt;</a>&nbsp;&nbsp;&nbsp;CLOCK_SetFLASHAccessCycles
</UL>
<BR>[Called By]<UL><LI><a href="#[99]">&gt;&gt;</a>&nbsp;&nbsp;&nbsp;BOARD_BootClockFROHF48M
</UL>

<P><STRONG><a name="[9e]"></a>CLOCK_SetupFROClocking</STRONG> (Thumb, 138 bytes, Stack size 16 bytes, fsl_clock.o(i.CLOCK_SetupFROClocking))
<BR><BR>[Stack]<UL><LI>Max Depth = 16<LI>Call Chain = CLOCK_SetupFROClocking
</UL>
<BR>[Calls]<UL><LI><a href="#[be]">&gt;&gt;</a>&nbsp;&nbsp;&nbsp;POWER_DisablePD
</UL>
<BR>[Called By]<UL><LI><a href="#[99]">&gt;&gt;</a>&nbsp;&nbsp;&nbsp;BOARD_BootClockFROHF48M
</UL>

<P><STRONG><a name="[a3]"></a>DbgConsole_Init</STRONG> (Thumb, 74 bytes, Stack size 32 bytes, fsl_debug_console.o(i.DbgConsole_Init))
<BR><BR>[Stack]<UL><LI>Max Depth = 720<LI>Call Chain = DbgConsole_Init &rArr; USART_Init &rArr; USART_SetBaudRate &rArr; __aeabi_assert &rArr; DbgConsole_Printf &rArr; DbgConsole_PrintfFormattedData &rArr; DbgConsole_ConvertFloatRadixNumToString &rArr; __hardfp_pow &rArr; __kernel_poly &rArr; __aeabi_dmul &rArr; _double_epilogue &rArr; _double_round
</UL>
<BR>[Calls]<UL><LI><a href="#[c6]">&gt;&gt;</a>&nbsp;&nbsp;&nbsp;USART_Init
<LI><a href="#[c5]">&gt;&gt;</a>&nbsp;&nbsp;&nbsp;USART_GetDefaultConfig
</UL>
<BR>[Called By]<UL><LI><a href="#[a0]">&gt;&gt;</a>&nbsp;&nbsp;&nbsp;BOARD_InitDebugConsole
</UL>

<P><STRONG><a name="[c7]"></a>DbgConsole_Printf</STRONG> (Thumb, 44 bytes, Stack size 32 bytes, fsl_debug_console.o(i.DbgConsole_Printf))
<BR><BR>[Stack]<UL><LI>Max Depth = 616<LI>Call Chain = DbgConsole_Printf &rArr; DbgConsole_PrintfFormattedData &rArr; DbgConsole_ConvertFloatRadixNumToString &rArr; __hardfp_pow &rArr; __kernel_poly &rArr; __aeabi_dmul &rArr; _double_epilogue &rArr; _double_round
</UL>
<BR>[Calls]<UL><LI><a href="#[c8]">&gt;&gt;</a>&nbsp;&nbsp;&nbsp;DbgConsole_PrintfFormattedData
</UL>
<BR>[Called By]<UL><LI><a href="#[a4]">&gt;&gt;</a>&nbsp;&nbsp;&nbsp;__aeabi_assert
<LI><a href="#[fd]">&gt;&gt;</a>&nbsp;&nbsp;&nbsp;program_flash
<LI><a href="#[fc]">&gt;&gt;</a>&nbsp;&nbsp;&nbsp;erase_sector
</UL>

<P><STRONG><a name="[82]"></a>DbgConsole_Putchar</STRONG> (Thumb, 30 bytes, Stack size 8 bytes, fsl_debug_console.o(i.DbgConsole_Putchar))
<BR><BR>[Stack]<UL><LI>Max Depth = 8<LI>Call Chain = DbgConsole_Putchar
</UL>
<BR>[Address Reference Count : 1]<UL><LI> fsl_debug_console.o(i.DbgConsole_Printf)
</UL>
<P><STRONG><a name="[78]"></a>ETHERNET_DriverIRQHandler</STRONG> (Thumb, 16 bytes, Stack size 8 bytes, fsl_enet.o(i.ETHERNET_DriverIRQHandler))
<BR><BR>[Stack]<UL><LI>Max Depth = 8<LI>Call Chain = ETHERNET_DriverIRQHandler
</UL>
<BR>[Address Reference Count : 1]<UL><LI> startup_lpc54608.o(.text)
</UL>
<P><STRONG><a name="[cc]"></a>FLASHIAP_BlankCheckSector</STRONG> (Thumb, 34 bytes, Stack size 48 bytes, fsl_flashiap.o(i.FLASHIAP_BlankCheckSector))
<BR><BR>[Stack]<UL><LI>Max Depth = 64<LI>Call Chain = FLASHIAP_BlankCheckSector &rArr; iap_entry
</UL>
<BR>[Calls]<UL><LI><a href="#[ce]">&gt;&gt;</a>&nbsp;&nbsp;&nbsp;translate_iap_status
<LI><a href="#[cd]">&gt;&gt;</a>&nbsp;&nbsp;&nbsp;iap_entry
</UL>
<BR>[Called By]<UL><LI><a href="#[fc]">&gt;&gt;</a>&nbsp;&nbsp;&nbsp;erase_sector
</UL>

<P><STRONG><a name="[cf]"></a>FLASHIAP_Compare</STRONG> (Thumb, 38 bytes, Stack size 56 bytes, fsl_flashiap.o(i.FLASHIAP_Compare))
<BR><BR>[Stack]<UL><LI>Max Depth = 72<LI>Call Chain = FLASHIAP_Compare &rArr; iap_entry
</UL>
<BR>[Calls]<UL><LI><a href="#[ce]">&gt;&gt;</a>&nbsp;&nbsp;&nbsp;translate_iap_status
<LI><a href="#[cd]">&gt;&gt;</a>&nbsp;&nbsp;&nbsp;iap_entry
</UL>
<BR>[Called By]<UL><LI><a href="#[fd]">&gt;&gt;</a>&nbsp;&nbsp;&nbsp;program_flash
</UL>

<P><STRONG><a name="[d0]"></a>FLASHIAP_CopyRamToFlash</STRONG> (Thumb, 50 bytes, Stack size 56 bytes, fsl_flashiap.o(i.FLASHIAP_CopyRamToFlash))
<BR><BR>[Stack]<UL><LI>Max Depth = 72<LI>Call Chain = FLASHIAP_CopyRamToFlash &rArr; iap_entry
</UL>
<BR>[Calls]<UL><LI><a href="#[ce]">&gt;&gt;</a>&nbsp;&nbsp;&nbsp;translate_iap_status
<LI><a href="#[cd]">&gt;&gt;</a>&nbsp;&nbsp;&nbsp;iap_entry
</UL>
<BR>[Called By]<UL><LI><a href="#[fd]">&gt;&gt;</a>&nbsp;&nbsp;&nbsp;program_flash
</UL>

<P><STRONG><a name="[d1]"></a>FLASHIAP_EraseSector</STRONG> (Thumb, 46 bytes, Stack size 56 bytes, fsl_flashiap.o(i.FLASHIAP_EraseSector))
<BR><BR>[Stack]<UL><LI>Max Depth = 72<LI>Call Chain = FLASHIAP_EraseSector &rArr; iap_entry
</UL>
<BR>[Calls]<UL><LI><a href="#[ce]">&gt;&gt;</a>&nbsp;&nbsp;&nbsp;translate_iap_status
<LI><a href="#[cd]">&gt;&gt;</a>&nbsp;&nbsp;&nbsp;iap_entry
</UL>
<BR>[Called By]<UL><LI><a href="#[fc]">&gt;&gt;</a>&nbsp;&nbsp;&nbsp;erase_sector
</UL>

<P><STRONG><a name="[d2]"></a>FLASHIAP_PrepareSectorForWrite</STRONG> (Thumb, 34 bytes, Stack size 48 bytes, fsl_flashiap.o(i.FLASHIAP_PrepareSectorForWrite))
<BR><BR>[Stack]<UL><LI>Max Depth = 64<LI>Call Chain = FLASHIAP_PrepareSectorForWrite &rArr; iap_entry
</UL>
<BR>[Calls]<UL><LI><a href="#[ce]">&gt;&gt;</a>&nbsp;&nbsp;&nbsp;translate_iap_status
<LI><a href="#[cd]">&gt;&gt;</a>&nbsp;&nbsp;&nbsp;iap_entry
</UL>
<BR>[Called By]<UL><LI><a href="#[fd]">&gt;&gt;</a>&nbsp;&nbsp;&nbsp;program_flash
<LI><a href="#[fc]">&gt;&gt;</a>&nbsp;&nbsp;&nbsp;erase_sector
</UL>

<P><STRONG><a name="[55]"></a>FLEXCOMM0_DriverIRQHandler</STRONG> (Thumb, 36 bytes, Stack size 8 bytes, fsl_flexcomm.o(i.FLEXCOMM0_DriverIRQHandler))
<BR><BR>[Stack]<UL><LI>Max Depth = 624<LI>Call Chain = FLEXCOMM0_DriverIRQHandler &rArr; __aeabi_assert &rArr; DbgConsole_Printf &rArr; DbgConsole_PrintfFormattedData &rArr; DbgConsole_ConvertFloatRadixNumToString &rArr; __hardfp_pow &rArr; __kernel_poly &rArr; __aeabi_dmul &rArr; _double_epilogue &rArr; _double_round
</UL>
<BR>[Calls]<UL><LI><a href="#[a4]">&gt;&gt;</a>&nbsp;&nbsp;&nbsp;__aeabi_assert
</UL>
<BR>[Address Reference Count : 1]<UL><LI> startup_lpc54608.o(.text)
</UL>
<P><STRONG><a name="[56]"></a>FLEXCOMM1_DriverIRQHandler</STRONG> (Thumb, 36 bytes, Stack size 8 bytes, fsl_flexcomm.o(i.FLEXCOMM1_DriverIRQHandler))
[...]
<BR><BR>[Stack]<UL><LI>Max Depth = 616<LI>Call Chain = __aeabi_assert &rArr; DbgConsole_Printf &rArr; DbgConsole_PrintfFormattedData &rArr; DbgConsole_ConvertFloatRadixNumToString &rArr; __hardfp_pow &rArr; __kernel_poly &rArr; __aeabi_dmul &rArr; _double_epilogue &rArr; _double_round
</UL>
<BR>[Calls]<UL><LI><a href="#[c7]">&gt;&gt;</a>&nbsp;&nbsp;&nbsp;DbgConsole_Printf
</UL>
<BR>[Called By]<UL><LI><a href="#[a0]">&gt;&gt;</a>&nbsp;&nbsp;&nbsp;BOARD_InitDebugConsole
<LI><a href="#[80]">&gt;&gt;</a>&nbsp;&nbsp;&nbsp;USART_WriteBlocking
<LI><a href="#[da]">&gt;&gt;</a>&nbsp;&nbsp;&nbsp;USART_SetBaudRate
<LI><a href="#[81]">&gt;&gt;</a>&nbsp;&nbsp;&nbsp;USART_ReadBlocking
<LI><a href="#[c6]">&gt;&gt;</a>&nbsp;&nbsp;&nbsp;USART_Init
<LI><a href="#[c5]">&gt;&gt;</a>&nbsp;&nbsp;&nbsp;USART_GetDefaultConfig
<LI><a href="#[d9]">&gt;&gt;</a>&nbsp;&nbsp;&nbsp;RESET_SetPeripheralReset
<LI><a href="#[d8]">&gt;&gt;</a>&nbsp;&nbsp;&nbsp;RESET_ClearPeripheralReset
<LI><a href="#[d3]">&gt;&gt;</a>&nbsp;&nbsp;&nbsp;FLEXCOMM_GetInstance
<LI><a href="#[70]">&gt;&gt;</a>&nbsp;&nbsp;&nbsp;FLEXCOMM9_DriverIRQHandler
<LI><a href="#[6f]">&gt;&gt;</a>&nbsp;&nbsp;&nbsp;FLEXCOMM8_DriverIRQHandler
<LI><a href="#[5c]">&gt;&gt;</a>&nbsp;&nbsp;&nbsp;FLEXCOMM7_DriverIRQHandler
<LI><a href="#[5b]">&gt;&gt;</a>&nbsp;&nbsp;&nbsp;FLEXCOMM6_DriverIRQHandler
<LI><a href="#[5a]">&gt;&gt;</a>&nbsp;&nbsp;&nbsp;FLEXCOMM5_DriverIRQHandler
<LI><a href="#[59]">&gt;&gt;</a>&nbsp;&nbsp;&nbsp;FLEXCOMM4_DriverIRQHandler
<LI><a href="#[58]">&gt;&gt;</a>&nbsp;&nbsp;&nbsp;FLEXCOMM3_DriverIRQHandler
<LI><a href="#[57]">&gt;&gt;</a>&nbsp;&nbsp;&nbsp;FLEXCOMM2_DriverIRQHandler
<LI><a href="#[56]">&gt;&gt;</a>&nbsp;&nbsp;&nbsp;FLEXCOMM1_DriverIRQHandler
<LI><a href="#[55]">&gt;&gt;</a>&nbsp;&nbsp;&nbsp;FLEXCOMM0_DriverIRQHandler
</UL>

<P><STRONG><a name="[c1]"></a>__hardfp_modf</STRONG> (Thumb, 202 bytes, Stack size 24 bytes, modf.o(i.__hardfp_modf))
<BR><BR>[Stack]<UL><LI>Max Depth = 112<LI>Call Chain = __hardfp_modf &rArr; __aeabi_dsub &rArr; __aeabi_dadd &rArr; _double_epilogue &rArr; _double_round
</UL>
<BR>[Calls]<UL><LI><a href="#[8e]">&gt;&gt;</a>&nbsp;&nbsp;&nbsp;__aeabi_dsub
</UL>
<BR>[Called By]<UL><LI><a href="#[bf]">&gt;&gt;</a>&nbsp;&nbsp;&nbsp;DbgConsole_ConvertFloatRadixNumToString
</UL>

<P><STRONG><a name="[c3]"></a>__hardfp_pow</STRONG> (Thumb, 3072 bytes, Stack size 192 bytes, pow.o(i.__hardfp_pow))
<BR><BR>[Stack]<UL><LI>Max Depth = 304<LI>Call Chain = __hardfp_pow &rArr; __kernel_poly &rArr; __aeabi_dmul &rArr; _double_epilogue &rArr; _double_round
</UL>
<BR>[Calls]<UL><LI><a href="#[f3]">&gt;&gt;</a>&nbsp;&nbsp;&nbsp;__ARM_scalbn
<LI><a href="#[92]">&gt;&gt;</a>&nbsp;&nbsp;&nbsp;__aeabi_i2d
<LI><a href="#[8e]">&gt;&gt;</a>&nbsp;&nbsp;&nbsp;__aeabi_dsub
<LI><a href="#[8f]">&gt;&gt;</a>&nbsp;&nbsp;&nbsp;__aeabi_drsub
<LI><a href="#[90]">&gt;&gt;</a>&nbsp;&nbsp;&nbsp;__aeabi_dmul
<LI><a href="#[91]">&gt;&gt;</a>&nbsp;&nbsp;&nbsp;__aeabi_ddiv
<LI><a href="#[8a]">&gt;&gt;</a>&nbsp;&nbsp;&nbsp;__aeabi_dadd
<LI><a href="#[c2]">&gt;&gt;</a>&nbsp;&nbsp;&nbsp;__aeabi_cdrcmple
<LI><a href="#[eb]">&gt;&gt;</a>&nbsp;&nbsp;&nbsp;__set_errno
<LI><a href="#[ee]">&gt;&gt;</a>&nbsp;&nbsp;&nbsp;sqrt
<LI><a href="#[f2]">&gt;&gt;</a>&nbsp;&nbsp;&nbsp;__kernel_poly
<LI><a href="#[f4]">&gt;&gt;</a>&nbsp;&nbsp;&nbsp;__ARM_fpclassify
<LI><a href="#[ef]">&gt;&gt;</a>&nbsp;&nbsp;&nbsp;fabs
<LI><a href="#[f1]">&gt;&gt;</a>&nbsp;&nbsp;&nbsp;__mathlib_dbl_underflow
<LI><a href="#[ed]">&gt;&gt;</a>&nbsp;&nbsp;&nbsp;__mathlib_dbl_overflow
<LI><a href="#[f0]">&gt;&gt;</a>&nbsp;&nbsp;&nbsp;__mathlib_dbl_invalid
<LI><a href="#[ea]">&gt;&gt;</a>&nbsp;&nbsp;&nbsp;__mathlib_dbl_infnan2
<LI><a href="#[ec]">&gt;&gt;</a>&nbsp;&nbsp;&nbsp;__mathlib_dbl_divzero
</UL>
<BR>[Called By]<UL><LI><a href="#[bf]">&gt;&gt;</a>&nbsp;&nbsp;&nbsp;DbgConsole_ConvertFloatRadixNumToString
</UL>

<P><STRONG><a name="[f2]"></a>__kernel_poly</STRONG> (Thumb, 248 bytes, Stack size 24 bytes, poly.o(i.__kernel_poly))
<BR><BR>[Stack]<UL><LI>Max Depth = 112<LI>Call Chain = __kernel_poly &rArr; __aeabi_dmul &rArr; _double_epilogue &rArr; _double_round
</UL>
<BR>[Calls]<UL><LI><a href="#[90]">&gt;&gt;</a>&nbsp;&nbsp;&nbsp;__aeabi_dmul
<LI><a href="#[8a]">&gt;&gt;</a>&nbsp;&nbsp;&nbsp;__aeabi_dadd
</UL>
<BR>[Called By]<UL><LI><a href="#[c3]">&gt;&gt;</a>&nbsp;&nbsp;&nbsp;__hardfp_pow
</UL>

<P><STRONG><a name="[ec]"></a>__mathlib_dbl_divzero</STRONG> (Thumb, 28 bytes, Stack size 8 bytes, dunder.o(i.__mathlib_dbl_divzero))
<BR><BR>[Stack]<UL><LI>Max Depth = 48<LI>Call Chain = __mathlib_dbl_divzero &rArr; __aeabi_ddiv &rArr; _double_round
</UL>
<BR>[Calls]<UL><LI><a href="#[91]">&gt;&gt;</a>&nbsp;&nbsp;&nbsp;__aeabi_ddiv
</UL>
<BR>[Called By]<UL><LI><a href="#[c3]">&gt;&gt;</a>&nbsp;&nbsp;&nbsp;__hardfp_pow
</UL>

<P><STRONG><a name="[ea]"></a>__mathlib_dbl_infnan2</STRONG> (Thumb, 20 bytes, Stack size 8 bytes, dunder.o(i.__mathlib_dbl_infnan2))
<BR><BR>[Stack]<UL><LI>Max Depth = 96<LI>Call Chain = __mathlib_dbl_infnan2 &rArr; __aeabi_dadd &rArr; _double_epilogue &rArr; _double_round
</UL>
<BR>[Calls]<UL><LI><a href="#[8a]">&gt;&gt;</a>&nbsp;&nbsp;&nbsp;__aeabi_dadd
</UL>
<BR>[Called By]<UL><LI><a href="#[c3]">&gt;&gt;</a>&nbsp;&nbsp;&nbsp;__hardfp_pow
</UL>

<P><STRONG><a name="[f0]"></a>__mathlib_dbl_invalid</STRONG> (Thumb, 24 bytes, Stack size 8 bytes, dunder.o(i.__mathlib_dbl_invalid))
<BR><BR>[Stack]<UL><LI>Max Depth = 48<LI>Call Chain = __mathlib_dbl_invalid &rArr; __aeabi_ddiv &rArr; _double_round
</UL>
<BR>[Calls]<UL><LI><a href="#[91]">&gt;&gt;</a>&nbsp;&nbsp;&nbsp;__aeabi_ddiv
</UL>
<BR>[Called By]<UL><LI><a href="#[c3]">&gt;&gt;</a>&nbsp;&nbsp;&nbsp;__hardfp_pow
</UL>

<P><STRONG><a name="[ed]"></a>__mathlib_dbl_overflow</STRONG> (Thumb, 24 bytes, Stack size 8 bytes, dunder.o(i.__mathlib_dbl_overflow))
<BR><BR>[Stack]<UL><LI>Max Depth = 96<LI>Call Chain = __mathlib_dbl_overflow &rArr; __aeabi_dmul &rArr; _double_epilogue &rArr; _double_round
</UL>
<BR>[Calls]<UL><LI><a href="#[90]">&gt;&gt;</a>&nbsp;&nbsp;&nbsp;__aeabi_dmul
</UL>
<BR>[Called By]<UL><LI><a href="#[c3]">&gt;&gt;</a>&nbsp;&nbsp;&nbsp;__hardfp_pow
</UL>

<P><STRONG><a name="[f1]"></a>__mathlib_dbl_underflow</STRONG> (Thumb, 24 bytes, Stack size 8 bytes, dunder.o(i.__mathlib_dbl_underflow))
<BR><BR>[Stack]<UL><LI>Max Depth = 96<LI>Call Chain = __mathlib_dbl_underflow &rArr; __aeabi_dmul &rArr; _double_epilogue &rArr; _double_round
</UL>
<BR>[Calls]<UL><LI><a href="#[90]">&gt;&gt;</a>&nbsp;&nbsp;&nbsp;__aeabi_dmul
</UL>
<BR>[Called By]<UL><LI><a href="#[c3]">&gt;&gt;</a>&nbsp;&nbsp;&nbsp;__hardfp_pow
</UL>

<P><STRONG><a name="[110]"></a>__scatterload_copy</STRONG> (Thumb, 14 bytes, Stack size unknown bytes, handlers.o(i.__scatterload_copy), UNUSED)

<P><STRONG><a name="[111]"></a>__scatterload_null</STRONG> (Thumb, 2 bytes, Stack size unknown bytes, handlers.o(i.__scatterload_null), UNUSED)

<P><STRONG><a name="[112]"></a>__scatterload_zeroinit</STRONG> (Thumb, 14 bytes, Stack size unknown bytes, handlers.o(i.__scatterload_zeroinit), UNUSED)

<P><STRONG><a name="[eb]"></a>__set_errno</STRONG> (Thumb, 6 bytes, Stack size 0 bytes, errno.o(i.__set_errno))
<BR><BR>[Called By]<UL><LI><a href="#[c3]">&gt;&gt;</a>&nbsp;&nbsp;&nbsp;__hardfp_pow
<LI><a href="#[ee]">&gt;&gt;</a>&nbsp;&nbsp;&nbsp;sqrt
</UL>

<P><STRONG><a name="[f7]"></a>bootloader</STRONG> (Thumb, 742 bytes, Stack size 296 bytes, bootloader.o(i.bootloader))
<BR><BR>[Stack]<UL><LI>Max Depth = 1040<LI>Call Chain = bootloader &rArr; setupserial() &rArr; BOARD_InitDebugConsole &rArr; DbgConsole_Init &rArr; USART_Init &rArr; USART_SetBaudRate &rArr; __aeabi_assert &rArr; DbgConsole_Printf &rArr; DbgConsole_PrintfFormattedData &rArr; DbgConsole_ConvertFloatRadixNumToString &rArr; __hardfp_pow &rArr; __kernel_poly &rArr; __aeabi_dmul &rArr; _double_epilogue &rArr; _double_round
</UL>
<BR>[Calls]<UL><LI><a href="#[fd]">&gt;&gt;</a>&nbsp;&nbsp;&nbsp;program_flash
<LI><a href="#[fc]">&gt;&gt;</a>&nbsp;&nbsp;&nbsp;erase_sector
<LI><a href="#[e2]">&gt;&gt;</a>&nbsp;&nbsp;&nbsp;calculate_crc16(char*, unsigned)
<LI><a href="#[dc]">&gt;&gt;</a>&nbsp;&nbsp;&nbsp;md5Calculate(unsigned char*, int, unsigned char*)
<LI><a href="#[ff]">&gt;&gt;</a>&nbsp;&nbsp;&nbsp;Jump_IAP()
<LI><a href="#[fe]">&gt;&gt;</a>&nbsp;&nbsp;&nbsp;NVIC_SystemReset()
<LI><a href="#[db]">&gt;&gt;</a>&nbsp;&nbsp;&nbsp;setupserial()
<LI><a href="#[f9]">&gt;&gt;</a>&nbsp;&nbsp;&nbsp;strncmp
<LI><a href="#[fb]">&gt;&gt;</a>&nbsp;&nbsp;&nbsp;strcmp
<LI><a href="#[fa]">&gt;&gt;</a>&nbsp;&nbsp;&nbsp;__2sprintf
<LI><a href="#[f8]">&gt;&gt;</a>&nbsp;&nbsp;&nbsp;__2printf
</UL>
<BR>[Called By]<UL><LI><a href="#[44]">&gt;&gt;</a>&nbsp;&nbsp;&nbsp;main
</UL>

<P><STRONG><a name="[fc]"></a>erase_sector</STRONG> (Thumb, 72 bytes, Stack size 24 bytes, flash_api.o(i.erase_sector))
<BR><BR>[Stack]<UL><LI>Max Depth = 640<LI>Call Chain = erase_sector &rArr; DbgConsole_Printf &rArr; DbgConsole_PrintfFormattedData &rArr; DbgConsole_ConvertFloatRadixNumToString &rArr; __hardfp_pow &rArr; __kernel_poly &rArr; __aeabi_dmul &rArr; _double_epilogue &rArr; _double_round
</UL>
<BR>[Calls]<UL><LI><a href="#[c7]">&gt;&gt;</a>&nbsp;&nbsp;&nbsp;DbgConsole_Printf
<LI><a href="#[d2]">&gt;&gt;</a>&nbsp;&nbsp;&nbsp;FLASHIAP_PrepareSectorForWrite
<LI><a href="#[d1]">&gt;&gt;</a>&nbsp;&nbsp;&nbsp;FLASHIAP_EraseSector
<LI><a href="#[cc]">&gt;&gt;</a>&nbsp;&nbsp;&nbsp;FLASHIAP_BlankCheckSector
</UL>
<BR>[Called By]<UL><LI><a href="#[f7]">&gt;&gt;</a>&nbsp;&nbsp;&nbsp;bootloader
</UL>

<P><STRONG><a name="[ef]"></a>fabs</STRONG> (Thumb, 24 bytes, Stack size 8 bytes, fabs.o(i.fabs))
<BR><BR>[Stack]<UL><LI>Max Depth = 8<LI>Call Chain = fabs
</UL>
<BR>[Called By]<UL><LI><a href="#[c3]">&gt;&gt;</a>&nbsp;&nbsp;&nbsp;__hardfp_pow
</UL>

<P><STRONG><a name="[83]"></a>fputc</STRONG> (Thumb, 32 bytes, Stack size 16 bytes, fsl_debug_console.o(i.fputc))
<BR><BR>[Stack]<UL><LI>Max Depth = 16<LI>Call Chain = fputc
</UL>
<BR>[Address Reference Count : 1]<UL><LI> printf8.o(i.__0printf$8)
</UL>
<P><STRONG><a name="[44]"></a>main</STRONG> (Thumb, 8 bytes, Stack size 0 bytes, main.o(i.main))
<BR><BR>[Stack]<UL><LI>Max Depth = 1040<LI>Call Chain = main &rArr; bootloader &rArr; setupserial() &rArr; BOARD_InitDebugConsole &rArr; DbgConsole_Init &rArr; USART_Init &rArr; USART_SetBaudRate &rArr; __aeabi_assert &rArr; DbgConsole_Printf &rArr; DbgConsole_PrintfFormattedData &rArr; DbgConsole_ConvertFloatRadixNumToString &rArr; __hardfp_pow &rArr; __kernel_poly &rArr; __aeabi_dmul &rArr; _double_epilogue &rArr; _double_round
</UL>
<BR>[Calls]<UL><LI><a href="#[f7]">&gt;&gt;</a>&nbsp;&nbsp;&nbsp;bootloader
</UL>
<BR>[Address Reference Count : 1]<UL><LI> entry9a.o(.ARM.Collect$$$$0000000B)
</UL>
<P><STRONG><a name="[fd]"></a>program_flash</STRONG> (Thumb, 104 bytes, Stack size 32 bytes, flash_api.o(i.program_flash))
<BR><BR>[Stack]<UL><LI>Max Depth = 648<LI>Call Chain = program_flash &rArr; DbgConsole_Printf &rArr; DbgConsole_PrintfFormattedData &rArr; DbgConsole_ConvertFloatRadixNumToString &rArr; __hardfp_pow &rArr; __kernel_poly &rArr; __aeabi_dmul &rArr; _double_epilogue &rArr; _double_round
</UL>
<BR>[Calls]<UL><LI><a href="#[c7]">&gt;&gt;</a>&nbsp;&nbsp;&nbsp;DbgConsole_Printf
<LI><a href="#[d2]">&gt;&gt;</a>&nbsp;&nbsp;&nbsp;FLASHIAP_PrepareSectorForWrite
<LI><a href="#[d0]">&gt;&gt;</a>&nbsp;&nbsp;&nbsp;FLASHIAP_CopyRamToFlash
<LI><a href="#[cf]">&gt;&gt;</a>&nbsp;&nbsp;&nbsp;FLASHIAP_Compare
</UL>
<BR>[Called By]<UL><LI><a href="#[f7]">&gt;&gt;</a>&nbsp;&nbsp;&nbsp;bootloader
</UL>

<P><STRONG><a name="[ee]"></a>sqrt</STRONG> (Thumb, 110 bytes, Stack size 32 bytes, sqrt.o(i.sqrt))
<BR><BR>[Stack]<UL><LI>Max Depth = 72<LI>Call Chain = sqrt &rArr; _dsqrt &rArr; _double_round
</UL>
<BR>[Calls]<UL><LI><a href="#[eb]">&gt;&gt;</a>&nbsp;&nbsp;&nbsp;__set_errno
<LI><a href="#[98]">&gt;&gt;</a>&nbsp;&nbsp;&nbsp;_dsqrt
</UL>
<BR>[Called By]<UL><LI><a href="#[c3]">&gt;&gt;</a>&nbsp;&nbsp;&nbsp;__hardfp_pow
</UL>
<P>
<H3>
Local Symbols
</H3>
<P><STRONG><a name="[bd]"></a>CLOCK_SetFLASHAccessCycles</STRONG> (Thumb, 18 bytes, Stack size 0 bytes, fsl_clock.o(i.CLOCK_SetFLASHAccessCycles))
<BR><BR>[Called By]<UL><LI><a href="#[9d]">&gt;&gt;</a>&nbsp;&nbsp;&nbsp;CLOCK_SetFLASHAccessCyclesForFreq
</UL>

<P><STRONG><a name="[be]"></a>POWER_DisablePD</STRONG> (Thumb, 14 bytes, Stack size 0 bytes, fsl_clock.o(i.POWER_DisablePD))
<BR><BR>[Called By]<UL><LI><a href="#[9e]">&gt;&gt;</a>&nbsp;&nbsp;&nbsp;CLOCK_SetupFROClocking
</UL>

<P><STRONG><a name="[cd]"></a>iap_entry</STRONG> (Thumb, 16 bytes, Stack size 16 bytes, fsl_flashiap.o(i.iap_entry))
<BR><BR>[Stack]<UL><LI>Max Depth = 16<LI>Call Chain = iap_entry
</UL>
<BR>[Called By]<UL><LI><a href="#[d2]">&gt;&gt;</a>&nbsp;&nbsp;&nbsp;FLASHIAP_PrepareSectorForWrite
<LI><a href="#[d1]">&gt;&gt;</a>&nbsp;&nbsp;&nbsp;FLASHIAP_EraseSector
<LI><a href="#[d0]">&gt;&gt;</a>&nbsp;&nbsp;&nbsp;FLASHIAP_CopyRamToFlash
<LI><a href="#[cf]">&gt;&gt;</a>&nbsp;&nbsp;&nbsp;FLASHIAP_Compare
<LI><a href="#[cc]">&gt;&gt;</a>&nbsp;&nbsp;&nbsp;FLASHIAP_BlankCheckSector
</UL>

<P><STRONG><a name="[ce]"></a>translate_iap_status</STRONG> (Thumb, 14 bytes, Stack size 0 bytes, fsl_flashiap.o(i.translate_iap_status))
<BR><BR>[Called By]<UL><LI><a href="#[d2]">&gt;&gt;</a>&nbsp;&nbsp;&nbsp;FLASHIAP_PrepareSectorForWrite
<LI><a href="#[d1]">&gt;&gt;</a>&nbsp;&nbsp;&nbsp;FLASHIAP_EraseSector
<LI><a href="#[d0]">&gt;&gt;</a>&nbsp;&nbsp;&nbsp;FLASHIAP_CopyRamToFlash
<LI><a href="#[cf]">&gt;&gt;</a>&nbsp;&nbsp;&nbsp;FLASHIAP_Compare
<LI><a href="#[cc]">&gt;&gt;</a>&nbsp;&nbsp;&nbsp;FLASHIAP_BlankCheckSector
</UL>

<P><STRONG><a name="[d6]"></a>FLEXCOMM_PeripheralIsPresent</STRONG> (Thumb, 58 bytes, Stack size 8 bytes, fsl_flexcomm.o(i.FLEXCOMM_PeripheralIsPresent))
<BR><BR>[Stack]<UL><LI>Max Depth = 8<LI>Call Chain = FLEXCOMM_PeripheralIsPresent
</UL>
<BR>[Called By]<UL><LI><a href="#[d5]">&gt;&gt;</a>&nbsp;&nbsp;&nbsp;FLEXCOMM_SetPeriph
</UL>

<P><STRONG><a name="[db]"></a>setupserial()</STRONG> (Thumb, 24 bytes, Stack size 8 bytes, bootloader.o(i._Z11setupserialv))
<BR><BR>[Stack]<UL><LI>Max Depth = 744<LI>Call Chain = setupserial() &rArr; BOARD_InitDebugConsole &rArr; DbgConsole_Init &rArr; USART_Init &rArr; USART_SetBaudRate &rArr; __aeabi_assert &rArr; DbgConsole_Printf &rArr; DbgConsole_PrintfFormattedData &rArr; DbgConsole_ConvertFloatRadixNumToString &rArr; __hardfp_pow &rArr; __kernel_poly &rArr; __aeabi_dmul &rArr; _double_epilogue &rArr; _double_round
</UL>
<BR>[Calls]<UL><LI><a href="#[9b]">&gt;&gt;</a>&nbsp;&nbsp;&nbsp;CLOCK_AttachClk
<LI><a href="#[a5]">&gt;&gt;</a>&nbsp;&nbsp;&nbsp;BOARD_InitPins
<LI><a href="#[a0]">&gt;&gt;</a>&nbsp;&nbsp;&nbsp;BOARD_InitDebugConsole
<LI><a href="#[99]">&gt;&gt;</a>&nbsp;&nbsp;&nbsp;BOARD_BootClockFROHF48M
</UL>
<BR>[Called By]<UL><LI><a href="#[f7]">&gt;&gt;</a>&nbsp;&nbsp;&nbsp;bootloader
</UL>

<P><STRONG><a name="[fe]"></a>NVIC_SystemReset()</STRONG> (Thumb, 30 bytes, Stack size 0 bytes, bootloader.o(i._Z16NVIC_SystemResetv))
<BR><BR>[Called By]<UL><LI><a href="#[f7]">&gt;&gt;</a>&nbsp;&nbsp;&nbsp;bootloader
</UL>

<P><STRONG><a name="[a6]"></a>IOCON_PinMuxSet</STRONG> (Thumb, 12 bytes, Stack size 8 bytes, pin_mux.o(i.IOCON_PinMuxSet))
<BR><BR>[Stack]<UL><LI>Max Depth = 8<LI>Call Chain = IOCON_PinMuxSet
</UL>
<BR>[Called By]<UL><LI><a href="#[a5]">&gt;&gt;</a>&nbsp;&nbsp;&nbsp;BOARD_InitPins
</UL>

<P><STRONG><a name="[9a]"></a>POWER_DisablePD</STRONG> (Thumb, 14 bytes, Stack size 0 bytes, clock_config.o(i.POWER_DisablePD))
<BR><BR>[Called By]<UL><LI><a href="#[99]">&gt;&gt;</a>&nbsp;&nbsp;&nbsp;BOARD_BootClockFROHF48M
</UL>

<P><STRONG><a name="[bf]"></a>DbgConsole_ConvertFloatRadixNumToString</STRONG> (Thumb, 570 bytes, Stack size 144 bytes, fsl_debug_console.o(i.DbgConsole_ConvertFloatRadixNumToString))
<BR><BR>[Stack]<UL><LI>Max Depth = 448<LI>Call Chain = DbgConsole_ConvertFloatRadixNumToString &rArr; __hardfp_pow &rArr; __kernel_poly &rArr; __aeabi_dmul &rArr; _double_epilogue &rArr; _double_round
</UL>
<BR>[Calls]<UL><LI><a href="#[c3]">&gt;&gt;</a>&nbsp;&nbsp;&nbsp;__hardfp_pow
<LI><a href="#[c1]">&gt;&gt;</a>&nbsp;&nbsp;&nbsp;__hardfp_modf
<LI><a href="#[93]">&gt;&gt;</a>&nbsp;&nbsp;&nbsp;__aeabi_ui2d
<LI><a href="#[94]">&gt;&gt;</a>&nbsp;&nbsp;&nbsp;__aeabi_l2d
<LI><a href="#[92]">&gt;&gt;</a>&nbsp;&nbsp;&nbsp;__aeabi_i2d
<LI><a href="#[8e]">&gt;&gt;</a>&nbsp;&nbsp;&nbsp;__aeabi_dsub
<LI><a href="#[8f]">&gt;&gt;</a>&nbsp;&nbsp;&nbsp;__aeabi_drsub
<LI><a href="#[90]">&gt;&gt;</a>&nbsp;&nbsp;&nbsp;__aeabi_dmul
<LI><a href="#[91]">&gt;&gt;</a>&nbsp;&nbsp;&nbsp;__aeabi_ddiv
<LI><a href="#[8a]">&gt;&gt;</a>&nbsp;&nbsp;&nbsp;__aeabi_dadd
<LI><a href="#[96]">&gt;&gt;</a>&nbsp;&nbsp;&nbsp;__aeabi_d2lz
<LI><a href="#[95]">&gt;&gt;</a>&nbsp;&nbsp;&nbsp;__aeabi_d2iz
<LI><a href="#[c2]">&gt;&gt;</a>&nbsp;&nbsp;&nbsp;__aeabi_cdrcmple
<LI><a href="#[c4]">&gt;&gt;</a>&nbsp;&nbsp;&nbsp;__aeabi_cdcmple
<LI><a href="#[c0]">&gt;&gt;</a>&nbsp;&nbsp;&nbsp;__aeabi_cdcmpeq
</UL>
<BR>[Called By]<UL><LI><a href="#[c8]">&gt;&gt;</a>&nbsp;&nbsp;&nbsp;DbgConsole_PrintfFormattedData
</UL>

<P><STRONG><a name="[c9]"></a>DbgConsole_ConvertRadixNumToString</STRONG> (Thumb, 168 bytes, Stack size 36 bytes, fsl_debug_console.o(i.DbgConsole_ConvertRadixNumToString))
<BR><BR>[Stack]<UL><LI>Max Depth = 36<LI>Call Chain = DbgConsole_ConvertRadixNumToString
</UL>
<BR>[Called By]<UL><LI><a href="#[c8]">&gt;&gt;</a>&nbsp;&nbsp;&nbsp;DbgConsole_PrintfFormattedData
</UL>

<P><STRONG><a name="[c8]"></a>DbgConsole_PrintfFormattedData</STRONG> (Thumb, 628 bytes, Stack size 136 bytes, fsl_debug_console.o(i.DbgConsole_PrintfFormattedData))
<BR><BR>[Stack]<UL><LI>Max Depth = 584<LI>Call Chain = DbgConsole_PrintfFormattedData &rArr; DbgConsole_ConvertFloatRadixNumToString &rArr; __hardfp_pow &rArr; __kernel_poly &rArr; __aeabi_dmul &rArr; _double_epilogue &rArr; _double_round
</UL>
<BR>[Calls]<UL><LI><a href="#[cb]">&gt;&gt;</a>&nbsp;&nbsp;&nbsp;strlen
<LI><a href="#[ca]">&gt;&gt;</a>&nbsp;&nbsp;&nbsp;DbgConsole_PrintfPaddingCharacter
<LI><a href="#[c9]">&gt;&gt;</a>&nbsp;&nbsp;&nbsp;DbgConsole_ConvertRadixNumToString
<LI><a href="#[bf]">&gt;&gt;</a>&nbsp;&nbsp;&nbsp;DbgConsole_ConvertFloatRadixNumToString
</UL>
<BR>[Called By]<UL><LI><a href="#[c7]">&gt;&gt;</a>&nbsp;&nbsp;&nbsp;DbgConsole_Printf
</UL>

<P><STRONG><a name="[ca]"></a>DbgConsole_PrintfPaddingCharacter</STRONG> (Thumb, 40 bytes, Stack size 32 bytes, fsl_debug_console.o(i.DbgConsole_PrintfPaddingCharacter))
<BR><BR>[Stack]<UL><LI>Max Depth = 32<LI>Call Chain = DbgConsole_PrintfPaddingCharacter
</UL>
<BR>[Called By]<UL><LI><a href="#[c8]">&gt;&gt;</a>&nbsp;&nbsp;&nbsp;DbgConsole_PrintfFormattedData
</UL>

<P><STRONG><a name="[e8]"></a>_printf_core</STRONG> (Thumb, 996 bytes, Stack size 104 bytes, printf8.o(i._printf_core), UNUSED)
<BR><BR>[Calls]<UL><LI><a href="#[87]">&gt;&gt;</a>&nbsp;&nbsp;&nbsp;__aeabi_uldivmod
<LI><a href="#[f5]">&gt;&gt;</a>&nbsp;&nbsp;&nbsp;_printf_pre_padding
<LI><a href="#[f6]">&gt;&gt;</a>&nbsp;&nbsp;&nbsp;_printf_post_padding
</UL>
<BR>[Called By]<UL><LI><a href="#[e9]">&gt;&gt;</a>&nbsp;&nbsp;&nbsp;__0sprintf$8
<LI><a href="#[e7]">&gt;&gt;</a>&nbsp;&nbsp;&nbsp;__0printf$8
</UL>

<P><STRONG><a name="[f6]"></a>_printf_post_padding</STRONG> (Thumb, 36 bytes, Stack size 24 bytes, printf8.o(i._printf_post_padding), UNUSED)
<BR><BR>[Called By]<UL><LI><a href="#[e8]">&gt;&gt;</a>&nbsp;&nbsp;&nbsp;_printf_core
</UL>

<P><STRONG><a name="[f5]"></a>_printf_pre_padding</STRONG> (Thumb, 46 bytes, Stack size 24 bytes, printf8.o(i._printf_pre_padding), UNUSED)
<BR><BR>[Called By]<UL><LI><a href="#[e8]">&gt;&gt;</a>&nbsp;&nbsp;&nbsp;_printf_core
</UL>

<P><STRONG><a name="[84]"></a>_sputc</STRONG> (Thumb, 10 bytes, Stack size 0 bytes, printf8.o(i._sputc))
<BR><BR>[Called By]<UL><LI><a href="#[e9]">&gt;&gt;</a>&nbsp;&nbsp;&nbsp;__0sprintf$8
</UL>
<BR>[Address Reference Count : 1]<UL><LI> printf8.o(i.__0sprintf$8)
</UL><P>
<H3>
Undefined Global Symbols
</H3><HR></body></html>
