Component: ARM Compiler 5.06 update 5 (build 528) Tool: armlink [4d35e2]

==============================================================================

Section Cross References

    tasks.o(i.eTaskGetState) refers to port.o(i.vPortEnterCritical) for vPortEnterCritical
    tasks.o(i.eTaskGetState) refers to port.o(i.vPortExitCritical) for vPortExitCritical
    tasks.o(i.eTaskGetState) refers to tasks.o(.data) for pxCurrentTCB
    tasks.o(i.eTaskGetState) refers to tasks.o(.bss) for xSuspendedTaskList
    tasks.o(i.pcTaskGetName) refers to tasks.o(.data) for pxCurrentTCB
    tasks.o(i.prvAddCurrentTaskToDelayedList) refers to list.o(i.uxListRemove) for uxListRemove
    tasks.o(i.prvAddCurrentTaskToDelayedList) refers to list.o(i.vListInsertEnd) for vListInsertEnd
    tasks.o(i.prvAddCurrentTaskToDelayedList) refers to list.o(i.vListInsert) for vListInsert
    tasks.o(i.prvAddCurrentTaskToDelayedList) refers to tasks.o(.data) for xTickCount
    tasks.o(i.prvAddCurrentTaskToDelayedList) refers to tasks.o(.bss) for xSuspendedTaskList
    tasks.o(i.prvAddNewTaskToReadyList) refers to port.o(i.vPortEnterCritical) for vPortEnterCritical
    tasks.o(i.prvAddNewTaskToReadyList) refers to tasks.o(i.prvInitialiseTaskLists) for prvInitialiseTaskLists
    tasks.o(i.prvAddNewTaskToReadyList) refers to list.o(i.vListInsertEnd) for vListInsertEnd
    tasks.o(i.prvAddNewTaskToReadyList) refers to port.o(i.vPortExitCritical) for vPortExitCritical
    tasks.o(i.prvAddNewTaskToReadyList) refers to tasks.o(.data) for uxCurrentNumberOfTasks
    tasks.o(i.prvAddNewTaskToReadyList) refers to tasks.o(.bss) for pxReadyTasksLists
    tasks.o(i.prvCheckTasksWaitingTermination) refers to tasks.o(i.vTaskSuspendAll) for vTaskSuspendAll
    tasks.o(i.prvCheckTasksWaitingTermination) refers to tasks.o(i.xTaskResumeAll) for xTaskResumeAll
    tasks.o(i.prvCheckTasksWaitingTermination) refers to port.o(i.vPortEnterCritical) for vPortEnterCritical
    tasks.o(i.prvCheckTasksWaitingTermination) refers to list.o(i.uxListRemove) for uxListRemove
    tasks.o(i.prvCheckTasksWaitingTermination) refers to port.o(i.vPortExitCritical) for vPortExitCritical
    tasks.o(i.prvCheckTasksWaitingTermination) refers to tasks.o(i.prvDeleteTCB) for prvDeleteTCB
    tasks.o(i.prvCheckTasksWaitingTermination) refers to tasks.o(.bss) for xTasksWaitingTermination
    tasks.o(i.prvCheckTasksWaitingTermination) refers to tasks.o(.data) for uxCurrentNumberOfTasks
    tasks.o(i.prvDeleteTCB) refers to heap_3.o(i.vPortFree) for vPortFree
    tasks.o(i.prvIdleTask) refers to tasks.o(i.prvCheckTasksWaitingTermination) for prvCheckTasksWaitingTermination
    tasks.o(i.prvIdleTask) refers to tasks.o(.bss) for pxReadyTasksLists
    tasks.o(i.prvInitialiseNewTask) refers to memseta.o(.text) for __aeabi_memset
    tasks.o(i.prvInitialiseNewTask) refers to list.o(i.vListInitialiseItem) for vListInitialiseItem
    tasks.o(i.prvInitialiseNewTask) refers to port.o(i.pxPortInitialiseStack) for pxPortInitialiseStack
    tasks.o(i.prvInitialiseTaskLists) refers to list.o(i.vListInitialise) for vListInitialise
    tasks.o(i.prvInitialiseTaskLists) refers to tasks.o(.bss) for pxReadyTasksLists
    tasks.o(i.prvInitialiseTaskLists) refers to tasks.o(.data) for pxDelayedTaskList
    tasks.o(i.prvListTasksWithinSingleList) refers to tasks.o(i.vTaskGetInfo) for vTaskGetInfo
    tasks.o(i.prvResetNextTaskUnblockTime) refers to tasks.o(.data) for pxDelayedTaskList
    tasks.o(i.prvTaskIsTaskSuspended) refers to tasks.o(.bss) for xSuspendedTaskList
    tasks.o(i.prvWriteNameToBuffer) refers to strcpy.o(.text) for strcpy
    tasks.o(i.prvWriteNameToBuffer) refers to strlen.o(.text) for strlen
    tasks.o(i.pvTaskGetThreadLocalStoragePointer) refers to tasks.o(.data) for pxCurrentTCB
    tasks.o(i.pvTaskIncrementMutexHeldCount) refers to tasks.o(.data) for pxCurrentTCB
    tasks.o(i.ulTaskNotifyTake) refers to port.o(i.vPortEnterCritical) for vPortEnterCritical
    tasks.o(i.ulTaskNotifyTake) refers to tasks.o(i.prvAddCurrentTaskToDelayedList) for prvAddCurrentTaskToDelayedList
    tasks.o(i.ulTaskNotifyTake) refers to port.o(i.vPortExitCritical) for vPortExitCritical
    tasks.o(i.ulTaskNotifyTake) refers to tasks.o(.data) for pxCurrentTCB
    tasks.o(i.uxTaskGetNumberOfTasks) refers to tasks.o(.data) for uxCurrentNumberOfTasks
    tasks.o(i.uxTaskGetSystemState) refers to tasks.o(i.vTaskSuspendAll) for vTaskSuspendAll
    tasks.o(i.uxTaskGetSystemState) refers to tasks.o(i.prvListTasksWithinSingleList) for prvListTasksWithinSingleList
    tasks.o(i.uxTaskGetSystemState) refers to tasks.o(i.xTaskResumeAll) for xTaskResumeAll
    tasks.o(i.uxTaskGetSystemState) refers to tasks.o(.data) for uxCurrentNumberOfTasks
    tasks.o(i.uxTaskGetSystemState) refers to tasks.o(.bss) for pxReadyTasksLists
    tasks.o(i.uxTaskPriorityGet) refers to port.o(i.vPortEnterCritical) for vPortEnterCritical
    tasks.o(i.uxTaskPriorityGet) refers to port.o(i.vPortExitCritical) for vPortExitCritical
[...]
    SERVERADDRESS                            0x200000ac   Data           4  socket sharing_main.o(.data)
    respond                                  0x200000b0   Data           4  socket sharing_main.o(.data)
    switchAllPortStatusFlag                  0x200000b4   Data           1  socket sharing_main.o(.data)
    versionSN                                0x200000b5   Data          33  socket sharing_main.o(.data)
    getLatestFWFromServerFlag                0x200000d6   Data           1  socket sharing_main.o(.data)
    __stdout                                 0x200000e0   Data           4  fsl_debug_console.o(.data)
    __stdin                                  0x200000e4   Data           4  fsl_debug_console.o(.data)
    netconn_aborted                          0x200000e8   Data           1  api_msg.o(.data)
    lock_tcpip_core                          0x200000f8   Data           4  tcpip.o(.data)
    netif_list                               0x20000144   Data           4  netif.o(.data)
    netif_default                            0x20000148   Data           4  netif.o(.data)
    tcp_ticks                                0x20000158   Data           4  tcp.o(.data)
    tcp_bound_pcbs                           0x2000015c   Data           4  tcp.o(.data)
    tcp_listen_pcbs                          0x20000160   Data           4  tcp.o(.data)
    tcp_active_pcbs                          0x20000164   Data           4  tcp.o(.data)
    tcp_tw_pcbs                              0x20000168   Data           4  tcp.o(.data)
    tcp_active_pcbs_changed                  0x2000016c   Data           1  tcp.o(.data)
    tcp_input_pcb                            0x20000198   Data           4  tcp_in.o(.data)
    udp_pcbs                                 0x200001ac   Data           4  udp.o(.data)
    gAdcConvSeqAIntFlag                      0x200001cc   Data           1  adc_api.o(.data)
    gAdcResultInfoPtr                        0x200001d0   Data           4  adc_api.o(.data)
    eeprom_data                              0x200001d4   Data           4  eeprom_api.o(.data)
    msgID                                    0x200001e4   Data           1  socket_sharing.o(.data)
    notifySendID                             0x200001e5   Data           1  socket_sharing.o(.data)
    notifySendCounter                        0x200001e8   Data           4  socket_sharing.o(.data)
    respcode                                 0x200001ec   Data           4  socket_sharing.o(.data)
    chargerException                         0x200001f0   Data           1  socket_sharing.o(.data)
    len1                                     0x200001f2   Data           2  socket_sharing.o(.data)
    otaBinTotalSize                          0x200001f4   Data           4  socket_sharing.o(.data)
    PADDING                                  0x200001f8   Data          64  md5std.o(.data)
    __microlib_freelist                      0x20000238   Data           4  mvars.o(.data)
    __microlib_freelist_initialised          0x2000023c   Data           4  mvars.o(.data)
    xQueueRegistry                           0x20000460   Data          64  queue.o(.bss)
    socketInfo                               0x200004c8   Data        4608  socket sharing_main.o(.bss)
    tempBuffer                               0x200016c8   Data         256  socket sharing_main.o(.bss)
    regvalue                                 0x200017c8   Data          20  socket sharing_main.o(.bss)
    demoRingBuffer                           0x200017dc   Data          20  socket sharing_main.o(.bss)
    ECHO_SERVER_ADDRESS                      0x200017f0   Data          20  socket sharing_main.o(.bss)
    fsl_netif0                               0x20001804   Data          52  socket sharing_main.o(.bss)
    ip_data                                  0x200054dc   Data          24  ip.o(.bss)
    ram_heap                                 0x200054f4   Data       22547  mem.o(.bss)
    memp_memory_RAW_PCB_base                 0x2000ad07   Data         115  memp.o(.bss)
    memp_memory_UDP_PCB_base                 0x2000ad7a   Data         195  memp.o(.bss)
    memp_memory_TCP_PCB_base                 0x2000ae3d   Data        1483  memp.o(.bss)
    memp_memory_TCP_PCB_LISTEN_base          0x2000b408   Data         195  memp.o(.bss)
    memp_memory_TCP_SEG_base                 0x2000b4cb   Data         443  memp.o(.bss)
    memp_memory_REASSDATA_base               0x2000b686   Data         163  memp.o(.bss)
    memp_memory_FRAG_PBUF_base               0x2000b729   Data         363  memp.o(.bss)
    memp_memory_NETBUF_base                  0x2000b894   Data          35  memp.o(.bss)
    memp_memory_NETCONN_base                 0x2000b8b7   Data         195  memp.o(.bss)
    memp_memory_TCPIP_MSG_API_base           0x2000b97a   Data         131  memp.o(.bss)
    memp_memory_TCPIP_MSG_INPKT_base         0x2000b9fd   Data         131  memp.o(.bss)
    memp_memory_SYS_TIMEOUT_base             0x2000ba80   Data         163  memp.o(.bss)
    memp_memory_PBUF_base                    0x2000bb23   Data         243  memp.o(.bss)
    memp_memory_PBUF_POOL_base               0x2000bc16   Data       13791  memp.o(.bss)
    dataBuffer                               0x2000f30c   Data         256  eeprom_api.o(.bss)
    page_buf                                 0x2000f40c   Data         256  flash_api.o(.bss)
    msgIdstr                                 0x2000f50c   Data          10  socket_sharing.o(.bss)
    jsonBuffer                               0x2000f516   Data         256  socket_sharing.o(.bss)
    chargerInfo                              0x2000f618   Data         328  socket_sharing.o(.bss)
    otaInfo                                  0x2000f760   Data          52  socket_sharing.o(.bss)
    Image$$ARM_LIB_HEAP$$ZI$$Base            0x2000f794   Number         0  anon$$obj.o ABSOLUTE
    Image$$ARM_LIB_HEAP$$ZI$$Limit           0x20015b94   Number         0  anon$$obj.o ABSOLUTE
    Image$$ARM_LIB_STACK$$ZI$$Limit          0x20028000   Number         0  anon$$obj.o ABSOLUTE



==============================================================================

Memory Map of the image

  Image Entry point : 0x00008401

  Load Region LR_m_text (Base: 0x00008000, Size: 0x000199b8, Max: 0x00020400, ABSOLUTE, COMPRESSED[0x000197ac])

    Execution Region VECTOR_ROM (Exec base: 0x00008000, Load base: 0x00008000, Size: 0x00000124, Max: 0x00000400, ABSOLUTE)

    Exec Addr    Load Addr    Size         Type   Attr      Idx    E Section Name        Object

    0x00008000   0x00008000   0x00000124   Data   RO          509    RESET               startup_lpc54608.o


    Execution Region VECTOR_RAM (Exec base: 0x00008000, Load base: 0x00021774, Size: 0x00000000, Max: 0x00000000, ABSOLUTE)

    Exec Addr    Load Addr    Size         Type   Attr      Idx    E Section Name        Object

    0x00008000        -       0x00000000   Zero   RW            1    VECTOR_RAM.bss      anon$$obj.o


    Execution Region ER_m_text (Exec base: 0x00008400, Load base: 0x00008400, Size: 0x00019374, Max: 0x00020000, ABSOLUTE, FIXED)

    Exec Addr    Load Addr    Size         Type   Attr      Idx    E Section Name        Object

    0x00008400   0x00008400   0x00000000   Code   RO         8677  * .ARM.Collect$$$$00000000  mc_w.l(entry.o)
    0x00008400   0x00008400   0x00000004   Code   RO         9048    .ARM.Collect$$$$00000003  mc_w.l(entry4.o)
    0x00008404   0x00008404   0x00000004   Code   RO         9051    .ARM.Collect$$$$00000004  mc_w.l(entry5.o)
    0x00008408   0x00008408   0x00000000   Code   RO         9053    .ARM.Collect$$$$00000008  mc_w.l(entry7b.o)
    0x00008408   0x00008408   0x00000000   Code   RO         9055    .ARM.Collect$$$$0000000A  mc_w.l(entry8b.o)
    0x00008408   0x00008408   0x00000008   Code   RO         9056    .ARM.Collect$$$$0000000B  mc_w.l(entry9a.o)
    0x00008410   0x00008410   0x00000000   Code   RO         9058    .ARM.Collect$$$$0000000D  mc_w.l(entry10a.o)
    0x00008410   0x00008410   0x00000000   Code   RO         9060    .ARM.Collect$$$$0000000F  mc_w.l(entry11a.o)
    0x00008410   0x00008410   0x00000004   Code   RO         9049    .ARM.Collect$$$$00002714  mc_w.l(entry4.o)
    0x00008414   0x00008414   0x000000b6   Code   RO          514    .emb_text           port.o
    0x000084ca   0x000084ca   0x00000002   PAD
    0x000084cc   0x000084cc   0x00000004   Code   RO         1599    .rev16_text         fsl_enet.o
    0x000084d0   0x000084d0   0x000001ec   Code   RO          510    .text               startup_lpc54608.o
    0x000086bc   0x000086bc   0x00000062   Code   RO         8680    .text               mc_w.l(uldiv.o)
    0x0000871e   0x0000871e   0x00000062   Code   RO         8682    .text               mc_w.l(ldiv.o)
    0x00008780   0x00008780   0x0000000c   Code   RO         8684    .text               mc_w.l(tolower.o)
    0x0000878c   0x0000878c   0x00000024   Code   RO         8686    .text               mc_w.l(memcpya.o)
    0x000087b0   0x000087b0   0x00000024   Code   RO         8688    .text               mc_w.l(memseta.o)
    0x000087d4   0x000087d4   0x0000000e   Code   RO         8692    .text               mc_w.l(strlen.o)
    0x000087e2   0x000087e2   0x0000001a   Code   RO         8694    .text               mc_w.l(memcmp.o)
    0x000087fc   0x000087fc   0x00000012   Code   RO         8696    .text               mc_w.l(strcpy.o)
    0x0000880e   0x0000880e   0x0000001e   Code   RO         8698    .text               mc_w.l(strncmp.o)
    0x0000882c   0x0000882c   0x0000014e   Code   RO         8991    .text               mf_w.l(dadd.o)
    0x0000897a   0x0000897a   0x000000e4   Code   RO         8993    .text               mf_w.l(dmul.o)
    0x00008a5e   0x00008a5e   0x000000de   Code   RO         8995    .text               mf_w.l(ddiv.o)
    0x00008b3c   0x00008b3c   0x00000022   Code   RO         8999    .text               mf_w.l(dflti.o)
    0x00008b5e   0x00008b5e   0x0000001a   Code   RO         9001    .text               mf_w.l(dfltui.o)
    0x00008b78   0x00008b78   0x00000028   Code   RO         9003    .text               mf_w.l(dfltl.o)
    0x00008ba0   0x00008ba0   0x0000003e   Code   RO         9005    .text               mf_w.l(dfixi.o)
    0x00008bde   0x00008bde   0x0000004a   Code   RO         9007    .text               mf_w.l(dfixl.o)
    0x00008c28   0x00008c28   0x00000030   Code   RO         9011    .text               mf_w.l(cdcmple.o)
    0x00008c58   0x00008c58   0x00000030   Code   RO         9013    .text               mf_w.l(cdrcmple.o)
    0x00008c88   0x00008c88   0x0000002c   Code   RO         9062    .text               mc_w.l(uidiv.o)
    0x00008cb4   0x00008cb4   0x0000001e   Code   RO         9064    .text               mc_w.l(llshl.o)
    0x00008cd2   0x00008cd2   0x00000020   Code   RO         9066    .text               mc_w.l(llushr.o)
    0x00008cf2   0x00008cf2   0x00000024   Code   RO         9068    .text               mc_w.l(llsshr.o)
    0x00008d16   0x00008d16   0x00000000   Code   RO         9081    .text               mc_w.l(iusefp.o)
    0x00008d16   0x00008d16   0x000000ba   Code   RO         9084    .text               mf_w.l(depilogue.o)
    0x00008dd0   0x00008dd0   0x0000002e   Code   RO         9086    .text               mf_w.l(dscalb.o)
    0x00008dfe   0x00008dfe   0x00000030   Code   RO         9088    .text               mf_w.l(dfixul.o)
    0x00008e2e   0x00008e2e   0x00000002   PAD
    0x00008e30   0x00008e30   0x00000024   Code   RO         9090    .text               mc_w.l(init.o)
    0x00008e54   0x00008e54   0x000000a2   Code   RO         9100    .text               mf_w.l(dsqrt.o)
    0x00008ef6   0x00008ef6   0x00000056   Code   RO         9115    .text               mc_w.l(__dczerorl2.o)
    0x00008f4c   0x00008f4c   0x0000003c   Code   RO         7331    i.ADC0_SEQA_IRQHandler  adc_api.o
    0x00008f88   0x00008f88   0x000000b4   Code   RO         1905    i.ADC_GetChannelConversionResult  fsl_adc.o
    0x0000903c   0x0000903c   0x00000048   Code   RO          774    i.BOARD_BootClockFROHF48M  clock_config.o
    0x00009084   0x00009084   0x00000064   Code   RO          729    i.BOARD_InitDebugConsole  board.o
    0x000090e8   0x000090e8   0x00000248   Code   RO          695    i.BOARD_InitPins    pin_mux.o
    0x00009330   0x00009330   0x0000004c   Code   RO         1160    i.CLOCK_AttachClk   fsl_clock.o
    0x0000937c   0x0000937c   0x0000004c   Code   RO         1168    i.CLOCK_GetAdcClkFreq  fsl_clock.o
    0x000093c8   0x000093c8   0x00000030   Code   RO         1169    i.CLOCK_GetAsyncApbClkFreq  fsl_clock.o
    0x000093f8   0x000093f8   0x0000000c   Code   RO         1174    i.CLOCK_GetAudioPllOutFreq  fsl_clock.o
    0x00009404   0x00009404   0x00000078   Code   RO         1175    i.CLOCK_GetClockOutClkFreq  fsl_clock.o
    0x0000947c   0x0000947c   0x0000007c   Code   RO         1176    i.CLOCK_GetCoreSysClkFreq  fsl_clock.o
    0x000094f8   0x000094f8   0x00000008   Code   RO         1177    i.CLOCK_GetExtClkFreq  fsl_clock.o
    0x00009500   0x00009500   0x0000005c   Code   RO         1179    i.CLOCK_GetFlexCommClkFreq  fsl_clock.o
    0x0000955c   0x0000955c   0x000002c8   Code   RO         1180    i.CLOCK_GetFreq     fsl_clock.o
    0x00009824   0x00009824   0x0000001c   Code   RO         1181    i.CLOCK_GetFro12MFreq  fsl_clock.o
    0x00009840   0x00009840   0x00000040   Code   RO         1182    i.CLOCK_GetFroHfFreq  fsl_clock.o
    0x00009880   0x00009880   0x00000004   Code   RO         1183    i.CLOCK_GetI2SMClkFreq  fsl_clock.o
    0x00009884   0x00009884   0x00000040   Code   RO         1184    i.CLOCK_GetLcdClkFreq  fsl_clock.o
    0x000098c4   0x000098c4   0x00000004   Code   RO         1185    i.CLOCK_GetLcdClkIn  fsl_clock.o
    0x000098c8   0x000098c8   0x00000040   Code   RO         1186    i.CLOCK_GetMclkClkFreq  fsl_clock.o
    0x00009908   0x00009908   0x00000006   Code   RO         1187    i.CLOCK_GetOsc32KFreq  fsl_clock.o
    0x0000990e   0x0000990e   0x00000002   PAD
    0x00009910   0x00009910   0x0000000c   Code   RO         1189    i.CLOCK_GetPllOutFreq  fsl_clock.o
    0x0000991c   0x0000991c   0x0000004c   Code   RO         1190    i.CLOCK_GetSctClkFreq  fsl_clock.o
    0x00009968   0x00009968   0x0000005c   Code   RO         1191    i.CLOCK_GetSdioClkFreq  fsl_clock.o
    0x000099c4   0x000099c4   0x0000005c   Code   RO         1192    i.CLOCK_GetSpifiClkFreq  fsl_clock.o
    0x00009a20   0x00009a20   0x00000040   Code   RO         1197    i.CLOCK_GetUsb0ClkFreq  fsl_clock.o
    0x00009a60   0x00009a60   0x00000040   Code   RO         1198    i.CLOCK_GetUsb1ClkFreq  fsl_clock.o
    0x00009aa0   0x00009aa0   0x0000000c   Code   RO         1202    i.CLOCK_GetUsbPllOutFreq  fsl_clock.o
    0x00009aac   0x00009aac   0x00000040   Code   RO         1203    i.CLOCK_GetWdtOscFreq  fsl_clock.o
    0x00009aec   0x00009aec   0x00000028   Code   RO         1205    i.CLOCK_SetClkDiv   fsl_clock.o
    0x00009b14   0x00009b14   0x00000018   Code   RO         1206    i.CLOCK_SetFLASHAccessCycles  fsl_clock.o
    0x00009b2c   0x00009b2c   0x0000009c   Code   RO         1207    i.CLOCK_SetFLASHAccessCyclesForFreq  fsl_clock.o
    0x00009bc8   0x00009bc8   0x0000009c   Code   RO         1216    i.CLOCK_SetupFROClocking  fsl_clock.o
    0x00009c64   0x00009c64   0x00000020   Code   RO         7501    i.CP_OFF            gpio_api.o
    0x00009c84   0x00009c84   0x00000020   Code   RO         7502    i.CP_ON             gpio_api.o
    0x00009ca4   0x00009ca4   0x0000025c   Code   RO         3440    i.DbgConsole_ConvertFloatRadixNumToString  fsl_debug_console.o
    0x00009f00   0x00009f00   0x0000014c   Code   RO         3441    i.DbgConsole_ConvertRadixNumToString  fsl_debug_console.o
    0x0000a04c   0x0000a04c   0x00000058   Code   RO         3444    i.DbgConsole_Init   fsl_debug_console.o
    0x0000a0a4   0x0000a0a4   0x00000034   Code   RO         3445    i.DbgConsole_Printf  fsl_debug_console.o
    0x0000a0d8   0x0000a0d8   0x00000634   Code   RO         3446    i.DbgConsole_PrintfFormattedData  fsl_debug_console.o
    0x0000a70c   0x0000a70c   0x00000028   Code   RO         3447    i.DbgConsole_PrintfPaddingCharacter  fsl_debug_console.o
    0x0000a734   0x0000a734   0x00000024   Code   RO         3448    i.DbgConsole_Putchar  fsl_debug_console.o
    0x0000a758   0x0000a758   0x00000006   Code   RO         1981    i.EEPROM_ClearInterruptFlag  fsl_eeprom.o
    0x0000a75e   0x0000a75e   0x0000001e   Code   RO         1983    i.EEPROM_GetDefaultConfig  fsl_eeprom.o
    0x0000a77c   0x0000a77c   0x00000088   Code   RO         1984    i.EEPROM_GetInstance  fsl_eeprom.o
    0x0000a804   0x0000a804   0x00000118   Code   RO         1985    i.EEPROM_Init       fsl_eeprom.o
    0x0000a91c   0x0000a91c   0x00000004   Code   RO         1986    i.EEPROM_SetAutoProgram  fsl_eeprom.o
    0x0000a920   0x0000a920   0x00000068   Code   RO         1987    i.EEPROM_WritePage  fsl_eeprom.o
    0x0000a988   0x0000a988   0x000001cc   Code   RO         1602    i.ENET_CreateHandler  fsl_enet.o
    0x0000ab54   0x0000ab54   0x000000dc   Code   RO         1604    i.ENET_DescriptorInit  fsl_enet.o
    0x0000ac30   0x0000ac30   0x00000048   Code   RO         1606    i.ENET_EnableInterrupts  fsl_enet.o
    0x0000ac78   0x0000ac78   0x00000058   Code   RO         1608    i.ENET_GetDefaultConfig  fsl_enet.o
    0x0000acd0   0x0000acd0   0x00000088   Code   RO         1609    i.ENET_GetInstance  fsl_enet.o
    0x0000ad58   0x0000ad58   0x000000cc   Code   RO         1611    i.ENET_GetRxFrameSize  fsl_enet.o
    0x0000ae24   0x0000ae24   0x0000002e   Code   RO         1612    i.ENET_GetTxRingId  fsl_enet.o
    0x0000ae52   0x0000ae52   0x000000ac   Code   RO         1613    i.ENET_IRQHandler   fsl_enet.o
    0x0000aefe   0x0000aefe   0x0000000a   Code   RO         1614    i.ENET_IncreaseIndex  fsl_enet.o
    0x0000af08   0x0000af08   0x000000ac   Code   RO         1615    i.ENET_Init         fsl_enet.o
    0x0000afb4   0x0000afb4   0x000001cc   Code   RO         1616    i.ENET_ReadFrame    fsl_enet.o
    0x0000b180   0x0000b180   0x00000064   Code   RO         1617    i.ENET_ReclaimTxDescriptor  fsl_enet.o
    0x0000b1e4   0x0000b1e4   0x000000d6   Code   RO         1618    i.ENET_RxDescriptorsInit  fsl_enet.o
    0x0000b2ba   0x0000b2ba   0x00000002   PAD
    0x0000b2bc   0x0000b2bc   0x00000174   Code   RO         1619    i.ENET_SendFrame    fsl_enet.o
    0x0000b430   0x0000b430   0x000000d8   Code   RO         1620    i.ENET_SetDMAControl  fsl_enet.o
    0x0000b508   0x0000b508   0x000000ec   Code   RO         1621    i.ENET_SetMTL       fsl_enet.o
    0x0000b5f4   0x0000b5f4   0x00000160   Code   RO         1622    i.ENET_SetMacControl  fsl_enet.o
    0x0000b754   0x0000b754   0x00000048   Code   RO         1623    i.ENET_SetSMI       fsl_enet.o
    0x0000b79c   0x0000b79c   0x00000028   Code   RO         1624    i.ENET_SetSYSControl  fsl_enet.o
    0x0000b7c4   0x0000b7c4   0x00000054   Code   RO         1625    i.ENET_SetupTxDescriptor  fsl_enet.o
    0x0000b818   0x0000b818   0x000000d4   Code   RO         1626    i.ENET_StartRxTx    fsl_enet.o
    0x0000b8ec   0x0000b8ec   0x00000034   Code   RO         1627    i.ENET_StartSMIRead  fsl_enet.o
    0x0000b920   0x0000b920   0x00000036   Code   RO         1628    i.ENET_StartSMIWrite  fsl_enet.o
    0x0000b956   0x0000b956   0x00000084   Code   RO         1629    i.ENET_TxDescriptorsInit  fsl_enet.o
    0x0000b9da   0x0000b9da   0x00000002   PAD
    0x0000b9dc   0x0000b9dc   0x00000080   Code   RO         1630    i.ENET_UpdateRxDescriptor  fsl_enet.o
    0x0000ba5c   0x0000ba5c   0x0000001c   Code   RO         1631    i.ETHERNET_DriverIRQHandler  fsl_enet.o
    0x0000ba78   0x0000ba78   0x00000024   Code   RO         1632    i.EnableIRQ         fsl_enet.o
    0x0000ba9c   0x0000ba9c   0x00000022   Code   RO         2165    i.FLASHIAP_BlankCheckSector  fsl_flashiap.o
    0x0000babe   0x0000babe   0x00000026   Code   RO         2166    i.FLASHIAP_Compare  fsl_flashiap.o
    0x0000bae4   0x0000bae4   0x00000032   Code   RO         2167    i.FLASHIAP_CopyRamToFlash  fsl_flashiap.o
    0x0000bb16   0x0000bb16   0x0000002e   Code   RO         2168    i.FLASHIAP_ErasePage  fsl_flashiap.o
    0x0000bb44   0x0000bb44   0x0000002e   Code   RO         2169    i.FLASHIAP_EraseSector  fsl_flashiap.o
    0x0000bb72   0x0000bb72   0x00000022   Code   RO         2170    i.FLASHIAP_PrepareSectorForWrite  fsl_flashiap.o
    0x0000bb94   0x0000bb94   0x00000074   Code   RO          965    i.FLEXCOMM0_DriverIRQHandler  fsl_flexcomm.o
    0x0000bc08   0x0000bc08   0x00000074   Code   RO          966    i.FLEXCOMM1_DriverIRQHandler  fsl_flexcomm.o
    0x0000bc7c   0x0000bc7c   0x00000074   Code   RO          967    i.FLEXCOMM2_DriverIRQHandler  fsl_flexcomm.o
    0x0000bcf0   0x0000bcf0   0x00000010   Code   RO         2993    i.FLEXCOMM2_IRQHandler  socket sharing_main.o
    0x0000bd00   0x0000bd00   0x00000074   Code   RO          968    i.FLEXCOMM3_DriverIRQHandler  fsl_flexcomm.o
    0x0000bd74   0x0000bd74   0x00000074   Code   RO          969    i.FLEXCOMM4_DriverIRQHandler  fsl_flexcomm.o
    0x0000bde8   0x0000bde8   0x00000010   Code   RO         2994    i.FLEXCOMM4_IRQHandler  socket sharing_main.o
    0x0000bdf8   0x0000bdf8   0x00000074   Code   RO          970    i.FLEXCOMM5_DriverIRQHandler  fsl_flexcomm.o
    0x0000be6c   0x0000be6c   0x00000010   Code   RO         2995    i.FLEXCOMM5_IRQHandler  socket sharing_main.o
    0x0000be7c   0x0000be7c   0x00000074   Code   RO          971    i.FLEXCOMM6_DriverIRQHandler  fsl_flexcomm.o
    0x0000bef0   0x0000bef0   0x00000074   Code   RO          972    i.FLEXCOMM7_DriverIRQHandler  fsl_flexcomm.o
    0x0000bf64   0x0000bf64   0x00000010   Code   RO         2996    i.FLEXCOMM7_IRQHandler  socket sharing_main.o
    0x0000bf74   0x0000bf74   0x00000074   Code   RO          973    i.FLEXCOMM8_DriverIRQHandler  fsl_flexcomm.o
    0x0000bfe8   0x0000bfe8   0x00000074   Code   RO          974    i.FLEXCOMM9_DriverIRQHandler  fsl_flexcomm.o
    0x0000c05c   0x0000c05c   0x00000060   Code   RO          975    i.FLEXCOMM_GetInstance  fsl_flexcomm.o
    0x0000c0bc   0x0000c0bc   0x00000054   Code   RO          976    i.FLEXCOMM_Init     fsl_flexcomm.o
    0x0000c110   0x0000c110   0x0000003a   Code   RO          977    i.FLEXCOMM_PeripheralIsPresent  fsl_flexcomm.o
    0x0000c14a   0x0000c14a   0x00000044   Code   RO          979    i.FLEXCOMM_SetPeriph  fsl_flexcomm.o
    0x0000c18e   0x0000c18e   0x00000054   Code   RO         1075    i.GPIO_PinInit      fsl_gpio.o
    0x0000c1e2   0x0000c1e2   0x0000000a   Code   RO         7503    i.GPIO_WritePinOutput  gpio_api.o
    0x0000c1ec   0x0000c1ec   0x0000000c   Code   RO          696    i.IOCON_PinMuxSet   pin_mux.o
    0x0000c1f8   0x0000c1f8   0x00000020   Code   RO         7504    i.LED_B_OFF         gpio_api.o
    0x0000c218   0x0000c218   0x00000020   Code   RO         7505    i.LED_B_ON          gpio_api.o
    0x0000c238   0x0000c238   0x00000020   Code   RO         7506    i.LED_G_OFF         gpio_api.o
    0x0000c258   0x0000c258   0x00000020   Code   RO         7507    i.LED_G_ON          gpio_api.o
    0x0000c278   0x0000c278   0x00000020   Code   RO         7508    i.LED_W_OFF         gpio_api.o
    0x0000c298   0x0000c298   0x00000020   Code   RO         7509    i.LED_W_ON          gpio_api.o
    0x0000c2b8   0x0000c2b8   0x00000020   Code   RO         7510    i.LED_Y_OFF         gpio_api.o
    0x0000c2d8   0x0000c2d8   0x00000020   Code   RO         7511    i.LED_Y_ON          gpio_api.o
    0x0000c2f8   0x0000c2f8   0x00000084   Code   RO          622    i.PHY_GetLinkSpeedDuplex  fsl_phy.o
    0x0000c37c   0x0000c37c   0x00000030   Code   RO          623    i.PHY_GetLinkStatus  fsl_phy.o
    0x0000c3ac   0x0000c3ac   0x000000f4   Code   RO          624    i.PHY_Init          fsl_phy.o
    0x0000c4a0   0x0000c4a0   0x00000036   Code   RO          625    i.PHY_Read          fsl_phy.o
    0x0000c4d6   0x0000c4d6   0x0000002c   Code   RO          626    i.PHY_Write         fsl_phy.o
    0x0000c502   0x0000c502   0x00000002   PAD
    0x0000c504   0x0000c504   0x00000020   Code   RO         7512    i.PIO0_21_OFF       gpio_api.o
    0x0000c524   0x0000c524   0x00000020   Code   RO         7513    i.PIO0_21_ON        gpio_api.o
    0x0000c544   0x0000c544   0x00000020   Code   RO         7514    i.PIO0_25_OFF       gpio_api.o
    0x0000c564   0x0000c564   0x00000020   Code   RO         7515    i.PIO0_25_ON        gpio_api.o
    0x0000c584   0x0000c584   0x00000020   Code   RO         7516    i.PIO0_28_OFF       gpio_api.o
    0x0000c5a4   0x0000c5a4   0x00000020   Code   RO         7517    i.PIO0_28_ON        gpio_api.o
    0x0000c5c4   0x0000c5c4   0x00000020   Code   RO         7518    i.PIO1_0_OFF        gpio_api.o
    0x0000c5e4   0x0000c5e4   0x00000020   Code   RO         7519    i.PIO1_0_ON         gpio_api.o
    0x0000c604   0x0000c604   0x00000020   Code   RO         7520    i.PIO1_22_OFF       gpio_api.o
    0x0000c624   0x0000c624   0x00000020   Code   RO         7521    i.PIO1_22_ON        gpio_api.o
    0x0000c644   0x0000c644   0x00000020   Code   RO         7522    i.PIO1_30_OFF       gpio_api.o
    0x0000c664   0x0000c664   0x00000020   Code   RO         7523    i.PIO1_30_ON        gpio_api.o
    0x0000c684   0x0000c684   0x00000014   Code   RO          777    i.POWER_DisablePD   clock_config.o
    0x0000c698   0x0000c698   0x00000014   Code   RO         1221    i.POWER_DisablePD   fsl_clock.o
    0x0000c6ac   0x0000c6ac   0x00000074   Code   RO         8620    i.POWER_SetVoltageForFreq  keil_lib_power.lib(fsl_power_lib.o)
    0x0000c720   0x0000c720   0x00000014   Code   RO         8622    i.POWER_setVdLevel  keil_lib_power.lib(fsl_power_lib.o)
    0x0000c734   0x0000c734   0x00000020   Code   RO         7524    i.PWM_OFF           gpio_api.o
    0x0000c754   0x0000c754   0x00000020   Code   RO         7525    i.PWM_ON            gpio_api.o
    0x0000c774   0x0000c774   0x00000020   Code   RO         7526    i.RELAY0_OFF        gpio_api.o
    0x0000c794   0x0000c794   0x00000020   Code   RO         7527    i.RELAY0_ON         gpio_api.o
    0x0000c7b4   0x0000c7b4   0x00000090   Code   RO         1871    i.RESET_ClearPeripheralReset  fsl_reset.o
    0x0000c844   0x0000c844   0x00000012   Code   RO         1872    i.RESET_PeripheralReset  fsl_reset.o
    0x0000c856   0x0000c856   0x00000002   PAD
    0x0000c858   0x0000c858   0x00000090   Code   RO         1873    i.RESET_SetPeripheralReset  fsl_reset.o
    0x0000c8e8   0x0000c8e8   0x00000020   Code   RO         7528    i.RS485_RX_OFF      gpio_api.o
    0x0000c908   0x0000c908   0x00000020   Code   RO         7529    i.RS485_RX_ON       gpio_api.o
    0x0000c928   0x0000c928   0x00000020   Code   RO         7530    i.RS485_TX_OFF      gpio_api.o
    0x0000c948   0x0000c948   0x00000020   Code   RO         7531    i.RS485_TX_ON       gpio_api.o
    0x0000c968   0x0000c968   0x00000014   Code   RO         2045    i.SCT0_IRQHandler   fsl_sctimer.o
    0x0000c97c   0x0000c97c   0x00000020   Code   RO         7532    i.SW_OFF            gpio_api.o
    0x0000c99c   0x0000c99c   0x00000020   Code   RO         7533    i.SW_ON             gpio_api.o
    0x0000c9bc   0x0000c9bc   0x00000034   Code   RO          515    i.SysTick_Handler   port.o
    0x0000c9f0   0x0000c9f0   0x00000030   Code   RO          420    i.SystemInit        system_lpc54608.o
    0x0000ca20   0x0000ca20   0x00000068   Code   RO          821    i.USART_GetDefaultConfig  fsl_usart.o
    0x0000ca88   0x0000ca88   0x00000148   Code   RO          823    i.USART_Init        fsl_usart.o
    0x0000cbd0   0x0000cbd0   0x00000108   Code   RO          824    i.USART_ReadBlocking  fsl_usart.o
    0x0000ccd8   0x0000ccd8   0x00000100   Code   RO          825    i.USART_SetBaudRate  fsl_usart.o
    0x0000cdd8   0x0000cdd8   0x000000a8   Code   RO          838    i.USART_WriteBlocking  fsl_usart.o
    0x0000ce80   0x0000ce80   0x00000090   Code   RO         2997    i._Z10apiRespondv   socket sharing_main.o
    0x0000cf10   0x0000cf10   0x000000a4   Code   RO         2998    i._Z10initServerv   socket sharing_main.o
    0x0000cfb4   0x0000cfb4   0x00000114   Code   RO         7894    i._Z10parse_hex4PKc  cjson.o
    0x0000d0c8   0x0000d0c8   0x00000064   Code   RO         8479    i._Z10updateCodev   ota.o
    0x0000d12c   0x0000d12c   0x00000014   Code   RO         2999    i._Z10workHandlePv  socket sharing_main.o
    0x0000d140   0x0000d140   0x000000ae   Code   RO         7895    i._Z11parse_arrayP5cJSONPKcPS2_  cjson.o
    0x0000d1ee   0x0000d1ee   0x00000002   PAD
    0x0000d1f0   0x0000d1f0   0x000000c0   Code   RO         7896    i._Z11parse_valueP5cJSONPKcPS2_  cjson.o
    0x0000d2b0   0x0000d2b0   0x00000028   Code   RO         8547    i._Z12md5CalculatePhi  md5std.o
    0x0000d2d8   0x0000d2d8   0x000007d4   Code   RO         8548    i._Z12md5TransformPjPh  md5std.o
    0x0000daac   0x0000daac   0x000001c8   Code   RO         7900    i._Z12parse_numberP5cJSONPKc  cjson.o
    0x0000dc74   0x0000dc74   0x00000116   Code   RO         7901    i._Z12parse_objectP5cJSONPKcPS2_  cjson.o
    0x0000dd8a   0x0000dd8a   0x00000002   PAD
    0x0000dd8c   0x0000dd8c   0x0000020c   Code   RO         7902    i._Z12parse_stringP5cJSONPKcPS2_  cjson.o
    0x0000df98   0x0000df98   0x000001e8   Code   RO         3000    i._Z13Internet_initv  socket sharing_main.o
    0x0000e180   0x0000e180   0x0000010c   Code   RO         3001    i._Z13netWorkThreadPv  socket sharing_main.o
    0x0000e28c   0x0000e28c   0x00000098   Code   RO         8354    i._Z13recvMsgHandlev  socket_sharing.o
    0x0000e324   0x0000e324   0x00000016   Code   RO         3002    i._Z14NVIC_EnableIRQ4IRQn  socket sharing_main.o
    0x0000e33a   0x0000e33a   0x00000002   PAD
    0x0000e33c   0x0000e33c   0x00000020   Code   RO         7907    i._Z14cJSON_New_Itemv  cjson.o
    0x0000e35c   0x0000e35c   0x0000061c   Code   RO         3003    i._Z14openPortSwitchv  socket sharing_main.o
    0x0000e978   0x0000e978   0x00000022   Code   RO         8310    i._Z15calculate_crc16Pcj  lib_crc16.o
    0x0000e99a   0x0000e99a   0x00000002   PAD
    0x0000e99c   0x0000e99c   0x00000618   Code   RO         3004    i._Z15closePortSwitchv  socket sharing_main.o
    0x0000efb4   0x0000efb4   0x000000fc   Code   RO         3005    i._Z15heartbeatThreadPv  socket sharing_main.o
    0x0000f0b0   0x0000f0b0   0x0000000c   Code   RO         3006    i._Z15initEventHandlev  socket sharing_main.o
    0x0000f0bc   0x0000f0bc   0x0000004c   Code   RO         7908    i._Z16cJSON_strcasecmpPKcS0_  cjson.o
    0x0000f108   0x0000f108   0x0000003c   Code   RO         8480    i._Z16calculateBinSizePci  ota.o
    0x0000f144   0x0000f144   0x00000258   Code   RO         8355    i._Z16cmdMsgRespHandle5MSGID  socket_sharing.o
    0x0000f39c   0x0000f39c   0x000004fc   Code   RO         8356    i._Z16parseRecvMsgInfoPc  socket_sharing.o
    0x0000f898   0x0000f898   0x00000028   Code   RO         3007    i._Z17CLOCK_EnableClock14_clock_ip_name  socket sharing_main.o
    0x0000f8c0   0x0000f8c0   0x0000019c   Code   RO         3008    i._Z17respondPortSwitchv  socket sharing_main.o
    0x0000fa5c   0x0000fa5c   0x00000018   Code   RO         8311    i._Z17update_crc16_A001tc  lib_crc16.o
    0x0000fa74   0x0000fa74   0x0000028c   Code   RO         8357    i._Z18parseBincodeBufferPc  socket_sharing.o
    0x0000fd00   0x0000fd00   0x00000488   Code   RO         3009    i._Z19checkChargingFinishv  socket sharing_main.o
    0x00010188   0x00010188   0x000003a8   Code   RO         8358    i._Z19notifyMsgSendHandle5MSGID  socket_sharing.o
    0x00010530   0x00010530   0x0000006c   Code   RO         3010    i._Z20timerOneSecondThreadPv  socket sharing_main.o
    0x0001059c   0x0001059c   0x000000c8   Code   RO         3011    i._Z21checkNetworkAvailablev  socket sharing_main.o
    0x00010664   0x00010664   0x0000000a   Code   RO         3012    i._Z22USART_EnableInterruptsP10USART_Typej  socket sharing_main.o
    0x0001066e   0x0001066e   0x00000002   PAD
    0x00010670   0x00010670   0x00000694   Code   RO         3013    i._Z22setAllPortStatusSwitchv  socket sharing_main.o
    0x00010d04   0x00010d04   0x00000016   Code   RO         8313    i._Z22update_crc16_reflectedPKttc  lib_crc16.o
    0x00010d1a   0x00010d1a   0x00000012   Code   RO         7911    i._Z4skipPKc        cjson.o
    0x00010d2c   0x00010d2c   0x00000264   Code   RO         8481    i._Z7OTAInitv       ota.o
    0x00010f90   0x00010f90   0x00000024   Code   RO         8549    i._Z7md5InitP12_md5_std_ctx  md5std.o
    0x00010fb4   0x00010fb4   0x00000054   Code   RO         8550    i._Z8md5FinalP12_md5_std_ctxPh  md5std.o
    0x00011008   0x00011008   0x00000016   Code   RO         3014    i._Z9EnableIRQ4IRQn  socket sharing_main.o
    0x0001101e   0x0001101e   0x00000002   PAD
    0x00011020   0x00011020   0x000000c0   Code   RO         3015    i._Z9apiHandlev     socket sharing_main.o
    0x000110e0   0x000110e0   0x00000032   Code   RO         8551    i._Z9md5DecodePjPhj  md5std.o
    0x00011112   0x00011112   0x0000003e   Code   RO         8552    i._Z9md5EncodePhPjj  md5std.o
    0x00011150   0x00011150   0x0000008c   Code   RO         8553    i._Z9md5UpdateP12_md5_std_ctxPhj  md5std.o
    0x000111dc   0x000111dc   0x00000020   Code   RO         8935    i.__0printf         mc_w.l(printfa.o)
    0x000111fc   0x000111fc   0x00000028   Code   RO         8937    i.__0sprintf        mc_w.l(printfa.o)
    0x00011224   0x00011224   0x00000030   Code   RO         9031    i.__ARM_fpclassify  m_wm.l(fpclassify.o)
    0x00011254   0x00011254   0x00000044   Code   RO         1815    i.__aeabi_assert    fsl_common.o
    0x00011298   0x00011298   0x00000050   Code   RO         8963    i.__free$2region    mc_w.l(malloc2.o)
    0x000112e8   0x000112e8   0x000000d0   Code   RO         8651    i.__hardfp_modf     m_wm.l(modf.o)
    0x000113b8   0x000113b8   0x00000c50   Code   RO         8657    i.__hardfp_pow      m_wm.l(pow.o)
    0x00012008   0x00012008   0x000000f8   Code   RO         9033    i.__kernel_poly     m_wm.l(poly.o)
    0x00012100   0x00012100   0x0000006c   Code   RO         8964    i.__malloc$2region  mc_w.l(malloc2.o)
    0x0001216c   0x0001216c   0x00000004   PAD
    0x00012170   0x00012170   0x00000030   Code   RO         9017    i.__mathlib_dbl_divzero  m_wm.l(dunder.o)
    0x000121a0   0x000121a0   0x00000014   Code   RO         9019    i.__mathlib_dbl_infnan2  m_wm.l(dunder.o)
    0x000121b4   0x000121b4   0x00000004   PAD
    0x000121b8   0x000121b8   0x00000020   Code   RO         9020    i.__mathlib_dbl_invalid  m_wm.l(dunder.o)
    0x000121d8   0x000121d8   0x00000020   Code   RO         9021    i.__mathlib_dbl_overflow  m_wm.l(dunder.o)
    0x000121f8   0x000121f8   0x00000020   Code   RO         9023    i.__mathlib_dbl_underflow  m_wm.l(dunder.o)
    0x00012218   0x00012218   0x0000000e   Code   RO         9109    i.__scatterload_copy  mc_w.l(handlers.o)
    0x00012226   0x00012226   0x00000002   Code   RO         9110    i.__scatterload_null  mc_w.l(handlers.o)
    0x00012228   0x00012228   0x0000000e   Code   RO         9111    i.__scatterload_zeroinit  mc_w.l(handlers.o)
    0x00012236   0x00012236   0x00000002   PAD
    0x00012238   0x00012238   0x0000000c   Code   RO         9074    i.__set_errno       mc_w.l(errno.o)
    0x00012244   0x00012244   0x00000184   Code   RO         8942    i._fp_digits        mc_w.l(printfa.o)
    0x000123c8   0x000123c8   0x000006dc   Code   RO         8943    i._printf_core      mc_w.l(printfa.o)
    0x00012aa4   0x00012aa4   0x00000024   Code   RO         8944    i._printf_post_padding  mc_w.l(printfa.o)
    0x00012ac8   0x00012ac8   0x0000002e   Code   RO         8945    i._printf_pre_padding  mc_w.l(printfa.o)
    0x00012af6   0x00012af6   0x0000000a   Code   RO         8947    i._sputc            mc_w.l(printfa.o)
    0x00012b00   0x00012b00   0x00000058   Code   RO         7932    i.cJSON_Delete      cjson.o
    0x00012b58   0x00012b58   0x0000001a   Code   RO         7938    i.cJSON_GetArrayItem  cjson.o
    0x00012b72   0x00012b72   0x00000012   Code   RO         7939    i.cJSON_GetArraySize  cjson.o
    0x00012b84   0x00012b84   0x00000026   Code   RO         7941    i.cJSON_GetObjectItem  cjson.o
    0x00012baa   0x00012baa   0x00000010   Code   RO         7946    i.cJSON_Parse       cjson.o
    0x00012bba   0x00012bba   0x00000002   PAD
    0x00012bbc   0x00012bbc   0x00000070   Code   RO         7947    i.cJSON_ParseWithOpts  cjson.o
    0x00012c2c   0x00012c2c   0x00000022   Code   RO         7405    i.calculate_crc16   eeprom_api.o
    0x00012c4e   0x00012c4e   0x00000002   PAD
    0x00012c50   0x00012c50   0x0000001c   Code   RO         5949    i.cyclic_timer      timeouts.o
    0x00012c6c   0x00012c6c   0x0000004c   Code   RO         6160    i.dhcp_arp_reply    dhcp.o
    0x00012cb8   0x00012cb8   0x00000164   Code   RO         6161    i.dhcp_bind         dhcp.o
    0x00012e1c   0x00012e1c   0x0000004c   Code   RO         6162    i.dhcp_check        dhcp.o
    0x00012e68   0x00012e68   0x00000078   Code   RO         6164    i.dhcp_coarse_tmr   dhcp.o
    0x00012ee0   0x00012ee0   0x0000025c   Code   RO         6165    i.dhcp_create_msg   dhcp.o
    0x0001313c   0x0001313c   0x000000a8   Code   RO         6167    i.dhcp_decline      dhcp.o
    0x000131e4   0x000131e4   0x000000b4   Code   RO         6168    i.dhcp_delete_msg   dhcp.o
    0x00013298   0x00013298   0x000000f4   Code   RO         6169    i.dhcp_discover     dhcp.o
    0x0001338c   0x0001338c   0x00000040   Code   RO         6170    i.dhcp_fine_tmr     dhcp.o
    0x000133cc   0x000133cc   0x0000003c   Code   RO         6177    i.dhcp_option       dhcp.o
    0x00013408   0x00013408   0x00000060   Code   RO         6178    i.dhcp_option_byte  dhcp.o
    0x00013468   0x00013468   0x00000094   Code   RO         6179    i.dhcp_option_long  dhcp.o
    0x000134fc   0x000134fc   0x00000038   Code   RO         6180    i.dhcp_option_short  dhcp.o
    0x00013534   0x00013534   0x000000f8   Code   RO         6181    i.dhcp_option_trailer  dhcp.o
    0x0001362c   0x0001362c   0x000000d0   Code   RO         6183    i.dhcp_rebind       dhcp.o
    0x000136fc   0x000136fc   0x000000ec   Code   RO         6184    i.dhcp_reboot       dhcp.o
    0x000137e8   0x000137e8   0x000000b8   Code   RO         6186    i.dhcp_release      dhcp.o
    0x000138a0   0x000138a0   0x000000d0   Code   RO         6187    i.dhcp_renew        dhcp.o
    0x00013970   0x00013970   0x00000114   Code   RO         6188    i.dhcp_select       dhcp.o
    0x00013a84   0x00013a84   0x00000010   Code   RO         6189    i.dhcp_set_state    dhcp.o
    0x00013a94   0x00013a94   0x00000022   Code   RO         6193    i.dhcp_supplied_address  dhcp.o
    0x00013ab6   0x00013ab6   0x0000004a   Code   RO         6194    i.dhcp_t1_timeout   dhcp.o
    0x00013b00   0x00013b00   0x00000050   Code   RO         6195    i.dhcp_t2_timeout   dhcp.o
    0x00013b50   0x00013b50   0x00000088   Code   RO         6196    i.dhcp_timeout      dhcp.o
    0x00013bd8   0x00013bd8   0x00000054   Code   RO         5004    i.do_memp_free_pool  memp.o
    0x00013c2c   0x00013c2c   0x00000064   Code   RO         5005    i.do_memp_malloc_pool  memp.o
    0x00013c90   0x00013c90   0x00000024   Code   RO         7407    i.eeprom_init       eeprom_api.o
    0x00013cb4   0x00013cb4   0x00000014   Code   RO         3550    i.enet_get_rx_frame_size  ethernetif.o
    0x00013cc8   0x00013cc8   0x00000056   Code   RO         3551    i.enet_get_tx_buffer  ethernetif.o
    0x00013d1e   0x00013d1e   0x00000002   PAD
    0x00013d20   0x00013d20   0x00000150   Code   RO         3552    i.enet_init         ethernetif.o
    0x00013e70   0x00013e70   0x0000001a   Code   RO         3553    i.enet_read_frame   ethernetif.o
    0x00013e8a   0x00013e8a   0x0000003e   Code   RO         3554    i.enet_send_frame   ethernetif.o
    0x00013ec8   0x00013ec8   0x0000003c   Code   RO         7809    i.erase_page        flash_api.o
    0x00013f04   0x00013f04   0x000000b4   Code   RO         7810    i.erase_sector      flash_api.o
    0x00013fb8   0x00013fb8   0x000001ac   Code   RO         4089    i.err_tcp           api_msg.o
    0x00014164   0x00014164   0x00000260   Code   RO         6384    i.etharp_find_entry  etharp.o
    0x000143c4   0x000143c4   0x00000078   Code   RO         6385    i.etharp_free_entry  etharp.o
    0x0001443c   0x0001443c   0x00000124   Code   RO         6387    i.etharp_input      etharp.o
    0x00014560   0x00014560   0x0000017c   Code   RO         6388    i.etharp_output     etharp.o
    0x000146dc   0x000146dc   0x000000fc   Code   RO         6389    i.etharp_output_to_arp_index  etharp.o
    0x000147d8   0x000147d8   0x00000218   Code   RO         6390    i.etharp_query      etharp.o
    0x000149f0   0x000149f0   0x0000010c   Code   RO         6391    i.etharp_raw        etharp.o
    0x00014afc   0x00014afc   0x0000001c   Code   RO         6392    i.etharp_request    etharp.o
    0x00014b18   0x00014b18   0x0000002c   Code   RO         6393    i.etharp_request_dst  etharp.o
    0x00014b44   0x00014b44   0x000000e4   Code   RO         6394    i.etharp_tmr        etharp.o
    0x00014c28   0x00014c28   0x000000fc   Code   RO         6395    i.etharp_update_arp_entry  etharp.o
    0x00014d24   0x00014d24   0x0000006c   Code   RO         3555    i.ethernet_callback  ethernetif.o
    0x00014d90   0x00014d90   0x000000dc   Code   RO         6836    i.ethernet_input    ethernet.o
    0x00014e6c   0x00014e6c   0x000000a0   Code   RO         6837    i.ethernet_output   ethernet.o
    0x00014f0c   0x00014f0c   0x0000005c   Code   RO         3556    i.ethernetif_init   ethernetif.o
    0x00014f68   0x00014f68   0x00000044   Code   RO         3557    i.ethernetif_input  ethernetif.o
    0x00014fac   0x00014fac   0x00000018   Code   RO         8641    i.fabs              m_wm.l(fabs.o)
    0x00014fc4   0x00014fc4   0x00000024   Code   RO         3453    i.fputc             fsl_debug_console.o
    0x00014fe8   0x00014fe8   0x00000012   Code   RO         3558    i.get_rx_desc       ethernetif.o
    0x00014ffa   0x00014ffa   0x00000012   Code   RO         3559    i.get_tx_desc       ethernetif.o
    0x0001500c   0x0001500c   0x000000d4   Code   RO         3017    i.gpio_init         socket sharing_main.o
    0x000150e0   0x000150e0   0x00000014   Code   RO         2171    i.iap_entry         fsl_flashiap.o
    0x000150f4   0x000150f4   0x00000012   Code   RO         6478    i.icmp_dest_unreach  icmp.o
    0x00015106   0x00015106   0x00000002   PAD
    0x00015108   0x00015108   0x00000274   Code   RO         6479    i.icmp_input        icmp.o
    0x0001537c   0x0001537c   0x000000bc   Code   RO         6480    i.icmp_send_response  icmp.o
    0x00015438   0x00015438   0x00000012   Code   RO         6481    i.icmp_time_exceeded  icmp.o
    0x0001544a   0x0001544a   0x00000014   Code   RO         4813    i.inet_chksum       inet_chksum.o
    0x0001545e   0x0001545e   0x00000052   Code   RO         4814    i.inet_chksum_pbuf  inet_chksum.o
    0x000154b0   0x000154b0   0x0000004c   Code   RO         4815    i.inet_chksum_pseudo  inet_chksum.o
    0x000154fc   0x000154fc   0x00000086   Code   RO         4817    i.inet_cksum_pseudo_base  inet_chksum.o
    0x00015582   0x00015582   0x0000004e   Code   RO         6575    i.ip4_addr_isbroadcast_u32  ip4_addr.o
    0x000155d0   0x000155d0   0x00000240   Code   RO         6636    i.ip4_frag          ip4_frag.o
    0x00015810   0x00015810   0x00000250   Code   RO         6529    i.ip4_input         ip4.o
    0x00015a60   0x00015a60   0x00000036   Code   RO         6531    i.ip4_output_if     ip4.o
    0x00015a96   0x00015a96   0x00000002   PAD
    0x00015a98   0x00015a98   0x00000168   Code   RO         6532    i.ip4_output_if_src  ip4.o
    0x00015c00   0x00015c00   0x000001c4   Code   RO         6637    i.ip4_reass         ip4_frag.o
    0x00015dc4   0x00015dc4   0x00000094   Code   RO         6533    i.ip4_route         ip4.o
    0x00015e58   0x00015e58   0x00000024   Code   RO         4819    i.ip_chksum_pseudo  inet_chksum.o
    0x00015e7c   0x00015e7c   0x0000000a   Code   RO         6638    i.ip_frag_alloc_pbuf_custom_ref  ip4_frag.o
    0x00015e86   0x00015e86   0x00000002   PAD
    0x00015e88   0x00015e88   0x00000028   Code   RO         6639    i.ip_frag_free_pbuf_custom_ref  ip4_frag.o
    0x00015eb0   0x00015eb0   0x00000270   Code   RO         6640    i.ip_reass_chain_frag_into_datagram_and_validate  ip4_frag.o
    0x00016120   0x00016120   0x00000050   Code   RO         6641    i.ip_reass_dequeue_datagram  ip4_frag.o
    0x00016170   0x00016170   0x00000058   Code   RO         6642    i.ip_reass_enqueue_new_datagram  ip4_frag.o
    0x000161c8   0x000161c8   0x00000140   Code   RO         6643    i.ip_reass_free_complete_datagram  ip4_frag.o
    0x00016308   0x00016308   0x00000088   Code   RO         6644    i.ip_reass_remove_oldest_datagram  ip4_frag.o
    0x00016390   0x00016390   0x0000003c   Code   RO         6645    i.ip_reass_tmr      ip4_frag.o
    0x000163cc   0x000163cc   0x0000004c   Code   RO         6646    i.ipfrag_free_pbuf_custom  ip4_frag.o
    0x00016418   0x00016418   0x0000004c   Code   RO         3560    i.low_level_init    ethernetif.o
    0x00016464   0x00016464   0x000000ae   Code   RO         3561    i.low_level_input   ethernetif.o
    0x00016512   0x00016512   0x00000002   PAD
    0x00016514   0x00016514   0x000000a8   Code   RO         3562    i.low_level_output  ethernetif.o
    0x000165bc   0x000165bc   0x0000001a   Code   RO         4748    i.lwip_htonl        def.o
    0x000165d6   0x000165d6   0x0000000c   Code   RO         4749    i.lwip_htons        def.o
    0x000165e2   0x000165e2   0x00000024   Code   RO         4882    i.lwip_init         init.o
    0x00016606   0x00016606   0x00000002   PAD
    0x00016608   0x00016608   0x0000010c   Code   RO         4092    i.lwip_netconn_do_close  api_msg.o
    0x00016714   0x00016714   0x000002cc   Code   RO         4093    i.lwip_netconn_do_close_internal  api_msg.o
    0x000169e0   0x000169e0   0x0000016c   Code   RO         4094    i.lwip_netconn_do_connect  api_msg.o
    0x00016b4c   0x00016b4c   0x0000015c   Code   RO         4095    i.lwip_netconn_do_connected  api_msg.o
    0x00016ca8   0x00016ca8   0x000001cc   Code   RO         4096    i.lwip_netconn_do_delconn  api_msg.o
    0x00016e74   0x00016e74   0x00000040   Code   RO         4100    i.lwip_netconn_do_newconn  api_msg.o
    0x00016eb4   0x00016eb4   0x00000070   Code   RO         4101    i.lwip_netconn_do_recv  api_msg.o
    0x00016f24   0x00016f24   0x00000128   Code   RO         4103    i.lwip_netconn_do_write  api_msg.o
    0x0001704c   0x0001704c   0x000002c8   Code   RO         4104    i.lwip_netconn_do_writemore  api_msg.o
    0x00017314   0x00017314   0x0000005e   Code   RO         4821    i.lwip_standard_chksum  inet_chksum.o
    0x00017372   0x00017372   0x00000002   PAD
    0x00017374   0x00017374   0x00000290   Code   RO         3018    i.main              socket sharing_main.o
    0x00017604   0x00017604   0x000000f0   Code   RO         4949    i.mem_free          mem.o
    0x000176f4   0x000176f4   0x00000090   Code   RO         4950    i.mem_init          mem.o
    0x00017784   0x00017784   0x00000204   Code   RO         4951    i.mem_malloc        mem.o
    0x00017988   0x00017988   0x00000180   Code   RO         4952    i.mem_trim          mem.o
    0x00017b08   0x00017b08   0x0000004c   Code   RO         5006    i.memp_free         memp.o
    0x00017b54   0x00017b54   0x00000020   Code   RO         5008    i.memp_init         memp.o
    0x00017b74   0x00017b74   0x0000002c   Code   RO         5009    i.memp_init_pool    memp.o
    0x00017ba0   0x00017ba0   0x0000004c   Code   RO         5010    i.memp_malloc       memp.o
    0x00017bec   0x00017bec   0x000000b0   Code   RO         4309    i.netbuf_data       netbuf.o
    0x00017c9c   0x00017c9c   0x00000020   Code   RO         4310    i.netbuf_delete     netbuf.o
    0x00017cbc   0x00017cbc   0x000000c0   Code   RO         4105    i.netconn_alloc     api_msg.o
    0x00017d7c   0x00017d7c   0x00000026   Code   RO         3913    i.netconn_apimsg    api_lib.o
    0x00017da2   0x00017da2   0x00000002   PAD
    0x00017da4   0x00017da4   0x00000058   Code   RO         3916    i.netconn_close_shutdown  api_lib.o
    0x00017dfc   0x00017dfc   0x00000060   Code   RO         3917    i.netconn_connect   api_lib.o
    0x00017e5c   0x00017e5c   0x00000034   Code   RO         3918    i.netconn_delete    api_lib.o
    0x00017e90   0x00017e90   0x000000b0   Code   RO         4106    i.netconn_drain     api_msg.o
    0x00017f40   0x00017f40   0x000000fc   Code   RO         4107    i.netconn_free      api_msg.o
    0x0001803c   0x0001803c   0x00000128   Code   RO         3922    i.netconn_new_with_proto_and_callback  api_lib.o
    0x00018164   0x00018164   0x000000dc   Code   RO         3923    i.netconn_recv      api_lib.o
    0x00018240   0x00018240   0x0000019c   Code   RO         3924    i.netconn_recv_data  api_lib.o
    0x000183dc   0x000183dc   0x000000e0   Code   RO         3929    i.netconn_write_partly  api_lib.o
    0x000184bc   0x000184bc   0x000000b4   Code   RO         5092    i.netif_add         netif.o
    0x00018570   0x00018570   0x00000002   Code   RO         5094    i.netif_init        netif.o
    0x00018572   0x00018572   0x00000024   Code   RO         5096    i.netif_issue_reports  netif.o
    0x00018596   0x00018596   0x00000048   Code   RO         5098    i.netif_set_addr    netif.o
    0x000185de   0x000185de   0x00000002   PAD
    0x000185e0   0x000185e0   0x00000010   Code   RO         5099    i.netif_set_default  netif.o
    0x000185f0   0x000185f0   0x00000010   Code   RO         5101    i.netif_set_gw      netif.o
    0x00018600   0x00018600   0x0000005c   Code   RO         5102    i.netif_set_ipaddr  netif.o
    0x0001865c   0x0001865c   0x00000010   Code   RO         5105    i.netif_set_netmask  netif.o
    0x0001866c   0x0001866c   0x0000002c   Code   RO         5106    i.netif_set_up      netif.o
    0x00018698   0x00018698   0x00000364   Code   RO         5211    i.pbuf_alloc        pbuf.o
    0x000189fc   0x000189fc   0x000000b0   Code   RO         5212    i.pbuf_alloced_custom  pbuf.o
    0x00018aac   0x00018aac   0x000000d0   Code   RO         5213    i.pbuf_cat          pbuf.o
    0x00018b7c   0x00018b7c   0x0000001a   Code   RO         5214    i.pbuf_chain        pbuf.o
    0x00018b96   0x00018b96   0x00000012   Code   RO         5215    i.pbuf_clen         pbuf.o
    0x00018ba8   0x00018ba8   0x00000198   Code   RO         5217    i.pbuf_copy         pbuf.o
    0x00018d40   0x00018d40   0x000000e4   Code   RO         5218    i.pbuf_copy_partial  pbuf.o
    0x00018e24   0x00018e24   0x00000140   Code   RO         5220    i.pbuf_free         pbuf.o
    0x00018f64   0x00018f64   0x00000012   Code   RO         5222    i.pbuf_header       pbuf.o
    0x00018f76   0x00018f76   0x00000012   Code   RO         5223    i.pbuf_header_force  pbuf.o
    0x00018f88   0x00018f88   0x000000f4   Code   RO         5224    i.pbuf_header_impl  pbuf.o
    0x0001907c   0x0001907c   0x00000140   Code   RO         5228    i.pbuf_realloc      pbuf.o
    0x000191bc   0x000191bc   0x0000001e   Code   RO         5229    i.pbuf_ref          pbuf.o
    0x000191da   0x000191da   0x00000002   PAD
    0x000191dc   0x000191dc   0x000000c4   Code   RO         4108    i.pcb_new           api_msg.o
    0x000192a0   0x000192a0   0x0000013c   Code   RO         4953    i.plug_holes        mem.o
    0x000193dc   0x000193dc   0x0000009c   Code   RO         4109    i.poll_tcp          api_msg.o
    0x00019478   0x00019478   0x00000078   Code   RO         7811    i.program_flash     flash_api.o
    0x000194f0   0x000194f0   0x00000098   Code   RO            6    i.prvAddCurrentTaskToDelayedList  tasks.o
    0x00019588   0x00019588   0x000000b8   Code   RO            7    i.prvAddNewTaskToReadyList  tasks.o
    0x00019640   0x00019640   0x00000064   Code   RO         2763    i.prvCheckForValidListAndQueue  timers.o
    0x000196a4   0x000196a4   0x00000064   Code   RO            8    i.prvCheckTasksWaitingTermination  tasks.o
    0x00019708   0x00019708   0x0000002a   Code   RO         2566    i.prvCopyDataFromQueue  queue.o
    0x00019732   0x00019732   0x0000007c   Code   RO         2567    i.prvCopyDataToQueue  queue.o
    0x000197ae   0x000197ae   0x00000012   Code   RO            9    i.prvDeleteTCB      tasks.o
    0x000197c0   0x000197c0   0x00000028   Code   RO         2764    i.prvGetNextExpireTime  timers.o
    0x000197e8   0x000197e8   0x00000028   Code   RO           10    i.prvIdleTask       tasks.o
    0x00019810   0x00019810   0x0000001c   Code   RO         2568    i.prvInitialiseMutex  queue.o
    0x0001982c   0x0001982c   0x0000002a   Code   RO         2569    i.prvInitialiseNewQueue  queue.o
    0x00019856   0x00019856   0x000000c8   Code   RO           11    i.prvInitialiseNewTask  tasks.o
    0x0001991e   0x0001991e   0x00000002   PAD
    0x00019920   0x00019920   0x00000068   Code   RO           12    i.prvInitialiseTaskLists  tasks.o
    0x00019988   0x00019988   0x00000058   Code   RO         2766    i.prvInsertTimerInActiveList  timers.o
    0x000199e0   0x000199e0   0x0000001a   Code   RO         2570    i.prvIsQueueEmpty   queue.o
    0x000199fa   0x000199fa   0x0000001e   Code   RO         2571    i.prvIsQueueFull    queue.o
    0x00019a18   0x00019a18   0x00000064   Code   RO         2767    i.prvProcessExpiredTimer  timers.o
    0x00019a7c   0x00019a7c   0x00000124   Code   RO         2768    i.prvProcessReceivedCommands  timers.o
    0x00019ba0   0x00019ba0   0x00000074   Code   RO         2769    i.prvProcessTimerOrBlockTask  timers.o
    0x00019c14   0x00019c14   0x00000034   Code   RO           14    i.prvResetNextTaskUnblockTime  tasks.o
    0x00019c48   0x00019c48   0x0000002c   Code   RO         2770    i.prvSampleTimeNow  timers.o
    0x00019c74   0x00019c74   0x000000a0   Code   RO         2771    i.prvSwitchTimerLists  timers.o
    0x00019d14   0x00019d14   0x00000040   Code   RO          516    i.prvTaskExitError  port.o
    0x00019d54   0x00019d54   0x0000001e   Code   RO         2905    i.prvTestWaitCondition  event_groups.o
    0x00019d72   0x00019d72   0x0000001a   Code   RO         2772    i.prvTimerTask      timers.o
    0x00019d8c   0x00019d8c   0x0000007e   Code   RO         2572    i.prvUnlockQueue    queue.o
    0x00019e0a   0x00019e0a   0x00000018   Code   RO         2502    i.pvPortMalloc      heap_3.o
    0x00019e22   0x00019e22   0x00000002   PAD
    0x00019e24   0x00019e24   0x00000020   Code   RO           19    i.pvTaskIncrementMutexHeldCount  tasks.o
    0x00019e44   0x00019e44   0x0000002c   Code   RO          517    i.pxPortInitialiseStack  port.o
    0x00019e70   0x00019e70   0x0000001c   Code   RO         5374    i.raw_connect       raw.o
    0x00019e8c   0x00019e8c   0x00000094   Code   RO         5375    i.raw_input         raw.o
    0x00019f20   0x00019f20   0x0000002c   Code   RO         5376    i.raw_input_match   raw.o
    0x00019f4c   0x00019f4c   0x00000030   Code   RO         5377    i.raw_netif_ip_addr_changed  raw.o
    0x00019f7c   0x00019f7c   0x00000034   Code   RO         5378    i.raw_new           raw.o
    0x00019fb0   0x00019fb0   0x00000006   Code   RO         5380    i.raw_recv          raw.o
    0x00019fb6   0x00019fb6   0x00000002   PAD
    0x00019fb8   0x00019fb8   0x00000044   Code   RO         5381    i.raw_remove        raw.o
    0x00019ffc   0x00019ffc   0x00000030   Code   RO         7408    i.readFromEEPROM    eeprom_api.o
    0x0001a02c   0x0001a02c   0x0000009c   Code   RO         4110    i.recv_raw          api_msg.o
    0x0001a0c8   0x0001a0c8   0x0000011c   Code   RO         4111    i.recv_tcp          api_msg.o
    0x0001a1e4   0x0001a1e4   0x00000110   Code   RO         4112    i.recv_udp          api_msg.o
    0x0001a2f4   0x0001a2f4   0x00000084   Code   RO         4113    i.sent_tcp          api_msg.o
    0x0001a378   0x0001a378   0x00000044   Code   RO         4114    i.setup_tcp         api_msg.o
    0x0001a3bc   0x0001a3bc   0x0000006e   Code   RO         9038    i.sqrt              m_wm.l(sqrt.o)
    0x0001a42a   0x0001a42a   0x0000006e   Code   RO         3758    i.sys_arch_mbox_fetch  sys_arch.o
    0x0001a498   0x0001a498   0x00000026   Code   RO         3759    i.sys_arch_mbox_tryfetch  sys_arch.o
    0x0001a4be   0x0001a4be   0x00000030   Code   RO         3760    i.sys_arch_protect  sys_arch.o
    0x0001a4ee   0x0001a4ee   0x00000060   Code   RO         3761    i.sys_arch_sem_wait  sys_arch.o
    0x0001a54e   0x0001a54e   0x0000001c   Code   RO         3762    i.sys_arch_unprotect  sys_arch.o
    0x0001a56a   0x0001a56a   0x00000002   PAD
    0x0001a56c   0x0001a56c   0x0000001c   Code   RO         3763    i.sys_assert        sys_arch.o
    0x0001a588   0x0001a588   0x0000007c   Code   RO         5950    i.sys_check_timeouts  timeouts.o
    0x0001a604   0x0001a604   0x00000002   Code   RO         3764    i.sys_init          sys_arch.o
    0x0001a606   0x0001a606   0x00000034   Code   RO         3765    i.sys_mbox_free     sys_arch.o
    0x0001a63a   0x0001a63a   0x00000020   Code   RO         3766    i.sys_mbox_new      sys_arch.o
    0x0001a65a   0x0001a65a   0x00000002   PAD
    0x0001a65c   0x0001a65c   0x00000078   Code   RO         3768    i.sys_mbox_trypost  sys_arch.o
    0x0001a6d4   0x0001a6d4   0x00000018   Code   RO         3770    i.sys_mutex_lock    sys_arch.o
    0x0001a6ec   0x0001a6ec   0x0000001a   Code   RO         3771    i.sys_mutex_new     sys_arch.o
    0x0001a706   0x0001a706   0x00000012   Code   RO         3772    i.sys_mutex_unlock  sys_arch.o
    0x0001a718   0x0001a718   0x00000008   Code   RO         3773    i.sys_now           sys_arch.o
    0x0001a720   0x0001a720   0x0000000c   Code   RO         3774    i.sys_sem_free      sys_arch.o
    0x0001a72c   0x0001a72c   0x0000003e   Code   RO         3775    i.sys_sem_new       sys_arch.o
    0x0001a76a   0x0001a76a   0x00000012   Code   RO         3776    i.sys_sem_signal    sys_arch.o
    0x0001a77c   0x0001a77c   0x00000038   Code   RO         3777    i.sys_thread_new    sys_arch.o
    0x0001a7b4   0x0001a7b4   0x00000120   Code   RO         5952    i.sys_timeout       timeouts.o
    0x0001a8d4   0x0001a8d4   0x00000034   Code   RO         5953    i.sys_timeouts_init  timeouts.o
    0x0001a908   0x0001a908   0x00000040   Code   RO         5954    i.sys_timeouts_mbox_fetch  timeouts.o
    0x0001a948   0x0001a948   0x00000038   Code   RO         5955    i.sys_timeouts_sleeptime  timeouts.o
    0x0001a980   0x0001a980   0x00000134   Code   RO         5489    i.tcp_abandon       tcp.o
    0x0001aab4   0x0001aab4   0x0000000e   Code   RO         5490    i.tcp_abort         tcp.o
    0x0001aac2   0x0001aac2   0x00000010   Code   RO         5491    i.tcp_accept        tcp.o
    0x0001aad2   0x0001aad2   0x00000002   PAD
    0x0001aad4   0x0001aad4   0x000000d4   Code   RO         5493    i.tcp_alloc         tcp.o
    0x0001aba8   0x0001aba8   0x00000006   Code   RO         5494    i.tcp_arg           tcp.o
    0x0001abae   0x0001abae   0x00000002   PAD
    0x0001abb0   0x0001abb0   0x00000064   Code   RO         5495    i.tcp_backlog_accepted  tcp.o
    0x0001ac14   0x0001ac14   0x00000020   Code   RO         5498    i.tcp_close         tcp.o
    0x0001ac34   0x0001ac34   0x000001e0   Code   RO         5499    i.tcp_close_shutdown  tcp.o
    0x0001ae14   0x0001ae14   0x00000188   Code   RO         5500    i.tcp_connect       tcp.o
    0x0001af9c   0x0001af9c   0x000000f0   Code   RO         5843    i.tcp_create_segment  tcp_out.o
    0x0001b08c   0x0001b08c   0x0000003a   Code   RO         5502    i.tcp_eff_send_mss_impl  tcp.o
    0x0001b0c6   0x0001b0c6   0x00000002   PAD
    0x0001b0c8   0x0001b0c8   0x0000020c   Code   RO         5844    i.tcp_enqueue_flags  tcp_out.o
    0x0001b2d4   0x0001b2d4   0x00000048   Code   RO         5503    i.tcp_err           tcp.o
    0x0001b31c   0x0001b31c   0x0000007c   Code   RO         5504    i.tcp_fasttmr       tcp.o
    0x0001b398   0x0001b398   0x00000058   Code   RO         5776    i.tcp_getoptbyte    tcp_in.o
    0x0001b3f0   0x0001b3f0   0x00000002   Code   RO         5505    i.tcp_init          tcp.o
    0x0001b3f2   0x0001b3f2   0x00000002   PAD
    0x0001b3f4   0x0001b3f4   0x00000718   Code   RO         5777    i.tcp_input         tcp_in.o
    0x0001bb0c   0x0001bb0c   0x0000008a   Code   RO         5845    i.tcp_keepalive     tcp_out.o
    0x0001bb96   0x0001bb96   0x00000002   PAD
    0x0001bb98   0x0001bb98   0x0000005c   Code   RO         5506    i.tcp_kill_prio     tcp.o
    0x0001bbf4   0x0001bbf4   0x00000070   Code   RO         5507    i.tcp_kill_state    tcp.o
    0x0001bc64   0x0001bc64   0x00000040   Code   RO         5508    i.tcp_kill_timewait  tcp.o
    0x0001bca4   0x0001bca4   0x00000064   Code   RO         5509    i.tcp_listen_closed  tcp.o
    0x0001bd08   0x0001bd08   0x00000168   Code   RO         5778    i.tcp_listen_input  tcp_in.o
    0x0001be70   0x0001be70   0x00000054   Code   RO         5511    i.tcp_netif_ip_addr_changed  tcp.o
    0x0001bec4   0x0001bec4   0x0000002e   Code   RO         5512    i.tcp_netif_ip_addr_changed_pcblist  tcp.o
    0x0001bef2   0x0001bef2   0x0000000a   Code   RO         5513    i.tcp_new           tcp.o
    0x0001befc   0x0001befc   0x00000068   Code   RO         5515    i.tcp_new_port      tcp.o
    0x0001bf64   0x0001bf64   0x0000001c   Code   RO         5516    i.tcp_next_iss      tcp.o
    0x0001bf80   0x0001bf80   0x00000278   Code   RO         5846    i.tcp_output        tcp_out.o
    0x0001c1f8   0x0001c1f8   0x000000bc   Code   RO         5847    i.tcp_output_alloc_header  tcp_out.o
    0x0001c2b4   0x0001c2b4   0x000000e4   Code   RO         5848    i.tcp_output_segment  tcp_out.o
    0x0001c398   0x0001c398   0x000000b8   Code   RO         5779    i.tcp_parseopt      tcp_in.o
    0x0001c450   0x0001c450   0x00000098   Code   RO         5849    i.tcp_pbuf_prealloc  tcp_out.o
    0x0001c4e8   0x0001c4e8   0x0000005e   Code   RO         5517    i.tcp_pcb_purge     tcp.o
    0x0001c546   0x0001c546   0x00000002   PAD
    0x0001c548   0x0001c548   0x000000c0   Code   RO         5518    i.tcp_pcb_remove    tcp.o
    0x0001c608   0x0001c608   0x00000040   Code   RO         5519    i.tcp_poll          tcp.o
    0x0001c648   0x0001c648   0x00000690   Code   RO         5780    i.tcp_process       tcp_in.o
    0x0001ccd8   0x0001ccd8   0x0000009a   Code   RO         5520    i.tcp_process_refused_data  tcp.o
    0x0001cd72   0x0001cd72   0x00000002   PAD
    0x0001cd74   0x0001cd74   0x000007ec   Code   RO         5781    i.tcp_receive       tcp_in.o
    0x0001d560   0x0001d560   0x00000044   Code   RO         5521    i.tcp_recv          tcp.o
    0x0001d5a4   0x0001d5a4   0x0000002e   Code   RO         5522    i.tcp_recv_null     tcp.o
    0x0001d5d2   0x0001d5d2   0x00000002   PAD
    0x0001d5d4   0x0001d5d4   0x000000c4   Code   RO         5523    i.tcp_recved        tcp.o
    0x0001d698   0x0001d698   0x00000018   Code   RO         5524    i.tcp_remove_listener  tcp.o
    0x0001d6b0   0x0001d6b0   0x0000005a   Code   RO         5850    i.tcp_rexmit        tcp_out.o
    0x0001d70a   0x0001d70a   0x0000007c   Code   RO         5851    i.tcp_rexmit_fast   tcp_out.o
    0x0001d786   0x0001d786   0x00000044   Code   RO         5852    i.tcp_rexmit_rto    tcp_out.o
    0x0001d7ca   0x0001d7ca   0x00000002   PAD
    0x0001d7cc   0x0001d7cc   0x000000dc   Code   RO         5853    i.tcp_rst           tcp_out.o
    0x0001d8a8   0x0001d8a8   0x0000001a   Code   RO         5525    i.tcp_seg_free      tcp.o
    0x0001d8c2   0x0001d8c2   0x00000018   Code   RO         5526    i.tcp_segs_free     tcp.o
    0x0001d8da   0x0001d8da   0x00000096   Code   RO         5854    i.tcp_send_empty_ack  tcp_out.o
    0x0001d970   0x0001d970   0x0000004a   Code   RO         5855    i.tcp_send_fin      tcp_out.o
    0x0001d9ba   0x0001d9ba   0x00000002   PAD
    0x0001d9bc   0x0001d9bc   0x00000044   Code   RO         5527    i.tcp_sent          tcp.o
    0x0001da00   0x0001da00   0x00000062   Code   RO         5529    i.tcp_shutdown      tcp.o
    0x0001da62   0x0001da62   0x00000002   PAD
    0x0001da64   0x0001da64   0x00000544   Code   RO         5530    i.tcp_slowtmr       tcp.o
    0x0001dfa8   0x0001dfa8   0x00000038   Code   RO         5957    i.tcp_timer_needed  timeouts.o
    0x0001dfe0   0x0001dfe0   0x000000a4   Code   RO         5782    i.tcp_timewait_input  tcp_in.o
    0x0001e084   0x0001e084   0x00000024   Code   RO         5531    i.tcp_tmr           tcp.o
    0x0001e0a8   0x0001e0a8   0x00000014   Code   RO         5783    i.tcp_trigger_input_pcb_close  tcp_in.o
    0x0001e0bc   0x0001e0bc   0x00000078   Code   RO         5533    i.tcp_update_rcv_ann_wnd  tcp.o
    0x0001e134   0x0001e134   0x00000688   Code   RO         5856    i.tcp_write         tcp_out.o
    0x0001e7bc   0x0001e7bc   0x00000110   Code   RO         5857    i.tcp_write_checks  tcp_out.o
    0x0001e8cc   0x0001e8cc   0x00000106   Code   RO         5858    i.tcp_zero_window_probe  tcp_out.o
    0x0001e9d2   0x0001e9d2   0x00000002   PAD
    0x0001e9d4   0x0001e9d4   0x000000b8   Code   RO         4649    i.tcpip_init        tcpip.o
    0x0001ea8c   0x0001ea8c   0x00000070   Code   RO         4650    i.tcpip_inpkt       tcpip.o
    0x0001eafc   0x0001eafc   0x00000030   Code   RO         4651    i.tcpip_input       tcpip.o
    0x0001eb2c   0x0001eb2c   0x00000020   Code   RO         4652    i.tcpip_send_msg_wait_sem  tcpip.o
    0x0001eb4c   0x0001eb4c   0x00000038   Code   RO         5958    i.tcpip_tcp_timer   timeouts.o
    0x0001eb84   0x0001eb84   0x000000d4   Code   RO         4653    i.tcpip_thread      tcpip.o
    0x0001ec58   0x0001ec58   0x0000000e   Code   RO         2172    i.translate_iap_status  fsl_flashiap.o
    0x0001ec66   0x0001ec66   0x00000002   PAD
    0x0001ec68   0x0001ec68   0x000000b4   Code   RO         6029    i.udp_bind          udp.o
    0x0001ed1c   0x0001ed1c   0x0000007c   Code   RO         6030    i.udp_connect       udp.o
    0x0001ed98   0x0001ed98   0x00000002   Code   RO         6032    i.udp_init          udp.o
    0x0001ed9a   0x0001ed9a   0x00000002   PAD
    0x0001ed9c   0x0001ed9c   0x000001b8   Code   RO         6033    i.udp_input         udp.o
    0x0001ef54   0x0001ef54   0x00000048   Code   RO         6034    i.udp_input_local_match  udp.o
    0x0001ef9c   0x0001ef9c   0x00000030   Code   RO         6035    i.udp_netif_ip_addr_changed  udp.o
    0x0001efcc   0x0001efcc   0x0000001c   Code   RO         6036    i.udp_new           udp.o
    0x0001efe8   0x0001efe8   0x00000058   Code   RO         6038    i.udp_new_port      udp.o
    0x0001f040   0x0001f040   0x00000006   Code   RO         6039    i.udp_recv          udp.o
    0x0001f046   0x0001f046   0x00000002   PAD
    0x0001f048   0x0001f048   0x00000044   Code   RO         6040    i.udp_remove        udp.o
    0x0001f08c   0x0001f08c   0x00000052   Code   RO         6043    i.udp_sendto_if     udp.o
    0x0001f0de   0x0001f0de   0x00000002   PAD
    0x0001f0e0   0x0001f0e0   0x00000148   Code   RO         6044    i.udp_sendto_if_src  udp.o
    0x0001f228   0x0001f228   0x00000018   Code   RO         7410    i.update_crc16_A001  eeprom_api.o
    0x0001f240   0x0001f240   0x00000016   Code   RO         7411    i.update_crc16_reflected  eeprom_api.o
    0x0001f256   0x0001f256   0x00000002   PAD
    0x0001f258   0x0001f258   0x000000a0   Code   RO         3019    i.usart_interrupt_init  socket sharing_main.o
    0x0001f2f8   0x0001f2f8   0x00000074   Code   RO         7771    i.usart_readbyByte  usart_api.o
    0x0001f36c   0x0001f36c   0x00000028   Code   RO         2529    i.uxListRemove      list.o
    0x0001f394   0x0001f394   0x0000002a   Code   RO         2575    i.uxQueueMessagesWaiting  queue.o
    0x0001f3be   0x0001f3be   0x00000002   PAD
    0x0001f3c0   0x0001f3c0   0x0000001c   Code   RO           26    i.uxTaskResetEventItemValue  tasks.o
    0x0001f3dc   0x0001f3dc   0x00000010   Code   RO         2909    i.vEventGroupSetBitsCallback  event_groups.o
    0x0001f3ec   0x0001f3ec   0x0000001a   Code   RO         2530    i.vListInitialise   list.o
    0x0001f406   0x0001f406   0x00000006   Code   RO         2531    i.vListInitialiseItem  list.o
    0x0001f40c   0x0001f40c   0x00000034   Code   RO         2532    i.vListInsert       list.o
    0x0001f440   0x0001f440   0x00000018   Code   RO         2533    i.vListInsertEnd    list.o
    0x0001f458   0x0001f458   0x00000054   Code   RO          519    i.vPortEnterCritical  port.o
    0x0001f4ac   0x0001f4ac   0x0000003c   Code   RO          520    i.vPortExitCritical  port.o
    0x0001f4e8   0x0001f4e8   0x00000016   Code   RO         2503    i.vPortFree         heap_3.o
    0x0001f4fe   0x0001f4fe   0x00000002   PAD
    0x0001f500   0x0001f500   0x00000020   Code   RO          595    i.vPortSetupTimerInterrupt  fsl_tickless_systick.o
    0x0001f520   0x0001f520   0x00000078   Code   RO          521    i.vPortValidateInterruptPriority  port.o
    0x0001f598   0x0001f598   0x0000002c   Code   RO         2578    i.vQueueAddToRegistry  queue.o
    0x0001f5c4   0x0001f5c4   0x0000002c   Code   RO         2579    i.vQueueDelete      queue.o
    0x0001f5f0   0x0001f5f0   0x00000030   Code   RO         2581    i.vQueueUnregisterQueue  queue.o
    0x0001f620   0x0001f620   0x0000004a   Code   RO         2582    i.vQueueWaitForMessageRestricted  queue.o
    0x0001f66a   0x0001f66a   0x00000002   PAD
    0x0001f66c   0x0001f66c   0x0000005c   Code   RO           27    i.vTaskDelay        tasks.o
    0x0001f6c8   0x0001f6c8   0x0000000c   Code   RO           33    i.vTaskMissedYield  tasks.o
    0x0001f6d4   0x0001f6d4   0x00000038   Code   RO           35    i.vTaskPlaceOnEventList  tasks.o
    0x0001f70c   0x0001f70c   0x00000040   Code   RO           36    i.vTaskPlaceOnEventListRestricted  tasks.o
    0x0001f74c   0x0001f74c   0x0000006c   Code   RO           37    i.vTaskPlaceOnUnorderedEventList  tasks.o
    0x0001f7b8   0x0001f7b8   0x000000b0   Code   RO           38    i.vTaskPriorityInherit  tasks.o
    0x0001f868   0x0001f868   0x00000030   Code   RO           43    i.vTaskSetTimeOutState  tasks.o
    0x0001f898   0x0001f898   0x00000094   Code   RO           44    i.vTaskStartScheduler  tasks.o
    0x0001f92c   0x0001f92c   0x00000010   Code   RO           46    i.vTaskSuspendAll   tasks.o
    0x0001f93c   0x0001f93c   0x0000008c   Code   RO           47    i.vTaskSwitchContext  tasks.o
    0x0001f9c8   0x0001f9c8   0x00000188   Code   RO         7413    i.writeToEEPROM     eeprom_api.o
    0x0001fb50   0x0001fb50   0x0000001a   Code   RO         2912    i.xEventGroupCreate  event_groups.o
    0x0001fb6a   0x0001fb6a   0x000000ce   Code   RO         2914    i.xEventGroupSetBits  event_groups.o
    0x0001fc38   0x0001fc38   0x00000024   Code   RO         2915    i.xEventGroupSetBitsFromISR  event_groups.o
    0x0001fc5c   0x0001fc5c   0x00000154   Code   RO         2917    i.xEventGroupWaitBits  event_groups.o
    0x0001fdb0   0x0001fdb0   0x0000013c   Code   RO          522    i.xPortStartScheduler  port.o
    0x0001feec   0x0001feec   0x00000022   Code   RO         2584    i.xQueueCreateMutex  queue.o
    0x0001ff0e   0x0001ff0e   0x00000058   Code   RO         2585    i.xQueueGenericCreate  queue.o
    0x0001ff66   0x0001ff66   0x00000002   PAD
    0x0001ff68   0x0001ff68   0x000001c4   Code   RO         2586    i.xQueueGenericReceive  queue.o
    0x0002012c   0x0002012c   0x00000098   Code   RO         2587    i.xQueueGenericReset  queue.o
    0x000201c4   0x000201c4   0x000001a8   Code   RO         2588    i.xQueueGenericSend  queue.o
    0x0002036c   0x0002036c   0x000000f8   Code   RO         2589    i.xQueueGenericSendFromISR  queue.o
    0x00020464   0x00020464   0x0000002a   Code   RO         2593    i.xQueueIsQueueFullFromISR  queue.o
    0x0002048e   0x0002048e   0x00000002   PAD
    0x00020490   0x00020490   0x0000008c   Code   RO           48    i.xTaskCheckForTimeOut  tasks.o
    0x0002051c   0x0002051c   0x00000060   Code   RO           49    i.xTaskCreate       tasks.o
    0x0002057c   0x0002057c   0x00000020   Code   RO           53    i.xTaskGetSchedulerState  tasks.o
    0x0002059c   0x0002059c   0x0000000c   Code   RO           54    i.xTaskGetTickCount  tasks.o
    0x000205a8   0x000205a8   0x0000012c   Code   RO           56    i.xTaskIncrementTick  tasks.o
    0x000206d4   0x000206d4   0x000000c8   Code   RO           59    i.xTaskPriorityDisinherit  tasks.o
    0x0002079c   0x0002079c   0x00000098   Code   RO           60    i.xTaskRemoveFromEventList  tasks.o
    0x00020834   0x00020834   0x000000b0   Code   RO           61    i.xTaskRemoveFromUnorderedEventList  tasks.o
    0x000208e4   0x000208e4   0x00000104   Code   RO           62    i.xTaskResumeAll    tasks.o
    0x000209e8   0x000209e8   0x00000054   Code   RO         2776    i.xTimerCreateTimerTask  timers.o
    0x00020a3c   0x00020a3c   0x00000084   Code   RO         2777    i.xTimerGenericCommand  timers.o
    0x00020ac0   0x00020ac0   0x00000034   Code   RO         2783    i.xTimerPendFunctionCallFromISR  timers.o
    0x00020af4   0x00020af4   0x00000010   Data   RO           65    .constdata          tasks.o
    0x00020b04   0x00020b04   0x00000048   Data   RO          981    .constdata          fsl_flexcomm.o
    0x00020b4c   0x00020b4c   0x0000005c   Data   RO         1233    .constdata          fsl_clock.o
    0x00020ba8   0x00020ba8   0x00000009   Data   RO         1633    .constdata          fsl_enet.o
    0x00020bb1   0x00020bb1   0x00000003   PAD
    0x00020bb4   0x00020bb4   0x00000006   Data   RO         1989    .constdata          fsl_eeprom.o
    0x00020bba   0x00020bba   0x00000002   PAD
    0x00020bbc   0x00020bbc   0x00000002   Data   RO         3048    .constdata          socket sharing_main.o
    0x00020bbe   0x00020bbe   0x00000002   PAD
    0x00020bc0   0x00020bc0   0x00000118   Data   RO         5013    .constdata          memp.o
    0x00020cd8   0x00020cd8   0x00000050   Data   RO         5534    .constdata          tcp.o
    0x00020d28   0x00020d28   0x00000028   Data   RO         5959    .constdata          timeouts.o
    0x00020d50   0x00020d50   0x00000008   Data   RO         6582    .constdata          ip4_addr.o
    0x00020d58   0x00020d58   0x0000000c   Data   RO         6838    .constdata          ethernet.o
    0x00020d64   0x00020d64   0x00000200   Data   RO         7416    .constdata          eeprom_api.o
    0x00020f64   0x00020f64   0x00000007   Data   RO         8012    .constdata          cjson.o
    0x00020f6b   0x00020f6b   0x00000001   PAD
    0x00020f6c   0x00020f6c   0x00000200   Data   RO         8318    .constdata          lib_crc16.o
    0x0002116c   0x0002116c   0x00000004   PAD
    0x00021170   0x00021170   0x00000088   Data   RO         8660    .constdata          m_wm.l(pow.o)
    0x000211f8   0x000211f8   0x00000008   Data   RO         9035    .constdata          m_wm.l(qnan.o)
    0x00021200   0x00021200   0x0000000f   Data   RO         3049    .conststring        socket sharing_main.o
    0x0002120f   0x0002120f   0x00000001   PAD
    0x00021210   0x00021210   0x000000a0   Data   RO         5014    .conststring        memp.o
    0x000212b0   0x000212b0   0x00000049   Data   RO         5384    .conststring        raw.o
    0x000212f9   0x000212f9   0x00000003   PAD
    0x000212fc   0x000212fc   0x0000006d   Data   RO         5535    .conststring        tcp.o
    0x00021369   0x00021369   0x00000003   PAD
    0x0002136c   0x0002136c   0x00000055   Data   RO         5859    .conststring        tcp_out.o
    0x000213c1   0x000213c1   0x00000003   PAD
    0x000213c4   0x000213c4   0x0000008c   Data   RO         6198    .conststring        dhcp.o
    0x00021450   0x00021450   0x00000041   Data   RO         6397    .conststring        etharp.o
    0x00021491   0x00021491   0x00000003   PAD
    0x00021494   0x00021494   0x00000213   Data   RO         8371    .conststring        socket_sharing.o
    0x000216a7   0x000216a7   0x00000001   PAD
    0x000216a8   0x000216a8   0x000000a9   Data   RO         8485    .conststring        ota.o
    0x00021751   0x00021751   0x00000003   PAD
    0x00021754   0x00021754   0x00000020   Data   RO         9107    Region$$Table       anon$$obj.o


    Execution Region RW_m_data (Exec base: 0x20000000, Load base: 0x00021774, Size: 0x0000f794, Max: 0x00021818, ABSOLUTE, COMPRESSED[0x00000038])

    Exec Addr    Load Addr    Size         Type   Attr      Idx    E Section Name        Object

    0x20000000   COMPRESSED   0x0000003c   Data   RW           66    .data               tasks.o
    0x2000003c   COMPRESSED   0x00000004   Data   RW          429    .data               system_lpc54608.o
    0x20000040   COMPRESSED   0x0000000c   Data   RW          523    .data               port.o
    0x2000004c   COMPRESSED   0x0000000c   Data   RW         1234    .data               fsl_clock.o
    0x20000058   COMPRESSED   0x00000008   Data   RW         1634    .data               fsl_enet.o
    0x20000060   COMPRESSED   0x00000010   Data   RW         2064    .data               fsl_sctimer.o
    0x20000070   COMPRESSED   0x00000014   Data   RW         2785    .data               timers.o
    0x20000084   COMPRESSED   0x00000053   Data   RW         3050    .data               socket sharing_main.o
    0x200000d7   COMPRESSED   0x00000001   PAD
    0x200000d8   COMPRESSED   0x00000010   Data   RW         3455    .data               fsl_debug_console.o
    0x200000e8   COMPRESSED   0x00000001   Data   RW         4115    .data               api_msg.o
    0x200000e9   COMPRESSED   0x00000003   PAD
    0x200000ec   COMPRESSED   0x00000010   Data   RW         4655    .data               tcpip.o
    0x200000fc   COMPRESSED   0x00000010   Data   RW         4955    .data               mem.o
    0x2000010c   COMPRESSED   0x00000038   Data   RW         5015    .data               memp.o
    0x20000144   COMPRESSED   0x00000009   Data   RW         5107    .data               netif.o
    0x2000014d   COMPRESSED   0x00000003   PAD
    0x20000150   COMPRESSED   0x00000004   Data   RW         5385    .data               raw.o
    0x20000154   COMPRESSED   0x00000020   Data   RW         5536    .data               tcp.o
    0x20000174   COMPRESSED   0x00000028   Data   RW         5785    .data               tcp_in.o
    0x2000019c   COMPRESSED   0x0000000c   Data   RW         5960    .data               timeouts.o
    0x200001a8   COMPRESSED   0x00000008   Data   RW         6045    .data               udp.o
    0x200001b0   COMPRESSED   0x00000010   Data   RW         6199    .data               dhcp.o
    0x200001c0   COMPRESSED   0x00000001   Data   RW         6398    .data               etharp.o
    0x200001c1   COMPRESSED   0x00000001   PAD
    0x200001c2   COMPRESSED   0x00000002   Data   RW         6534    .data               ip4.o
    0x200001c4   COMPRESSED   0x00000006   Data   RW         6647    .data               ip4_frag.o
    0x200001ca   COMPRESSED   0x00000002   PAD
    0x200001cc   COMPRESSED   0x00000008   Data   RW         7337    .data               adc_api.o
    0x200001d4   COMPRESSED   0x00000004   Data   RW         7417    .data               eeprom_api.o
    0x200001d8   COMPRESSED   0x0000000c   Data   RW         8013    .data               cjson.o
    0x200001e4   COMPRESSED   0x00000014   Data   RW         8372    .data               socket_sharing.o
    0x200001f8   COMPRESSED   0x00000040   Data   RW         8561    .data               md5std.o
    0x20000238   COMPRESSED   0x00000004   Data   RW         9070    .data               mc_w.l(mvars.o)
    0x2000023c   COMPRESSED   0x00000004   Data   RW         9071    .data               mc_w.l(mvars.o)
    0x20000240   COMPRESSED   0x00000004   Data   RW         9075    .data               mc_w.l(errno.o)
    0x20000244        -       0x000001cc   Zero   RW           64    .bss                tasks.o
    0x20000410        -       0x00000050   Zero   RW          980    .bss                fsl_flexcomm.o
    0x20000460        -       0x00000040   Zero   RW         2597    .bss                queue.o
    0x200004a0        -       0x00000028   Zero   RW         2784    .bss                timers.o
    0x200004c8        -       0x000013a4   Zero   RW         3047    .bss                socket sharing_main.o
    0x2000186c        -       0x00000010   Zero   RW         3454    .bss                fsl_debug_console.o
    0x2000187c        -       0x00003c60   Zero   RW         3563    .bss                ethernetif.o
    0x200054dc        -       0x00000018   Zero   RW         4928    .bss                ip.o
    0x200054f4        -       0x00005813   Zero   RW         4954    .bss                mem.o
    0x2000ad07        -       0x000044ee   Zero   RW         5012    .bss                memp.o
    0x2000f1f5   COMPRESSED   0x00000003   PAD
    0x2000f1f8        -       0x00000014   Zero   RW         5784    .bss                tcp_in.o
    0x2000f20c        -       0x000000f0   Zero   RW         6396    .bss                etharp.o
    0x2000f2fc        -       0x00000010   Zero   RW         7336    .bss                adc_api.o
    0x2000f30c        -       0x00000100   Zero   RW         7415    .bss                eeprom_api.o
    0x2000f40c        -       0x00000100   Zero   RW         7812    .bss                flash_api.o
    0x2000f50c        -       0x00000288   Zero   RW         8370    .bss                socket_sharing.o


    Execution Region ARM_LIB_HEAP (Exec base: 0x2000f794, Load base: 0x000217ac, Size: 0x00006400, Max: 0x00006400, ABSOLUTE)

    Exec Addr    Load Addr    Size         Type   Attr      Idx    E Section Name        Object

    0x2000f794        -       0x00006400   Zero   RW            2    ARM_LIB_HEAP.bss    anon$$obj.o


    Execution Region ARM_LIB_STACK (Exec base: 0x20027c18, Load base: 0x000217ac, Size: 0x000003e8, Max: 0x000003e8, ABSOLUTE)

    Exec Addr    Load Addr    Size         Type   Attr      Idx    E Section Name        Object

    0x20027c18        -       0x000003e8   Zero   RW            3    ARM_LIB_STACK.bss   anon$$obj.o



  Load Region LR_m_usb_bdt (Base: 0x40100000, Size: 0x00000000, Max: 0x00000000, ABSOLUTE)

    Execution Region ER_m_usb_bdt (Exec base: 0x40100000, Load base: 0x40100000, Size: 0x00000000, Max: 0x00000000, ABSOLUTE, UNINIT)

    **** No section assigned to this execution region ****



  Load Region LR_m_usb_ram (Base: 0x40100000, Size: 0x00000000, Max: 0x00002000, ABSOLUTE)

    Execution Region ER_m_usb_ram (Exec base: 0x40100000, Load base: 0x40100000, Size: 0x00000000, Max: 0x00002000, ABSOLUTE, UNINIT)

    **** No section assigned to this execution region ****


==============================================================================

Image component sizes


      Code (inc. data)   RO Data    RW Data    ZI Data      Debug   Object Name

        60         12          0          8         16       8899   adc_api.o
      1426        456          0          0          0      30091   api_lib.o
      5652       1374          0          1          0      28877   api_msg.o
       100         50          0          0          0        565   board.o
      2324         82          7         12          0      14511   cjson.o
        92         22          0          0          0       2522   clock_config.o
        38          0          0          0          0       1146   def.o
      3948        784        140         16          0      22695   dhcp.o
       556        156        512          4        256       7214   eeprom_api.o
      3008        512         65          1        240      11484   etharp.o
       380         56         12          0          0       2738   ethernet.o
      1252         92          0          0      15456      68463   ethernetif.o
       654         12          0          0          0       7204   event_groups.o
       360        144          0          0        256       3191   flash_api.o
       180         82          0          0          0       5545   fsl_adc.o
      2374        244         92         12          0      36383   fsl_clock.o
        68         44          0          0          0        705   fsl_common.o
      2776         74          0         16         16      16169   fsl_debug_console.o
       560        170          6          0          0       6339   fsl_eeprom.o
         0          0          0          0          0      12472   fsl_emc.o
      4372        880          9          8          0      63607   fsl_enet.o
       282          4          0          0          0       8214   fsl_flashiap.o
      1466        870         72          0         80      10534   fsl_flexcomm.o
        84          0          0          0          0       2279   fsl_gpio.o
       522         46          0          0          0      33253   fsl_phy.o
       306        128          0          0          0       2592   fsl_reset.o
        20          8          0         16          0       6766   fsl_sctimer.o
        32          6          0          0          0       8735   fsl_tickless_systick.o
      1120        416          0          0          0      11385   fsl_usart.o
      1034        288          0          0          0      18484   gpio_api.o
        46          0          0          0          0       1335   heap_3.o
       852        158          0          0          0       4134   icmp.o
       442          0          0          0          0       5352   inet_chksum.o
        36          0          0          0          0      10978   init.o
         0          0          0          0         24       2978   ip.o
      1154         88          0          2          0       5352   ip4.o
        78          0          8          0          0       6938   ip4_addr.o
      2462        492          0          6          0      11058   ip4_frag.o
        80          6        512          0          0       3911   lib_crc16.o
       148          0          0          0          0       3574   list.o
      2416        272          0         64          0       7129   md5std.o
      1600        532          0         16      22547       5629   mem.o
       412        148        440         56      17646      10790   memp.o
       208         88          0          0          0       9810   netbuf.o
       474         42          0          9          0       9254   netif.o
       772        158        169          0          0     569377   ota.o
      2882       1004          0          0          0      11823   pbuf.o
       596          4          0          0          0       5617   pin_mux.o
       922         86          0         12          0      11196   port.o
      2110         26          0          0         64      21228   queue.o
       394         36         73          4          0       5544   raw.o
      9414       1394         17         83       5028     645505   socket sharing_main.o
      3616       1068        531         20        648      47010   socket_sharing.o
       492        236        292          0          0       3648   startup_lpc54608.o
       778         12          0          0          0      14718   sys_arch.o
        48         12          0          4          0     540747   system_lpc54608.o
      3138        400         16         60        460      46082   tasks.o
      5014       1078        189         32          0      37148   tcp.o
      6340       1038          0         40         20      18831   tcp_in.o
      5034        974         85          0          0      17163   tcp_out.o
       588        192          0         16          0       6649   tcpip.o
       724        154         40         12          0       7184   timeouts.o
      1234        118          0         20         40      19395   timers.o
      1466        118          0          8          0      11809   udp.o
       116         16          0          0          0       4586   usart_api.o

    ----------------------------------------------------------------------
     91234      16962       3348        568      89400    2596544   Object Totals
         0          0         32          0      26600          0   (incl. Generated)
       102          0         29         10          3          0   (incl. Padding)

    ----------------------------------------------------------------------

      Code (inc. data)   RO Data    RW Data    ZI Data      Debug   Library Member Name

       136         12          0          0          0        248   fsl_power_lib.o
       164         44          0          0          0        620   dunder.o
        24          0          0          0          0        124   fabs.o
        48          0          0          0          0        124   fpclassify.o
       208          6          0          0          0        152   modf.o
       248          0          0          0          0        152   poly.o
      3152        296        136          0          0        352   pow.o
         0          0          8          0          0          0   qnan.o
       110          0          0          0          0        148   sqrt.o
        86          0          0          0          0          0   __dczerorl2.o
         0          0          0          0          0          0   entry.o
         0          0          0          0          0          0   entry10a.o
         0          0          0          0          0          0   entry11a.o
         8          4          0          0          0          0   entry4.o
         4          0          0          0          0          0   entry5.o
         0          0          0          0          0          0   entry7b.o
         0          0          0          0          0          0   entry8b.o
         8          4          0          0          0          0   entry9a.o
        12          6          0          4          0         68   errno.o
        30          0          0          0          0          0   handlers.o
        36          8          0          0          0         68   init.o
         0          0          0          0          0          0   iusefp.o
        98          0          0          0          0         84   ldiv.o
        30          0          0          0          0         68   llshl.o
        36          0          0          0          0         68   llsshr.o
        32          0          0          0          0         68   llushr.o
       188         20          0          0          0        160   malloc2.o
        26          0          0          0          0         80   memcmp.o
        36          0          0          0          0         68   memcpya.o
        36          0          0          0          0        108   memseta.o
         0          0          0          8          0          0   mvars.o
      2308         96          0          0          0        604   printfa.o
        18          0          0          0          0         68   strcpy.o
        14          0          0          0          0         68   strlen.o
        30          0          0          0          0         80   strncmp.o
        12          0          0          0          0         68   tolower.o
        44          0          0          0          0         80   uidiv.o
        98          0          0          0          0         92   uldiv.o
        48          0          0          0          0         68   cdcmple.o
        48          0          0          0          0         68   cdrcmple.o
       334          0          0          0          0        148   dadd.o
       222          0          0          0          0        100   ddiv.o
       186          0          0          0          0        176   depilogue.o
        62          0          0          0          0         80   dfixi.o
        74          0          0          0          0         80   dfixl.o
        48          0          0          0          0         68   dfixul.o
        34          0          0          0          0         76   dflti.o
        40          0          0          0          0         80   dfltl.o
        26          0          0          0          0         76   dfltui.o
       228          0          0          0          0         96   dmul.o
        46          0          0          0          0         80   dscalb.o
       162          0          0          0          0        100   dsqrt.o

    ----------------------------------------------------------------------
      8850        500        144         12          0       5116   Library Totals
        12          4          0          0          0          0   (incl. Padding)

    ----------------------------------------------------------------------

      Code (inc. data)   RO Data    RW Data    ZI Data      Debug   Library Name

       136         12          0          0          0        248   keil_lib_power.lib
      3954        346        144          0          0       1672   m_wm.l
      3190        138          0         12          0       1900   mc_w.l
      1558          0          0          0          0       1296   mf_w.l

    ----------------------------------------------------------------------
      8850        500        144         12          0       5116   Library Totals

    ----------------------------------------------------------------------

==============================================================================


      Code (inc. data)   RO Data    RW Data    ZI Data      Debug   

    100084      17462       3492        580      89400    2544076   Grand Totals
    100084      17462       3492         56      89400    2544076   ELF Image Totals (compressed)
    100084      17462       3492         56          0          0   ROM Totals

==============================================================================

    Total RO  Size (Code + RO Data)               103576 ( 101.15kB)
    Total RW  Size (RW Data + ZI Data)             89980 (  87.87kB)
    Total ROM Size (Code + RO Data + RW Data)     103632 ( 101.20kB)

==============================================================================

