Component: ARM Compiler 5.06 update 5 (build 528) Tool: armlink [4d35e2]

==============================================================================

Section Cross References

    tasks.o(i.eTaskGetState) refers to port.o(i.vPortEnterCritical) for vPortEnterCritical
    tasks.o(i.eTaskGetState) refers to port.o(i.vPortExitCritical) for vPortExitCritical
    tasks.o(i.eTaskGetState) refers to tasks.o(.data) for pxCurrentTCB
    tasks.o(i.eTaskGetState) refers to tasks.o(.bss) for xSuspendedTaskList
    tasks.o(i.pcTaskGetName) refers to tasks.o(.data) for pxCurrentTCB
    tasks.o(i.prvAddCurrentTaskToDelayedList) refers to list.o(i.uxListRemove) for uxListRemove
    tasks.o(i.prvAddCurrentTaskToDelayedList) refers to list.o(i.vListInsertEnd) for vListInsertEnd
    tasks.o(i.prvAddCurrentTaskToDelayedList) refers to list.o(i.vListInsert) for vListInsert
    tasks.o(i.prvAddCurrentTaskToDelayedList) refers to tasks.o(.data) for xTickCount
    tasks.o(i.prvAddCurrentTaskToDelayedList) refers to tasks.o(.bss) for xSuspendedTaskList
    tasks.o(i.prvAddNewTaskToReadyList) refers to port.o(i.vPortEnterCritical) for vPortEnterCritical
    tasks.o(i.prvAddNewTaskToReadyList) refers to tasks.o(i.prvInitialiseTaskLists) for prvInitialiseTaskLists
    tasks.o(i.prvAddNewTaskToReadyList) refers to list.o(i.vListInsertEnd) for vListInsertEnd
    tasks.o(i.prvAddNewTaskToReadyList) refers to port.o(i.vPortExitCritical) for vPortExitCritical
    tasks.o(i.prvAddNewTaskToReadyList) refers to tasks.o(.data) for uxCurrentNumberOfTasks
    tasks.o(i.prvAddNewTaskToReadyList) refers to tasks.o(.bss) for pxReadyTasksLists
    tasks.o(i.prvCheckTasksWaitingTermination) refers to tasks.o(i.vTaskSuspendAll) for vTaskSuspendAll
    tasks.o(i.prvCheckTasksWaitingTermination) refers to tasks.o(i.xTaskResumeAll) for xTaskResumeAll
    tasks.o(i.prvCheckTasksWaitingTermination) refers to port.o(i.vPortEnterCritical) for vPortEnterCritical
    tasks.o(i.prvCheckTasksWaitingTermination) refers to list.o(i.uxListRemove) for uxListRemove
    tasks.o(i.prvCheckTasksWaitingTermination) refers to port.o(i.vPortExitCritical) for vPortExitCritical
    tasks.o(i.prvCheckTasksWaitingTermination) refers to tasks.o(i.prvDeleteTCB) for prvDeleteTCB
    tasks.o(i.prvCheckTasksWaitingTermination) refers to tasks.o(.bss) for xTasksWaitingTermination
    tasks.o(i.prvCheckTasksWaitingTermination) refers to tasks.o(.data) for uxCurrentNumberOfTasks
    tasks.o(i.prvDeleteTCB) refers to heap_3.o(i.vPortFree) for vPortFree
    tasks.o(i.prvIdleTask) refers to tasks.o(i.prvCheckTasksWaitingTermination) for prvCheckTasksWaitingTermination
    tasks.o(i.prvIdleTask) refers to tasks.o(.bss) for pxReadyTasksLists
    tasks.o(i.prvInitialiseNewTask) refers to memseta.o(.text) for __aeabi_memset
    tasks.o(i.prvInitialiseNewTask) refers to list.o(i.vListInitialiseItem) for vListInitialiseItem
    tasks.o(i.prvInitialiseNewTask) refers to port.o(i.pxPortInitialiseStack) for pxPortInitialiseStack
    tasks.o(i.prvInitialiseTaskLists) refers to list.o(i.vListInitialise) for vListInitialise
    tasks.o(i.prvInitialiseTaskLists) refers to tasks.o(.bss) for pxReadyTasksLists
    tasks.o(i.prvInitialiseTaskLists) refers to tasks.o(.data) for pxDelayedTaskList
    tasks.o(i.prvListTasksWithinSingleList) refers to tasks.o(i.vTaskGetInfo) for vTaskGetInfo
    tasks.o(i.prvResetNextTaskUnblockTime) refers to tasks.o(.data) for pxDelayedTaskList
    tasks.o(i.prvTaskIsTaskSuspended) refers to tasks.o(.bss) for xSuspendedTaskList
    tasks.o(i.prvWriteNameToBuffer) refers to strcpy.o(.text) for strcpy
    tasks.o(i.prvWriteNameToBuffer) refers to strlen.o(.text) for strlen
    tasks.o(i.pvTaskGetThreadLocalStoragePointer) refers to tasks.o(.data) for pxCurrentTCB
    tasks.o(i.pvTaskIncrementMutexHeldCount) refers to tasks.o(.data) for pxCurrentTCB
    tasks.o(i.ulTaskNotifyTake) refers to port.o(i.vPortEnterCritical) for vPortEnterCritical
    tasks.o(i.ulTaskNotifyTake) refers to tasks.o(i.prvAddCurrentTaskToDelayedList) for prvAddCurrentTaskToDelayedList
    tasks.o(i.ulTaskNotifyTake) refers to port.o(i.vPortExitCritical) for vPortExitCritical
    tasks.o(i.ulTaskNotifyTake) refers to tasks.o(.data) for pxCurrentTCB
    tasks.o(i.uxTaskGetNumberOfTasks) refers to tasks.o(.data) for uxCurrentNumberOfTasks
    tasks.o(i.uxTaskGetSystemState) refers to tasks.o(i.vTaskSuspendAll) for vTaskSuspendAll
    tasks.o(i.uxTaskGetSystemState) refers to tasks.o(i.prvListTasksWithinSingleList) for prvListTasksWithinSingleList
    tasks.o(i.uxTaskGetSystemState) refers to tasks.o(i.xTaskResumeAll) for xTaskResumeAll
    tasks.o(i.uxTaskGetSystemState) refers to tasks.o(.data) for uxCurrentNumberOfTasks
    tasks.o(i.uxTaskGetSystemState) refers to tasks.o(.bss) for pxReadyTasksLists
    tasks.o(i.uxTaskPriorityGet) refers to port.o(i.vPortEnterCritical) for vPortEnterCritical
    tasks.o(i.uxTaskPriorityGet) refers to port.o(i.vPortExitCritical) for vPortExitCritical
[...]
    tcp_bound_pcbs                           0x2000015c   Data           4  tcp.o(.data)
    tcp_listen_pcbs                          0x20000160   Data           4  tcp.o(.data)
    tcp_active_pcbs                          0x20000164   Data           4  tcp.o(.data)
    tcp_tw_pcbs                              0x20000168   Data           4  tcp.o(.data)
    tcp_active_pcbs_changed                  0x2000016c   Data           1  tcp.o(.data)
    tcp_input_pcb                            0x20000198   Data           4  tcp_in.o(.data)
    udp_pcbs                                 0x200001ac   Data           4  udp.o(.data)
    gAdcConvSeqAIntFlag                      0x200001cc   Data           1  adc_api.o(.data)
    gAdcResultInfoPtr                        0x200001d0   Data           4  adc_api.o(.data)
    eeprom_data                              0x200001d4   Data           4  eeprom_api.o(.data)
    msgID                                    0x200001e4   Data           1  socket_sharing.o(.data)
    notifySendID                             0x200001e5   Data           1  socket_sharing.o(.data)
    notifySendCounter                        0x200001e8   Data           4  socket_sharing.o(.data)
    respcode                                 0x200001ec   Data           4  socket_sharing.o(.data)
    chargerException                         0x200001f0   Data           1  socket_sharing.o(.data)
    len1                                     0x200001f2   Data           2  socket_sharing.o(.data)
    otaBinTotalSize                          0x200001f4   Data           4  socket_sharing.o(.data)
    PADDING                                  0x200001f8   Data          64  md5std.o(.data)
    __microlib_freelist                      0x20000238   Data           4  mvars.o(.data)
    __microlib_freelist_initialised          0x2000023c   Data           4  mvars.o(.data)
    xQueueRegistry                           0x20000460   Data          64  queue.o(.bss)
    socketInfo                               0x200004c8   Data        4608  socket sharing_main.o(.bss)
    tempBuffer                               0x200016c8   Data         256  socket sharing_main.o(.bss)
    regvalue                                 0x200017c8   Data          20  socket sharing_main.o(.bss)
    demoRingBuffer                           0x200017dc   Data          20  socket sharing_main.o(.bss)
    ECHO_SERVER_ADDRESS                      0x200017f0   Data          20  socket sharing_main.o(.bss)
    fsl_netif0                               0x20001804   Data          52  socket sharing_main.o(.bss)
    ip_data                                  0x200054dc   Data          24  ip.o(.bss)
    ram_heap                                 0x200054f4   Data       22547  mem.o(.bss)
    memp_memory_RAW_PCB_base                 0x2000ad07   Data         115  memp.o(.bss)
    memp_memory_UDP_PCB_base                 0x2000ad7a   Data         195  memp.o(.bss)
    memp_memory_TCP_PCB_base                 0x2000ae3d   Data        1483  memp.o(.bss)
    memp_memory_TCP_PCB_LISTEN_base          0x2000b408   Data         195  memp.o(.bss)
    memp_memory_TCP_SEG_base                 0x2000b4cb   Data         443  memp.o(.bss)
    memp_memory_REASSDATA_base               0x2000b686   Data         163  memp.o(.bss)
    memp_memory_FRAG_PBUF_base               0x2000b729   Data         363  memp.o(.bss)
    memp_memory_NETBUF_base                  0x2000b894   Data          35  memp.o(.bss)
    memp_memory_NETCONN_base                 0x2000b8b7   Data         195  memp.o(.bss)
    memp_memory_TCPIP_MSG_API_base           0x2000b97a   Data         131  memp.o(.bss)
    memp_memory_TCPIP_MSG_INPKT_base         0x2000b9fd   Data         131  memp.o(.bss)
    memp_memory_SYS_TIMEOUT_base             0x2000ba80   Data         163  memp.o(.bss)
    memp_memory_PBUF_base                    0x2000bb23   Data         243  memp.o(.bss)
    memp_memory_PBUF_POOL_base               0x2000bc16   Data       13791  memp.o(.bss)
    dhcp_rx_options_val                      0x2000f20c   Data          40  dhcp.o(.bss)
    dhcp_rx_options_given                    0x2000f234   Data          10  dhcp.o(.bss)
    dataBuffer                               0x2000f340   Data         256  eeprom_api.o(.bss)
    page_buf                                 0x2000f440   Data         256  flash_api.o(.bss)
    msgIdstr                                 0x2000f540   Data          10  socket_sharing.o(.bss)
    jsonBuffer                               0x2000f54a   Data         256  socket_sharing.o(.bss)
    chargerInfo                              0x2000f64c   Data         328  socket_sharing.o(.bss)
    otaInfo                                  0x2000f794   Data          52  socket_sharing.o(.bss)
    Image$$ARM_LIB_HEAP$$ZI$$Base            0x2000f7c8   Number         0  anon$$obj.o ABSOLUTE
    Image$$ARM_LIB_HEAP$$ZI$$Limit           0x20015bc8   Number         0  anon$$obj.o ABSOLUTE
    Image$$ARM_LIB_STACK$$ZI$$Limit          0x20028000   Number         0  anon$$obj.o ABSOLUTE



==============================================================================

Memory Map of the image

  Image Entry point : 0x00008401

  Load Region LR_m_text (Base: 0x00008000, Size: 0x0001a348, Max: 0x00020400, ABSOLUTE, COMPRESSED[0x0001a140])

    Execution Region VECTOR_ROM (Exec base: 0x00008000, Load base: 0x00008000, Size: 0x00000124, Max: 0x00000400, ABSOLUTE)

    Exec Addr    Load Addr    Size         Type   Attr      Idx    E Section Name        Object

    0x00008000   0x00008000   0x00000124   Data   RO          509    RESET               startup_lpc54608.o


    Execution Region VECTOR_RAM (Exec base: 0x00008000, Load base: 0x00022104, Size: 0x00000000, Max: 0x00000000, ABSOLUTE)

    Exec Addr    Load Addr    Size         Type   Attr      Idx    E Section Name        Object

    0x00008000        -       0x00000000   Zero   RW            1    VECTOR_RAM.bss      anon$$obj.o


    Execution Region ER_m_text (Exec base: 0x00008400, Load base: 0x00008400, Size: 0x00019d04, Max: 0x00020000, ABSOLUTE, FIXED)

    Exec Addr    Load Addr    Size         Type   Attr      Idx    E Section Name        Object

    0x00008400   0x00008400   0x00000000   Code   RO         8706  * .ARM.Collect$$$$00000000  mc_w.l(entry.o)
    0x00008400   0x00008400   0x00000004   Code   RO         9077    .ARM.Collect$$$$00000003  mc_w.l(entry4.o)
    0x00008404   0x00008404   0x00000004   Code   RO         9080    .ARM.Collect$$$$00000004  mc_w.l(entry5.o)
    0x00008408   0x00008408   0x00000000   Code   RO         9082    .ARM.Collect$$$$00000008  mc_w.l(entry7b.o)
    0x00008408   0x00008408   0x00000000   Code   RO         9084    .ARM.Collect$$$$0000000A  mc_w.l(entry8b.o)
    0x00008408   0x00008408   0x00000008   Code   RO         9085    .ARM.Collect$$$$0000000B  mc_w.l(entry9a.o)
    0x00008410   0x00008410   0x00000000   Code   RO         9087    .ARM.Collect$$$$0000000D  mc_w.l(entry10a.o)
    0x00008410   0x00008410   0x00000000   Code   RO         9089    .ARM.Collect$$$$0000000F  mc_w.l(entry11a.o)
    0x00008410   0x00008410   0x00000004   Code   RO         9078    .ARM.Collect$$$$00002714  mc_w.l(entry4.o)
    0x00008414   0x00008414   0x000000b6   Code   RO          514    .emb_text           port.o
    0x000084ca   0x000084ca   0x00000002   PAD
    0x000084cc   0x000084cc   0x00000004   Code   RO         1599    .rev16_text         fsl_enet.o
    0x000084d0   0x000084d0   0x000001ec   Code   RO          510    .text               startup_lpc54608.o
    0x000086bc   0x000086bc   0x00000062   Code   RO         8709    .text               mc_w.l(uldiv.o)
    0x0000871e   0x0000871e   0x00000062   Code   RO         8711    .text               mc_w.l(ldiv.o)
    0x00008780   0x00008780   0x0000000c   Code   RO         8713    .text               mc_w.l(tolower.o)
    0x0000878c   0x0000878c   0x00000024   Code   RO         8715    .text               mc_w.l(memcpya.o)
    0x000087b0   0x000087b0   0x00000024   Code   RO         8717    .text               mc_w.l(memseta.o)
    0x000087d4   0x000087d4   0x0000000e   Code   RO         8721    .text               mc_w.l(strlen.o)
    0x000087e2   0x000087e2   0x0000001a   Code   RO         8723    .text               mc_w.l(memcmp.o)
    0x000087fc   0x000087fc   0x00000012   Code   RO         8725    .text               mc_w.l(strcpy.o)
    0x0000880e   0x0000880e   0x0000001e   Code   RO         8727    .text               mc_w.l(strncmp.o)
    0x0000882c   0x0000882c   0x0000014e   Code   RO         9020    .text               mf_w.l(dadd.o)
    0x0000897a   0x0000897a   0x000000e4   Code   RO         9022    .text               mf_w.l(dmul.o)
    0x00008a5e   0x00008a5e   0x000000de   Code   RO         9024    .text               mf_w.l(ddiv.o)
    0x00008b3c   0x00008b3c   0x00000022   Code   RO         9028    .text               mf_w.l(dflti.o)
    0x00008b5e   0x00008b5e   0x0000001a   Code   RO         9030    .text               mf_w.l(dfltui.o)
    0x00008b78   0x00008b78   0x00000028   Code   RO         9032    .text               mf_w.l(dfltl.o)
    0x00008ba0   0x00008ba0   0x0000003e   Code   RO         9034    .text               mf_w.l(dfixi.o)
    0x00008bde   0x00008bde   0x0000004a   Code   RO         9036    .text               mf_w.l(dfixl.o)
    0x00008c28   0x00008c28   0x00000030   Code   RO         9040    .text               mf_w.l(cdcmple.o)
    0x00008c58   0x00008c58   0x00000030   Code   RO         9042    .text               mf_w.l(cdrcmple.o)
    0x00008c88   0x00008c88   0x0000002c   Code   RO         9091    .text               mc_w.l(uidiv.o)
    0x00008cb4   0x00008cb4   0x0000001e   Code   RO         9093    .text               mc_w.l(llshl.o)
    0x00008cd2   0x00008cd2   0x00000020   Code   RO         9095    .text               mc_w.l(llushr.o)
    0x00008cf2   0x00008cf2   0x00000024   Code   RO         9097    .text               mc_w.l(llsshr.o)
    0x00008d16   0x00008d16   0x00000000   Code   RO         9110    .text               mc_w.l(iusefp.o)
    0x00008d16   0x00008d16   0x000000ba   Code   RO         9113    .text               mf_w.l(depilogue.o)
    0x00008dd0   0x00008dd0   0x0000002e   Code   RO         9115    .text               mf_w.l(dscalb.o)
    0x00008dfe   0x00008dfe   0x00000030   Code   RO         9117    .text               mf_w.l(dfixul.o)
    0x00008e2e   0x00008e2e   0x00000002   PAD
    0x00008e30   0x00008e30   0x00000024   Code   RO         9119    .text               mc_w.l(init.o)
    0x00008e54   0x00008e54   0x000000a2   Code   RO         9129    .text               mf_w.l(dsqrt.o)
    0x00008ef6   0x00008ef6   0x00000056   Code   RO         9144    .text               mc_w.l(__dczerorl2.o)
    0x00008f4c   0x00008f4c   0x0000003c   Code   RO         7360    i.ADC0_SEQA_IRQHandler  adc_api.o
    0x00008f88   0x00008f88   0x000000b4   Code   RO         1905    i.ADC_GetChannelConversionResult  fsl_adc.o
    0x0000903c   0x0000903c   0x00000048   Code   RO          774    i.BOARD_BootClockFROHF48M  clock_config.o
    0x00009084   0x00009084   0x00000064   Code   RO          729    i.BOARD_InitDebugConsole  board.o
    0x000090e8   0x000090e8   0x00000248   Code   RO          695    i.BOARD_InitPins    pin_mux.o
    0x00009330   0x00009330   0x0000004c   Code   RO         1160    i.CLOCK_AttachClk   fsl_clock.o
    0x0000937c   0x0000937c   0x0000004c   Code   RO         1168    i.CLOCK_GetAdcClkFreq  fsl_clock.o
    0x000093c8   0x000093c8   0x00000030   Code   RO         1169    i.CLOCK_GetAsyncApbClkFreq  fsl_clock.o
    0x000093f8   0x000093f8   0x0000000c   Code   RO         1174    i.CLOCK_GetAudioPllOutFreq  fsl_clock.o
    0x00009404   0x00009404   0x00000078   Code   RO         1175    i.CLOCK_GetClockOutClkFreq  fsl_clock.o
    0x0000947c   0x0000947c   0x0000007c   Code   RO         1176    i.CLOCK_GetCoreSysClkFreq  fsl_clock.o
    0x000094f8   0x000094f8   0x00000008   Code   RO         1177    i.CLOCK_GetExtClkFreq  fsl_clock.o
    0x00009500   0x00009500   0x0000005c   Code   RO         1179    i.CLOCK_GetFlexCommClkFreq  fsl_clock.o
    0x0000955c   0x0000955c   0x000002c8   Code   RO         1180    i.CLOCK_GetFreq     fsl_clock.o
    0x00009824   0x00009824   0x0000001c   Code   RO         1181    i.CLOCK_GetFro12MFreq  fsl_clock.o
    0x00009840   0x00009840   0x00000040   Code   RO         1182    i.CLOCK_GetFroHfFreq  fsl_clock.o
    0x00009880   0x00009880   0x00000004   Code   RO         1183    i.CLOCK_GetI2SMClkFreq  fsl_clock.o
    0x00009884   0x00009884   0x00000040   Code   RO         1184    i.CLOCK_GetLcdClkFreq  fsl_clock.o
    0x000098c4   0x000098c4   0x00000004   Code   RO         1185    i.CLOCK_GetLcdClkIn  fsl_clock.o
    0x000098c8   0x000098c8   0x00000040   Code   RO         1186    i.CLOCK_GetMclkClkFreq  fsl_clock.o
    0x00009908   0x00009908   0x00000006   Code   RO         1187    i.CLOCK_GetOsc32KFreq  fsl_clock.o
    0x0000990e   0x0000990e   0x00000002   PAD
    0x00009910   0x00009910   0x0000000c   Code   RO         1189    i.CLOCK_GetPllOutFreq  fsl_clock.o
    0x0000991c   0x0000991c   0x0000004c   Code   RO         1190    i.CLOCK_GetSctClkFreq  fsl_clock.o
    0x00009968   0x00009968   0x0000005c   Code   RO         1191    i.CLOCK_GetSdioClkFreq  fsl_clock.o
    0x000099c4   0x000099c4   0x0000005c   Code   RO         1192    i.CLOCK_GetSpifiClkFreq  fsl_clock.o
    0x00009a20   0x00009a20   0x00000040   Code   RO         1197    i.CLOCK_GetUsb0ClkFreq  fsl_clock.o
    0x00009a60   0x00009a60   0x00000040   Code   RO         1198    i.CLOCK_GetUsb1ClkFreq  fsl_clock.o
    0x00009aa0   0x00009aa0   0x0000000c   Code   RO         1202    i.CLOCK_GetUsbPllOutFreq  fsl_clock.o
    0x00009aac   0x00009aac   0x00000040   Code   RO         1203    i.CLOCK_GetWdtOscFreq  fsl_clock.o
    0x00009aec   0x00009aec   0x00000028   Code   RO         1205    i.CLOCK_SetClkDiv   fsl_clock.o
    0x00009b14   0x00009b14   0x00000018   Code   RO         1206    i.CLOCK_SetFLASHAccessCycles  fsl_clock.o
    0x00009b2c   0x00009b2c   0x0000009c   Code   RO         1207    i.CLOCK_SetFLASHAccessCyclesForFreq  fsl_clock.o
    0x00009bc8   0x00009bc8   0x0000009c   Code   RO         1216    i.CLOCK_SetupFROClocking  fsl_clock.o
    0x00009c64   0x00009c64   0x00000020   Code   RO         7530    i.CP_OFF            gpio_api.o
    0x00009c84   0x00009c84   0x00000020   Code   RO         7531    i.CP_ON             gpio_api.o
    0x00009ca4   0x00009ca4   0x0000025c   Code   RO         3469    i.DbgConsole_ConvertFloatRadixNumToString  fsl_debug_console.o
    0x00009f00   0x00009f00   0x0000014c   Code   RO         3470    i.DbgConsole_ConvertRadixNumToString  fsl_debug_console.o
    0x0000a04c   0x0000a04c   0x00000058   Code   RO         3473    i.DbgConsole_Init   fsl_debug_console.o
    0x0000a0a4   0x0000a0a4   0x00000034   Code   RO         3474    i.DbgConsole_Printf  fsl_debug_console.o
    0x0000a0d8   0x0000a0d8   0x00000634   Code   RO         3475    i.DbgConsole_PrintfFormattedData  fsl_debug_console.o
    0x0000a70c   0x0000a70c   0x00000028   Code   RO         3476    i.DbgConsole_PrintfPaddingCharacter  fsl_debug_console.o
    0x0000a734   0x0000a734   0x00000024   Code   RO         3477    i.DbgConsole_Putchar  fsl_debug_console.o
    0x0000a758   0x0000a758   0x00000006   Code   RO         1981    i.EEPROM_ClearInterruptFlag  fsl_eeprom.o
    0x0000a75e   0x0000a75e   0x0000001e   Code   RO         1983    i.EEPROM_GetDefaultConfig  fsl_eeprom.o
    0x0000a77c   0x0000a77c   0x00000088   Code   RO         1984    i.EEPROM_GetInstance  fsl_eeprom.o
    0x0000a804   0x0000a804   0x00000118   Code   RO         1985    i.EEPROM_Init       fsl_eeprom.o
    0x0000a91c   0x0000a91c   0x00000004   Code   RO         1986    i.EEPROM_SetAutoProgram  fsl_eeprom.o
    0x0000a920   0x0000a920   0x00000068   Code   RO         1987    i.EEPROM_WritePage  fsl_eeprom.o
    0x0000a988   0x0000a988   0x000001cc   Code   RO         1602    i.ENET_CreateHandler  fsl_enet.o
    0x0000ab54   0x0000ab54   0x000000dc   Code   RO         1604    i.ENET_DescriptorInit  fsl_enet.o
    0x0000ac30   0x0000ac30   0x00000048   Code   RO         1606    i.ENET_EnableInterrupts  fsl_enet.o
    0x0000ac78   0x0000ac78   0x00000058   Code   RO         1608    i.ENET_GetDefaultConfig  fsl_enet.o
    0x0000acd0   0x0000acd0   0x00000088   Code   RO         1609    i.ENET_GetInstance  fsl_enet.o
    0x0000ad58   0x0000ad58   0x000000cc   Code   RO         1611    i.ENET_GetRxFrameSize  fsl_enet.o
    0x0000ae24   0x0000ae24   0x0000002e   Code   RO         1612    i.ENET_GetTxRingId  fsl_enet.o
    0x0000ae52   0x0000ae52   0x000000ac   Code   RO         1613    i.ENET_IRQHandler   fsl_enet.o
    0x0000aefe   0x0000aefe   0x0000000a   Code   RO         1614    i.ENET_IncreaseIndex  fsl_enet.o
    0x0000af08   0x0000af08   0x000000ac   Code   RO         1615    i.ENET_Init         fsl_enet.o
    0x0000afb4   0x0000afb4   0x000001cc   Code   RO         1616    i.ENET_ReadFrame    fsl_enet.o
    0x0000b180   0x0000b180   0x00000064   Code   RO         1617    i.ENET_ReclaimTxDescriptor  fsl_enet.o
    0x0000b1e4   0x0000b1e4   0x000000d6   Code   RO         1618    i.ENET_RxDescriptorsInit  fsl_enet.o
    0x0000b2ba   0x0000b2ba   0x00000002   PAD
    0x0000b2bc   0x0000b2bc   0x00000174   Code   RO         1619    i.ENET_SendFrame    fsl_enet.o
    0x0000b430   0x0000b430   0x000000d8   Code   RO         1620    i.ENET_SetDMAControl  fsl_enet.o
    0x0000b508   0x0000b508   0x000000ec   Code   RO         1621    i.ENET_SetMTL       fsl_enet.o
    0x0000b5f4   0x0000b5f4   0x00000160   Code   RO         1622    i.ENET_SetMacControl  fsl_enet.o
    0x0000b754   0x0000b754   0x00000048   Code   RO         1623    i.ENET_SetSMI       fsl_enet.o
    0x0000b79c   0x0000b79c   0x00000028   Code   RO         1624    i.ENET_SetSYSControl  fsl_enet.o
    0x0000b7c4   0x0000b7c4   0x00000054   Code   RO         1625    i.ENET_SetupTxDescriptor  fsl_enet.o
    0x0000b818   0x0000b818   0x000000d4   Code   RO         1626    i.ENET_StartRxTx    fsl_enet.o
    0x0000b8ec   0x0000b8ec   0x00000034   Code   RO         1627    i.ENET_StartSMIRead  fsl_enet.o
    0x0000b920   0x0000b920   0x00000036   Code   RO         1628    i.ENET_StartSMIWrite  fsl_enet.o
    0x0000b956   0x0000b956   0x00000084   Code   RO         1629    i.ENET_TxDescriptorsInit  fsl_enet.o
    0x0000b9da   0x0000b9da   0x00000002   PAD
    0x0000b9dc   0x0000b9dc   0x00000080   Code   RO         1630    i.ENET_UpdateRxDescriptor  fsl_enet.o
    0x0000ba5c   0x0000ba5c   0x0000001c   Code   RO         1631    i.ETHERNET_DriverIRQHandler  fsl_enet.o
    0x0000ba78   0x0000ba78   0x00000024   Code   RO         1632    i.EnableIRQ         fsl_enet.o
    0x0000ba9c   0x0000ba9c   0x00000022   Code   RO         2165    i.FLASHIAP_BlankCheckSector  fsl_flashiap.o
    0x0000babe   0x0000babe   0x00000026   Code   RO         2166    i.FLASHIAP_Compare  fsl_flashiap.o
    0x0000bae4   0x0000bae4   0x00000032   Code   RO         2167    i.FLASHIAP_CopyRamToFlash  fsl_flashiap.o
    0x0000bb16   0x0000bb16   0x0000002e   Code   RO         2168    i.FLASHIAP_ErasePage  fsl_flashiap.o
    0x0000bb44   0x0000bb44   0x0000002e   Code   RO         2169    i.FLASHIAP_EraseSector  fsl_flashiap.o
    0x0000bb72   0x0000bb72   0x00000022   Code   RO         2170    i.FLASHIAP_PrepareSectorForWrite  fsl_flashiap.o
    0x0000bb94   0x0000bb94   0x00000074   Code   RO          965    i.FLEXCOMM0_DriverIRQHandler  fsl_flexcomm.o
    0x0000bc08   0x0000bc08   0x00000074   Code   RO          966    i.FLEXCOMM1_DriverIRQHandler  fsl_flexcomm.o
    0x0000bc7c   0x0000bc7c   0x00000074   Code   RO          967    i.FLEXCOMM2_DriverIRQHandler  fsl_flexcomm.o
    0x0000bcf0   0x0000bcf0   0x00000010   Code   RO         2993    i.FLEXCOMM2_IRQHandler  socket sharing_main.o
    0x0000bd00   0x0000bd00   0x00000074   Code   RO          968    i.FLEXCOMM3_DriverIRQHandler  fsl_flexcomm.o
    0x0000bd74   0x0000bd74   0x00000074   Code   RO          969    i.FLEXCOMM4_DriverIRQHandler  fsl_flexcomm.o
    0x0000bde8   0x0000bde8   0x00000010   Code   RO         2994    i.FLEXCOMM4_IRQHandler  socket sharing_main.o
    0x0000bdf8   0x0000bdf8   0x00000074   Code   RO          970    i.FLEXCOMM5_DriverIRQHandler  fsl_flexcomm.o
    0x0000be6c   0x0000be6c   0x00000010   Code   RO         2995    i.FLEXCOMM5_IRQHandler  socket sharing_main.o
    0x0000be7c   0x0000be7c   0x00000074   Code   RO          971    i.FLEXCOMM6_DriverIRQHandler  fsl_flexcomm.o
    0x0000bef0   0x0000bef0   0x00000074   Code   RO          972    i.FLEXCOMM7_DriverIRQHandler  fsl_flexcomm.o
    0x0000bf64   0x0000bf64   0x00000010   Code   RO         2996    i.FLEXCOMM7_IRQHandler  socket sharing_main.o
    0x0000bf74   0x0000bf74   0x00000074   Code   RO          973    i.FLEXCOMM8_DriverIRQHandler  fsl_flexcomm.o
    0x0000bfe8   0x0000bfe8   0x00000074   Code   RO          974    i.FLEXCOMM9_DriverIRQHandler  fsl_flexcomm.o
    0x0000c05c   0x0000c05c   0x00000060   Code   RO          975    i.FLEXCOMM_GetInstance  fsl_flexcomm.o
    0x0000c0bc   0x0000c0bc   0x00000054   Code   RO          976    i.FLEXCOMM_Init     fsl_flexcomm.o
    0x0000c110   0x0000c110   0x0000003a   Code   RO          977    i.FLEXCOMM_PeripheralIsPresent  fsl_flexcomm.o
    0x0000c14a   0x0000c14a   0x00000044   Code   RO          979    i.FLEXCOMM_SetPeriph  fsl_flexcomm.o
    0x0000c18e   0x0000c18e   0x00000054   Code   RO         1075    i.GPIO_PinInit      fsl_gpio.o
    0x0000c1e2   0x0000c1e2   0x0000000a   Code   RO         7532    i.GPIO_WritePinOutput  gpio_api.o
    0x0000c1ec   0x0000c1ec   0x0000000c   Code   RO          696    i.IOCON_PinMuxSet   pin_mux.o
    0x0000c1f8   0x0000c1f8   0x00000020   Code   RO         7533    i.LED_B_OFF         gpio_api.o
    0x0000c218   0x0000c218   0x00000020   Code   RO         7534    i.LED_B_ON          gpio_api.o
    0x0000c238   0x0000c238   0x00000020   Code   RO         7535    i.LED_G_OFF         gpio_api.o
    0x0000c258   0x0000c258   0x00000020   Code   RO         7536    i.LED_G_ON          gpio_api.o
    0x0000c278   0x0000c278   0x00000020   Code   RO         7537    i.LED_W_OFF         gpio_api.o
    0x0000c298   0x0000c298   0x00000020   Code   RO         7538    i.LED_W_ON          gpio_api.o
    0x0000c2b8   0x0000c2b8   0x00000020   Code   RO         7539    i.LED_Y_OFF         gpio_api.o
    0x0000c2d8   0x0000c2d8   0x00000020   Code   RO         7540    i.LED_Y_ON          gpio_api.o
    0x0000c2f8   0x0000c2f8   0x00000084   Code   RO          622    i.PHY_GetLinkSpeedDuplex  fsl_phy.o
    0x0000c37c   0x0000c37c   0x00000030   Code   RO          623    i.PHY_GetLinkStatus  fsl_phy.o
    0x0000c3ac   0x0000c3ac   0x000000f4   Code   RO          624    i.PHY_Init          fsl_phy.o
    0x0000c4a0   0x0000c4a0   0x00000036   Code   RO          625    i.PHY_Read          fsl_phy.o
    0x0000c4d6   0x0000c4d6   0x0000002c   Code   RO          626    i.PHY_Write         fsl_phy.o
    0x0000c502   0x0000c502   0x00000002   PAD
    0x0000c504   0x0000c504   0x00000020   Code   RO         7541    i.PIO0_21_OFF       gpio_api.o
    0x0000c524   0x0000c524   0x00000020   Code   RO         7542    i.PIO0_21_ON        gpio_api.o
    0x0000c544   0x0000c544   0x00000020   Code   RO         7543    i.PIO0_25_OFF       gpio_api.o
    0x0000c564   0x0000c564   0x00000020   Code   RO         7544    i.PIO0_25_ON        gpio_api.o
    0x0000c584   0x0000c584   0x00000020   Code   RO         7545    i.PIO0_28_OFF       gpio_api.o
    0x0000c5a4   0x0000c5a4   0x00000020   Code   RO         7546    i.PIO0_28_ON        gpio_api.o
    0x0000c5c4   0x0000c5c4   0x00000020   Code   RO         7547    i.PIO1_0_OFF        gpio_api.o
    0x0000c5e4   0x0000c5e4   0x00000020   Code   RO         7548    i.PIO1_0_ON         gpio_api.o
    0x0000c604   0x0000c604   0x00000020   Code   RO         7549    i.PIO1_22_OFF       gpio_api.o
    0x0000c624   0x0000c624   0x00000020   Code   RO         7550    i.PIO1_22_ON        gpio_api.o
    0x0000c644   0x0000c644   0x00000020   Code   RO         7551    i.PIO1_30_OFF       gpio_api.o
    0x0000c664   0x0000c664   0x00000020   Code   RO         7552    i.PIO1_30_ON        gpio_api.o
    0x0000c684   0x0000c684   0x00000014   Code   RO          777    i.POWER_DisablePD   clock_config.o
    0x0000c698   0x0000c698   0x00000014   Code   RO         1221    i.POWER_DisablePD   fsl_clock.o
    0x0000c6ac   0x0000c6ac   0x00000074   Code   RO         8649    i.POWER_SetVoltageForFreq  keil_lib_power.lib(fsl_power_lib.o)
    0x0000c720   0x0000c720   0x00000014   Code   RO         8651    i.POWER_setVdLevel  keil_lib_power.lib(fsl_power_lib.o)
    0x0000c734   0x0000c734   0x00000020   Code   RO         7553    i.PWM_OFF           gpio_api.o
    0x0000c754   0x0000c754   0x00000020   Code   RO         7554    i.PWM_ON            gpio_api.o
    0x0000c774   0x0000c774   0x00000020   Code   RO         7555    i.RELAY0_OFF        gpio_api.o
    0x0000c794   0x0000c794   0x00000020   Code   RO         7556    i.RELAY0_ON         gpio_api.o
    0x0000c7b4   0x0000c7b4   0x00000090   Code   RO         1871    i.RESET_ClearPeripheralReset  fsl_reset.o
    0x0000c844   0x0000c844   0x00000012   Code   RO         1872    i.RESET_PeripheralReset  fsl_reset.o
    0x0000c856   0x0000c856   0x00000002   PAD
    0x0000c858   0x0000c858   0x00000090   Code   RO         1873    i.RESET_SetPeripheralReset  fsl_reset.o
    0x0000c8e8   0x0000c8e8   0x00000020   Code   RO         7557    i.RS485_RX_OFF      gpio_api.o
    0x0000c908   0x0000c908   0x00000020   Code   RO         7558    i.RS485_RX_ON       gpio_api.o
    0x0000c928   0x0000c928   0x00000020   Code   RO         7559    i.RS485_TX_OFF      gpio_api.o
    0x0000c948   0x0000c948   0x00000020   Code   RO         7560    i.RS485_TX_ON       gpio_api.o
    0x0000c968   0x0000c968   0x00000014   Code   RO         2045    i.SCT0_IRQHandler   fsl_sctimer.o
    0x0000c97c   0x0000c97c   0x00000020   Code   RO         7561    i.SW_OFF            gpio_api.o
    0x0000c99c   0x0000c99c   0x00000020   Code   RO         7562    i.SW_ON             gpio_api.o
    0x0000c9bc   0x0000c9bc   0x00000034   Code   RO          515    i.SysTick_Handler   port.o
    0x0000c9f0   0x0000c9f0   0x00000030   Code   RO          420    i.SystemInit        system_lpc54608.o
    0x0000ca20   0x0000ca20   0x00000068   Code   RO          821    i.USART_GetDefaultConfig  fsl_usart.o
    0x0000ca88   0x0000ca88   0x00000148   Code   RO          823    i.USART_Init        fsl_usart.o
    0x0000cbd0   0x0000cbd0   0x00000108   Code   RO          824    i.USART_ReadBlocking  fsl_usart.o
    0x0000ccd8   0x0000ccd8   0x00000100   Code   RO          825    i.USART_SetBaudRate  fsl_usart.o
    0x0000cdd8   0x0000cdd8   0x000000a8   Code   RO          838    i.USART_WriteBlocking  fsl_usart.o
    0x0000ce80   0x0000ce80   0x00000090   Code   RO         2997    i._Z10apiRespondv   socket sharing_main.o
    0x0000cf10   0x0000cf10   0x000000a4   Code   RO         2998    i._Z10initServerv   socket sharing_main.o
    0x0000cfb4   0x0000cfb4   0x00000114   Code   RO         7923    i._Z10parse_hex4PKc  cjson.o
    0x0000d0c8   0x0000d0c8   0x00000064   Code   RO         8508    i._Z10updateCodev   ota.o
    0x0000d12c   0x0000d12c   0x00000014   Code   RO         2999    i._Z10workHandlePv  socket sharing_main.o
    0x0000d140   0x0000d140   0x000000ae   Code   RO         7924    i._Z11parse_arrayP5cJSONPKcPS2_  cjson.o
    0x0000d1ee   0x0000d1ee   0x00000002   PAD
    0x0000d1f0   0x0000d1f0   0x000000c0   Code   RO         7925    i._Z11parse_valueP5cJSONPKcPS2_  cjson.o
    0x0000d2b0   0x0000d2b0   0x00000026   Code   RO         8576    i._Z12md5CalculatePhiS_  md5std.o
    0x0000d2d6   0x0000d2d6   0x00000002   PAD
    0x0000d2d8   0x0000d2d8   0x000007d4   Code   RO         8577    i._Z12md5TransformPjPh  md5std.o
    0x0000daac   0x0000daac   0x000001c8   Code   RO         7929    i._Z12parse_numberP5cJSONPKc  cjson.o
    0x0000dc74   0x0000dc74   0x00000116   Code   RO         7930    i._Z12parse_objectP5cJSONPKcPS2_  cjson.o
    0x0000dd8a   0x0000dd8a   0x00000002   PAD
    0x0000dd8c   0x0000dd8c   0x0000020c   Code   RO         7931    i._Z12parse_stringP5cJSONPKcPS2_  cjson.o
    0x0000df98   0x0000df98   0x000001e0   Code   RO         3000    i._Z13Internet_initv  socket sharing_main.o
    0x0000e178   0x0000e178   0x0000010c   Code   RO         3001    i._Z13netWorkThreadPv  socket sharing_main.o
    0x0000e284   0x0000e284   0x00000098   Code   RO         8383    i._Z13recvMsgHandlev  socket_sharing.o
    0x0000e31c   0x0000e31c   0x00000016   Code   RO         3002    i._Z14NVIC_EnableIRQ4IRQn  socket sharing_main.o
    0x0000e332   0x0000e332   0x00000002   PAD
    0x0000e334   0x0000e334   0x00000020   Code   RO         7936    i._Z14cJSON_New_Itemv  cjson.o
    0x0000e354   0x0000e354   0x0000061c   Code   RO         3003    i._Z14openPortSwitchv  socket sharing_main.o
    0x0000e970   0x0000e970   0x00000022   Code   RO         8339    i._Z15calculate_crc16Pcj  lib_crc16.o
    0x0000e992   0x0000e992   0x00000002   PAD
    0x0000e994   0x0000e994   0x00000618   Code   RO         3004    i._Z15closePortSwitchv  socket sharing_main.o
    0x0000efac   0x0000efac   0x000000fc   Code   RO         3005    i._Z15heartbeatThreadPv  socket sharing_main.o
    0x0000f0a8   0x0000f0a8   0x0000000c   Code   RO         3006    i._Z15initEventHandlev  socket sharing_main.o
    0x0000f0b4   0x0000f0b4   0x0000004c   Code   RO         7937    i._Z16cJSON_strcasecmpPKcS0_  cjson.o
    0x0000f100   0x0000f100   0x0000003c   Code   RO         8509    i._Z16calculateBinSizePci  ota.o
    0x0000f13c   0x0000f13c   0x00000258   Code   RO         8384    i._Z16cmdMsgRespHandle5MSGID  socket_sharing.o
    0x0000f394   0x0000f394   0x000004fc   Code   RO         8385    i._Z16parseRecvMsgInfoPc  socket_sharing.o
    0x0000f890   0x0000f890   0x00000028   Code   RO         3007    i._Z17CLOCK_EnableClock14_clock_ip_name  socket sharing_main.o
    0x0000f8b8   0x0000f8b8   0x0000019c   Code   RO         3008    i._Z17respondPortSwitchv  socket sharing_main.o
    0x0000fa54   0x0000fa54   0x00000018   Code   RO         8340    i._Z17update_crc16_A001tc  lib_crc16.o
    0x0000fa6c   0x0000fa6c   0x0000028c   Code   RO         8386    i._Z18parseBincodeBufferPc  socket_sharing.o
    0x0000fcf8   0x0000fcf8   0x00000488   Code   RO         3009    i._Z19checkChargingFinishv  socket sharing_main.o
    0x00010180   0x00010180   0x000003e0   Code   RO         8387    i._Z19notifyMsgSendHandle5MSGID  socket_sharing.o
    0x00010560   0x00010560   0x0000006c   Code   RO         3010    i._Z20timerOneSecondThreadPv  socket sharing_main.o
    0x000105cc   0x000105cc   0x000000a8   Code   RO         3011    i._Z21checkNetworkAvailablev  socket sharing_main.o
    0x00010674   0x00010674   0x0000000a   Code   RO         3012    i._Z22USART_EnableInterruptsP10USART_Typej  socket sharing_main.o
    0x0001067e   0x0001067e   0x00000002   PAD
    0x00010680   0x00010680   0x00000694   Code   RO         3013    i._Z22setAllPortStatusSwitchv  socket sharing_main.o
    0x00010d14   0x00010d14   0x00000016   Code   RO         8342    i._Z22update_crc16_reflectedPKttc  lib_crc16.o
    0x00010d2a   0x00010d2a   0x00000012   Code   RO         7940    i._Z4skipPKc        cjson.o
    0x00010d3c   0x00010d3c   0x0000029c   Code   RO         8510    i._Z7OTAInitv       ota.o
    0x00010fd8   0x00010fd8   0x00000024   Code   RO         8578    i._Z7md5InitP12_md5_std_ctx  md5std.o
    0x00010ffc   0x00010ffc   0x00000054   Code   RO         8579    i._Z8md5FinalP12_md5_std_ctxPh  md5std.o
    0x00011050   0x00011050   0x00000016   Code   RO         3014    i._Z9EnableIRQ4IRQn  socket sharing_main.o
    0x00011066   0x00011066   0x00000002   PAD
    0x00011068   0x00011068   0x000000c0   Code   RO         3015    i._Z9apiHandlev     socket sharing_main.o
    0x00011128   0x00011128   0x00000032   Code   RO         8580    i._Z9md5DecodePjPhj  md5std.o
    0x0001115a   0x0001115a   0x0000003e   Code   RO         8581    i._Z9md5EncodePhPjj  md5std.o
    0x00011198   0x00011198   0x0000008c   Code   RO         8582    i._Z9md5UpdateP12_md5_std_ctxPhj  md5std.o
    0x00011224   0x00011224   0x00000020   Code   RO         8964    i.__0printf         mc_w.l(printfa.o)
    0x00011244   0x00011244   0x00000028   Code   RO         8966    i.__0sprintf        mc_w.l(printfa.o)
    0x0001126c   0x0001126c   0x00000030   Code   RO         9060    i.__ARM_fpclassify  m_wm.l(fpclassify.o)
    0x0001129c   0x0001129c   0x00000044   Code   RO         1815    i.__aeabi_assert    fsl_common.o
    0x000112e0   0x000112e0   0x00000050   Code   RO         8992    i.__free$2region    mc_w.l(malloc2.o)
    0x00011330   0x00011330   0x000000d0   Code   RO         8680    i.__hardfp_modf     m_wm.l(modf.o)
    0x00011400   0x00011400   0x00000c50   Code   RO         8686    i.__hardfp_pow      m_wm.l(pow.o)
    0x00012050   0x00012050   0x000000f8   Code   RO         9062    i.__kernel_poly     m_wm.l(poly.o)
    0x00012148   0x00012148   0x0000006c   Code   RO         8993    i.__malloc$2region  mc_w.l(malloc2.o)
    0x000121b4   0x000121b4   0x00000004   PAD
    0x000121b8   0x000121b8   0x00000030   Code   RO         9046    i.__mathlib_dbl_divzero  m_wm.l(dunder.o)
    0x000121e8   0x000121e8   0x00000014   Code   RO         9048    i.__mathlib_dbl_infnan2  m_wm.l(dunder.o)
    0x000121fc   0x000121fc   0x00000004   PAD
    0x00012200   0x00012200   0x00000020   Code   RO         9049    i.__mathlib_dbl_invalid  m_wm.l(dunder.o)
    0x00012220   0x00012220   0x00000020   Code   RO         9050    i.__mathlib_dbl_overflow  m_wm.l(dunder.o)
    0x00012240   0x00012240   0x00000020   Code   RO         9052    i.__mathlib_dbl_underflow  m_wm.l(dunder.o)
    0x00012260   0x00012260   0x0000000e   Code   RO         9138    i.__scatterload_copy  mc_w.l(handlers.o)
    0x0001226e   0x0001226e   0x00000002   Code   RO         9139    i.__scatterload_null  mc_w.l(handlers.o)
    0x00012270   0x00012270   0x0000000e   Code   RO         9140    i.__scatterload_zeroinit  mc_w.l(handlers.o)
    0x0001227e   0x0001227e   0x00000002   PAD
    0x00012280   0x00012280   0x0000000c   Code   RO         9103    i.__set_errno       mc_w.l(errno.o)
    0x0001228c   0x0001228c   0x00000184   Code   RO         8971    i._fp_digits        mc_w.l(printfa.o)
    0x00012410   0x00012410   0x000006dc   Code   RO         8972    i._printf_core      mc_w.l(printfa.o)
    0x00012aec   0x00012aec   0x00000024   Code   RO         8973    i._printf_post_padding  mc_w.l(printfa.o)
    0x00012b10   0x00012b10   0x0000002e   Code   RO         8974    i._printf_pre_padding  mc_w.l(printfa.o)
    0x00012b3e   0x00012b3e   0x0000000a   Code   RO         8976    i._sputc            mc_w.l(printfa.o)
    0x00012b48   0x00012b48   0x00000058   Code   RO         7961    i.cJSON_Delete      cjson.o
    0x00012ba0   0x00012ba0   0x0000001a   Code   RO         7967    i.cJSON_GetArrayItem  cjson.o
    0x00012bba   0x00012bba   0x00000012   Code   RO         7968    i.cJSON_GetArraySize  cjson.o
    0x00012bcc   0x00012bcc   0x00000026   Code   RO         7970    i.cJSON_GetObjectItem  cjson.o
    0x00012bf2   0x00012bf2   0x00000010   Code   RO         7975    i.cJSON_Parse       cjson.o
    0x00012c02   0x00012c02   0x00000002   PAD
    0x00012c04   0x00012c04   0x00000070   Code   RO         7976    i.cJSON_ParseWithOpts  cjson.o
    0x00012c74   0x00012c74   0x00000022   Code   RO         7434    i.calculate_crc16   eeprom_api.o
    0x00012c96   0x00012c96   0x00000002   PAD
    0x00012c98   0x00012c98   0x0000001c   Code   RO         5978    i.cyclic_timer      timeouts.o
    0x00012cb4   0x00012cb4   0x0000004c   Code   RO         6189    i.dhcp_arp_reply    dhcp.o
    0x00012d00   0x00012d00   0x00000164   Code   RO         6190    i.dhcp_bind         dhcp.o
    0x00012e64   0x00012e64   0x0000004c   Code   RO         6191    i.dhcp_check        dhcp.o
    0x00012eb0   0x00012eb0   0x00000078   Code   RO         6193    i.dhcp_coarse_tmr   dhcp.o
    0x00012f28   0x00012f28   0x0000025c   Code   RO         6194    i.dhcp_create_msg   dhcp.o
    0x00013184   0x00013184   0x00000060   Code   RO         6195    i.dhcp_dec_pcb_refcount  dhcp.o
    0x000131e4   0x000131e4   0x000000a8   Code   RO         6196    i.dhcp_decline      dhcp.o
    0x0001328c   0x0001328c   0x000000b4   Code   RO         6197    i.dhcp_delete_msg   dhcp.o
    0x00013340   0x00013340   0x000000f4   Code   RO         6198    i.dhcp_discover     dhcp.o
    0x00013434   0x00013434   0x00000040   Code   RO         6199    i.dhcp_fine_tmr     dhcp.o
    0x00013474   0x00013474   0x00000080   Code   RO         6200    i.dhcp_handle_ack   dhcp.o
    0x000134f4   0x000134f4   0x0000002c   Code   RO         6201    i.dhcp_handle_nak   dhcp.o
    0x00013520   0x00013520   0x00000040   Code   RO         6202    i.dhcp_handle_offer  dhcp.o
    0x00013560   0x00013560   0x000000a8   Code   RO         6203    i.dhcp_inc_pcb_refcount  dhcp.o
    0x00013608   0x00013608   0x0000003c   Code   RO         6206    i.dhcp_option       dhcp.o
    0x00013644   0x00013644   0x00000060   Code   RO         6207    i.dhcp_option_byte  dhcp.o
    0x000136a4   0x000136a4   0x00000094   Code   RO         6208    i.dhcp_option_long  dhcp.o
    0x00013738   0x00013738   0x00000038   Code   RO         6209    i.dhcp_option_short  dhcp.o
    0x00013770   0x00013770   0x000000f8   Code   RO         6210    i.dhcp_option_trailer  dhcp.o
    0x00013868   0x00013868   0x00000428   Code   RO         6211    i.dhcp_parse_reply  dhcp.o
    0x00013c90   0x00013c90   0x000000d0   Code   RO         6212    i.dhcp_rebind       dhcp.o
    0x00013d60   0x00013d60   0x000000ec   Code   RO         6213    i.dhcp_reboot       dhcp.o
    0x00013e4c   0x00013e4c   0x00000184   Code   RO         6214    i.dhcp_recv         dhcp.o
    0x00013fd0   0x00013fd0   0x000000b8   Code   RO         6215    i.dhcp_release      dhcp.o
    0x00014088   0x00014088   0x000000d0   Code   RO         6216    i.dhcp_renew        dhcp.o
    0x00014158   0x00014158   0x00000114   Code   RO         6217    i.dhcp_select       dhcp.o
    0x0001426c   0x0001426c   0x00000010   Code   RO         6218    i.dhcp_set_state    dhcp.o
    0x0001427c   0x0001427c   0x00000128   Code   RO         6220    i.dhcp_start        dhcp.o
    0x000143a4   0x000143a4   0x00000070   Code   RO         6221    i.dhcp_stop         dhcp.o
    0x00014414   0x00014414   0x00000022   Code   RO         6222    i.dhcp_supplied_address  dhcp.o
    0x00014436   0x00014436   0x0000004a   Code   RO         6223    i.dhcp_t1_timeout   dhcp.o
    0x00014480   0x00014480   0x00000050   Code   RO         6224    i.dhcp_t2_timeout   dhcp.o
    0x000144d0   0x000144d0   0x00000088   Code   RO         6225    i.dhcp_timeout      dhcp.o
    0x00014558   0x00014558   0x00000054   Code   RO         5033    i.do_memp_free_pool  memp.o
    0x000145ac   0x000145ac   0x00000064   Code   RO         5034    i.do_memp_malloc_pool  memp.o
    0x00014610   0x00014610   0x00000024   Code   RO         7436    i.eeprom_init       eeprom_api.o
    0x00014634   0x00014634   0x00000014   Code   RO         3579    i.enet_get_rx_frame_size  ethernetif.o
    0x00014648   0x00014648   0x00000056   Code   RO         3580    i.enet_get_tx_buffer  ethernetif.o
    0x0001469e   0x0001469e   0x00000002   PAD
    0x000146a0   0x000146a0   0x00000150   Code   RO         3581    i.enet_init         ethernetif.o
    0x000147f0   0x000147f0   0x0000001a   Code   RO         3582    i.enet_read_frame   ethernetif.o
    0x0001480a   0x0001480a   0x0000003e   Code   RO         3583    i.enet_send_frame   ethernetif.o
    0x00014848   0x00014848   0x0000003c   Code   RO         7838    i.erase_page        flash_api.o
    0x00014884   0x00014884   0x000000b4   Code   RO         7839    i.erase_sector      flash_api.o
    0x00014938   0x00014938   0x000001ac   Code   RO         4118    i.err_tcp           api_msg.o
    0x00014ae4   0x00014ae4   0x00000260   Code   RO         6413    i.etharp_find_entry  etharp.o
    0x00014d44   0x00014d44   0x00000078   Code   RO         6414    i.etharp_free_entry  etharp.o
    0x00014dbc   0x00014dbc   0x00000124   Code   RO         6416    i.etharp_input      etharp.o
    0x00014ee0   0x00014ee0   0x0000017c   Code   RO         6417    i.etharp_output     etharp.o
    0x0001505c   0x0001505c   0x000000fc   Code   RO         6418    i.etharp_output_to_arp_index  etharp.o
    0x00015158   0x00015158   0x00000218   Code   RO         6419    i.etharp_query      etharp.o
    0x00015370   0x00015370   0x0000010c   Code   RO         6420    i.etharp_raw        etharp.o
    0x0001547c   0x0001547c   0x0000001c   Code   RO         6421    i.etharp_request    etharp.o
    0x00015498   0x00015498   0x0000002c   Code   RO         6422    i.etharp_request_dst  etharp.o
    0x000154c4   0x000154c4   0x000000e4   Code   RO         6423    i.etharp_tmr        etharp.o
    0x000155a8   0x000155a8   0x000000fc   Code   RO         6424    i.etharp_update_arp_entry  etharp.o
    0x000156a4   0x000156a4   0x0000006c   Code   RO         3584    i.ethernet_callback  ethernetif.o
    0x00015710   0x00015710   0x000000dc   Code   RO         6865    i.ethernet_input    ethernet.o
    0x000157ec   0x000157ec   0x000000a0   Code   RO         6866    i.ethernet_output   ethernet.o
    0x0001588c   0x0001588c   0x0000005c   Code   RO         3585    i.ethernetif_init   ethernetif.o
    0x000158e8   0x000158e8   0x00000044   Code   RO         3586    i.ethernetif_input  ethernetif.o
    0x0001592c   0x0001592c   0x00000018   Code   RO         8670    i.fabs              m_wm.l(fabs.o)
    0x00015944   0x00015944   0x00000024   Code   RO         3482    i.fputc             fsl_debug_console.o
    0x00015968   0x00015968   0x00000012   Code   RO         3587    i.get_rx_desc       ethernetif.o
    0x0001597a   0x0001597a   0x00000012   Code   RO         3588    i.get_tx_desc       ethernetif.o
    0x0001598c   0x0001598c   0x000000d4   Code   RO         3017    i.gpio_init         socket sharing_main.o
    0x00015a60   0x00015a60   0x00000014   Code   RO         2171    i.iap_entry         fsl_flashiap.o
    0x00015a74   0x00015a74   0x00000012   Code   RO         6507    i.icmp_dest_unreach  icmp.o
    0x00015a86   0x00015a86   0x00000002   PAD
    0x00015a88   0x00015a88   0x00000274   Code   RO         6508    i.icmp_input        icmp.o
    0x00015cfc   0x00015cfc   0x000000bc   Code   RO         6509    i.icmp_send_response  icmp.o
    0x00015db8   0x00015db8   0x00000012   Code   RO         6510    i.icmp_time_exceeded  icmp.o
    0x00015dca   0x00015dca   0x00000014   Code   RO         4842    i.inet_chksum       inet_chksum.o
    0x00015dde   0x00015dde   0x00000052   Code   RO         4843    i.inet_chksum_pbuf  inet_chksum.o
    0x00015e30   0x00015e30   0x0000004c   Code   RO         4844    i.inet_chksum_pseudo  inet_chksum.o
    0x00015e7c   0x00015e7c   0x00000086   Code   RO         4846    i.inet_cksum_pseudo_base  inet_chksum.o
    0x00015f02   0x00015f02   0x0000004e   Code   RO         6604    i.ip4_addr_isbroadcast_u32  ip4_addr.o
    0x00015f50   0x00015f50   0x00000240   Code   RO         6665    i.ip4_frag          ip4_frag.o
    0x00016190   0x00016190   0x00000250   Code   RO         6558    i.ip4_input         ip4.o
    0x000163e0   0x000163e0   0x00000036   Code   RO         6560    i.ip4_output_if     ip4.o
    0x00016416   0x00016416   0x00000002   PAD
    0x00016418   0x00016418   0x00000168   Code   RO         6561    i.ip4_output_if_src  ip4.o
    0x00016580   0x00016580   0x000001c4   Code   RO         6666    i.ip4_reass         ip4_frag.o
    0x00016744   0x00016744   0x00000094   Code   RO         6562    i.ip4_route         ip4.o
    0x000167d8   0x000167d8   0x00000024   Code   RO         4848    i.ip_chksum_pseudo  inet_chksum.o
    0x000167fc   0x000167fc   0x0000000a   Code   RO         6667    i.ip_frag_alloc_pbuf_custom_ref  ip4_frag.o
    0x00016806   0x00016806   0x00000002   PAD
    0x00016808   0x00016808   0x00000028   Code   RO         6668    i.ip_frag_free_pbuf_custom_ref  ip4_frag.o
    0x00016830   0x00016830   0x00000270   Code   RO         6669    i.ip_reass_chain_frag_into_datagram_and_validate  ip4_frag.o
    0x00016aa0   0x00016aa0   0x00000050   Code   RO         6670    i.ip_reass_dequeue_datagram  ip4_frag.o
    0x00016af0   0x00016af0   0x00000058   Code   RO         6671    i.ip_reass_enqueue_new_datagram  ip4_frag.o
    0x00016b48   0x00016b48   0x00000140   Code   RO         6672    i.ip_reass_free_complete_datagram  ip4_frag.o
    0x00016c88   0x00016c88   0x00000088   Code   RO         6673    i.ip_reass_remove_oldest_datagram  ip4_frag.o
    0x00016d10   0x00016d10   0x0000003c   Code   RO         6674    i.ip_reass_tmr      ip4_frag.o
    0x00016d4c   0x00016d4c   0x0000004c   Code   RO         6675    i.ipfrag_free_pbuf_custom  ip4_frag.o
    0x00016d98   0x00016d98   0x0000004c   Code   RO         3589    i.low_level_init    ethernetif.o
    0x00016de4   0x00016de4   0x000000ae   Code   RO         3590    i.low_level_input   ethernetif.o
    0x00016e92   0x00016e92   0x00000002   PAD
    0x00016e94   0x00016e94   0x000000a8   Code   RO         3591    i.low_level_output  ethernetif.o
    0x00016f3c   0x00016f3c   0x0000001a   Code   RO         4777    i.lwip_htonl        def.o
    0x00016f56   0x00016f56   0x0000000c   Code   RO         4778    i.lwip_htons        def.o
    0x00016f62   0x00016f62   0x00000024   Code   RO         4911    i.lwip_init         init.o
    0x00016f86   0x00016f86   0x00000002   PAD
    0x00016f88   0x00016f88   0x0000010c   Code   RO         4121    i.lwip_netconn_do_close  api_msg.o
    0x00017094   0x00017094   0x000002cc   Code   RO         4122    i.lwip_netconn_do_close_internal  api_msg.o
    0x00017360   0x00017360   0x0000016c   Code   RO         4123    i.lwip_netconn_do_connect  api_msg.o
    0x000174cc   0x000174cc   0x0000015c   Code   RO         4124    i.lwip_netconn_do_connected  api_msg.o
    0x00017628   0x00017628   0x000001cc   Code   RO         4125    i.lwip_netconn_do_delconn  api_msg.o
    0x000177f4   0x000177f4   0x00000040   Code   RO         4129    i.lwip_netconn_do_newconn  api_msg.o
    0x00017834   0x00017834   0x00000070   Code   RO         4130    i.lwip_netconn_do_recv  api_msg.o
    0x000178a4   0x000178a4   0x00000128   Code   RO         4132    i.lwip_netconn_do_write  api_msg.o
    0x000179cc   0x000179cc   0x000002c8   Code   RO         4133    i.lwip_netconn_do_writemore  api_msg.o
    0x00017c94   0x00017c94   0x0000005e   Code   RO         4850    i.lwip_standard_chksum  inet_chksum.o
    0x00017cf2   0x00017cf2   0x00000002   PAD
    0x00017cf4   0x00017cf4   0x000002a4   Code   RO         3018    i.main              socket sharing_main.o
    0x00017f98   0x00017f98   0x000000f0   Code   RO         4978    i.mem_free          mem.o
    0x00018088   0x00018088   0x00000090   Code   RO         4979    i.mem_init          mem.o
    0x00018118   0x00018118   0x00000204   Code   RO         4980    i.mem_malloc        mem.o
    0x0001831c   0x0001831c   0x00000180   Code   RO         4981    i.mem_trim          mem.o
    0x0001849c   0x0001849c   0x0000004c   Code   RO         5035    i.memp_free         memp.o
    0x000184e8   0x000184e8   0x00000020   Code   RO         5037    i.memp_init         memp.o
    0x00018508   0x00018508   0x0000002c   Code   RO         5038    i.memp_init_pool    memp.o
    0x00018534   0x00018534   0x0000004c   Code   RO         5039    i.memp_malloc       memp.o
    0x00018580   0x00018580   0x000000b0   Code   RO         4338    i.netbuf_data       netbuf.o
    0x00018630   0x00018630   0x00000020   Code   RO         4339    i.netbuf_delete     netbuf.o
    0x00018650   0x00018650   0x000000c0   Code   RO         4134    i.netconn_alloc     api_msg.o
    0x00018710   0x00018710   0x00000026   Code   RO         3942    i.netconn_apimsg    api_lib.o
    0x00018736   0x00018736   0x00000002   PAD
    0x00018738   0x00018738   0x00000058   Code   RO         3945    i.netconn_close_shutdown  api_lib.o
    0x00018790   0x00018790   0x00000060   Code   RO         3946    i.netconn_connect   api_lib.o
    0x000187f0   0x000187f0   0x00000034   Code   RO         3947    i.netconn_delete    api_lib.o
    0x00018824   0x00018824   0x000000b0   Code   RO         4135    i.netconn_drain     api_msg.o
    0x000188d4   0x000188d4   0x000000fc   Code   RO         4136    i.netconn_free      api_msg.o
    0x000189d0   0x000189d0   0x00000128   Code   RO         3951    i.netconn_new_with_proto_and_callback  api_lib.o
    0x00018af8   0x00018af8   0x000000dc   Code   RO         3952    i.netconn_recv      api_lib.o
    0x00018bd4   0x00018bd4   0x0000019c   Code   RO         3953    i.netconn_recv_data  api_lib.o
    0x00018d70   0x00018d70   0x000000e0   Code   RO         3958    i.netconn_write_partly  api_lib.o
    0x00018e50   0x00018e50   0x000000b4   Code   RO         5121    i.netif_add         netif.o
    0x00018f04   0x00018f04   0x00000002   Code   RO         5123    i.netif_init        netif.o
    0x00018f06   0x00018f06   0x00000024   Code   RO         5125    i.netif_issue_reports  netif.o
    0x00018f2a   0x00018f2a   0x00000048   Code   RO         5127    i.netif_set_addr    netif.o
    0x00018f72   0x00018f72   0x00000002   PAD
    0x00018f74   0x00018f74   0x00000010   Code   RO         5128    i.netif_set_default  netif.o
    0x00018f84   0x00018f84   0x00000010   Code   RO         5130    i.netif_set_gw      netif.o
    0x00018f94   0x00018f94   0x0000005c   Code   RO         5131    i.netif_set_ipaddr  netif.o
    0x00018ff0   0x00018ff0   0x00000010   Code   RO         5134    i.netif_set_netmask  netif.o
    0x00019000   0x00019000   0x0000002c   Code   RO         5135    i.netif_set_up      netif.o
    0x0001902c   0x0001902c   0x00000364   Code   RO         5240    i.pbuf_alloc        pbuf.o
    0x00019390   0x00019390   0x000000b0   Code   RO         5241    i.pbuf_alloced_custom  pbuf.o
    0x00019440   0x00019440   0x000000d0   Code   RO         5242    i.pbuf_cat          pbuf.o
    0x00019510   0x00019510   0x0000001a   Code   RO         5243    i.pbuf_chain        pbuf.o
    0x0001952a   0x0001952a   0x00000012   Code   RO         5244    i.pbuf_clen         pbuf.o
    0x0001953c   0x0001953c   0x00000198   Code   RO         5246    i.pbuf_copy         pbuf.o
    0x000196d4   0x000196d4   0x000000e4   Code   RO         5247    i.pbuf_copy_partial  pbuf.o
    0x000197b8   0x000197b8   0x00000140   Code   RO         5249    i.pbuf_free         pbuf.o
    0x000198f8   0x000198f8   0x00000012   Code   RO         5251    i.pbuf_header       pbuf.o
    0x0001990a   0x0001990a   0x00000012   Code   RO         5252    i.pbuf_header_force  pbuf.o
    0x0001991c   0x0001991c   0x000000f4   Code   RO         5253    i.pbuf_header_impl  pbuf.o
    0x00019a10   0x00019a10   0x00000140   Code   RO         5257    i.pbuf_realloc      pbuf.o
    0x00019b50   0x00019b50   0x0000001e   Code   RO         5258    i.pbuf_ref          pbuf.o
    0x00019b6e   0x00019b6e   0x00000002   PAD
    0x00019b70   0x00019b70   0x000000c4   Code   RO         4137    i.pcb_new           api_msg.o
    0x00019c34   0x00019c34   0x0000013c   Code   RO         4982    i.plug_holes        mem.o
    0x00019d70   0x00019d70   0x0000009c   Code   RO         4138    i.poll_tcp          api_msg.o
    0x00019e0c   0x00019e0c   0x00000078   Code   RO         7840    i.program_flash     flash_api.o
    0x00019e84   0x00019e84   0x00000098   Code   RO            6    i.prvAddCurrentTaskToDelayedList  tasks.o
    0x00019f1c   0x00019f1c   0x000000b8   Code   RO            7    i.prvAddNewTaskToReadyList  tasks.o
    0x00019fd4   0x00019fd4   0x00000064   Code   RO         2763    i.prvCheckForValidListAndQueue  timers.o
    0x0001a038   0x0001a038   0x00000064   Code   RO            8    i.prvCheckTasksWaitingTermination  tasks.o
    0x0001a09c   0x0001a09c   0x0000002a   Code   RO         2566    i.prvCopyDataFromQueue  queue.o
    0x0001a0c6   0x0001a0c6   0x0000007c   Code   RO         2567    i.prvCopyDataToQueue  queue.o
    0x0001a142   0x0001a142   0x00000012   Code   RO            9    i.prvDeleteTCB      tasks.o
    0x0001a154   0x0001a154   0x00000028   Code   RO         2764    i.prvGetNextExpireTime  timers.o
    0x0001a17c   0x0001a17c   0x00000028   Code   RO           10    i.prvIdleTask       tasks.o
    0x0001a1a4   0x0001a1a4   0x0000001c   Code   RO         2568    i.prvInitialiseMutex  queue.o
    0x0001a1c0   0x0001a1c0   0x0000002a   Code   RO         2569    i.prvInitialiseNewQueue  queue.o
    0x0001a1ea   0x0001a1ea   0x000000c8   Code   RO           11    i.prvInitialiseNewTask  tasks.o
    0x0001a2b2   0x0001a2b2   0x00000002   PAD
    0x0001a2b4   0x0001a2b4   0x00000068   Code   RO           12    i.prvInitialiseTaskLists  tasks.o
    0x0001a31c   0x0001a31c   0x00000058   Code   RO         2766    i.prvInsertTimerInActiveList  timers.o
    0x0001a374   0x0001a374   0x0000001a   Code   RO         2570    i.prvIsQueueEmpty   queue.o
    0x0001a38e   0x0001a38e   0x0000001e   Code   RO         2571    i.prvIsQueueFull    queue.o
    0x0001a3ac   0x0001a3ac   0x00000064   Code   RO         2767    i.prvProcessExpiredTimer  timers.o
    0x0001a410   0x0001a410   0x00000124   Code   RO         2768    i.prvProcessReceivedCommands  timers.o
    0x0001a534   0x0001a534   0x00000074   Code   RO         2769    i.prvProcessTimerOrBlockTask  timers.o
    0x0001a5a8   0x0001a5a8   0x00000034   Code   RO           14    i.prvResetNextTaskUnblockTime  tasks.o
    0x0001a5dc   0x0001a5dc   0x0000002c   Code   RO         2770    i.prvSampleTimeNow  timers.o
    0x0001a608   0x0001a608   0x000000a0   Code   RO         2771    i.prvSwitchTimerLists  timers.o
    0x0001a6a8   0x0001a6a8   0x00000040   Code   RO          516    i.prvTaskExitError  port.o
    0x0001a6e8   0x0001a6e8   0x0000001e   Code   RO         2905    i.prvTestWaitCondition  event_groups.o
    0x0001a706   0x0001a706   0x0000001a   Code   RO         2772    i.prvTimerTask      timers.o
    0x0001a720   0x0001a720   0x0000007e   Code   RO         2572    i.prvUnlockQueue    queue.o
    0x0001a79e   0x0001a79e   0x00000018   Code   RO         2502    i.pvPortMalloc      heap_3.o
    0x0001a7b6   0x0001a7b6   0x00000002   PAD
    0x0001a7b8   0x0001a7b8   0x00000020   Code   RO           19    i.pvTaskIncrementMutexHeldCount  tasks.o
    0x0001a7d8   0x0001a7d8   0x0000002c   Code   RO          517    i.pxPortInitialiseStack  port.o
    0x0001a804   0x0001a804   0x0000001c   Code   RO         5403    i.raw_connect       raw.o
    0x0001a820   0x0001a820   0x00000094   Code   RO         5404    i.raw_input         raw.o
    0x0001a8b4   0x0001a8b4   0x0000002c   Code   RO         5405    i.raw_input_match   raw.o
    0x0001a8e0   0x0001a8e0   0x00000030   Code   RO         5406    i.raw_netif_ip_addr_changed  raw.o
    0x0001a910   0x0001a910   0x00000034   Code   RO         5407    i.raw_new           raw.o
    0x0001a944   0x0001a944   0x00000006   Code   RO         5409    i.raw_recv          raw.o
    0x0001a94a   0x0001a94a   0x00000002   PAD
    0x0001a94c   0x0001a94c   0x00000044   Code   RO         5410    i.raw_remove        raw.o
    0x0001a990   0x0001a990   0x00000030   Code   RO         7437    i.readFromEEPROM    eeprom_api.o
    0x0001a9c0   0x0001a9c0   0x0000009c   Code   RO         4139    i.recv_raw          api_msg.o
    0x0001aa5c   0x0001aa5c   0x0000011c   Code   RO         4140    i.recv_tcp          api_msg.o
    0x0001ab78   0x0001ab78   0x00000110   Code   RO         4141    i.recv_udp          api_msg.o
    0x0001ac88   0x0001ac88   0x00000084   Code   RO         4142    i.sent_tcp          api_msg.o
    0x0001ad0c   0x0001ad0c   0x00000044   Code   RO         4143    i.setup_tcp         api_msg.o
    0x0001ad50   0x0001ad50   0x0000006e   Code   RO         9067    i.sqrt              m_wm.l(sqrt.o)
    0x0001adbe   0x0001adbe   0x0000006e   Code   RO         3787    i.sys_arch_mbox_fetch  sys_arch.o
    0x0001ae2c   0x0001ae2c   0x00000026   Code   RO         3788    i.sys_arch_mbox_tryfetch  sys_arch.o
    0x0001ae52   0x0001ae52   0x00000030   Code   RO         3789    i.sys_arch_protect  sys_arch.o
    0x0001ae82   0x0001ae82   0x00000060   Code   RO         3790    i.sys_arch_sem_wait  sys_arch.o
    0x0001aee2   0x0001aee2   0x0000001c   Code   RO         3791    i.sys_arch_unprotect  sys_arch.o
    0x0001aefe   0x0001aefe   0x00000002   PAD
    0x0001af00   0x0001af00   0x0000001c   Code   RO         3792    i.sys_assert        sys_arch.o
    0x0001af1c   0x0001af1c   0x0000007c   Code   RO         5979    i.sys_check_timeouts  timeouts.o
    0x0001af98   0x0001af98   0x00000002   Code   RO         3793    i.sys_init          sys_arch.o
    0x0001af9a   0x0001af9a   0x00000034   Code   RO         3794    i.sys_mbox_free     sys_arch.o
    0x0001afce   0x0001afce   0x00000020   Code   RO         3795    i.sys_mbox_new      sys_arch.o
    0x0001afee   0x0001afee   0x00000002   PAD
    0x0001aff0   0x0001aff0   0x00000078   Code   RO         3797    i.sys_mbox_trypost  sys_arch.o
    0x0001b068   0x0001b068   0x00000018   Code   RO         3799    i.sys_mutex_lock    sys_arch.o
    0x0001b080   0x0001b080   0x0000001a   Code   RO         3800    i.sys_mutex_new     sys_arch.o
    0x0001b09a   0x0001b09a   0x00000012   Code   RO         3801    i.sys_mutex_unlock  sys_arch.o
    0x0001b0ac   0x0001b0ac   0x00000008   Code   RO         3802    i.sys_now           sys_arch.o
    0x0001b0b4   0x0001b0b4   0x0000000c   Code   RO         3803    i.sys_sem_free      sys_arch.o
    0x0001b0c0   0x0001b0c0   0x0000003e   Code   RO         3804    i.sys_sem_new       sys_arch.o
    0x0001b0fe   0x0001b0fe   0x00000012   Code   RO         3805    i.sys_sem_signal    sys_arch.o
    0x0001b110   0x0001b110   0x00000038   Code   RO         3806    i.sys_thread_new    sys_arch.o
    0x0001b148   0x0001b148   0x00000120   Code   RO         5981    i.sys_timeout       timeouts.o
    0x0001b268   0x0001b268   0x00000034   Code   RO         5982    i.sys_timeouts_init  timeouts.o
    0x0001b29c   0x0001b29c   0x00000040   Code   RO         5983    i.sys_timeouts_mbox_fetch  timeouts.o
    0x0001b2dc   0x0001b2dc   0x00000038   Code   RO         5984    i.sys_timeouts_sleeptime  timeouts.o
    0x0001b314   0x0001b314   0x00000134   Code   RO         5518    i.tcp_abandon       tcp.o
    0x0001b448   0x0001b448   0x0000000e   Code   RO         5519    i.tcp_abort         tcp.o
    0x0001b456   0x0001b456   0x00000010   Code   RO         5520    i.tcp_accept        tcp.o
    0x0001b466   0x0001b466   0x00000002   PAD
    0x0001b468   0x0001b468   0x000000d4   Code   RO         5522    i.tcp_alloc         tcp.o
    0x0001b53c   0x0001b53c   0x00000006   Code   RO         5523    i.tcp_arg           tcp.o
    0x0001b542   0x0001b542   0x00000002   PAD
    0x0001b544   0x0001b544   0x00000064   Code   RO         5524    i.tcp_backlog_accepted  tcp.o
    0x0001b5a8   0x0001b5a8   0x00000020   Code   RO         5527    i.tcp_close         tcp.o
    0x0001b5c8   0x0001b5c8   0x000001e0   Code   RO         5528    i.tcp_close_shutdown  tcp.o
    0x0001b7a8   0x0001b7a8   0x00000188   Code   RO         5529    i.tcp_connect       tcp.o
    0x0001b930   0x0001b930   0x000000f0   Code   RO         5872    i.tcp_create_segment  tcp_out.o
    0x0001ba20   0x0001ba20   0x0000003a   Code   RO         5531    i.tcp_eff_send_mss_impl  tcp.o
    0x0001ba5a   0x0001ba5a   0x00000002   PAD
    0x0001ba5c   0x0001ba5c   0x0000020c   Code   RO         5873    i.tcp_enqueue_flags  tcp_out.o
    0x0001bc68   0x0001bc68   0x00000048   Code   RO         5532    i.tcp_err           tcp.o
    0x0001bcb0   0x0001bcb0   0x0000007c   Code   RO         5533    i.tcp_fasttmr       tcp.o
    0x0001bd2c   0x0001bd2c   0x00000058   Code   RO         5805    i.tcp_getoptbyte    tcp_in.o
    0x0001bd84   0x0001bd84   0x00000002   Code   RO         5534    i.tcp_init          tcp.o
    0x0001bd86   0x0001bd86   0x00000002   PAD
    0x0001bd88   0x0001bd88   0x00000718   Code   RO         5806    i.tcp_input         tcp_in.o
    0x0001c4a0   0x0001c4a0   0x0000008a   Code   RO         5874    i.tcp_keepalive     tcp_out.o
    0x0001c52a   0x0001c52a   0x00000002   PAD
    0x0001c52c   0x0001c52c   0x0000005c   Code   RO         5535    i.tcp_kill_prio     tcp.o
    0x0001c588   0x0001c588   0x00000070   Code   RO         5536    i.tcp_kill_state    tcp.o
    0x0001c5f8   0x0001c5f8   0x00000040   Code   RO         5537    i.tcp_kill_timewait  tcp.o
    0x0001c638   0x0001c638   0x00000064   Code   RO         5538    i.tcp_listen_closed  tcp.o
    0x0001c69c   0x0001c69c   0x00000168   Code   RO         5807    i.tcp_listen_input  tcp_in.o
    0x0001c804   0x0001c804   0x00000054   Code   RO         5540    i.tcp_netif_ip_addr_changed  tcp.o
    0x0001c858   0x0001c858   0x0000002e   Code   RO         5541    i.tcp_netif_ip_addr_changed_pcblist  tcp.o
    0x0001c886   0x0001c886   0x0000000a   Code   RO         5542    i.tcp_new           tcp.o
    0x0001c890   0x0001c890   0x00000068   Code   RO         5544    i.tcp_new_port      tcp.o
    0x0001c8f8   0x0001c8f8   0x0000001c   Code   RO         5545    i.tcp_next_iss      tcp.o
    0x0001c914   0x0001c914   0x00000278   Code   RO         5875    i.tcp_output        tcp_out.o
    0x0001cb8c   0x0001cb8c   0x000000bc   Code   RO         5876    i.tcp_output_alloc_header  tcp_out.o
    0x0001cc48   0x0001cc48   0x000000e4   Code   RO         5877    i.tcp_output_segment  tcp_out.o
    0x0001cd2c   0x0001cd2c   0x000000b8   Code   RO         5808    i.tcp_parseopt      tcp_in.o
    0x0001cde4   0x0001cde4   0x00000098   Code   RO         5878    i.tcp_pbuf_prealloc  tcp_out.o
    0x0001ce7c   0x0001ce7c   0x0000005e   Code   RO         5546    i.tcp_pcb_purge     tcp.o
    0x0001ceda   0x0001ceda   0x00000002   PAD
    0x0001cedc   0x0001cedc   0x000000c0   Code   RO         5547    i.tcp_pcb_remove    tcp.o
    0x0001cf9c   0x0001cf9c   0x00000040   Code   RO         5548    i.tcp_poll          tcp.o
    0x0001cfdc   0x0001cfdc   0x00000690   Code   RO         5809    i.tcp_process       tcp_in.o
    0x0001d66c   0x0001d66c   0x0000009a   Code   RO         5549    i.tcp_process_refused_data  tcp.o
    0x0001d706   0x0001d706   0x00000002   PAD
    0x0001d708   0x0001d708   0x000007ec   Code   RO         5810    i.tcp_receive       tcp_in.o
    0x0001def4   0x0001def4   0x00000044   Code   RO         5550    i.tcp_recv          tcp.o
    0x0001df38   0x0001df38   0x0000002e   Code   RO         5551    i.tcp_recv_null     tcp.o
    0x0001df66   0x0001df66   0x00000002   PAD
    0x0001df68   0x0001df68   0x000000c4   Code   RO         5552    i.tcp_recved        tcp.o
    0x0001e02c   0x0001e02c   0x00000018   Code   RO         5553    i.tcp_remove_listener  tcp.o
    0x0001e044   0x0001e044   0x0000005a   Code   RO         5879    i.tcp_rexmit        tcp_out.o
    0x0001e09e   0x0001e09e   0x0000007c   Code   RO         5880    i.tcp_rexmit_fast   tcp_out.o
    0x0001e11a   0x0001e11a   0x00000044   Code   RO         5881    i.tcp_rexmit_rto    tcp_out.o
    0x0001e15e   0x0001e15e   0x00000002   PAD
    0x0001e160   0x0001e160   0x000000dc   Code   RO         5882    i.tcp_rst           tcp_out.o
    0x0001e23c   0x0001e23c   0x0000001a   Code   RO         5554    i.tcp_seg_free      tcp.o
    0x0001e256   0x0001e256   0x00000018   Code   RO         5555    i.tcp_segs_free     tcp.o
    0x0001e26e   0x0001e26e   0x00000096   Code   RO         5883    i.tcp_send_empty_ack  tcp_out.o
    0x0001e304   0x0001e304   0x0000004a   Code   RO         5884    i.tcp_send_fin      tcp_out.o
    0x0001e34e   0x0001e34e   0x00000002   PAD
    0x0001e350   0x0001e350   0x00000044   Code   RO         5556    i.tcp_sent          tcp.o
    0x0001e394   0x0001e394   0x00000062   Code   RO         5558    i.tcp_shutdown      tcp.o
    0x0001e3f6   0x0001e3f6   0x00000002   PAD
    0x0001e3f8   0x0001e3f8   0x00000544   Code   RO         5559    i.tcp_slowtmr       tcp.o
    0x0001e93c   0x0001e93c   0x00000038   Code   RO         5986    i.tcp_timer_needed  timeouts.o
    0x0001e974   0x0001e974   0x000000a4   Code   RO         5811    i.tcp_timewait_input  tcp_in.o
    0x0001ea18   0x0001ea18   0x00000024   Code   RO         5560    i.tcp_tmr           tcp.o
    0x0001ea3c   0x0001ea3c   0x00000014   Code   RO         5812    i.tcp_trigger_input_pcb_close  tcp_in.o
    0x0001ea50   0x0001ea50   0x00000078   Code   RO         5562    i.tcp_update_rcv_ann_wnd  tcp.o
    0x0001eac8   0x0001eac8   0x00000688   Code   RO         5885    i.tcp_write         tcp_out.o
    0x0001f150   0x0001f150   0x00000110   Code   RO         5886    i.tcp_write_checks  tcp_out.o
    0x0001f260   0x0001f260   0x00000106   Code   RO         5887    i.tcp_zero_window_probe  tcp_out.o
    0x0001f366   0x0001f366   0x00000002   PAD
    0x0001f368   0x0001f368   0x000000b8   Code   RO         4678    i.tcpip_init        tcpip.o
    0x0001f420   0x0001f420   0x00000070   Code   RO         4679    i.tcpip_inpkt       tcpip.o
    0x0001f490   0x0001f490   0x00000030   Code   RO         4680    i.tcpip_input       tcpip.o
    0x0001f4c0   0x0001f4c0   0x00000020   Code   RO         4681    i.tcpip_send_msg_wait_sem  tcpip.o
    0x0001f4e0   0x0001f4e0   0x00000038   Code   RO         5987    i.tcpip_tcp_timer   timeouts.o
    0x0001f518   0x0001f518   0x000000d4   Code   RO         4682    i.tcpip_thread      tcpip.o
    0x0001f5ec   0x0001f5ec   0x0000000e   Code   RO         2172    i.translate_iap_status  fsl_flashiap.o
    0x0001f5fa   0x0001f5fa   0x00000002   PAD
    0x0001f5fc   0x0001f5fc   0x000000b4   Code   RO         6058    i.udp_bind          udp.o
    0x0001f6b0   0x0001f6b0   0x0000007c   Code   RO         6059    i.udp_connect       udp.o
    0x0001f72c   0x0001f72c   0x00000002   Code   RO         6061    i.udp_init          udp.o
    0x0001f72e   0x0001f72e   0x00000002   PAD
    0x0001f730   0x0001f730   0x000001b8   Code   RO         6062    i.udp_input         udp.o
    0x0001f8e8   0x0001f8e8   0x00000048   Code   RO         6063    i.udp_input_local_match  udp.o
    0x0001f930   0x0001f930   0x00000030   Code   RO         6064    i.udp_netif_ip_addr_changed  udp.o
    0x0001f960   0x0001f960   0x0000001c   Code   RO         6065    i.udp_new           udp.o
    0x0001f97c   0x0001f97c   0x00000058   Code   RO         6067    i.udp_new_port      udp.o
    0x0001f9d4   0x0001f9d4   0x00000006   Code   RO         6068    i.udp_recv          udp.o
    0x0001f9da   0x0001f9da   0x00000002   PAD
    0x0001f9dc   0x0001f9dc   0x00000044   Code   RO         6069    i.udp_remove        udp.o
    0x0001fa20   0x0001fa20   0x00000052   Code   RO         6072    i.udp_sendto_if     udp.o
    0x0001fa72   0x0001fa72   0x00000002   PAD
    0x0001fa74   0x0001fa74   0x00000148   Code   RO         6073    i.udp_sendto_if_src  udp.o
    0x0001fbbc   0x0001fbbc   0x00000018   Code   RO         7439    i.update_crc16_A001  eeprom_api.o
    0x0001fbd4   0x0001fbd4   0x00000016   Code   RO         7440    i.update_crc16_reflected  eeprom_api.o
    0x0001fbea   0x0001fbea   0x00000002   PAD
    0x0001fbec   0x0001fbec   0x000000a0   Code   RO         3019    i.usart_interrupt_init  socket sharing_main.o
    0x0001fc8c   0x0001fc8c   0x00000074   Code   RO         7800    i.usart_readbyByte  usart_api.o
    0x0001fd00   0x0001fd00   0x00000028   Code   RO         2529    i.uxListRemove      list.o
    0x0001fd28   0x0001fd28   0x0000002a   Code   RO         2575    i.uxQueueMessagesWaiting  queue.o
    0x0001fd52   0x0001fd52   0x00000002   PAD
    0x0001fd54   0x0001fd54   0x0000001c   Code   RO           26    i.uxTaskResetEventItemValue  tasks.o
    0x0001fd70   0x0001fd70   0x00000010   Code   RO         2909    i.vEventGroupSetBitsCallback  event_groups.o
    0x0001fd80   0x0001fd80   0x0000001a   Code   RO         2530    i.vListInitialise   list.o
    0x0001fd9a   0x0001fd9a   0x00000006   Code   RO         2531    i.vListInitialiseItem  list.o
    0x0001fda0   0x0001fda0   0x00000034   Code   RO         2532    i.vListInsert       list.o
    0x0001fdd4   0x0001fdd4   0x00000018   Code   RO         2533    i.vListInsertEnd    list.o
    0x0001fdec   0x0001fdec   0x00000054   Code   RO          519    i.vPortEnterCritical  port.o
    0x0001fe40   0x0001fe40   0x0000003c   Code   RO          520    i.vPortExitCritical  port.o
    0x0001fe7c   0x0001fe7c   0x00000016   Code   RO         2503    i.vPortFree         heap_3.o
    0x0001fe92   0x0001fe92   0x00000002   PAD
    0x0001fe94   0x0001fe94   0x00000020   Code   RO          595    i.vPortSetupTimerInterrupt  fsl_tickless_systick.o
    0x0001feb4   0x0001feb4   0x00000078   Code   RO          521    i.vPortValidateInterruptPriority  port.o
    0x0001ff2c   0x0001ff2c   0x0000002c   Code   RO         2578    i.vQueueAddToRegistry  queue.o
    0x0001ff58   0x0001ff58   0x0000002c   Code   RO         2579    i.vQueueDelete      queue.o
    0x0001ff84   0x0001ff84   0x00000030   Code   RO         2581    i.vQueueUnregisterQueue  queue.o
    0x0001ffb4   0x0001ffb4   0x0000004a   Code   RO         2582    i.vQueueWaitForMessageRestricted  queue.o
    0x0001fffe   0x0001fffe   0x00000002   PAD
    0x00020000   0x00020000   0x0000005c   Code   RO           27    i.vTaskDelay        tasks.o
    0x0002005c   0x0002005c   0x0000000c   Code   RO           33    i.vTaskMissedYield  tasks.o
    0x00020068   0x00020068   0x00000038   Code   RO           35    i.vTaskPlaceOnEventList  tasks.o
    0x000200a0   0x000200a0   0x00000040   Code   RO           36    i.vTaskPlaceOnEventListRestricted  tasks.o
    0x000200e0   0x000200e0   0x0000006c   Code   RO           37    i.vTaskPlaceOnUnorderedEventList  tasks.o
    0x0002014c   0x0002014c   0x000000b0   Code   RO           38    i.vTaskPriorityInherit  tasks.o
    0x000201fc   0x000201fc   0x00000030   Code   RO           43    i.vTaskSetTimeOutState  tasks.o
    0x0002022c   0x0002022c   0x00000094   Code   RO           44    i.vTaskStartScheduler  tasks.o
    0x000202c0   0x000202c0   0x00000010   Code   RO           46    i.vTaskSuspendAll   tasks.o
    0x000202d0   0x000202d0   0x0000008c   Code   RO           47    i.vTaskSwitchContext  tasks.o
    0x0002035c   0x0002035c   0x00000188   Code   RO         7442    i.writeToEEPROM     eeprom_api.o
    0x000204e4   0x000204e4   0x0000001a   Code   RO         2912    i.xEventGroupCreate  event_groups.o
    0x000204fe   0x000204fe   0x000000ce   Code   RO         2914    i.xEventGroupSetBits  event_groups.o
    0x000205cc   0x000205cc   0x00000024   Code   RO         2915    i.xEventGroupSetBitsFromISR  event_groups.o
    0x000205f0   0x000205f0   0x00000154   Code   RO         2917    i.xEventGroupWaitBits  event_groups.o
    0x00020744   0x00020744   0x0000013c   Code   RO          522    i.xPortStartScheduler  port.o
    0x00020880   0x00020880   0x00000022   Code   RO         2584    i.xQueueCreateMutex  queue.o
    0x000208a2   0x000208a2   0x00000058   Code   RO         2585    i.xQueueGenericCreate  queue.o
    0x000208fa   0x000208fa   0x00000002   PAD
    0x000208fc   0x000208fc   0x000001c4   Code   RO         2586    i.xQueueGenericReceive  queue.o
    0x00020ac0   0x00020ac0   0x00000098   Code   RO         2587    i.xQueueGenericReset  queue.o
    0x00020b58   0x00020b58   0x000001a8   Code   RO         2588    i.xQueueGenericSend  queue.o
    0x00020d00   0x00020d00   0x000000f8   Code   RO         2589    i.xQueueGenericSendFromISR  queue.o
    0x00020df8   0x00020df8   0x0000002a   Code   RO         2593    i.xQueueIsQueueFullFromISR  queue.o
    0x00020e22   0x00020e22   0x00000002   PAD
    0x00020e24   0x00020e24   0x0000008c   Code   RO           48    i.xTaskCheckForTimeOut  tasks.o
    0x00020eb0   0x00020eb0   0x00000060   Code   RO           49    i.xTaskCreate       tasks.o
    0x00020f10   0x00020f10   0x00000020   Code   RO           53    i.xTaskGetSchedulerState  tasks.o
    0x00020f30   0x00020f30   0x0000000c   Code   RO           54    i.xTaskGetTickCount  tasks.o
    0x00020f3c   0x00020f3c   0x0000012c   Code   RO           56    i.xTaskIncrementTick  tasks.o
    0x00021068   0x00021068   0x000000c8   Code   RO           59    i.xTaskPriorityDisinherit  tasks.o
    0x00021130   0x00021130   0x00000098   Code   RO           60    i.xTaskRemoveFromEventList  tasks.o
    0x000211c8   0x000211c8   0x000000b0   Code   RO           61    i.xTaskRemoveFromUnorderedEventList  tasks.o
    0x00021278   0x00021278   0x00000104   Code   RO           62    i.xTaskResumeAll    tasks.o
    0x0002137c   0x0002137c   0x00000054   Code   RO         2776    i.xTimerCreateTimerTask  timers.o
    0x000213d0   0x000213d0   0x00000084   Code   RO         2777    i.xTimerGenericCommand  timers.o
    0x00021454   0x00021454   0x00000034   Code   RO         2783    i.xTimerPendFunctionCallFromISR  timers.o
    0x00021488   0x00021488   0x00000010   Data   RO           65    .constdata          tasks.o
    0x00021498   0x00021498   0x00000048   Data   RO          981    .constdata          fsl_flexcomm.o
    0x000214e0   0x000214e0   0x0000005c   Data   RO         1233    .constdata          fsl_clock.o
    0x0002153c   0x0002153c   0x00000009   Data   RO         1633    .constdata          fsl_enet.o
    0x00021545   0x00021545   0x00000003   PAD
    0x00021548   0x00021548   0x00000006   Data   RO         1989    .constdata          fsl_eeprom.o
    0x0002154e   0x0002154e   0x00000002   PAD
    0x00021550   0x00021550   0x00000002   Data   RO         3048    .constdata          socket sharing_main.o
    0x00021552   0x00021552   0x00000002   PAD
    0x00021554   0x00021554   0x00000118   Data   RO         5042    .constdata          memp.o
    0x0002166c   0x0002166c   0x00000050   Data   RO         5563    .constdata          tcp.o
    0x000216bc   0x000216bc   0x00000028   Data   RO         5988    .constdata          timeouts.o
    0x000216e4   0x000216e4   0x00000008   Data   RO         6611    .constdata          ip4_addr.o
    0x000216ec   0x000216ec   0x0000000c   Data   RO         6867    .constdata          ethernet.o
    0x000216f8   0x000216f8   0x00000200   Data   RO         7445    .constdata          eeprom_api.o
    0x000218f8   0x000218f8   0x00000007   Data   RO         8041    .constdata          cjson.o
    0x000218ff   0x000218ff   0x00000001   PAD
    0x00021900   0x00021900   0x00000200   Data   RO         8347    .constdata          lib_crc16.o
    0x00021b00   0x00021b00   0x00000088   Data   RO         8689    .constdata          m_wm.l(pow.o)
    0x00021b88   0x00021b88   0x00000008   Data   RO         9064    .constdata          m_wm.l(qnan.o)
    0x00021b90   0x00021b90   0x0000000f   Data   RO         3049    .conststring        socket sharing_main.o
    0x00021b9f   0x00021b9f   0x00000001   PAD
    0x00021ba0   0x00021ba0   0x000000a0   Data   RO         5043    .conststring        memp.o
    0x00021c40   0x00021c40   0x00000049   Data   RO         5413    .conststring        raw.o
    0x00021c89   0x00021c89   0x00000003   PAD
    0x00021c8c   0x00021c8c   0x0000006d   Data   RO         5564    .conststring        tcp.o
    0x00021cf9   0x00021cf9   0x00000003   PAD
    0x00021cfc   0x00021cfc   0x00000055   Data   RO         5888    .conststring        tcp_out.o
    0x00021d51   0x00021d51   0x00000003   PAD
    0x00021d54   0x00021d54   0x0000008c   Data   RO         6227    .conststring        dhcp.o
    0x00021de0   0x00021de0   0x00000041   Data   RO         6426    .conststring        etharp.o
    0x00021e21   0x00021e21   0x00000003   PAD
    0x00021e24   0x00021e24   0x00000213   Data   RO         8400    .conststring        socket_sharing.o
    0x00022037   0x00022037   0x00000001   PAD
    0x00022038   0x00022038   0x000000a9   Data   RO         8514    .conststring        ota.o
    0x000220e1   0x000220e1   0x00000003   PAD
    0x000220e4   0x000220e4   0x00000020   Data   RO         9136    Region$$Table       anon$$obj.o


    Execution Region RW_m_data (Exec base: 0x20000000, Load base: 0x00022104, Size: 0x0000f7c8, Max: 0x00021818, ABSOLUTE, COMPRESSED[0x0000003c])

    Exec Addr    Load Addr    Size         Type   Attr      Idx    E Section Name        Object

    0x20000000   COMPRESSED   0x0000003c   Data   RW           66    .data               tasks.o
    0x2000003c   COMPRESSED   0x00000004   Data   RW          429    .data               system_lpc54608.o
    0x20000040   COMPRESSED   0x0000000c   Data   RW          523    .data               port.o
    0x2000004c   COMPRESSED   0x0000000c   Data   RW         1234    .data               fsl_clock.o
    0x20000058   COMPRESSED   0x00000008   Data   RW         1634    .data               fsl_enet.o
    0x20000060   COMPRESSED   0x00000010   Data   RW         2064    .data               fsl_sctimer.o
    0x20000070   COMPRESSED   0x00000014   Data   RW         2785    .data               timers.o
    0x20000084   COMPRESSED   0x00000053   Data   RW         3050    .data               socket sharing_main.o
    0x200000d7   COMPRESSED   0x00000001   PAD
    0x200000d8   COMPRESSED   0x00000010   Data   RW         3484    .data               fsl_debug_console.o
    0x200000e8   COMPRESSED   0x00000001   Data   RW         4144    .data               api_msg.o
    0x200000e9   COMPRESSED   0x00000003   PAD
    0x200000ec   COMPRESSED   0x00000010   Data   RW         4684    .data               tcpip.o
    0x200000fc   COMPRESSED   0x00000010   Data   RW         4984    .data               mem.o
    0x2000010c   COMPRESSED   0x00000038   Data   RW         5044    .data               memp.o
    0x20000144   COMPRESSED   0x00000009   Data   RW         5136    .data               netif.o
    0x2000014d   COMPRESSED   0x00000003   PAD
    0x20000150   COMPRESSED   0x00000004   Data   RW         5414    .data               raw.o
    0x20000154   COMPRESSED   0x00000020   Data   RW         5565    .data               tcp.o
    0x20000174   COMPRESSED   0x00000028   Data   RW         5814    .data               tcp_in.o
    0x2000019c   COMPRESSED   0x0000000c   Data   RW         5989    .data               timeouts.o
    0x200001a8   COMPRESSED   0x00000008   Data   RW         6074    .data               udp.o
    0x200001b0   COMPRESSED   0x00000010   Data   RW         6228    .data               dhcp.o
    0x200001c0   COMPRESSED   0x00000001   Data   RW         6427    .data               etharp.o
    0x200001c1   COMPRESSED   0x00000001   PAD
    0x200001c2   COMPRESSED   0x00000002   Data   RW         6563    .data               ip4.o
    0x200001c4   COMPRESSED   0x00000006   Data   RW         6676    .data               ip4_frag.o
    0x200001ca   COMPRESSED   0x00000002   PAD
    0x200001cc   COMPRESSED   0x00000008   Data   RW         7366    .data               adc_api.o
    0x200001d4   COMPRESSED   0x00000004   Data   RW         7446    .data               eeprom_api.o
    0x200001d8   COMPRESSED   0x0000000c   Data   RW         8042    .data               cjson.o
    0x200001e4   COMPRESSED   0x00000014   Data   RW         8401    .data               socket_sharing.o
    0x200001f8   COMPRESSED   0x00000040   Data   RW         8590    .data               md5std.o
    0x20000238   COMPRESSED   0x00000004   Data   RW         9099    .data               mc_w.l(mvars.o)
    0x2000023c   COMPRESSED   0x00000004   Data   RW         9100    .data               mc_w.l(mvars.o)
    0x20000240   COMPRESSED   0x00000004   Data   RW         9104    .data               mc_w.l(errno.o)
    0x20000244        -       0x000001cc   Zero   RW           64    .bss                tasks.o
    0x20000410        -       0x00000050   Zero   RW          980    .bss                fsl_flexcomm.o
    0x20000460        -       0x00000040   Zero   RW         2597    .bss                queue.o
    0x200004a0        -       0x00000028   Zero   RW         2784    .bss                timers.o
    0x200004c8        -       0x000013a4   Zero   RW         3047    .bss                socket sharing_main.o
    0x2000186c        -       0x00000010   Zero   RW         3483    .bss                fsl_debug_console.o
    0x2000187c        -       0x00003c60   Zero   RW         3592    .bss                ethernetif.o
    0x200054dc        -       0x00000018   Zero   RW         4957    .bss                ip.o
    0x200054f4        -       0x00005813   Zero   RW         4983    .bss                mem.o
    0x2000ad07        -       0x000044ee   Zero   RW         5041    .bss                memp.o
    0x2000f1f5   COMPRESSED   0x00000003   PAD
    0x2000f1f8        -       0x00000014   Zero   RW         5813    .bss                tcp_in.o
    0x2000f20c        -       0x00000032   Zero   RW         6226    .bss                dhcp.o
    0x2000f23e   COMPRESSED   0x00000002   PAD
    0x2000f240        -       0x000000f0   Zero   RW         6425    .bss                etharp.o
    0x2000f330        -       0x00000010   Zero   RW         7365    .bss                adc_api.o
    0x2000f340        -       0x00000100   Zero   RW         7444    .bss                eeprom_api.o
    0x2000f440        -       0x00000100   Zero   RW         7841    .bss                flash_api.o
    0x2000f540        -       0x00000288   Zero   RW         8399    .bss                socket_sharing.o


    Execution Region ARM_LIB_HEAP (Exec base: 0x2000f7c8, Load base: 0x00022140, Size: 0x00006400, Max: 0x00006400, ABSOLUTE)

    Exec Addr    Load Addr    Size         Type   Attr      Idx    E Section Name        Object

    0x2000f7c8        -       0x00006400   Zero   RW            2    ARM_LIB_HEAP.bss    anon$$obj.o


    Execution Region ARM_LIB_STACK (Exec base: 0x20027c18, Load base: 0x00022140, Size: 0x000003e8, Max: 0x000003e8, ABSOLUTE)

    Exec Addr    Load Addr    Size         Type   Attr      Idx    E Section Name        Object

    0x20027c18        -       0x000003e8   Zero   RW            3    ARM_LIB_STACK.bss   anon$$obj.o



  Load Region LR_m_usb_bdt (Base: 0x40100000, Size: 0x00000000, Max: 0x00000000, ABSOLUTE)

    Execution Region ER_m_usb_bdt (Exec base: 0x40100000, Load base: 0x40100000, Size: 0x00000000, Max: 0x00000000, ABSOLUTE, UNINIT)

    **** No section assigned to this execution region ****



  Load Region LR_m_usb_ram (Base: 0x40100000, Size: 0x00000000, Max: 0x00002000, ABSOLUTE)

    Execution Region ER_m_usb_ram (Exec base: 0x40100000, Load base: 0x40100000, Size: 0x00000000, Max: 0x00002000, ABSOLUTE, UNINIT)

    **** No section assigned to this execution region ****


==============================================================================

Image component sizes


      Code (inc. data)   RO Data    RW Data    ZI Data      Debug   Object Name

        60         12          0          8         16       8935   adc_api.o
      1426        456          0          0          0      30227   api_lib.o
      5652       1374          0          1          0      29033   api_msg.o
       100         50          0          0          0        573   board.o
      2324         82          7         12          0      14603   cjson.o
        92         22          0          0          0       2542   clock_config.o
        38          0          0          0          0       1154   def.o
      6308       1240        140         16         50      30608   dhcp.o
       556        156        512          4        256       7282   eeprom_api.o
      3008        512         65          1        240      11556   etharp.o
       380         56         12          0          0       2770   ethernet.o
      1252         92          0          0      15456      68659   ethernetif.o
       654         12          0          0          0       7260   event_groups.o
       360        144          0          0        256       3219   flash_api.o
       180         82          0          0          0       5557   fsl_adc.o
      2374        244         92         12          0      36595   fsl_clock.o
        68         44          0          0          0        709   fsl_common.o
      2776         74          0         16         16      16233   fsl_debug_console.o
       560        170          6          0          0       6391   fsl_eeprom.o
         0          0          0          0          0      12480   fsl_emc.o
      4372        880          9          8          0      63803   fsl_enet.o
       282          4          0          0          0       8270   fsl_flashiap.o
      1466        870         72          0         80      10650   fsl_flexcomm.o
        84          0          0          0          0       2299   fsl_gpio.o
       522         46          0          0          0      33329   fsl_phy.o
       306        128          0          0          0       2620   fsl_reset.o
        20          8          0         16          0       6798   fsl_sctimer.o
        32          6          0          0          0       8759   fsl_tickless_systick.o
      1120        416          0          0          0      11421   fsl_usart.o
      1034        288          0          0          0      18700   gpio_api.o
        46          0          0          0          0       1347   heap_3.o
       852        158          0          0          0       4170   icmp.o
       442          0          0          0          0       5392   inet_chksum.o
        36          0          0          0          0      11010   init.o
         0          0          0          0         24       2986   ip.o
      1154         88          0          2          0       5384   ip4.o
        78          0          8          0          0       6970   ip4_addr.o
      2462        492          0          6          0      11142   ip4_frag.o
        80          6        512          0          0       3943   lib_crc16.o
       148          0          0          0          0       3614   list.o
      2414        268          0         64          0       6737   md5std.o
      1600        532          0         16      22547       5673   mem.o
       412        148        440         56      17646      10858   memp.o
       208         88          0          0          0       9842   netbuf.o
       474         42          0          9          0       9330   netif.o
       828        156        169          0          0     569205   ota.o
      2882       1004          0          0          0      11911   pbuf.o
       596          4          0          0          0       5641   pin_mux.o
       922         86          0         12          0      11272   port.o
      2110         26          0          0         64      21360   queue.o
       394         36         73          4          0       5596   raw.o
      9394       1376         17         83       5028     648298   socket sharing_main.o
      3672       1088        531         20        648      46542   socket_sharing.o
       492        236        292          0          0       3652   startup_lpc54608.o
       778         12          0          0          0      14846   sys_arch.o
        48         12          0          4          0     540775   system_lpc54608.o
      3138        400         16         60        460      46278   tasks.o
      5014       1078        189         32          0      37416   tcp.o
      6340       1038          0         40         20      18907   tcp_in.o
      5034        974         85          0          0      17259   tcp_out.o
       588        192          0         16          0       6713   tcpip.o
       724        154         40         12          0       7248   timeouts.o
      1234        118          0         20         40      19491   timers.o
      1466        118          0          8          0      11897   udp.o
       116         16          0          0          0       4602   usart_api.o

    ----------------------------------------------------------------------
     93686      17414       3344        568      89452    2610342   Object Totals
         0          0         32          0      26600          0   (incl. Generated)
       104          0         25         10          5          0   (incl. Padding)

    ----------------------------------------------------------------------

      Code (inc. data)   RO Data    RW Data    ZI Data      Debug   Library Member Name

       136         12          0          0          0        248   fsl_power_lib.o
       164         44          0          0          0        620   dunder.o
        24          0          0          0          0        124   fabs.o
        48          0          0          0          0        124   fpclassify.o
       208          6          0          0          0        152   modf.o
       248          0          0          0          0        152   poly.o
      3152        296        136          0          0        352   pow.o
         0          0          8          0          0          0   qnan.o
       110          0          0          0          0        148   sqrt.o
        86          0          0          0          0          0   __dczerorl2.o
         0          0          0          0          0          0   entry.o
         0          0          0          0          0          0   entry10a.o
         0          0          0          0          0          0   entry11a.o
         8          4          0          0          0          0   entry4.o
         4          0          0          0          0          0   entry5.o
         0          0          0          0          0          0   entry7b.o
         0          0          0          0          0          0   entry8b.o
         8          4          0          0          0          0   entry9a.o
        12          6          0          4          0         68   errno.o
        30          0          0          0          0          0   handlers.o
        36          8          0          0          0         68   init.o
         0          0          0          0          0          0   iusefp.o
        98          0          0          0          0         84   ldiv.o
        30          0          0          0          0         68   llshl.o
        36          0          0          0          0         68   llsshr.o
        32          0          0          0          0         68   llushr.o
       188         20          0          0          0        160   malloc2.o
        26          0          0          0          0         80   memcmp.o
        36          0          0          0          0         68   memcpya.o
        36          0          0          0          0        108   memseta.o
         0          0          0          8          0          0   mvars.o
      2308         96          0          0          0        604   printfa.o
        18          0          0          0          0         68   strcpy.o
        14          0          0          0          0         68   strlen.o
        30          0          0          0          0         80   strncmp.o
        12          0          0          0          0         68   tolower.o
        44          0          0          0          0         80   uidiv.o
        98          0          0          0          0         92   uldiv.o
        48          0          0          0          0         68   cdcmple.o
        48          0          0          0          0         68   cdrcmple.o
       334          0          0          0          0        148   dadd.o
       222          0          0          0          0        100   ddiv.o
       186          0          0          0          0        176   depilogue.o
        62          0          0          0          0         80   dfixi.o
        74          0          0          0          0         80   dfixl.o
        48          0          0          0          0         68   dfixul.o
        34          0          0          0          0         76   dflti.o
        40          0          0          0          0         80   dfltl.o
        26          0          0          0          0         76   dfltui.o
       228          0          0          0          0         96   dmul.o
        46          0          0          0          0         80   dscalb.o
       162          0          0          0          0        100   dsqrt.o

    ----------------------------------------------------------------------
      8850        500        144         12          0       5116   Library Totals
        12          4          0          0          0          0   (incl. Padding)

    ----------------------------------------------------------------------

      Code (inc. data)   RO Data    RW Data    ZI Data      Debug   Library Name

       136         12          0          0          0        248   keil_lib_power.lib
      3954        346        144          0          0       1672   m_wm.l
      3190        138          0         12          0       1900   mc_w.l
      1558          0          0          0          0       1296   mf_w.l

    ----------------------------------------------------------------------
      8850        500        144         12          0       5116   Library Totals

    ----------------------------------------------------------------------

==============================================================================


      Code (inc. data)   RO Data    RW Data    ZI Data      Debug   

    102536      17914       3488        580      89452    2556974   Grand Totals
    102536      17914       3488         60      89452    2556974   ELF Image Totals (compressed)
    102536      17914       3488         60          0          0   ROM Totals

==============================================================================

    Total RO  Size (Code + RO Data)               106024 ( 103.54kB)
    Total RW  Size (RW Data + ZI Data)             90032 (  87.92kB)
    Total ROM Size (Code + RO Data + RW Data)     106084 ( 103.60kB)

==============================================================================

