<html>
<body>
<pre>
<h1>礦ision Build Log</h1>
<h2>Tool Versions:</h2>
IDE-Version: μVision V5.24.2.0
Copyright (C) 2017 ARM Ltd and ARM Germany GmbH. All rights reserved.
License Information: Derek Derek, Derek, LIC=03CTG-VG6U3-8FNIE-51547-G99M9-BXGGF
 
Tool Versions:
Toolchain:       MDK-ARM Plus  Version: 5.24.1
Toolchain Path:  C:\Keil_v5\ARM\ARMCC\Bin
C Compiler:      Armcc.exe V5.06 update 5 (build 528)
Assembler:       Armasm.exe V5.06 update 5 (build 528)
Linker/Locator:  ArmLink.exe V5.06 update 5 (build 528)
Library Manager: ArmAr.exe V5.06 update 5 (build 528)
Hex Converter:   FromElf.exe V5.06 update 5 (build 528)
CPU DLL:         SARMCM3.DLL V5.24.1
Dialog DLL:      DCM.DLL V1.16.0.0
Target DLL:      Segger\JL2CM3.dll V2.99.26.0
Dialog DLL:      TCM.DLL V1.32.0.0
 
<h2>Project:</h2>
E:\方案資料\P18-001 Socket Sharging\CODE 版本控制\Socket-Sharing\Code\mdk\SocketSharing_Derek.uvprojx
Project File Date:  05/23/2018

<h2>Output:</h2>
*** Using Compiler 'V5.06 update 5 (build 528)', folder: 'C:\Keil_v5\ARM\ARMCC\Bin'
*** Warning: Using Microlib and C++ file(s) might cause the linker to fail !
  
Build target 'Socket Sharing'
assembling startup_LPC54608.s...
compiling fsl_tickless_systick.c...
compiling tasks.c...
compiling port.c...
compiling fsl_flexcomm.c...
compiling system_LPC54608.c...
compiling clock_config.c...
compiling fsl_usart.c...
compiling pin_mux.c...
compiling board.c...
compiling fsl_phy.c...
compiling fsl_power.c...
compiling fsl_gpio.c...
compiling fsl_reset.c...
compiling fsl_enet.c...
compiling fsl_common.c...
compiling fsl_emc.c...
compiling fsl_clock.c...
compiling heap_3.c...
compiling croutine.c...
compiling list.c...
compiling queue.c...
compiling timers.c...
compiling event_groups.c...
compiling fsl_flashiap.c...
compiling fsl_adc.c...
compiling fsl_eeprom.c...
compiling fsl_i2c.c...
compiling fsl_sctimer.c...
compiling fsl_debug_console.c...
compiling Socket Sharing_main.cpp...
Socket Sharing_main.cpp(205): warning:  #1215-D: #warning directive: "debug mode! server port is :44441"
  	#warning  "debug mode! server port is :44441"
Socket Sharing_main.cpp: 1 warning, 0 errors
compiling err.c...
compiling sys_arch.c...
compiling netbuf.c...
compiling ethernetif.c...
compiling api_lib.c...
compiling api_msg.c...
compiling netdb.c...
compiling dns.c...
compiling tcpip.c...
compiling netifapi.c...
compiling inet_chksum.c...
compiling def.c...
compiling sockets.c...
compiling init.c...
compiling ip.c...
compiling netif.c...
compiling pbuf.c...
compiling mem.c...
compiling raw.c...
compiling memp.c...
compiling stats.c...
compiling sys.c...
compiling autoip.c...
compiling tcp_out.c...
compiling udp.c...
compiling timeouts.c...
compiling tcp.c...
compiling tcp_in.c...
compiling ip4_addr.c...
compiling icmp.c...
compiling igmp.c...
compiling ip4_frag.c...
compiling ip4.c...
compiling dhcp.c...
compiling etharp.c...
compiling dhcp6.c...
compiling ip6.c...
compiling inet6.c...
compiling ethip6.c...
compiling icmp6.c...
compiling ip6_addr.c...
compiling ip6_frag.c...
compiling auth.c...
compiling ccp.c...
compiling lowpan6.c...
compiling mld6.c...
compiling nd6.c...
compiling slipif.c...
compiling ethernet.c...
compiling eap.c...
compiling chap-md5.c...
compiling fsm.c...
compiling eui64.c...
compiling demand.c...
compiling chap-new.c...
compiling chap_ms.c...
compiling multilink.c...
compiling magic.c...
compiling ipv6cp.c...
compiling ipcp.c...
compiling lcp.c...
compiling mppe.c...
compiling lwip_ecp.c...
compiling pppos.c...
compiling pppoe.c...
compiling ppp.c...
compiling pppcrypt.c...
compiling pppapi.c...
compiling upap.c...
compiling pppol2tp.c...
compiling adc_api.c...
compiling gpio_api.c...
compiling utils.c...
compiling eeprom_api.c...
compiling tcp_socket_api.c...
compiling vj.c...
compiling tcpecho.c...
compiling ping.c...
compiling lib_crc16.cpp...
compiling cJSON.cpp...
cJSON\cJSON.cpp(55): warning:  #1293-D: assignment in condition
        if (!(copy = (char*)cJSON_malloc(len))) return 0;
cJSON\cJSON.cpp(282): warning:  #1293-D: assignment in condition
      ptr=str;while ((token=*ptr) && ++len) {if (strchr("\"\\\b\f\n\r\t",token)) len++; else if (token<32) len+=5;ptr++;}
cJSON\cJSON.cpp(426): warning:  #1293-D: assignment in condition
          if (!(new_item=cJSON_New_Item())) return 0;     /* memory fail */
cJSON\cJSON.cpp(538): warning:  #1293-D: assignment in condition
          if (!(new_item=cJSON_New_Item()))   return 0; /* memory fail */
cJSON\cJSON.cpp: 4 warnings, 0 errors
compiling md5Std.cpp...
compiling flash_api.c...
compiling sctimer_api.c...
compiling usart_api.c...
compiling ota.cpp...
compiling i2c_api.c...
compiling Socket_Sharing.cpp...
linking...
Program Size: Code=100084 RO-data=3492 RW-data=580 ZI-data=89400  
FromELF: creating hex file...
After Build - User command #1: C:\Keil_v5\ARM\ARMCC\bin\fromelf.exe --bin -o .\debug\Socket_Sharing_Derek.bin .\debug\Socket_Sharing_Derek.axf
".\debug\Socket_Sharing_Derek.axf" - 0 Error(s), 5 Warning(s).

<h2>Software Packages used:</h2>

Package Vendor: Keil
                http://www.keil.com/pack/Keil.LPC54000_DFP.2.2.0.pack
                Keil.LPC54000_DFP.2.2.0
                NXP LPC54000 Series Device Support

<h2>Collection of Component include folders:</h2>
  .\RTE\_Socket_Sharing
  C:\Keil_v5\ARM\PACK\Keil\LPC54000_DFP\2.2.0\LPCOpen\lpc5460x\chip_5460x\inc

<h2>Collection of Component Files used:</h2>
Build Time Elapsed:  00:00:45
</pre>
</body>
</html>
