<html>
<body>
<pre>
<h1>µVision Build Log</h1>
<h2>Tool Versions:</h2>
IDE-Version: ¦ÌVision V5.24.2.0
Copyright (C) 2017 ARM Ltd and ARM Germany GmbH. All rights reserved.
License Information: A Derek, A, LIC=IK156-DURBD-CWG2K-Z48RC-NN00X-J0AUA
 
Tool Versions:
Toolchain:       MDK-ARM Plus  Version: 5.24.1
Toolchain Path:  E:\KEIL\ARM\ARMCC\Bin
C Compiler:      Armcc.exe V5.06 update 5 (build 528)
Assembler:       Armasm.exe V5.06 update 5 (build 528)
Linker/Locator:  ArmLink.exe V5.06 update 5 (build 528)
Library Manager: ArmAr.exe V5.06 update 5 (build 528)
Hex Converter:   FromElf.exe V5.06 update 5 (build 528)
CPU DLL:         SARMCM3.DLL V5.24.1
Dialog DLL:      DCM.DLL V1.16.0.0
Target DLL:      Segger\JL2CM3.dll V2.99.26.0
Dialog DLL:      TCM.DLL V1.32.0.0
 
<h2>Project:</h2>
C:\Users\Derek\Desktop\Code(GPRS + Ethernet)\mdk\SocketSharing_Derek.uvprojx
Project File Date:  08/19/2018

<h2>Output:</h2>
*** Using Compiler 'V5.06 update 5 (build 528)', folder: 'E:\KEIL\ARM\ARMCC\Bin'
*** Warning: Using Microlib and C++ file(s) might cause the linker to fail !
  
Build target 'Socket Sharing'
compiling Socket_Sharing.cpp...
.\API\lpc54608_api.h(49): warning:  #9-D: nested comment is not allowed
  /************************************/
.\API\lpc54608_api.h(56): warning:  #9-D: nested comment is not allowed
  /************************************/
.\API\lpc54608_api.h(63): warning:  #9-D: nested comment is not allowed
  /************************************/
.\API\lpc54608_api.h(73): warning:  #9-D: nested comment is not allowed
  /************************************/
Socket Sharing\Socket_Sharing.cpp: 4 warnings, 0 errors
compiling Socket Sharing_main.cpp...
.\API\lpc54608_api.h(49): warning:  #9-D: nested comment is not allowed
  /************************************/
.\API\lpc54608_api.h(56): warning:  #9-D: nested comment is not allowed
  /************************************/
.\API\lpc54608_api.h(63): warning:  #9-D: nested comment is not allowed
  /************************************/
.\API\lpc54608_api.h(73): warning:  #9-D: nested comment is not allowed
  /************************************/
.\EVCharger\UserConfig.h(15): warning:  #47-D: incompatible redefinition of macro "configMAC_ADDR0"  (declared at line 92 of "..\lwip_2.0.0\port\ethernetif.h")
  #define configMAC_ADDR0  00
.\EVCharger\UserConfig.h(16): warning:  #47-D: incompatible redefinition of macro "configMAC_ADDR1"  (declared at line 95 of "..\lwip_2.0.0\port\ethernetif.h")
  #define configMAC_ADDR1  01
.\EVCharger\UserConfig.h(17): warning:  #47-D: incompatible redefinition of macro "configMAC_ADDR2"  (declared at line 98 of "..\lwip_2.0.0\port\ethernetif.h")
  #define configMAC_ADDR2  02
.\EVCharger\UserConfig.h(18): warning:  #47-D: incompatible redefinition of macro "configMAC_ADDR3"  (declared at line 101 of "..\lwip_2.0.0\port\ethernetif.h")
  #define configMAC_ADDR3  03
.\EVCharger\UserConfig.h(19): warning:  #47-D: incompatible redefinition of macro "configMAC_ADDR4"  (declared at line 104 of "..\lwip_2.0.0\port\ethernetif.h")
  #define configMAC_ADDR4  04
.\EVCharger\UserConfig.h(20): warning:  #47-D: incompatible redefinition of macro "configMAC_ADDR5"  (declared at line 107 of "..\lwip_2.0.0\port\ethernetif.h")
  #define configMAC_ADDR5  05
Socket Sharing_main.cpp(210): warning:  #1215-D: #warning directive: "debug mode! server port is :44441"
  	#warning  "debug mode! server port is :44441"
Socket Sharing_main.cpp: 11 warnings, 0 errors
linking...
Program Size: Code=103660 RO-data=3244 RW-data=608 ZI-data=93316  
FromELF: creating hex file...
After Build - User command #1: C:\Keil_v5\ARM\ARMCC\bin\fromelf.exe --bin -o .\debug\Socket_Sharing_Derek.bin .\debug\Socket_Sharing_Derek.axf
".\debug\Socket_Sharing_Derek.axf" - 0 Error(s), 15 Warning(s).

<h2>Software Packages used:</h2>

Package Vendor: Keil
                http://www.keil.com/pack/Keil.LPC54000_DFP.2.2.0.pack
                Keil.LPC54000_DFP.2.2.0
                NXP LPC54000 Series Device Support

<h2>Collection of Component include folders:</h2>
  .\RTE\_Socket_Sharing
  E:\KEIL\ARM\PACK\Keil\LPC54000_DFP\2.2.0\LPCOpen\lpc5460x\chip_5460x\inc

<h2>Collection of Component Files used:</h2>
Build Time Elapsed:  00:00:06
</pre>
</body>
</html>
