<!doctype html public "-//w3c//dtd html 4.0 transitional//en">
<html><head>
<title>Static Call Graph - [.\debug\Socket_Sharing_Derek.axf]</title></head>
<body><HR>
<H1>Static Call Graph for image .\debug\Socket_Sharing_Derek.axf</H1><HR>
<BR><P>#&#060CALLGRAPH&#062# ARM Linker, 5060528: Last Updated: Wed May 30 11:24:02 2018
<BR><P>
<H3>Maximum Stack Usage =       2384 bytes + Unknown(Cycles, Untraceable Function Pointers)</H3><H3>
Call chain for Maximum Stack Depth:</H3>
ethernet_callback &rArr; ethernetif_input &rArr; low_level_input &rArr; enet_read_frame &rArr; ENET_ReadFrame &rArr; ENET_UpdateRxDescriptor &rArr; __aeabi_assert &rArr; DbgConsole_Printf &rArr; DbgConsole_PrintfFormattedData &rArr; DbgConsole_ConvertFloatRadixNumToString &rArr; __hardfp_pow &rArr; __kernel_poly &rArr; __aeabi_dmul &rArr; _double_epilogue &rArr; _double_round
<P>
<H3>
Mutually Recursive functions
</H3> <LI><a href="#[4]">NMI_Handler</a>&nbsp;&nbsp;&nbsp;&rArr;&nbsp;&nbsp;&nbsp;<a href="#[4]">NMI_Handler</a><BR>
 <LI><a href="#[5]">HardFault_Handler</a>&nbsp;&nbsp;&nbsp;&rArr;&nbsp;&nbsp;&nbsp;<a href="#[5]">HardFault_Handler</a><BR>
 <LI><a href="#[6]">MemManage_Handler</a>&nbsp;&nbsp;&nbsp;&rArr;&nbsp;&nbsp;&nbsp;<a href="#[6]">MemManage_Handler</a><BR>
 <LI><a href="#[7]">BusFault_Handler</a>&nbsp;&nbsp;&nbsp;&rArr;&nbsp;&nbsp;&nbsp;<a href="#[7]">BusFault_Handler</a><BR>
 <LI><a href="#[8]">UsageFault_Handler</a>&nbsp;&nbsp;&nbsp;&rArr;&nbsp;&nbsp;&nbsp;<a href="#[8]">UsageFault_Handler</a><BR>
 <LI><a href="#[a]">DebugMon_Handler</a>&nbsp;&nbsp;&nbsp;&rArr;&nbsp;&nbsp;&nbsp;<a href="#[a]">DebugMon_Handler</a><BR>
 <LI><a href="#[5f]">ADC0_SEQA_DriverIRQHandler</a>&nbsp;&nbsp;&nbsp;&rArr;&nbsp;&nbsp;&nbsp;<a href="#[5f]">ADC0_SEQA_DriverIRQHandler</a><BR>
 <LI><a href="#[175]">notifyMsgSendHandle(MSGID)</a>&nbsp;&nbsp;&nbsp;&rArr;&nbsp;&nbsp;&nbsp;<a href="#[175]">notifyMsgSendHandle(MSGID)</a><BR>
 <LI><a href="#[186]">cJSON_Delete</a>&nbsp;&nbsp;&nbsp;&rArr;&nbsp;&nbsp;&nbsp;<a href="#[186]">cJSON_Delete</a><BR>
 <LI><a href="#[166]">parse_object(cJSON*, const char*, const char**)</a>&nbsp;&nbsp;&nbsp;&rArr;&nbsp;&nbsp;&nbsp;<a href="#[162]">parse_value(cJSON*, const char*, const char**)</a><BR>
 <LI><a href="#[15f]">parse_array(cJSON*, const char*, const char**)</a>&nbsp;&nbsp;&nbsp;&rArr;&nbsp;&nbsp;&nbsp;<a href="#[162]">parse_value(cJSON*, const char*, const char**)</a><BR>
 <LI><a href="#[e4]">CLOCK_GetFlexCommClkFreq</a>&nbsp;&nbsp;&nbsp;&rArr;&nbsp;&nbsp;&nbsp;<a href="#[d4]">CLOCK_GetFreq</a><BR>
 <LI><a href="#[228]">netconn_drain</a>&nbsp;&nbsp;&nbsp;&rArr;&nbsp;&nbsp;&nbsp;<a href="#[228]">netconn_drain</a><BR>
</UL>
<P>
<H3>
Function Pointers
</H3><UL>
 <LI><a href="#[5f]">ADC0_SEQA_DriverIRQHandler</a> from startup_lpc54608.o(.text) referenced from startup_lpc54608.o(.text)
 <LI><a href="#[23]">ADC0_SEQA_IRQHandler</a> from adc_api.o(i.ADC0_SEQA_IRQHandler) referenced from startup_lpc54608.o(RESET)
 <LI><a href="#[60]">ADC0_SEQB_DriverIRQHandler</a> from startup_lpc54608.o(.text) referenced from startup_lpc54608.o(.text)
 <LI><a href="#[24]">ADC0_SEQB_IRQHandler</a> from startup_lpc54608.o(.text) referenced from startup_lpc54608.o(RESET)
 <LI><a href="#[61]">ADC0_THCMP_DriverIRQHandler</a> from startup_lpc54608.o(.text) referenced from startup_lpc54608.o(.text)
 <LI><a href="#[25]">ADC0_THCMP_IRQHandler</a> from startup_lpc54608.o(.text) referenced from startup_lpc54608.o(RESET)
 <LI><a href="#[7]">BusFault_Handler</a> from startup_lpc54608.o(.text) referenced from startup_lpc54608.o(RESET)
 <LI><a href="#[74]">CAN0_IRQ0_DriverIRQHandler</a> from startup_lpc54608.o(.text) referenced from startup_lpc54608.o(.text)
 <LI><a href="#[38]">CAN0_IRQ0_IRQHandler</a> from startup_lpc54608.o(.text) referenced from startup_lpc54608.o(RESET)
 <LI><a href="#[75]">CAN0_IRQ1_DriverIRQHandler</a> from startup_lpc54608.o(.text) referenced from startup_lpc54608.o(.text)
 <LI><a href="#[39]">CAN0_IRQ1_IRQHandler</a> from startup_lpc54608.o(.text) referenced from startup_lpc54608.o(RESET)
 <LI><a href="#[76]">CAN1_IRQ0_DriverIRQHandler</a> from startup_lpc54608.o(.text) referenced from startup_lpc54608.o(.text)
 <LI><a href="#[3a]">CAN1_IRQ0_IRQHandler</a> from startup_lpc54608.o(.text) referenced from startup_lpc54608.o(RESET)
 <LI><a href="#[77]">CAN1_IRQ1_DriverIRQHandler</a> from startup_lpc54608.o(.text) referenced from startup_lpc54608.o(.text)
 <LI><a href="#[3b]">CAN1_IRQ1_IRQHandler</a> from startup_lpc54608.o(.text) referenced from startup_lpc54608.o(RESET)
 <LI><a href="#[53]">CTIMER0_DriverIRQHandler</a> from startup_lpc54608.o(.text) referenced from startup_lpc54608.o(.text)
 <LI><a href="#[17]">CTIMER0_IRQHandler</a> from startup_lpc54608.o(.text) referenced from startup_lpc54608.o(RESET)
 <LI><a href="#[54]">CTIMER1_DriverIRQHandler</a> from startup_lpc54608.o(.text) referenced from startup_lpc54608.o(.text)
 <LI><a href="#[18]">CTIMER1_IRQHandler</a> from startup_lpc54608.o(.text) referenced from startup_lpc54608.o(RESET)
 <LI><a href="#[6d]">CTIMER2_DriverIRQHandler</a> from startup_lpc54608.o(.text) referenced from startup_lpc54608.o(.text)
 <LI><a href="#[31]">CTIMER2_IRQHandler</a> from startup_lpc54608.o(.text) referenced from startup_lpc54608.o(RESET)
 <LI><a href="#[56]">CTIMER3_DriverIRQHandler</a> from startup_lpc54608.o(.text) referenced from startup_lpc54608.o(.text)
 <LI><a href="#[1a]">CTIMER3_IRQHandler</a> from startup_lpc54608.o(.text) referenced from startup_lpc54608.o(RESET)
 <LI><a href="#[6e]">CTIMER4_DriverIRQHandler</a> from startup_lpc54608.o(.text) referenced from startup_lpc54608.o(.text)
 <LI><a href="#[32]">CTIMER4_IRQHandler</a> from startup_lpc54608.o(.text) referenced from startup_lpc54608.o(RESET)
 <LI><a href="#[4a]">DMA0_DriverIRQHandler</a> from startup_lpc54608.o(.text) referenced from startup_lpc54608.o(.text)
 <LI><a href="#[e]">DMA0_IRQHandler</a> from startup_lpc54608.o(.text) referenced from startup_lpc54608.o(RESET)
 <LI><a href="#[62]">DMIC0_DriverIRQHandler</a> from startup_lpc54608.o(.text) referenced from startup_lpc54608.o(.text)
 <LI><a href="#[26]">DMIC0_IRQHandler</a> from startup_lpc54608.o(.text) referenced from startup_lpc54608.o(RESET)
 <LI><a href="#[84]">DbgConsole_Putchar</a> from fsl_debug_console.o(i.DbgConsole_Putchar) referenced from fsl_debug_console.o(i.DbgConsole_Printf)
 <LI><a href="#[a]">DebugMon_Handler</a> from startup_lpc54608.o(.text) referenced from startup_lpc54608.o(RESET)
 <LI><a href="#[7d]">EEPROM_DriverIRQHandler</a> from startup_lpc54608.o(.text) referenced from startup_lpc54608.o(.text)
 <LI><a href="#[41]">EEPROM_IRQHandler</a> from startup_lpc54608.o(.text) referenced from startup_lpc54608.o(RESET)
 <LI><a href="#[85]">ENET_IRQHandler</a> from fsl_enet.o(i.ENET_IRQHandler) referenced from fsl_enet.o(i.ENET_CreateHandler)
 <LI><a href="#[7a]">ETHERNET_DriverIRQHandler</a> from fsl_enet.o(i.ETHERNET_DriverIRQHandler) referenced from startup_lpc54608.o(.text)
 <LI><a href="#[3e]">ETHERNET_IRQHandler</a> from startup_lpc54608.o(.text) referenced from startup_lpc54608.o(RESET)
 <LI><a href="#[7c]">ETHERNET_MACLP_DriverIRQHandler</a> from startup_lpc54608.o(.text) referenced from startup_lpc54608.o(.text)
 <LI><a href="#[40]">ETHERNET_MACLP_IRQHandler</a> from startup_lpc54608.o(.text) referenced from startup_lpc54608.o(RESET)
 <LI><a href="#[7b]">ETHERNET_PMT_DriverIRQHandler</a> from startup_lpc54608.o(.text) referenced from startup_lpc54608.o(.text)
 <LI><a href="#[3f]">ETHERNET_PMT_IRQHandler</a> from startup_lpc54608.o(.text) referenced from startup_lpc54608.o(RESET)
 <LI><a href="#[57]">FLEXCOMM0_DriverIRQHandler</a> from fsl_flexcomm.o(i.FLEXCOMM0_DriverIRQHandler) referenced from startup_lpc54608.o(.text)
 <LI><a href="#[1b]">FLEXCOMM0_IRQHandler</a> from startup_lpc54608.o(.text) referenced from startup_lpc54608.o(RESET)
 <LI><a href="#[58]">FLEXCOMM1_DriverIRQHandler</a> from fsl_flexcomm.o(i.FLEXCOMM1_DriverIRQHandler) referenced from startup_lpc54608.o(.text)
 <LI><a href="#[1c]">FLEXCOMM1_IRQHandler</a> from startup_lpc54608.o(.text) referenced from startup_lpc54608.o(RESET)
 <LI><a href="#[59]">FLEXCOMM2_DriverIRQHandler</a> from fsl_flexcomm.o(i.FLEXCOMM2_DriverIRQHandler) referenced from startup_lpc54608.o(.text)
 <LI><a href="#[1d]">FLEXCOMM2_IRQHandler</a> from socket sharing_main.o(i.FLEXCOMM2_IRQHandler) referenced from startup_lpc54608.o(RESET)
 <LI><a href="#[5a]">FLEXCOMM3_DriverIRQHandler</a> from fsl_flexcomm.o(i.FLEXCOMM3_DriverIRQHandler) referenced from startup_lpc54608.o(.text)
 <LI><a href="#[1e]">FLEXCOMM3_IRQHandler</a> from startup_lpc54608.o(.text) referenced from startup_lpc54608.o(RESET)
 <LI><a href="#[5b]">FLEXCOMM4_DriverIRQHandler</a> from fsl_flexcomm.o(i.FLEXCOMM4_DriverIRQHandler) referenced from startup_lpc54608.o(.text)
 <LI><a href="#[1f]">FLEXCOMM4_IRQHandler</a> from socket sharing_main.o(i.FLEXCOMM4_IRQHandler) referenced from startup_lpc54608.o(RESET)
 <LI><a href="#[5c]">FLEXCOMM5_DriverIRQHandler</a> from fsl_flexcomm.o(i.FLEXCOMM5_DriverIRQHandler) referenced from startup_lpc54608.o(.text)
 <LI><a href="#[20]">FLEXCOMM5_IRQHandler</a> from socket sharing_main.o(i.FLEXCOMM5_IRQHandler) referenced from startup_lpc54608.o(RESET)
 <LI><a href="#[5d]">FLEXCOMM6_DriverIRQHandler</a> from fsl_flexcomm.o(i.FLEXCOMM6_DriverIRQHandler) referenced from startup_lpc54608.o(.text)
 <LI><a href="#[21]">FLEXCOMM6_IRQHandler</a> from startup_lpc54608.o(.text) referenced from startup_lpc54608.o(RESET)
 <LI><a href="#[5e]">FLEXCOMM7_DriverIRQHandler</a> from fsl_flexcomm.o(i.FLEXCOMM7_DriverIRQHandler) referenced from startup_lpc54608.o(.text)
 <LI><a href="#[22]">FLEXCOMM7_IRQHandler</a> from socket sharing_main.o(i.FLEXCOMM7_IRQHandler) referenced from startup_lpc54608.o(RESET)
 <LI><a href="#[71]">FLEXCOMM8_DriverIRQHandler</a> from fsl_flexcomm.o(i.FLEXCOMM8_DriverIRQHandler) referenced from startup_lpc54608.o(.text)
 <LI><a href="#[35]">FLEXCOMM8_IRQHandler</a> from startup_lpc54608.o(.text) referenced from startup_lpc54608.o(RESET)
 <LI><a href="#[72]">FLEXCOMM9_DriverIRQHandler</a> from fsl_flexcomm.o(i.FLEXCOMM9_DriverIRQHandler) referenced from startup_lpc54608.o(.text)
 <LI><a href="#[36]">FLEXCOMM9_IRQHandler</a> from startup_lpc54608.o(.text) referenced from startup_lpc54608.o(RESET)
 <LI><a href="#[4b]">GINT0_DriverIRQHandler</a> from startup_lpc54608.o(.text) referenced from startup_lpc54608.o(.text)
 <LI><a href="#[f]">GINT0_IRQHandler</a> from startup_lpc54608.o(.text) referenced from startup_lpc54608.o(RESET)
 <LI><a href="#[4c]">GINT1_DriverIRQHandler</a> from startup_lpc54608.o(.text) referenced from startup_lpc54608.o(.text)
 <LI><a href="#[10]">GINT1_IRQHandler</a> from startup_lpc54608.o(.text) referenced from startup_lpc54608.o(RESET)
 <LI><a href="#[63]">HWVAD0_DriverIRQHandler</a> from startup_lpc54608.o(.text) referenced from startup_lpc54608.o(.text)
 <LI><a href="#[27]">HWVAD0_IRQHandler</a> from startup_lpc54608.o(.text) referenced from startup_lpc54608.o(RESET)
 <LI><a href="#[5]">HardFault_Handler</a> from startup_lpc54608.o(.text) referenced from startup_lpc54608.o(RESET)
 <LI><a href="#[7e]">LCD_DriverIRQHandler</a> from startup_lpc54608.o(.text) referenced from startup_lpc54608.o(.text)
 <LI><a href="#[42]">LCD_IRQHandler</a> from startup_lpc54608.o(.text) referenced from startup_lpc54608.o(RESET)
 <LI><a href="#[52]">MRT0_DriverIRQHandler</a> from startup_lpc54608.o(.text) referenced from startup_lpc54608.o(.text)
 <LI><a href="#[16]">MRT0_IRQHandler</a> from startup_lpc54608.o(.text) referenced from startup_lpc54608.o(RESET)
 <LI><a href="#[6]">MemManage_Handler</a> from startup_lpc54608.o(.text) referenced from startup_lpc54608.o(RESET)
 <LI><a href="#[4]">NMI_Handler</a> from startup_lpc54608.o(.text) referenced from startup_lpc54608.o(RESET)
 <LI><a href="#[4d]">PIN_INT0_DriverIRQHandler</a> from startup_lpc54608.o(.text) referenced from startup_lpc54608.o(.text)
 <LI><a href="#[11]">PIN_INT0_IRQHandler</a> from startup_lpc54608.o(.text) referenced from startup_lpc54608.o(RESET)
 <LI><a href="#[4e]">PIN_INT1_DriverIRQHandler</a> from startup_lpc54608.o(.text) referenced from startup_lpc54608.o(.text)
 <LI><a href="#[12]">PIN_INT1_IRQHandler</a> from startup_lpc54608.o(.text) referenced from startup_lpc54608.o(RESET)
 <LI><a href="#[4f]">PIN_INT2_DriverIRQHandler</a> from startup_lpc54608.o(.text) referenced from startup_lpc54608.o(.text)
 <LI><a href="#[13]">PIN_INT2_IRQHandler</a> from startup_lpc54608.o(.text) referenced from startup_lpc54608.o(RESET)
 <LI><a href="#[50]">PIN_INT3_DriverIRQHandler</a> from startup_lpc54608.o(.text) referenced from startup_lpc54608.o(.text)
 <LI><a href="#[14]">PIN_INT3_IRQHandler</a> from startup_lpc54608.o(.text) referenced from startup_lpc54608.o(RESET)
 <LI><a href="#[69]">PIN_INT4_DriverIRQHandler</a> from startup_lpc54608.o(.text) referenced from startup_lpc54608.o(.text)
 <LI><a href="#[2d]">PIN_INT4_IRQHandler</a> from startup_lpc54608.o(.text) referenced from startup_lpc54608.o(RESET)
 <LI><a href="#[6a]">PIN_INT5_DriverIRQHandler</a> from startup_lpc54608.o(.text) referenced from startup_lpc54608.o(.text)
 <LI><a href="#[2e]">PIN_INT5_IRQHandler</a> from startup_lpc54608.o(.text) referenced from startup_lpc54608.o(RESET)
 <LI><a href="#[6b]">PIN_INT6_DriverIRQHandler</a> from startup_lpc54608.o(.text) referenced from startup_lpc54608.o(.text)
 <LI><a href="#[2f]">PIN_INT6_IRQHandler</a> from startup_lpc54608.o(.text) referenced from startup_lpc54608.o(RESET)
 <LI><a href="#[6c]">PIN_INT7_DriverIRQHandler</a> from startup_lpc54608.o(.text) referenced from startup_lpc54608.o(.text)
 <LI><a href="#[30]">PIN_INT7_IRQHandler</a> from startup_lpc54608.o(.text) referenced from startup_lpc54608.o(RESET)
 <LI><a href="#[b]">PendSV_Handler</a> from port.o(.emb_text) referenced from startup_lpc54608.o(RESET)
 <LI><a href="#[6f]">RIT_DriverIRQHandler</a> from startup_lpc54608.o(.text) referenced from startup_lpc54608.o(.text)
 <LI><a href="#[33]">RIT_IRQHandler</a> from startup_lpc54608.o(.text) referenced from startup_lpc54608.o(RESET)
 <LI><a href="#[66]">RTC_DriverIRQHandler</a> from startup_lpc54608.o(.text) referenced from startup_lpc54608.o(.text)
 <LI><a href="#[2a]">RTC_IRQHandler</a> from startup_lpc54608.o(.text) referenced from startup_lpc54608.o(RESET)
 <LI><a href="#[67]">Reserved46_DriverIRQHandler</a> from startup_lpc54608.o(.text) referenced from startup_lpc54608.o(.text)
 <LI><a href="#[2b]">Reserved46_IRQHandler</a> from startup_lpc54608.o(.text) referenced from startup_lpc54608.o(RESET)
 <LI><a href="#[68]">Reserved47_DriverIRQHandler</a> from startup_lpc54608.o(.text) referenced from startup_lpc54608.o(.text)
 <LI><a href="#[2c]">Reserved47_IRQHandler</a> from startup_lpc54608.o(.text) referenced from startup_lpc54608.o(RESET)
 <LI><a href="#[3]">Reset_Handler</a> from startup_lpc54608.o(.text) referenced from startup_lpc54608.o(RESET)
 <LI><a href="#[55]">SCT0_DriverIRQHandler</a> from startup_lpc54608.o(.text) referenced from startup_lpc54608.o(.text)
 <LI><a href="#[19]">SCT0_IRQHandler</a> from fsl_sctimer.o(i.SCT0_IRQHandler) referenced from startup_lpc54608.o(RESET)
 <LI><a href="#[73]">SDIO_DriverIRQHandler</a> from startup_lpc54608.o(.text) referenced from startup_lpc54608.o(.text)
 <LI><a href="#[37]">SDIO_IRQHandler</a> from startup_lpc54608.o(.text) referenced from startup_lpc54608.o(RESET)
 <LI><a href="#[7f]">SHA_DriverIRQHandler</a> from startup_lpc54608.o(.text) referenced from startup_lpc54608.o(.text)
 <LI><a href="#[43]">SHA_IRQHandler</a> from startup_lpc54608.o(.text) referenced from startup_lpc54608.o(RESET)
 <LI><a href="#[80]">SMARTCARD0_DriverIRQHandler</a> from startup_lpc54608.o(.text) referenced from startup_lpc54608.o(.text)
 <LI><a href="#[44]">SMARTCARD0_IRQHandler</a> from startup_lpc54608.o(.text) referenced from startup_lpc54608.o(RESET)
 <LI><a href="#[81]">SMARTCARD1_DriverIRQHandler</a> from startup_lpc54608.o(.text) referenced from startup_lpc54608.o(.text)
 <LI><a href="#[45]">SMARTCARD1_IRQHandler</a> from startup_lpc54608.o(.text) referenced from startup_lpc54608.o(RESET)
 <LI><a href="#[70]">SPIFI0_DriverIRQHandler</a> from startup_lpc54608.o(.text) referenced from startup_lpc54608.o(.text)
 <LI><a href="#[34]">SPIFI0_IRQHandler</a> from startup_lpc54608.o(.text) referenced from startup_lpc54608.o(RESET)
 <LI><a href="#[9]">SVC_Handler</a> from port.o(.emb_text) referenced from startup_lpc54608.o(RESET)
 <LI><a href="#[c]">SysTick_Handler</a> from port.o(i.SysTick_Handler) referenced from startup_lpc54608.o(RESET)
 <LI><a href="#[47]">SystemInit</a> from system_lpc54608.o(i.SystemInit) referenced from startup_lpc54608.o(.text)
 <LI><a href="#[83]">USART_ReadBlocking</a> from fsl_usart.o(i.USART_ReadBlocking) referenced from fsl_debug_console.o(i.DbgConsole_Init)
 <LI><a href="#[82]">USART_WriteBlocking</a> from fsl_usart.o(i.USART_WriteBlocking) referenced from fsl_debug_console.o(i.DbgConsole_Init)
 <LI><a href="#[65]">USB0_DriverIRQHandler</a> from startup_lpc54608.o(.text) referenced from startup_lpc54608.o(.text)
 <LI><a href="#[29]">USB0_IRQHandler</a> from startup_lpc54608.o(.text) referenced from startup_lpc54608.o(RESET)
 <LI><a href="#[64]">USB0_NEEDCLK_DriverIRQHandler</a> from startup_lpc54608.o(.text) referenced from startup_lpc54608.o(.text)
 <LI><a href="#[28]">USB0_NEEDCLK_IRQHandler</a> from startup_lpc54608.o(.text) referenced from startup_lpc54608.o(RESET)
 <LI><a href="#[78]">USB1_DriverIRQHandler</a> from startup_lpc54608.o(.text) referenced from startup_lpc54608.o(.text)
 <LI><a href="#[3c]">USB1_IRQHandler</a> from startup_lpc54608.o(.text) referenced from startup_lpc54608.o(RESET)
 <LI><a href="#[79]">USB1_NEEDCLK_DriverIRQHandler</a> from startup_lpc54608.o(.text) referenced from startup_lpc54608.o(.text)
 <LI><a href="#[3d]">USB1_NEEDCLK_IRQHandler</a> from startup_lpc54608.o(.text) referenced from startup_lpc54608.o(RESET)
 <LI><a href="#[51]">UTICK0_DriverIRQHandler</a> from startup_lpc54608.o(.text) referenced from startup_lpc54608.o(.text)
 <LI><a href="#[15]">UTICK0_IRQHandler</a> from startup_lpc54608.o(.text) referenced from startup_lpc54608.o(RESET)
 <LI><a href="#[8]">UsageFault_Handler</a> from startup_lpc54608.o(.text) referenced from startup_lpc54608.o(RESET)
 <LI><a href="#[49]">WDT_BOD_DriverIRQHandler</a> from startup_lpc54608.o(.text) referenced from startup_lpc54608.o(.text)
 <LI><a href="#[d]">WDT_BOD_IRQHandler</a> from startup_lpc54608.o(.text) referenced from startup_lpc54608.o(RESET)
 <LI><a href="#[97]">workHandle(void*)</a> from socket sharing_main.o(i._Z10workHandlePv) referenced from socket sharing_main.o(i.main)
 <LI><a href="#[96]">netWorkThread(void*)</a> from socket sharing_main.o(i._Z13netWorkThreadPv) referenced from socket sharing_main.o(i.main)
 <LI><a href="#[95]">heartbeatThread(void*)</a> from socket sharing_main.o(i._Z15heartbeatThreadPv) referenced from socket sharing_main.o(i.main)
 <LI><a href="#[94]">timerOneSecondThread(void*)</a> from socket sharing_main.o(i._Z20timerOneSecondThreadPv) referenced from socket sharing_main.o(i.main)
 <LI><a href="#[48]">__main</a> from entry.o(.ARM.Collect$$$$00000000) referenced from startup_lpc54608.o(.text)
 <LI><a href="#[89]">_sputc</a> from printfa.o(i._sputc) referenced from printfa.o(i.__0sprintf)
 <LI><a href="#[8a]">cyclic_timer</a> from timeouts.o(i.cyclic_timer) referenced from timeouts.o(i.cyclic_timer)
 <LI><a href="#[8a]">cyclic_timer</a> from timeouts.o(i.cyclic_timer) referenced from timeouts.o(i.sys_timeouts_init)
 <LI><a href="#[ad]">dhcp_coarse_tmr</a> from dhcp.o(i.dhcp_coarse_tmr) referenced from timeouts.o(.constdata)
 <LI><a href="#[ae]">dhcp_fine_tmr</a> from dhcp.o(i.dhcp_fine_tmr) referenced from timeouts.o(.constdata)
 <LI><a href="#[8b]">dhcp_recv</a> from dhcp.o(i.dhcp_recv) referenced from dhcp.o(i.dhcp_inc_pcb_refcount)
 <LI><a href="#[92]">err_tcp</a> from api_msg.o(i.err_tcp) referenced from api_msg.o(i.lwip_netconn_do_close_internal)
 <LI><a href="#[92]">err_tcp</a> from api_msg.o(i.err_tcp) referenced from api_msg.o(i.setup_tcp)
 <LI><a href="#[8d]">etharp_output</a> from etharp.o(i.etharp_output) referenced from ethernetif.o(i.ethernetif_init)
 <LI><a href="#[ac]">etharp_tmr</a> from etharp.o(i.etharp_tmr) referenced from timeouts.o(.constdata)
 <LI><a href="#[8c]">ethernet_callback</a> from ethernetif.o(i.ethernet_callback) referenced from ethernetif.o(i.enet_init)
 <LI><a href="#[a5]">ethernet_input</a> from ethernet.o(i.ethernet_input) referenced from tcpip.o(i.tcpip_input)
 <LI><a href="#[87]">ethernetif_init</a> from ethernetif.o(i.ethernetif_init) referenced from socket sharing_main.o(i._Z13Internet_initv)
 <LI><a href="#[88]">fputc</a> from fsl_debug_console.o(i.fputc) referenced from printfa.o(i.__0printf)
 <LI><a href="#[2]">free</a> from malloc2.o(i.__free$2region) referenced 2 times from cjson.o(.data)
 <LI><a href="#[a6]">ip4_input</a> from ip4.o(i.ip4_input) referenced from tcpip.o(i.tcpip_input)
 <LI><a href="#[ab]">ip_reass_tmr</a> from ip4_frag.o(i.ip_reass_tmr) referenced from timeouts.o(.constdata)
 <LI><a href="#[8f]">ipfrag_free_pbuf_custom</a> from ip4_frag.o(i.ipfrag_free_pbuf_custom) referenced from ip4_frag.o(i.ip4_frag)
 <LI><a href="#[8e]">low_level_output</a> from ethernetif.o(i.low_level_output) referenced from ethernetif.o(i.ethernetif_init)
 <LI><a href="#[98]">lwip_netconn_do_close</a> from api_msg.o(i.lwip_netconn_do_close) referenced from api_lib.o(i.netconn_close_shutdown)
 <LI><a href="#[99]">lwip_netconn_do_connect</a> from api_msg.o(i.lwip_netconn_do_connect) referenced from api_lib.o(i.netconn_connect)
 <LI><a href="#[93]">lwip_netconn_do_connected</a> from api_msg.o(i.lwip_netconn_do_connected) referenced from api_msg.o(i.lwip_netconn_do_connect)
 <LI><a href="#[9a]">lwip_netconn_do_delconn</a> from api_msg.o(i.lwip_netconn_do_delconn) referenced from api_lib.o(i.netconn_delete)
 <LI><a href="#[9b]">lwip_netconn_do_newconn</a> from api_msg.o(i.lwip_netconn_do_newconn) referenced from api_lib.o(i.netconn_new_with_proto_and_callback)
 <LI><a href="#[9c]">lwip_netconn_do_recv</a> from api_msg.o(i.lwip_netconn_do_recv) referenced from api_lib.o(i.netconn_recv_data)
 <LI><a href="#[9d]">lwip_netconn_do_write</a> from api_msg.o(i.lwip_netconn_do_write) referenced from api_lib.o(i.netconn_write_partly)
 <LI><a href="#[46]">main</a> from socket sharing_main.o(i.main) referenced from entry9a.o(.ARM.Collect$$$$0000000B)
 <LI><a href="#[1]">malloc</a> from malloc2.o(i.__malloc$2region) referenced 2 times from cjson.o(.data)
 <LI><a href="#[91]">poll_tcp</a> from api_msg.o(i.poll_tcp) referenced from api_msg.o(i.lwip_netconn_do_close_internal)
 <LI><a href="#[91]">poll_tcp</a> from api_msg.o(i.poll_tcp) referenced from api_msg.o(i.setup_tcp)
 <LI><a href="#[a7]">prvIdleTask</a> from tasks.o(i.prvIdleTask) referenced from tasks.o(i.vTaskStartScheduler)
 <LI><a href="#[a0]">prvTaskExitError</a> from port.o(i.prvTaskExitError) referenced from port.o(i.pxPortInitialiseStack)
 <LI><a href="#[a9]">prvTimerTask</a> from timers.o(i.prvTimerTask) referenced from timers.o(i.xTimerCreateTimerTask)
 <LI><a href="#[9e]">recv_raw</a> from api_msg.o(i.recv_raw) referenced from api_msg.o(i.pcb_new)
 <LI><a href="#[a1]">recv_tcp</a> from api_msg.o(i.recv_tcp) referenced from api_msg.o(i.setup_tcp)
 <LI><a href="#[9f]">recv_udp</a> from api_msg.o(i.recv_udp) referenced from api_msg.o(i.pcb_new)
 <LI><a href="#[90]">sent_tcp</a> from api_msg.o(i.sent_tcp) referenced from api_msg.o(i.lwip_netconn_do_close_internal)
 <LI><a href="#[90]">sent_tcp</a> from api_msg.o(i.sent_tcp) referenced from api_msg.o(i.setup_tcp)
 <LI><a href="#[a2]">tcp_recv_null</a> from tcp.o(i.tcp_recv_null) referenced from tcp.o(i.tcp_alloc)
 <LI><a href="#[aa]">tcp_tmr</a> from tcp.o(i.tcp_tmr) referenced from timeouts.o(.constdata)
 <LI><a href="#[86]">tcpip_input</a> from tcpip.o(i.tcpip_input) referenced from socket sharing_main.o(i._Z13Internet_initv)
 <LI><a href="#[a3]">tcpip_tcp_timer</a> from timeouts.o(i.tcpip_tcp_timer) referenced from timeouts.o(i.tcp_timer_needed)
 <LI><a href="#[a3]">tcpip_tcp_timer</a> from timeouts.o(i.tcpip_tcp_timer) referenced from timeouts.o(i.tcpip_tcp_timer)
 <LI><a href="#[a4]">tcpip_thread</a> from tcpip.o(i.tcpip_thread) referenced from tcpip.o(i.tcpip_init)
 <LI><a href="#[a8]">vEventGroupSetBitsCallback</a> from event_groups.o(i.vEventGroupSetBitsCallback) referenced from event_groups.o(i.xEventGroupSetBitsFromISR)
</UL>
<P>
<H3>
Global Symbols
</H3>
<P><STRONG><a name="[48]"></a>__main</STRONG> (Thumb, 0 bytes, Stack size unknown bytes, entry.o(.ARM.Collect$$$$00000000))
<BR>[Address Reference Count : 1]<UL><LI> startup_lpc54608.o(.text)
</UL>
<P><STRONG><a name="[2e0]"></a>_main_stk</STRONG> (Thumb, 0 bytes, Stack size unknown bytes, entry4.o(.ARM.Collect$$$$00000003))

<P><STRONG><a name="[af]"></a>_main_scatterload</STRONG> (Thumb, 0 bytes, Stack size unknown bytes, entry5.o(.ARM.Collect$$$$00000004))
<BR><BR>[Calls]<UL><LI><a href="#[b0]">&gt;&gt;</a>&nbsp;&nbsp;&nbsp;__scatterload
</UL>

<P><STRONG><a name="[c7]"></a>__main_after_scatterload</STRONG> (Thumb, 0 bytes, Stack size unknown bytes, entry5.o(.ARM.Collect$$$$00000004))
<BR><BR>[Called By]<UL><LI><a href="#[b0]">&gt;&gt;</a>&nbsp;&nbsp;&nbsp;__scatterload
</UL>

<P><STRONG><a name="[2e1]"></a>_main_clock</STRONG> (Thumb, 0 bytes, Stack size unknown bytes, entry7b.o(.ARM.Collect$$$$00000008))

<P><STRONG><a name="[2e2]"></a>_main_cpp_init</STRONG> (Thumb, 0 bytes, Stack size unknown bytes, entry8b.o(.ARM.Collect$$$$0000000A))

<P><STRONG><a name="[2e3]"></a>_main_init</STRONG> (Thumb, 0 bytes, Stack size unknown bytes, entry9a.o(.ARM.Collect$$$$0000000B))

<P><STRONG><a name="[2e4]"></a>__rt_final_cpp</STRONG> (Thumb, 0 bytes, Stack size unknown bytes, entry10a.o(.ARM.Collect$$$$0000000D))

<P><STRONG><a name="[2e5]"></a>__rt_final_exit</STRONG> (Thumb, 0 bytes, Stack size unknown bytes, entry11a.o(.ARM.Collect$$$$0000000F))

<P><STRONG><a name="[9]"></a>SVC_Handler</STRONG> (Thumb, 28 bytes, Stack size 0 bytes, port.o(.emb_text))
<BR>[Address Reference Count : 1]<UL><LI> startup_lpc54608.o(RESET)
</UL>
<P><STRONG><a name="[2db]"></a>__asm___6_port_c_39a90d8d__prvStartFirstTask</STRONG> (Thumb, 28 bytes, Stack size 0 bytes, port.o(.emb_text))
<BR><BR>[Called By]<UL><LI><a href="#[2d3]">&gt;&gt;</a>&nbsp;&nbsp;&nbsp;xPortStartScheduler
</UL>

<P><STRONG><a name="[2da]"></a>__asm___6_port_c_39a90d8d__prvEnableVFP</STRONG> (Thumb, 16 bytes, Stack size 0 bytes, port.o(.emb_text))
<BR><BR>[Called By]<UL><LI><a href="#[2d3]">&gt;&gt;</a>&nbsp;&nbsp;&nbsp;xPortStartScheduler
</UL>

<P><STRONG><a name="[b]"></a>PendSV_Handler</STRONG> (Thumb, 88 bytes, Stack size 0 bytes, port.o(.emb_text))
<BR><BR>[Calls]<UL><LI><a href="#[b1]">&gt;&gt;</a>&nbsp;&nbsp;&nbsp;vTaskSwitchContext
</UL>
<BR>[Address Reference Count : 1]<UL><LI> startup_lpc54608.o(RESET)
</UL>
<P><STRONG><a name="[2cc]"></a>vPortGetIPSR</STRONG> (Thumb, 6 bytes, Stack size 0 bytes, port.o(.emb_text))
<BR><BR>[Called By]<UL><LI><a href="#[2cb]">&gt;&gt;</a>&nbsp;&nbsp;&nbsp;vPortValidateInterruptPriority
</UL>

<P><STRONG><a name="[110]"></a>__asm___10_fsl_enet_c_676864a7____REV16</STRONG> (Thumb, 4 bytes, Stack size 0 bytes, fsl_enet.o(.rev16_text))
<BR><BR>[Called By]<UL><LI><a href="#[10f]">&gt;&gt;</a>&nbsp;&nbsp;&nbsp;ENET_GetTxRingId
</UL>

<P><STRONG><a name="[3]"></a>Reset_Handler</STRONG> (Thumb, 8 bytes, Stack size 0 bytes, startup_lpc54608.o(.text))
<BR>[Address Reference Count : 1]<UL><LI> startup_lpc54608.o(RESET)
</UL>
<P><STRONG><a name="[4]"></a>NMI_Handler</STRONG> (Thumb, 2 bytes, Stack size 0 bytes, startup_lpc54608.o(.text))
<BR><BR>[Calls]<UL><LI><a href="#[4]">&gt;&gt;</a>&nbsp;&nbsp;&nbsp;NMI_Handler
</UL>
<BR>[Called By]<UL><LI><a href="#[4]">&gt;&gt;</a>&nbsp;&nbsp;&nbsp;NMI_Handler
</UL>
<BR>[Address Reference Count : 1]<UL><LI> startup_lpc54608.o(RESET)
</UL>
<P><STRONG><a name="[5]"></a>HardFault_Handler</STRONG> (Thumb, 2 bytes, Stack size 0 bytes, startup_lpc54608.o(.text))
<BR><BR>[Calls]<UL><LI><a href="#[5]">&gt;&gt;</a>&nbsp;&nbsp;&nbsp;HardFault_Handler
</UL>
<BR>[Called By]<UL><LI><a href="#[5]">&gt;&gt;</a>&nbsp;&nbsp;&nbsp;HardFault_Handler
</UL>
<BR>[Address Reference Count : 1]<UL><LI> startup_lpc54608.o(RESET)
</UL>
<P><STRONG><a name="[6]"></a>MemManage_Handler</STRONG> (Thumb, 2 bytes, Stack size 0 bytes, startup_lpc54608.o(.text))
<BR><BR>[Calls]<UL><LI><a href="#[6]">&gt;&gt;</a>&nbsp;&nbsp;&nbsp;MemManage_Handler
</UL>
<BR>[Called By]<UL><LI><a href="#[6]">&gt;&gt;</a>&nbsp;&nbsp;&nbsp;MemManage_Handler
</UL>
<BR>[Address Reference Count : 1]<UL><LI> startup_lpc54608.o(RESET)
</UL>
<P><STRONG><a name="[7]"></a>BusFault_Handler</STRONG> (Thumb, 2 bytes, Stack size 0 bytes, startup_lpc54608.o(.text))
<BR><BR>[Calls]<UL><LI><a href="#[7]">&gt;&gt;</a>&nbsp;&nbsp;&nbsp;BusFault_Handler
</UL>
<BR>[Called By]<UL><LI><a href="#[7]">&gt;&gt;</a>&nbsp;&nbsp;&nbsp;BusFault_Handler
</UL>
<BR>[Address Reference Count : 1]<UL><LI> startup_lpc54608.o(RESET)
</UL>
<P><STRONG><a name="[8]"></a>UsageFault_Handler</STRONG> (Thumb, 2 bytes, Stack size 0 bytes, startup_lpc54608.o(.text))
<BR><BR>[Calls]<UL><LI><a href="#[8]">&gt;&gt;</a>&nbsp;&nbsp;&nbsp;UsageFault_Handler
</UL>
<BR>[Called By]<UL><LI><a href="#[8]">&gt;&gt;</a>&nbsp;&nbsp;&nbsp;UsageFault_Handler
</UL>
<BR>[Address Reference Count : 1]<UL><LI> startup_lpc54608.o(RESET)
</UL>
<P><STRONG><a name="[a]"></a>DebugMon_Handler</STRONG> (Thumb, 2 bytes, Stack size 0 bytes, startup_lpc54608.o(.text))
<BR><BR>[Calls]<UL><LI><a href="#[a]">&gt;&gt;</a>&nbsp;&nbsp;&nbsp;DebugMon_Handler
</UL>
<BR>[Called By]<UL><LI><a href="#[a]">&gt;&gt;</a>&nbsp;&nbsp;&nbsp;DebugMon_Handler
</UL>
<BR>[Address Reference Count : 1]<UL><LI> startup_lpc54608.o(RESET)
</UL>
<P><STRONG><a name="[d]"></a>WDT_BOD_IRQHandler</STRONG> (Thumb, 4 bytes, Stack size 0 bytes, startup_lpc54608.o(.text))
<BR>[Address Reference Count : 1]<UL><LI> startup_lpc54608.o(RESET)
</UL>
<P><STRONG><a name="[e]"></a>DMA0_IRQHandler</STRONG> (Thumb, 4 bytes, Stack size 0 bytes, startup_lpc54608.o(.text))
<BR>[Address Reference Count : 1]<UL><LI> startup_lpc54608.o(RESET)
</UL>
<P><STRONG><a name="[f]"></a>GINT0_IRQHandler</STRONG> (Thumb, 4 bytes, Stack size 0 bytes, startup_lpc54608.o(.text))
<BR>[Address Reference Count : 1]<UL><LI> startup_lpc54608.o(RESET)
</UL>
<P><STRONG><a name="[10]"></a>GINT1_IRQHandler</STRONG> (Thumb, 4 bytes, Stack size 0 bytes, startup_lpc54608.o(.text))
<BR>[Address Reference Count : 1]<UL><LI> startup_lpc54608.o(RESET)
</UL>
<P><STRONG><a name="[11]"></a>PIN_INT0_IRQHandler</STRONG> (Thumb, 4 bytes, Stack size 0 bytes, startup_lpc54608.o(.text))
<BR>[Address Reference Count : 1]<UL><LI> startup_lpc54608.o(RESET)
</UL>
<P><STRONG><a name="[12]"></a>PIN_INT1_IRQHandler</STRONG> (Thumb, 4 bytes, Stack size 0 bytes, startup_lpc54608.o(.text))
<BR>[Address Reference Count : 1]<UL><LI> startup_lpc54608.o(RESET)
</UL>
<P><STRONG><a name="[13]"></a>PIN_INT2_IRQHandler</STRONG> (Thumb, 4 bytes, Stack size 0 bytes, startup_lpc54608.o(.text))
<BR>[Address Reference Count : 1]<UL><LI> startup_lpc54608.o(RESET)
</UL>
<P><STRONG><a name="[14]"></a>PIN_INT3_IRQHandler</STRONG> (Thumb, 4 bytes, Stack size 0 bytes, startup_lpc54608.o(.text))
<BR>[Address Reference Count : 1]<UL><LI> startup_lpc54608.o(RESET)
</UL>
<P><STRONG><a name="[15]"></a>UTICK0_IRQHandler</STRONG> (Thumb, 4 bytes, Stack size 0 bytes, startup_lpc54608.o(.text))
<BR>[Address Reference Count : 1]<UL><LI> startup_lpc54608.o(RESET)
</UL>
<P><STRONG><a name="[16]"></a>MRT0_IRQHandler</STRONG> (Thumb, 4 bytes, Stack size 0 bytes, startup_lpc54608.o(.text))
<BR>[Address Reference Count : 1]<UL><LI> startup_lpc54608.o(RESET)
</UL>
<P><STRONG><a name="[17]"></a>CTIMER0_IRQHandler</STRONG> (Thumb, 4 bytes, Stack size 0 bytes, startup_lpc54608.o(.text))
<BR>[Address Reference Count : 1]<UL><LI> startup_lpc54608.o(RESET)
</UL>
<P><STRONG><a name="[18]"></a>CTIMER1_IRQHandler</STRONG> (Thumb, 4 bytes, Stack size 0 bytes, startup_lpc54608.o(.text))
<BR>[Address Reference Count : 1]<UL><LI> startup_lpc54608.o(RESET)
</UL>
<P><STRONG><a name="[1a]"></a>CTIMER3_IRQHandler</STRONG> (Thumb, 4 bytes, Stack size 0 bytes, startup_lpc54608.o(.text))
<BR>[Address Reference Count : 1]<UL><LI> startup_lpc54608.o(RESET)
</UL>
<P><STRONG><a name="[1b]"></a>FLEXCOMM0_IRQHandler</STRONG> (Thumb, 4 bytes, Stack size 0 bytes, startup_lpc54608.o(.text))
<BR>[Address Reference Count : 1]<UL><LI> startup_lpc54608.o(RESET)
</UL>
<P><STRONG><a name="[1c]"></a>FLEXCOMM1_IRQHandler</STRONG> (Thumb, 4 bytes, Stack size 0 bytes, startup_lpc54608.o(.text))
<BR>[Address Reference Count : 1]<UL><LI> startup_lpc54608.o(RESET)
</UL>
<P><STRONG><a name="[1e]"></a>FLEXCOMM3_IRQHandler</STRONG> (Thumb, 4 bytes, Stack size 0 bytes, startup_lpc54608.o(.text))
<BR>[Address Reference Count : 1]<UL><LI> startup_lpc54608.o(RESET)
</UL>
<P><STRONG><a name="[21]"></a>FLEXCOMM6_IRQHandler</STRONG> (Thumb, 4 bytes, Stack size 0 bytes, startup_lpc54608.o(.text))
<BR>[Address Reference Count : 1]<UL><LI> startup_lpc54608.o(RESET)
</UL>
<P><STRONG><a name="[24]"></a>ADC0_SEQB_IRQHandler</STRONG> (Thumb, 4 bytes, Stack size 0 bytes, startup_lpc54608.o(.text))
<BR>[Address Reference Count : 1]<UL><LI> startup_lpc54608.o(RESET)
</UL>
<P><STRONG><a name="[25]"></a>ADC0_THCMP_IRQHandler</STRONG> (Thumb, 4 bytes, Stack size 0 bytes, startup_lpc54608.o(.text))
<BR>[Address Reference Count : 1]<UL><LI> startup_lpc54608.o(RESET)
</UL>
<P><STRONG><a name="[26]"></a>DMIC0_IRQHandler</STRONG> (Thumb, 4 bytes, Stack size 0 bytes, startup_lpc54608.o(.text))
<BR>[Address Reference Count : 1]<UL><LI> startup_lpc54608.o(RESET)
</UL>
<P><STRONG><a name="[27]"></a>HWVAD0_IRQHandler</STRONG> (Thumb, 4 bytes, Stack size 0 bytes, startup_lpc54608.o(.text))
<BR>[Address Reference Count : 1]<UL><LI> startup_lpc54608.o(RESET)
</UL>
<P><STRONG><a name="[28]"></a>USB0_NEEDCLK_IRQHandler</STRONG> (Thumb, 4 bytes, Stack size 0 bytes, startup_lpc54608.o(.text))
<BR>[Address Reference Count : 1]<UL><LI> startup_lpc54608.o(RESET)
</UL>
<P><STRONG><a name="[29]"></a>USB0_IRQHandler</STRONG> (Thumb, 4 bytes, Stack size 0 bytes, startup_lpc54608.o(.text))
<BR>[Address Reference Count : 1]<UL><LI> startup_lpc54608.o(RESET)
</UL>
<P><STRONG><a name="[2a]"></a>RTC_IRQHandler</STRONG> (Thumb, 4 bytes, Stack size 0 bytes, startup_lpc54608.o(.text))
<BR>[Address Reference Count : 1]<UL><LI> startup_lpc54608.o(RESET)
</UL>
<P><STRONG><a name="[2b]"></a>Reserved46_IRQHandler</STRONG> (Thumb, 4 bytes, Stack size 0 bytes, startup_lpc54608.o(.text))
<BR>[Address Reference Count : 1]<UL><LI> startup_lpc54608.o(RESET)
</UL>
<P><STRONG><a name="[2c]"></a>Reserved47_IRQHandler</STRONG> (Thumb, 4 bytes, Stack size 0 bytes, startup_lpc54608.o(.text))
<BR>[Address Reference Count : 1]<UL><LI> startup_lpc54608.o(RESET)
</UL>
<P><STRONG><a name="[2d]"></a>PIN_INT4_IRQHandler</STRONG> (Thumb, 4 bytes, Stack size 0 bytes, startup_lpc54608.o(.text))
<BR>[Address Reference Count : 1]<UL><LI> startup_lpc54608.o(RESET)
</UL>
<P><STRONG><a name="[2e]"></a>PIN_INT5_IRQHandler</STRONG> (Thumb, 4 bytes, Stack size 0 bytes, startup_lpc54608.o(.text))
<BR>[Address Reference Count : 1]<UL><LI> startup_lpc54608.o(RESET)
</UL>
<P><STRONG><a name="[2f]"></a>PIN_INT6_IRQHandler</STRONG> (Thumb, 4 bytes, Stack size 0 bytes, startup_lpc54608.o(.text))
<BR>[Address Reference Count : 1]<UL><LI> startup_lpc54608.o(RESET)
</UL>
<P><STRONG><a name="[30]"></a>PIN_INT7_IRQHandler</STRONG> (Thumb, 4 bytes, Stack size 0 bytes, startup_lpc54608.o(.text))
<BR>[Address Reference Count : 1]<UL><LI> startup_lpc54608.o(RESET)
</UL>
<P><STRONG><a name="[31]"></a>CTIMER2_IRQHandler</STRONG> (Thumb, 4 bytes, Stack size 0 bytes, startup_lpc54608.o(.text))
<BR>[Address Reference Count : 1]<UL><LI> startup_lpc54608.o(RESET)
</UL>
<P><STRONG><a name="[32]"></a>CTIMER4_IRQHandler</STRONG> (Thumb, 4 bytes, Stack size 0 bytes, startup_lpc54608.o(.text))
<BR>[Address Reference Count : 1]<UL><LI> startup_lpc54608.o(RESET)
</UL>
<P><STRONG><a name="[33]"></a>RIT_IRQHandler</STRONG> (Thumb, 4 bytes, Stack size 0 bytes, startup_lpc54608.o(.text))
<BR>[Address Reference Count : 1]<UL><LI> startup_lpc54608.o(RESET)
</UL>
<P><STRONG><a name="[34]"></a>SPIFI0_IRQHandler</STRONG> (Thumb, 4 bytes, Stack size 0 bytes, startup_lpc54608.o(.text))
<BR>[Address Reference Count : 1]<UL><LI> startup_lpc54608.o(RESET)
</UL>
<P><STRONG><a name="[35]"></a>FLEXCOMM8_IRQHandler</STRONG> (Thumb, 4 bytes, Stack size 0 bytes, startup_lpc54608.o(.text))
<BR>[Address Reference Count : 1]<UL><LI> startup_lpc54608.o(RESET)
</UL>
<P><STRONG><a name="[36]"></a>FLEXCOMM9_IRQHandler</STRONG> (Thumb, 4 bytes, Stack size 0 bytes, startup_lpc54608.o(.text))
<BR>[Address Reference Count : 1]<UL><LI> startup_lpc54608.o(RESET)
</UL>
<P><STRONG><a name="[37]"></a>SDIO_IRQHandler</STRONG> (Thumb, 4 bytes, Stack size 0 bytes, startup_lpc54608.o(.text))
<BR>[Address Reference Count : 1]<UL><LI> startup_lpc54608.o(RESET)
</UL>
<P><STRONG><a name="[38]"></a>CAN0_IRQ0_IRQHandler</STRONG> (Thumb, 4 bytes, Stack size 0 bytes, startup_lpc54608.o(.text))
<BR>[Address Reference Count : 1]<UL><LI> startup_lpc54608.o(RESET)
</UL>
<P><STRONG><a name="[39]"></a>CAN0_IRQ1_IRQHandler</STRONG> (Thumb, 4 bytes, Stack size 0 bytes, startup_lpc54608.o(.text))
<BR>[Address Reference Count : 1]<UL><LI> startup_lpc54608.o(RESET)
</UL>
<P><STRONG><a name="[3a]"></a>CAN1_IRQ0_IRQHandler</STRONG> (Thumb, 4 bytes, Stack size 0 bytes, startup_lpc54608.o(.text))
<BR>[Address Reference Count : 1]<UL><LI> startup_lpc54608.o(RESET)
</UL>
<P><STRONG><a name="[3b]"></a>CAN1_IRQ1_IRQHandler</STRONG> (Thumb, 4 bytes, Stack size 0 bytes, startup_lpc54608.o(.text))
<BR>[Address Reference Count : 1]<UL><LI> startup_lpc54608.o(RESET)
</UL>
<P><STRONG><a name="[3c]"></a>USB1_IRQHandler</STRONG> (Thumb, 4 bytes, Stack size 0 bytes, startup_lpc54608.o(.text))
<BR>[Address Reference Count : 1]<UL><LI> startup_lpc54608.o(RESET)
</UL>
<P><STRONG><a name="[3d]"></a>USB1_NEEDCLK_IRQHandler</STRONG> (Thumb, 4 bytes, Stack size 0 bytes, startup_lpc54608.o(.text))
<BR>[Address Reference Count : 1]<UL><LI> startup_lpc54608.o(RESET)
</UL>
<P><STRONG><a name="[3e]"></a>ETHERNET_IRQHandler</STRONG> (Thumb, 4 bytes, Stack size 0 bytes, startup_lpc54608.o(.text))
<BR>[Address Reference Count : 1]<UL><LI> startup_lpc54608.o(RESET)
</UL>
<P><STRONG><a name="[3f]"></a>ETHERNET_PMT_IRQHandler</STRONG> (Thumb, 4 bytes, Stack size 0 bytes, startup_lpc54608.o(.text))
<BR>[Address Reference Count : 1]<UL><LI> startup_lpc54608.o(RESET)
</UL>
<P><STRONG><a name="[40]"></a>ETHERNET_MACLP_IRQHandler</STRONG> (Thumb, 4 bytes, Stack size 0 bytes, startup_lpc54608.o(.text))
<BR>[Address Reference Count : 1]<UL><LI> startup_lpc54608.o(RESET)
</UL>
<P><STRONG><a name="[41]"></a>EEPROM_IRQHandler</STRONG> (Thumb, 4 bytes, Stack size 0 bytes, startup_lpc54608.o(.text))
<BR>[Address Reference Count : 1]<UL><LI> startup_lpc54608.o(RESET)
</UL>
<P><STRONG><a name="[42]"></a>LCD_IRQHandler</STRONG> (Thumb, 4 bytes, Stack size 0 bytes, startup_lpc54608.o(.text))
<BR>[Address Reference Count : 1]<UL><LI> startup_lpc54608.o(RESET)
</UL>
<P><STRONG><a name="[43]"></a>SHA_IRQHandler</STRONG> (Thumb, 4 bytes, Stack size 0 bytes, startup_lpc54608.o(.text))
<BR>[Address Reference Count : 1]<UL><LI> startup_lpc54608.o(RESET)
</UL>
<P><STRONG><a name="[44]"></a>SMARTCARD0_IRQHandler</STRONG> (Thumb, 4 bytes, Stack size 0 bytes, startup_lpc54608.o(.text))
<BR>[Address Reference Count : 1]<UL><LI> startup_lpc54608.o(RESET)
</UL>
<P><STRONG><a name="[45]"></a>SMARTCARD1_IRQHandler</STRONG> (Thumb, 4 bytes, Stack size 0 bytes, startup_lpc54608.o(.text))
<BR>[Address Reference Count : 1]<UL><LI> startup_lpc54608.o(RESET)
</UL>
<P><STRONG><a name="[5f]"></a>ADC0_SEQA_DriverIRQHandler</STRONG> (Thumb, 0 bytes, Stack size 0 bytes, startup_lpc54608.o(.text))
<BR><BR>[Calls]<UL><LI><a href="#[5f]">&gt;&gt;</a>&nbsp;&nbsp;&nbsp;ADC0_SEQA_DriverIRQHandler
</UL>
<BR>[Called By]<UL><LI><a href="#[5f]">&gt;&gt;</a>&nbsp;&nbsp;&nbsp;ADC0_SEQA_DriverIRQHandler
</UL>
<BR>[Address Reference Count : 1]<UL><LI> startup_lpc54608.o(.text)
</UL>
<P><STRONG><a name="[60]"></a>ADC0_SEQB_DriverIRQHandler</STRONG> (Thumb, 0 bytes, Stack size 0 bytes, startup_lpc54608.o(.text))
<BR>[Address Reference Count : 1]<UL><LI> startup_lpc54608.o(.text)
</UL>
<P><STRONG><a name="[61]"></a>ADC0_THCMP_DriverIRQHandler</STRONG> (Thumb, 0 bytes, Stack size 0 bytes, startup_lpc54608.o(.text))
<BR>[Address Reference Count : 1]<UL><LI> startup_lpc54608.o(.text)
</UL>
<P><STRONG><a name="[74]"></a>CAN0_IRQ0_DriverIRQHandler</STRONG> (Thumb, 0 bytes, Stack size 0 bytes, startup_lpc54608.o(.text))
<BR>[Address Reference Count : 1]<UL><LI> startup_lpc54608.o(.text)
</UL>
<P><STRONG><a name="[75]"></a>CAN0_IRQ1_DriverIRQHandler</STRONG> (Thumb, 0 bytes, Stack size 0 bytes, startup_lpc54608.o(.text))
<BR>[Address Reference Count : 1]<UL><LI> startup_lpc54608.o(.text)
</UL>
<P><STRONG><a name="[76]"></a>CAN1_IRQ0_DriverIRQHandler</STRONG> (Thumb, 0 bytes, Stack size 0 bytes, startup_lpc54608.o(.text))
<BR>[Address Reference Count : 1]<UL><LI> startup_lpc54608.o(.text)
</UL>
<P><STRONG><a name="[77]"></a>CAN1_IRQ1_DriverIRQHandler</STRONG> (Thumb, 0 bytes, Stack size 0 bytes, startup_lpc54608.o(.text))
<BR>[Address Reference Count : 1]<UL><LI> startup_lpc54608.o(.text)
</UL>
<P><STRONG><a name="[53]"></a>CTIMER0_DriverIRQHandler</STRONG> (Thumb, 0 bytes, Stack size 0 bytes, startup_lpc54608.o(.text))
<BR>[Address Reference Count : 1]<UL><LI> startup_lpc54608.o(.text)
</UL>
<P><STRONG><a name="[54]"></a>CTIMER1_DriverIRQHandler</STRONG> (Thumb, 0 bytes, Stack size 0 bytes, startup_lpc54608.o(.text))
<BR>[Address Reference Count : 1]<UL><LI> startup_lpc54608.o(.text)
</UL>
<P><STRONG><a name="[6d]"></a>CTIMER2_DriverIRQHandler</STRONG> (Thumb, 0 bytes, Stack size 0 bytes, startup_lpc54608.o(.text))
<BR>[Address Reference Count : 1]<UL><LI> startup_lpc54608.o(.text)
</UL>
<P><STRONG><a name="[56]"></a>CTIMER3_DriverIRQHandler</STRONG> (Thumb, 0 bytes, Stack size 0 bytes, startup_lpc54608.o(.text))
<BR>[Address Reference Count : 1]<UL><LI> startup_lpc54608.o(.text)
</UL>
<P><STRONG><a name="[6e]"></a>CTIMER4_DriverIRQHandler</STRONG> (Thumb, 0 bytes, Stack size 0 bytes, startup_lpc54608.o(.text))
<BR>[Address Reference Count : 1]<UL><LI> startup_lpc54608.o(.text)
</UL>
<P><STRONG><a name="[4a]"></a>DMA0_DriverIRQHandler</STRONG> (Thumb, 0 bytes, Stack size 0 bytes, startup_lpc54608.o(.text))
<BR>[Address Reference Count : 1]<UL><LI> startup_lpc54608.o(.text)
</UL>
<P><STRONG><a name="[62]"></a>DMIC0_DriverIRQHandler</STRONG> (Thumb, 0 bytes, Stack size 0 bytes, startup_lpc54608.o(.text))
<BR>[Address Reference Count : 1]<UL><LI> startup_lpc54608.o(.text)
</UL>
<P><STRONG><a name="[7d]"></a>EEPROM_DriverIRQHandler</STRONG> (Thumb, 0 bytes, Stack size 0 bytes, startup_lpc54608.o(.text))
<BR>[Address Reference Count : 1]<UL><LI> startup_lpc54608.o(.text)
</UL>
<P><STRONG><a name="[7c]"></a>ETHERNET_MACLP_DriverIRQHandler</STRONG> (Thumb, 0 bytes, Stack size 0 bytes, startup_lpc54608.o(.text))
<BR>[Address Reference Count : 1]<UL><LI> startup_lpc54608.o(.text)
</UL>
<P><STRONG><a name="[7b]"></a>ETHERNET_PMT_DriverIRQHandler</STRONG> (Thumb, 0 bytes, Stack size 0 bytes, startup_lpc54608.o(.text))
<BR>[Address Reference Count : 1]<UL><LI> startup_lpc54608.o(.text)
</UL>
<P><STRONG><a name="[4b]"></a>GINT0_DriverIRQHandler</STRONG> (Thumb, 0 bytes, Stack size 0 bytes, startup_lpc54608.o(.text))
<BR>[Address Reference Count : 1]<UL><LI> startup_lpc54608.o(.text)
</UL>
<P><STRONG><a name="[4c]"></a>GINT1_DriverIRQHandler</STRONG> (Thumb, 0 bytes, Stack size 0 bytes, startup_lpc54608.o(.text))
<BR>[Address Reference Count : 1]<UL><LI> startup_lpc54608.o(.text)
</UL>
<P><STRONG><a name="[63]"></a>HWVAD0_DriverIRQHandler</STRONG> (Thumb, 0 bytes, Stack size 0 bytes, startup_lpc54608.o(.text))
<BR>[Address Reference Count : 1]<UL><LI> startup_lpc54608.o(.text)
</UL>
<P><STRONG><a name="[7e]"></a>LCD_DriverIRQHandler</STRONG> (Thumb, 0 bytes, Stack size 0 bytes, startup_lpc54608.o(.text))
<BR>[Address Reference Count : 1]<UL><LI> startup_lpc54608.o(.text)
</UL>
<P><STRONG><a name="[52]"></a>MRT0_DriverIRQHandler</STRONG> (Thumb, 0 bytes, Stack size 0 bytes, startup_lpc54608.o(.text))
<BR>[Address Reference Count : 1]<UL><LI> startup_lpc54608.o(.text)
</UL>
<P><STRONG><a name="[4d]"></a>PIN_INT0_DriverIRQHandler</STRONG> (Thumb, 0 bytes, Stack size 0 bytes, startup_lpc54608.o(.text))
<BR>[Address Reference Count : 1]<UL><LI> startup_lpc54608.o(.text)
</UL>
<P><STRONG><a name="[4e]"></a>PIN_INT1_DriverIRQHandler</STRONG> (Thumb, 0 bytes, Stack size 0 bytes, startup_lpc54608.o(.text))
<BR>[Address Reference Count : 1]<UL><LI> startup_lpc54608.o(.text)
</UL>
<P><STRONG><a name="[4f]"></a>PIN_INT2_DriverIRQHandler</STRONG> (Thumb, 0 bytes, Stack size 0 bytes, startup_lpc54608.o(.text))
<BR>[Address Reference Count : 1]<UL><LI> startup_lpc54608.o(.text)
</UL>
<P><STRONG><a name="[50]"></a>PIN_INT3_DriverIRQHandler</STRONG> (Thumb, 0 bytes, Stack size 0 bytes, startup_lpc54608.o(.text))
<BR>[Address Reference Count : 1]<UL><LI> startup_lpc54608.o(.text)
</UL>
<P><STRONG><a name="[69]"></a>PIN_INT4_DriverIRQHandler</STRONG> (Thumb, 0 bytes, Stack size 0 bytes, startup_lpc54608.o(.text))
<BR>[Address Reference Count : 1]<UL><LI> startup_lpc54608.o(.text)
</UL>
<P><STRONG><a name="[6a]"></a>PIN_INT5_DriverIRQHandler</STRONG> (Thumb, 0 bytes, Stack size 0 bytes, startup_lpc54608.o(.text))
<BR>[Address Reference Count : 1]<UL><LI> startup_lpc54608.o(.text)
</UL>
<P><STRONG><a name="[6b]"></a>PIN_INT6_DriverIRQHandler</STRONG> (Thumb, 0 bytes, Stack size 0 bytes, startup_lpc54608.o(.text))
<BR>[Address Reference Count : 1]<UL><LI> startup_lpc54608.o(.text)
</UL>
<P><STRONG><a name="[6c]"></a>PIN_INT7_DriverIRQHandler</STRONG> (Thumb, 0 bytes, Stack size 0 bytes, startup_lpc54608.o(.text))
<BR>[Address Reference Count : 1]<UL><LI> startup_lpc54608.o(.text)
</UL>
<P><STRONG><a name="[6f]"></a>RIT_DriverIRQHandler</STRONG> (Thumb, 0 bytes, Stack size 0 bytes, startup_lpc54608.o(.text))
<BR>[Address Reference Count : 1]<UL><LI> startup_lpc54608.o(.text)
</UL>
<P><STRONG><a name="[66]"></a>RTC_DriverIRQHandler</STRONG> (Thumb, 0 bytes, Stack size 0 bytes, startup_lpc54608.o(.text))
<BR>[Address Reference Count : 1]<UL><LI> startup_lpc54608.o(.text)
</UL>
<P><STRONG><a name="[67]"></a>Reserved46_DriverIRQHandler</STRONG> (Thumb, 0 bytes, Stack size 0 bytes, startup_lpc54608.o(.text))
<BR>[Address Reference Count : 1]<UL><LI> startup_lpc54608.o(.text)
</UL>
<P><STRONG><a name="[68]"></a>Reserved47_DriverIRQHandler</STRONG> (Thumb, 0 bytes, Stack size 0 bytes, startup_lpc54608.o(.text))
<BR>[Address Reference Count : 1]<UL><LI> startup_lpc54608.o(.text)
</UL>
<P><STRONG><a name="[55]"></a>SCT0_DriverIRQHandler</STRONG> (Thumb, 0 bytes, Stack size 0 bytes, startup_lpc54608.o(.text))
<BR>[Address Reference Count : 1]<UL><LI> startup_lpc54608.o(.text)
</UL>
<P><STRONG><a name="[73]"></a>SDIO_DriverIRQHandler</STRONG> (Thumb, 0 bytes, Stack size 0 bytes, startup_lpc54608.o(.text))
<BR>[Address Reference Count : 1]<UL><LI> startup_lpc54608.o(.text)
</UL>
<P><STRONG><a name="[7f]"></a>SHA_DriverIRQHandler</STRONG> (Thumb, 0 bytes, Stack size 0 bytes, startup_lpc54608.o(.text))
<BR>[Address Reference Count : 1]<UL><LI> startup_lpc54608.o(.text)
</UL>
<P><STRONG><a name="[80]"></a>SMARTCARD0_DriverIRQHandler</STRONG> (Thumb, 0 bytes, Stack size 0 bytes, startup_lpc54608.o(.text))
<BR>[Address Reference Count : 1]<UL><LI> startup_lpc54608.o(.text)
</UL>
<P><STRONG><a name="[81]"></a>SMARTCARD1_DriverIRQHandler</STRONG> (Thumb, 0 bytes, Stack size 0 bytes, startup_lpc54608.o(.text))
<BR>[Address Reference Count : 1]<UL><LI> startup_lpc54608.o(.text)
</UL>
<P><STRONG><a name="[70]"></a>SPIFI0_DriverIRQHandler</STRONG> (Thumb, 0 bytes, Stack size 0 bytes, startup_lpc54608.o(.text))
<BR>[Address Reference Count : 1]<UL><LI> startup_lpc54608.o(.text)
</UL>
<P><STRONG><a name="[65]"></a>USB0_DriverIRQHandler</STRONG> (Thumb, 0 bytes, Stack size 0 bytes, startup_lpc54608.o(.text))
<BR>[Address Reference Count : 1]<UL><LI> startup_lpc54608.o(.text)
</UL>
<P><STRONG><a name="[64]"></a>USB0_NEEDCLK_DriverIRQHandler</STRONG> (Thumb, 0 bytes, Stack size 0 bytes, startup_lpc54608.o(.text))
<BR>[Address Reference Count : 1]<UL><LI> startup_lpc54608.o(.text)
</UL>
<P><STRONG><a name="[78]"></a>USB1_DriverIRQHandler</STRONG> (Thumb, 0 bytes, Stack size 0 bytes, startup_lpc54608.o(.text))
<BR>[Address Reference Count : 1]<UL><LI> startup_lpc54608.o(.text)
</UL>
<P><STRONG><a name="[79]"></a>USB1_NEEDCLK_DriverIRQHandler</STRONG> (Thumb, 0 bytes, Stack size 0 bytes, startup_lpc54608.o(.text))
<BR>[Address Reference Count : 1]<UL><LI> startup_lpc54608.o(.text)
</UL>
<P><STRONG><a name="[51]"></a>UTICK0_DriverIRQHandler</STRONG> (Thumb, 0 bytes, Stack size 0 bytes, startup_lpc54608.o(.text))
<BR>[Address Reference Count : 1]<UL><LI> startup_lpc54608.o(.text)
</UL>
<P><STRONG><a name="[49]"></a>WDT_BOD_DriverIRQHandler</STRONG> (Thumb, 0 bytes, Stack size 0 bytes, startup_lpc54608.o(.text))
<BR>[Address Reference Count : 1]<UL><LI> startup_lpc54608.o(.text)
</UL>
<P><STRONG><a name="[b2]"></a>__aeabi_uldivmod</STRONG> (Thumb, 98 bytes, Stack size 40 bytes, uldiv.o(.text))
<BR><BR>[Stack]<UL><LI>Max Depth = 40<LI>Call Chain = __aeabi_uldivmod
</UL>
<BR>[Calls]<UL><LI><a href="#[b3]">&gt;&gt;</a>&nbsp;&nbsp;&nbsp;__aeabi_llsr
<LI><a href="#[b4]">&gt;&gt;</a>&nbsp;&nbsp;&nbsp;__aeabi_llsl
</UL>
<BR>[Called By]<UL><LI><a href="#[f9]">&gt;&gt;</a>&nbsp;&nbsp;&nbsp;DbgConsole_ConvertRadixNumToString
<LI><a href="#[197]">&gt;&gt;</a>&nbsp;&nbsp;&nbsp;_printf_core
<LI><a href="#[1a4]">&gt;&gt;</a>&nbsp;&nbsp;&nbsp;_fp_digits
<LI><a href="#[b5]">&gt;&gt;</a>&nbsp;&nbsp;&nbsp;__aeabi_ldivmod
</UL>

<P><STRONG><a name="[b5]"></a>__aeabi_ldivmod</STRONG> (Thumb, 98 bytes, Stack size 24 bytes, ldiv.o(.text))
<BR><BR>[Stack]<UL><LI>Max Depth = 64<LI>Call Chain = __aeabi_ldivmod &rArr; __aeabi_uldivmod
</UL>
<BR>[Calls]<UL><LI><a href="#[b2]">&gt;&gt;</a>&nbsp;&nbsp;&nbsp;__aeabi_uldivmod
</UL>
<BR>[Called By]<UL><LI><a href="#[f9]">&gt;&gt;</a>&nbsp;&nbsp;&nbsp;DbgConsole_ConvertRadixNumToString
</UL>

<P><STRONG><a name="[180]"></a>tolower</STRONG> (Thumb, 12 bytes, Stack size 0 bytes, tolower.o(.text))
<BR><BR>[Called By]<UL><LI><a href="#[17f]">&gt;&gt;</a>&nbsp;&nbsp;&nbsp;cJSON_strcasecmp(const char*, const char*)
</UL>

<P><STRONG><a name="[119]"></a>__aeabi_memcpy</STRONG> (Thumb, 36 bytes, Stack size 0 bytes, memcpya.o(.text))
<BR><BR>[Called By]<UL><LI><a href="#[117]">&gt;&gt;</a>&nbsp;&nbsp;&nbsp;ENET_ReadFrame
<LI><a href="#[275]">&gt;&gt;</a>&nbsp;&nbsp;&nbsp;prvCopyDataToQueue
<LI><a href="#[274]">&gt;&gt;</a>&nbsp;&nbsp;&nbsp;prvCopyDataFromQueue
<LI><a href="#[8e]">&gt;&gt;</a>&nbsp;&nbsp;&nbsp;low_level_output
<LI><a href="#[1fe]">&gt;&gt;</a>&nbsp;&nbsp;&nbsp;low_level_input
<LI><a href="#[176]">&gt;&gt;</a>&nbsp;&nbsp;&nbsp;recvMsgHandle()
<LI><a href="#[16e]">&gt;&gt;</a>&nbsp;&nbsp;&nbsp;Internet_init()
<LI><a href="#[23d]">&gt;&gt;</a>&nbsp;&nbsp;&nbsp;tcp_write
<LI><a href="#[1f5]">&gt;&gt;</a>&nbsp;&nbsp;&nbsp;pbuf_copy
<LI><a href="#[1d1]">&gt;&gt;</a>&nbsp;&nbsp;&nbsp;pbuf_copy_partial
<LI><a href="#[21f]">&gt;&gt;</a>&nbsp;&nbsp;&nbsp;ip_reass_free_complete_datagram
<LI><a href="#[219]">&gt;&gt;</a>&nbsp;&nbsp;&nbsp;ip_reass_enqueue_new_datagram
<LI><a href="#[211]">&gt;&gt;</a>&nbsp;&nbsp;&nbsp;ip4_reass
<LI><a href="#[20c]">&gt;&gt;</a>&nbsp;&nbsp;&nbsp;ip4_frag
<LI><a href="#[203]">&gt;&gt;</a>&nbsp;&nbsp;&nbsp;icmp_input
<LI><a href="#[202]">&gt;&gt;</a>&nbsp;&nbsp;&nbsp;icmp_send_response
<LI><a href="#[182]">&gt;&gt;</a>&nbsp;&nbsp;&nbsp;parseBincodeBuffer(char*)
<LI><a href="#[179]">&gt;&gt;</a>&nbsp;&nbsp;&nbsp;parseRecvMsgInfo(char*)
<LI><a href="#[169]">&gt;&gt;</a>&nbsp;&nbsp;&nbsp;md5Update(_md5_std_ctx*, unsigned char*, unsigned)
</UL>

<P><STRONG><a name="[244]"></a>__aeabi_memcpy4</STRONG> (Thumb, 0 bytes, Stack size 0 bytes, memcpya.o(.text))
<BR><BR>[Called By]<UL><LI><a href="#[46]">&gt;&gt;</a>&nbsp;&nbsp;&nbsp;main
</UL>

<P><STRONG><a name="[2e6]"></a>__aeabi_memcpy8</STRONG> (Thumb, 0 bytes, Stack size 0 bytes, memcpya.o(.text), UNUSED)

<P><STRONG><a name="[b7]"></a>__aeabi_memset</STRONG> (Thumb, 14 bytes, Stack size 0 bytes, memseta.o(.text))
<BR><BR>[Called By]<UL><LI><a href="#[27c]">&gt;&gt;</a>&nbsp;&nbsp;&nbsp;prvInitialiseNewTask
<LI><a href="#[b8]">&gt;&gt;</a>&nbsp;&nbsp;&nbsp;_memset$wrapper
<LI><a href="#[b6]">&gt;&gt;</a>&nbsp;&nbsp;&nbsp;__aeabi_memclr
</UL>

<P><STRONG><a name="[2e7]"></a>__aeabi_memset4</STRONG> (Thumb, 0 bytes, Stack size 0 bytes, memseta.o(.text), UNUSED)

<P><STRONG><a name="[2e8]"></a>__aeabi_memset8</STRONG> (Thumb, 0 bytes, Stack size 0 bytes, memseta.o(.text), UNUSED)

<P><STRONG><a name="[b6]"></a>__aeabi_memclr</STRONG> (Thumb, 4 bytes, Stack size 0 bytes, memseta.o(.text))
<BR><BR>[Calls]<UL><LI><a href="#[b7]">&gt;&gt;</a>&nbsp;&nbsp;&nbsp;__aeabi_memset
</UL>
<BR>[Called By]<UL><LI><a href="#[191]">&gt;&gt;</a>&nbsp;&nbsp;&nbsp;OTAInit()
<LI><a href="#[175]">&gt;&gt;</a>&nbsp;&nbsp;&nbsp;notifyMsgSendHandle(MSGID)
<LI><a href="#[156]">&gt;&gt;</a>&nbsp;&nbsp;&nbsp;cmdMsgRespHandle(MSGID)
<LI><a href="#[176]">&gt;&gt;</a>&nbsp;&nbsp;&nbsp;recvMsgHandle()
</UL>

<P><STRONG><a name="[106]"></a>__aeabi_memclr4</STRONG> (Thumb, 0 bytes, Stack size 0 bytes, memseta.o(.text))
<BR><BR>[Called By]<UL><LI><a href="#[105]">&gt;&gt;</a>&nbsp;&nbsp;&nbsp;ENET_CreateHandler
<LI><a href="#[173]">&gt;&gt;</a>&nbsp;&nbsp;&nbsp;dhcp_start
<LI><a href="#[1cc]">&gt;&gt;</a>&nbsp;&nbsp;&nbsp;udp_new
<LI><a href="#[261]">&gt;&gt;</a>&nbsp;&nbsp;&nbsp;raw_new
<LI><a href="#[2a0]">&gt;&gt;</a>&nbsp;&nbsp;&nbsp;tcp_alloc
<LI><a href="#[219]">&gt;&gt;</a>&nbsp;&nbsp;&nbsp;ip_reass_enqueue_new_datagram
<LI><a href="#[1d0]">&gt;&gt;</a>&nbsp;&nbsp;&nbsp;dhcp_parse_reply
<LI><a href="#[179]">&gt;&gt;</a>&nbsp;&nbsp;&nbsp;parseRecvMsgInfo(char*)
<LI><a href="#[161]">&gt;&gt;</a>&nbsp;&nbsp;&nbsp;cJSON_New_Item()
</UL>

<P><STRONG><a name="[2e9]"></a>__aeabi_memclr8</STRONG> (Thumb, 0 bytes, Stack size 0 bytes, memseta.o(.text), UNUSED)

<P><STRONG><a name="[b8]"></a>_memset$wrapper</STRONG> (Thumb, 18 bytes, Stack size 8 bytes, memseta.o(.text), UNUSED)
<BR><BR>[Calls]<UL><LI><a href="#[b7]">&gt;&gt;</a>&nbsp;&nbsp;&nbsp;__aeabi_memset
</UL>

<P><STRONG><a name="[ff]"></a>strlen</STRONG> (Thumb, 14 bytes, Stack size 0 bytes, strlen.o(.text))
<BR><BR>[Called By]<UL><LI><a href="#[fd]">&gt;&gt;</a>&nbsp;&nbsp;&nbsp;DbgConsole_PrintfFormattedData
<LI><a href="#[175]">&gt;&gt;</a>&nbsp;&nbsp;&nbsp;notifyMsgSendHandle(MSGID)
<LI><a href="#[156]">&gt;&gt;</a>&nbsp;&nbsp;&nbsp;cmdMsgRespHandle(MSGID)
<LI><a href="#[95]">&gt;&gt;</a>&nbsp;&nbsp;&nbsp;heartbeatThread(void*)
</UL>

<P><STRONG><a name="[1fb]"></a>memcmp</STRONG> (Thumb, 26 bytes, Stack size 12 bytes, memcmp.o(.text))
<BR><BR>[Stack]<UL><LI>Max Depth = 12<LI>Call Chain = memcmp
</UL>
<BR>[Called By]<UL><LI><a href="#[a5]">&gt;&gt;</a>&nbsp;&nbsp;&nbsp;ethernet_input
</UL>

<P><STRONG><a name="[189]"></a>strcpy</STRONG> (Thumb, 18 bytes, Stack size 0 bytes, strcpy.o(.text))
<BR><BR>[Called By]<UL><LI><a href="#[182]">&gt;&gt;</a>&nbsp;&nbsp;&nbsp;parseBincodeBuffer(char*)
</UL>

<P><STRONG><a name="[163]"></a>strncmp</STRONG> (Thumb, 30 bytes, Stack size 12 bytes, strncmp.o(.text))
<BR><BR>[Stack]<UL><LI>Max Depth = 12<LI>Call Chain = strncmp
</UL>
<BR>[Called By]<UL><LI><a href="#[182]">&gt;&gt;</a>&nbsp;&nbsp;&nbsp;parseBincodeBuffer(char*)
<LI><a href="#[162]">&gt;&gt;</a>&nbsp;&nbsp;&nbsp;parse_value(cJSON*, const char*, const char**)
</UL>

<P><STRONG><a name="[b9]"></a>__aeabi_dadd</STRONG> (Thumb, 322 bytes, Stack size 48 bytes, dadd.o(.text))
<BR><BR>[Stack]<UL><LI>Max Depth = 88<LI>Call Chain = __aeabi_dadd &rArr; _double_epilogue &rArr; _double_round
</UL>
<BR>[Calls]<UL><LI><a href="#[ba]">&gt;&gt;</a>&nbsp;&nbsp;&nbsp;__aeabi_lasr
<LI><a href="#[b4]">&gt;&gt;</a>&nbsp;&nbsp;&nbsp;__aeabi_llsl
<LI><a href="#[bc]">&gt;&gt;</a>&nbsp;&nbsp;&nbsp;_double_round
<LI><a href="#[bb]">&gt;&gt;</a>&nbsp;&nbsp;&nbsp;_double_epilogue
</UL>
<BR>[Called By]<UL><LI><a href="#[bd]">&gt;&gt;</a>&nbsp;&nbsp;&nbsp;__aeabi_dsub
<LI><a href="#[be]">&gt;&gt;</a>&nbsp;&nbsp;&nbsp;__aeabi_drsub
<LI><a href="#[f3]">&gt;&gt;</a>&nbsp;&nbsp;&nbsp;DbgConsole_ConvertFloatRadixNumToString
<LI><a href="#[165]">&gt;&gt;</a>&nbsp;&nbsp;&nbsp;parse_number(cJSON*, const char*)
<LI><a href="#[1a4]">&gt;&gt;</a>&nbsp;&nbsp;&nbsp;_fp_digits
<LI><a href="#[f7]">&gt;&gt;</a>&nbsp;&nbsp;&nbsp;__hardfp_pow
<LI><a href="#[1a1]">&gt;&gt;</a>&nbsp;&nbsp;&nbsp;__kernel_poly
<LI><a href="#[199]">&gt;&gt;</a>&nbsp;&nbsp;&nbsp;__mathlib_dbl_infnan2
</UL>

<P><STRONG><a name="[bd]"></a>__aeabi_dsub</STRONG> (Thumb, 6 bytes, Stack size 0 bytes, dadd.o(.text))
<BR><BR>[Stack]<UL><LI>Max Depth = 88<LI>Call Chain = __aeabi_dsub &rArr; __aeabi_dadd &rArr; _double_epilogue &rArr; _double_round
</UL>
<BR>[Calls]<UL><LI><a href="#[b9]">&gt;&gt;</a>&nbsp;&nbsp;&nbsp;__aeabi_dadd
</UL>
<BR>[Called By]<UL><LI><a href="#[f3]">&gt;&gt;</a>&nbsp;&nbsp;&nbsp;DbgConsole_ConvertFloatRadixNumToString
<LI><a href="#[165]">&gt;&gt;</a>&nbsp;&nbsp;&nbsp;parse_number(cJSON*, const char*)
<LI><a href="#[f7]">&gt;&gt;</a>&nbsp;&nbsp;&nbsp;__hardfp_pow
<LI><a href="#[f5]">&gt;&gt;</a>&nbsp;&nbsp;&nbsp;__hardfp_modf
</UL>

<P><STRONG><a name="[be]"></a>__aeabi_drsub</STRONG> (Thumb, 6 bytes, Stack size 0 bytes, dadd.o(.text))
<BR><BR>[Stack]<UL><LI>Max Depth = 88<LI>Call Chain = __aeabi_drsub &rArr; __aeabi_dadd &rArr; _double_epilogue &rArr; _double_round
</UL>
<BR>[Calls]<UL><LI><a href="#[b9]">&gt;&gt;</a>&nbsp;&nbsp;&nbsp;__aeabi_dadd
</UL>
<BR>[Called By]<UL><LI><a href="#[f3]">&gt;&gt;</a>&nbsp;&nbsp;&nbsp;DbgConsole_ConvertFloatRadixNumToString
<LI><a href="#[f7]">&gt;&gt;</a>&nbsp;&nbsp;&nbsp;__hardfp_pow
</UL>

<P><STRONG><a name="[bf]"></a>__aeabi_dmul</STRONG> (Thumb, 228 bytes, Stack size 48 bytes, dmul.o(.text))
<BR><BR>[Stack]<UL><LI>Max Depth = 88<LI>Call Chain = __aeabi_dmul &rArr; _double_epilogue &rArr; _double_round
</UL>
<BR>[Calls]<UL><LI><a href="#[bb]">&gt;&gt;</a>&nbsp;&nbsp;&nbsp;_double_epilogue
</UL>
<BR>[Called By]<UL><LI><a href="#[f3]">&gt;&gt;</a>&nbsp;&nbsp;&nbsp;DbgConsole_ConvertFloatRadixNumToString
<LI><a href="#[165]">&gt;&gt;</a>&nbsp;&nbsp;&nbsp;parse_number(cJSON*, const char*)
<LI><a href="#[1a4]">&gt;&gt;</a>&nbsp;&nbsp;&nbsp;_fp_digits
<LI><a href="#[f7]">&gt;&gt;</a>&nbsp;&nbsp;&nbsp;__hardfp_pow
<LI><a href="#[1a1]">&gt;&gt;</a>&nbsp;&nbsp;&nbsp;__kernel_poly
<LI><a href="#[1a0]">&gt;&gt;</a>&nbsp;&nbsp;&nbsp;__mathlib_dbl_underflow
<LI><a href="#[19c]">&gt;&gt;</a>&nbsp;&nbsp;&nbsp;__mathlib_dbl_overflow
</UL>

<P><STRONG><a name="[c0]"></a>__aeabi_ddiv</STRONG> (Thumb, 222 bytes, Stack size 32 bytes, ddiv.o(.text))
<BR><BR>[Stack]<UL><LI>Max Depth = 40<LI>Call Chain = __aeabi_ddiv &rArr; _double_round
</UL>
<BR>[Calls]<UL><LI><a href="#[bc]">&gt;&gt;</a>&nbsp;&nbsp;&nbsp;_double_round
</UL>
<BR>[Called By]<UL><LI><a href="#[f3]">&gt;&gt;</a>&nbsp;&nbsp;&nbsp;DbgConsole_ConvertFloatRadixNumToString
<LI><a href="#[1a4]">&gt;&gt;</a>&nbsp;&nbsp;&nbsp;_fp_digits
<LI><a href="#[f7]">&gt;&gt;</a>&nbsp;&nbsp;&nbsp;__hardfp_pow
<LI><a href="#[19f]">&gt;&gt;</a>&nbsp;&nbsp;&nbsp;__mathlib_dbl_invalid
<LI><a href="#[19b]">&gt;&gt;</a>&nbsp;&nbsp;&nbsp;__mathlib_dbl_divzero
</UL>

<P><STRONG><a name="[c1]"></a>__aeabi_i2d</STRONG> (Thumb, 34 bytes, Stack size 16 bytes, dflti.o(.text))
<BR><BR>[Stack]<UL><LI>Max Depth = 56<LI>Call Chain = __aeabi_i2d &rArr; _double_epilogue &rArr; _double_round
</UL>
<BR>[Calls]<UL><LI><a href="#[bb]">&gt;&gt;</a>&nbsp;&nbsp;&nbsp;_double_epilogue
</UL>
<BR>[Called By]<UL><LI><a href="#[f3]">&gt;&gt;</a>&nbsp;&nbsp;&nbsp;DbgConsole_ConvertFloatRadixNumToString
<LI><a href="#[165]">&gt;&gt;</a>&nbsp;&nbsp;&nbsp;parse_number(cJSON*, const char*)
<LI><a href="#[f7]">&gt;&gt;</a>&nbsp;&nbsp;&nbsp;__hardfp_pow
</UL>

<P><STRONG><a name="[c2]"></a>__aeabi_ui2d</STRONG> (Thumb, 26 bytes, Stack size 16 bytes, dfltui.o(.text))
<BR><BR>[Stack]<UL><LI>Max Depth = 56<LI>Call Chain = __aeabi_ui2d &rArr; _double_epilogue &rArr; _double_round
</UL>
<BR>[Calls]<UL><LI><a href="#[bb]">&gt;&gt;</a>&nbsp;&nbsp;&nbsp;_double_epilogue
</UL>
<BR>[Called By]<UL><LI><a href="#[f3]">&gt;&gt;</a>&nbsp;&nbsp;&nbsp;DbgConsole_ConvertFloatRadixNumToString
</UL>

<P><STRONG><a name="[c3]"></a>__aeabi_l2d</STRONG> (Thumb, 40 bytes, Stack size 24 bytes, dfltl.o(.text))
<BR><BR>[Stack]<UL><LI>Max Depth = 64<LI>Call Chain = __aeabi_l2d &rArr; _double_epilogue &rArr; _double_round
</UL>
<BR>[Calls]<UL><LI><a href="#[bb]">&gt;&gt;</a>&nbsp;&nbsp;&nbsp;_double_epilogue
</UL>
<BR>[Called By]<UL><LI><a href="#[f3]">&gt;&gt;</a>&nbsp;&nbsp;&nbsp;DbgConsole_ConvertFloatRadixNumToString
</UL>

<P><STRONG><a name="[c4]"></a>__aeabi_d2iz</STRONG> (Thumb, 62 bytes, Stack size 16 bytes, dfixi.o(.text))
<BR><BR>[Stack]<UL><LI>Max Depth = 16<LI>Call Chain = __aeabi_d2iz
</UL>
<BR>[Calls]<UL><LI><a href="#[b3]">&gt;&gt;</a>&nbsp;&nbsp;&nbsp;__aeabi_llsr
</UL>
<BR>[Called By]<UL><LI><a href="#[f3]">&gt;&gt;</a>&nbsp;&nbsp;&nbsp;DbgConsole_ConvertFloatRadixNumToString
<LI><a href="#[165]">&gt;&gt;</a>&nbsp;&nbsp;&nbsp;parse_number(cJSON*, const char*)
</UL>

<P><STRONG><a name="[c5]"></a>__aeabi_d2lz</STRONG> (Thumb, 74 bytes, Stack size 16 bytes, dfixl.o(.text))
<BR><BR>[Stack]<UL><LI>Max Depth = 16<LI>Call Chain = __aeabi_d2lz
</UL>
<BR>[Calls]<UL><LI><a href="#[b3]">&gt;&gt;</a>&nbsp;&nbsp;&nbsp;__aeabi_llsr
<LI><a href="#[b4]">&gt;&gt;</a>&nbsp;&nbsp;&nbsp;__aeabi_llsl
</UL>
<BR>[Called By]<UL><LI><a href="#[f3]">&gt;&gt;</a>&nbsp;&nbsp;&nbsp;DbgConsole_ConvertFloatRadixNumToString
</UL>

<P><STRONG><a name="[f4]"></a>__aeabi_cdcmpeq</STRONG> (Thumb, 0 bytes, Stack size 0 bytes, cdcmple.o(.text))
<BR><BR>[Called By]<UL><LI><a href="#[f3]">&gt;&gt;</a>&nbsp;&nbsp;&nbsp;DbgConsole_ConvertFloatRadixNumToString
</UL>

<P><STRONG><a name="[f8]"></a>__aeabi_cdcmple</STRONG> (Thumb, 48 bytes, Stack size 0 bytes, cdcmple.o(.text))
<BR><BR>[Called By]<UL><LI><a href="#[fd]">&gt;&gt;</a>&nbsp;&nbsp;&nbsp;DbgConsole_PrintfFormattedData
<LI><a href="#[f3]">&gt;&gt;</a>&nbsp;&nbsp;&nbsp;DbgConsole_ConvertFloatRadixNumToString
</UL>

<P><STRONG><a name="[f6]"></a>__aeabi_cdrcmple</STRONG> (Thumb, 48 bytes, Stack size 0 bytes, cdrcmple.o(.text))
<BR><BR>[Called By]<UL><LI><a href="#[f3]">&gt;&gt;</a>&nbsp;&nbsp;&nbsp;DbgConsole_ConvertFloatRadixNumToString
<LI><a href="#[1a4]">&gt;&gt;</a>&nbsp;&nbsp;&nbsp;_fp_digits
<LI><a href="#[f7]">&gt;&gt;</a>&nbsp;&nbsp;&nbsp;__hardfp_pow
</UL>

<P><STRONG><a name="[2ea]"></a>__aeabi_uidiv</STRONG> (Thumb, 0 bytes, Stack size 12 bytes, uidiv.o(.text), UNUSED)

<P><STRONG><a name="[1a7]"></a>__aeabi_uidivmod</STRONG> (Thumb, 44 bytes, Stack size 12 bytes, uidiv.o(.text), UNUSED)
<BR><BR>[Called By]<UL><LI><a href="#[197]">&gt;&gt;</a>&nbsp;&nbsp;&nbsp;_printf_core
</UL>

<P><STRONG><a name="[b4]"></a>__aeabi_llsl</STRONG> (Thumb, 30 bytes, Stack size 0 bytes, llshl.o(.text))
<BR><BR>[Called By]<UL><LI><a href="#[b9]">&gt;&gt;</a>&nbsp;&nbsp;&nbsp;__aeabi_dadd
<LI><a href="#[c5]">&gt;&gt;</a>&nbsp;&nbsp;&nbsp;__aeabi_d2lz
<LI><a href="#[c6]">&gt;&gt;</a>&nbsp;&nbsp;&nbsp;__aeabi_d2ulz
<LI><a href="#[b2]">&gt;&gt;</a>&nbsp;&nbsp;&nbsp;__aeabi_uldivmod
<LI><a href="#[bb]">&gt;&gt;</a>&nbsp;&nbsp;&nbsp;_double_epilogue
</UL>

<P><STRONG><a name="[2eb]"></a>_ll_shift_l</STRONG> (Thumb, 0 bytes, Stack size 0 bytes, llshl.o(.text), UNUSED)

<P><STRONG><a name="[b3]"></a>__aeabi_llsr</STRONG> (Thumb, 32 bytes, Stack size 0 bytes, llushr.o(.text))
<BR><BR>[Called By]<UL><LI><a href="#[c5]">&gt;&gt;</a>&nbsp;&nbsp;&nbsp;__aeabi_d2lz
<LI><a href="#[c4]">&gt;&gt;</a>&nbsp;&nbsp;&nbsp;__aeabi_d2iz
<LI><a href="#[c6]">&gt;&gt;</a>&nbsp;&nbsp;&nbsp;__aeabi_d2ulz
<LI><a href="#[b2]">&gt;&gt;</a>&nbsp;&nbsp;&nbsp;__aeabi_uldivmod
<LI><a href="#[c8]">&gt;&gt;</a>&nbsp;&nbsp;&nbsp;_dsqrt
<LI><a href="#[bb]">&gt;&gt;</a>&nbsp;&nbsp;&nbsp;_double_epilogue
</UL>

<P><STRONG><a name="[2ec]"></a>_ll_ushift_r</STRONG> (Thumb, 0 bytes, Stack size 0 bytes, llushr.o(.text), UNUSED)

<P><STRONG><a name="[ba]"></a>__aeabi_lasr</STRONG> (Thumb, 36 bytes, Stack size 0 bytes, llsshr.o(.text))
<BR><BR>[Called By]<UL><LI><a href="#[b9]">&gt;&gt;</a>&nbsp;&nbsp;&nbsp;__aeabi_dadd
</UL>

<P><STRONG><a name="[2ed]"></a>_ll_sshift_r</STRONG> (Thumb, 0 bytes, Stack size 0 bytes, llsshr.o(.text), UNUSED)

<P><STRONG><a name="[2ee]"></a>__I$use$fp</STRONG> (Thumb, 0 bytes, Stack size 8 bytes, iusefp.o(.text), UNUSED)

<P><STRONG><a name="[bc]"></a>_double_round</STRONG> (Thumb, 30 bytes, Stack size 8 bytes, depilogue.o(.text))
<BR><BR>[Stack]<UL><LI>Max Depth = 8<LI>Call Chain = _double_round
</UL>
<BR>[Called By]<UL><LI><a href="#[c0]">&gt;&gt;</a>&nbsp;&nbsp;&nbsp;__aeabi_ddiv
<LI><a href="#[b9]">&gt;&gt;</a>&nbsp;&nbsp;&nbsp;__aeabi_dadd
<LI><a href="#[c8]">&gt;&gt;</a>&nbsp;&nbsp;&nbsp;_dsqrt
<LI><a href="#[bb]">&gt;&gt;</a>&nbsp;&nbsp;&nbsp;_double_epilogue
</UL>

<P><STRONG><a name="[bb]"></a>_double_epilogue</STRONG> (Thumb, 156 bytes, Stack size 32 bytes, depilogue.o(.text))
<BR><BR>[Stack]<UL><LI>Max Depth = 40<LI>Call Chain = _double_epilogue &rArr; _double_round
</UL>
<BR>[Calls]<UL><LI><a href="#[b3]">&gt;&gt;</a>&nbsp;&nbsp;&nbsp;__aeabi_llsr
<LI><a href="#[b4]">&gt;&gt;</a>&nbsp;&nbsp;&nbsp;__aeabi_llsl
<LI><a href="#[bc]">&gt;&gt;</a>&nbsp;&nbsp;&nbsp;_double_round
</UL>
<BR>[Called By]<UL><LI><a href="#[c2]">&gt;&gt;</a>&nbsp;&nbsp;&nbsp;__aeabi_ui2d
<LI><a href="#[c3]">&gt;&gt;</a>&nbsp;&nbsp;&nbsp;__aeabi_l2d
<LI><a href="#[c1]">&gt;&gt;</a>&nbsp;&nbsp;&nbsp;__aeabi_i2d
<LI><a href="#[bf]">&gt;&gt;</a>&nbsp;&nbsp;&nbsp;__aeabi_dmul
<LI><a href="#[b9]">&gt;&gt;</a>&nbsp;&nbsp;&nbsp;__aeabi_dadd
</UL>

<P><STRONG><a name="[1a2]"></a>__ARM_scalbn</STRONG> (Thumb, 46 bytes, Stack size 16 bytes, dscalb.o(.text))
<BR><BR>[Stack]<UL><LI>Max Depth = 16<LI>Call Chain = __ARM_scalbn
</UL>
<BR>[Called By]<UL><LI><a href="#[f7]">&gt;&gt;</a>&nbsp;&nbsp;&nbsp;__hardfp_pow
</UL>

<P><STRONG><a name="[2ef]"></a>scalbn</STRONG> (Thumb, 0 bytes, Stack size 16 bytes, dscalb.o(.text), UNUSED)

<P><STRONG><a name="[c6]"></a>__aeabi_d2ulz</STRONG> (Thumb, 48 bytes, Stack size 0 bytes, dfixul.o(.text), UNUSED)
<BR><BR>[Calls]<UL><LI><a href="#[b3]">&gt;&gt;</a>&nbsp;&nbsp;&nbsp;__aeabi_llsr
<LI><a href="#[b4]">&gt;&gt;</a>&nbsp;&nbsp;&nbsp;__aeabi_llsl
</UL>
<BR>[Called By]<UL><LI><a href="#[1a4]">&gt;&gt;</a>&nbsp;&nbsp;&nbsp;_fp_digits
</UL>

<P><STRONG><a name="[b0]"></a>__scatterload</STRONG> (Thumb, 28 bytes, Stack size 0 bytes, init.o(.text))
<BR><BR>[Calls]<UL><LI><a href="#[c7]">&gt;&gt;</a>&nbsp;&nbsp;&nbsp;__main_after_scatterload
</UL>
<BR>[Called By]<UL><LI><a href="#[af]">&gt;&gt;</a>&nbsp;&nbsp;&nbsp;_main_scatterload
</UL>

<P><STRONG><a name="[2f0]"></a>__scatterload_rt2</STRONG> (Thumb, 0 bytes, Stack size 0 bytes, init.o(.text), UNUSED)

<P><STRONG><a name="[c8]"></a>_dsqrt</STRONG> (Thumb, 162 bytes, Stack size 32 bytes, dsqrt.o(.text))
<BR><BR>[Stack]<UL><LI>Max Depth = 40<LI>Call Chain = _dsqrt &rArr; _double_round
</UL>
<BR>[Calls]<UL><LI><a href="#[b3]">&gt;&gt;</a>&nbsp;&nbsp;&nbsp;__aeabi_llsr
<LI><a href="#[bc]">&gt;&gt;</a>&nbsp;&nbsp;&nbsp;_double_round
</UL>
<BR>[Called By]<UL><LI><a href="#[19d]">&gt;&gt;</a>&nbsp;&nbsp;&nbsp;sqrt
</UL>

<P><STRONG><a name="[2f1]"></a>__decompress</STRONG> (Thumb, 0 bytes, Stack size unknown bytes, __dczerorl2.o(.text), UNUSED)

<P><STRONG><a name="[2f2]"></a>__decompress1</STRONG> (Thumb, 86 bytes, Stack size unknown bytes, __dczerorl2.o(.text), UNUSED)

<P><STRONG><a name="[23]"></a>ADC0_SEQA_IRQHandler</STRONG> (Thumb, 48 bytes, Stack size 8 bytes, adc_api.o(i.ADC0_SEQA_IRQHandler))
<BR><BR>[Stack]<UL><LI>Max Depth = 672<LI>Call Chain = ADC0_SEQA_IRQHandler &rArr; ADC_GetChannelConversionResult &rArr; __aeabi_assert &rArr; DbgConsole_Printf &rArr; DbgConsole_PrintfFormattedData &rArr; DbgConsole_ConvertFloatRadixNumToString &rArr; __hardfp_pow &rArr; __kernel_poly &rArr; __aeabi_dmul &rArr; _double_epilogue &rArr; _double_round
</UL>
<BR>[Calls]<UL><LI><a href="#[c9]">&gt;&gt;</a>&nbsp;&nbsp;&nbsp;ADC_GetChannelConversionResult
</UL>
<BR>[Address Reference Count : 1]<UL><LI> startup_lpc54608.o(RESET)
</UL>
<P><STRONG><a name="[c9]"></a>ADC_GetChannelConversionResult</STRONG> (Thumb, 98 bytes, Stack size 24 bytes, fsl_adc.o(i.ADC_GetChannelConversionResult))
<BR><BR>[Stack]<UL><LI>Max Depth = 664<LI>Call Chain = ADC_GetChannelConversionResult &rArr; __aeabi_assert &rArr; DbgConsole_Printf &rArr; DbgConsole_PrintfFormattedData &rArr; DbgConsole_ConvertFloatRadixNumToString &rArr; __hardfp_pow &rArr; __kernel_poly &rArr; __aeabi_dmul &rArr; _double_epilogue &rArr; _double_round
</UL>
<BR>[Calls]<UL><LI><a href="#[ca]">&gt;&gt;</a>&nbsp;&nbsp;&nbsp;__aeabi_assert
</UL>
<BR>[Called By]<UL><LI><a href="#[23]">&gt;&gt;</a>&nbsp;&nbsp;&nbsp;ADC0_SEQA_IRQHandler
</UL>

<P><STRONG><a name="[cb]"></a>BOARD_BootClockFROHF48M</STRONG> (Thumb, 56 bytes, Stack size 8 bytes, clock_config.o(i.BOARD_BootClockFROHF48M))
<BR><BR>[Stack]<UL><LI>Max Depth = 28<LI>Call Chain = BOARD_BootClockFROHF48M &rArr; CLOCK_AttachClk
</UL>
<BR>[Calls]<UL><LI><a href="#[ce]">&gt;&gt;</a>&nbsp;&nbsp;&nbsp;POWER_SetVoltageForFreq
<LI><a href="#[d0]">&gt;&gt;</a>&nbsp;&nbsp;&nbsp;CLOCK_SetupFROClocking
<LI><a href="#[cf]">&gt;&gt;</a>&nbsp;&nbsp;&nbsp;CLOCK_SetFLASHAccessCyclesForFreq
<LI><a href="#[d1]">&gt;&gt;</a>&nbsp;&nbsp;&nbsp;CLOCK_SetClkDiv
<LI><a href="#[cd]">&gt;&gt;</a>&nbsp;&nbsp;&nbsp;CLOCK_AttachClk
<LI><a href="#[cc]">&gt;&gt;</a>&nbsp;&nbsp;&nbsp;POWER_DisablePD
</UL>
<BR>[Called By]<UL><LI><a href="#[46]">&gt;&gt;</a>&nbsp;&nbsp;&nbsp;main
</UL>

<P><STRONG><a name="[d2]"></a>BOARD_InitDebugConsole</STRONG> (Thumb, 50 bytes, Stack size 16 bytes, board.o(i.BOARD_InitDebugConsole))
<BR><BR>[Stack]<UL><LI>Max Depth = 760<LI>Call Chain = BOARD_InitDebugConsole &rArr; DbgConsole_Init &rArr; USART_Init &rArr; USART_SetBaudRate &rArr; __aeabi_assert &rArr; DbgConsole_Printf &rArr; DbgConsole_PrintfFormattedData &rArr; DbgConsole_ConvertFloatRadixNumToString &rArr; __hardfp_pow &rArr; __kernel_poly &rArr; __aeabi_dmul &rArr; _double_epilogue &rArr; _double_round
</UL>
<BR>[Calls]<UL><LI><a href="#[d3]">&gt;&gt;</a>&nbsp;&nbsp;&nbsp;RESET_PeripheralReset
<LI><a href="#[d5]">&gt;&gt;</a>&nbsp;&nbsp;&nbsp;DbgConsole_Init
<LI><a href="#[d4]">&gt;&gt;</a>&nbsp;&nbsp;&nbsp;CLOCK_GetFreq
<LI><a href="#[ca]">&gt;&gt;</a>&nbsp;&nbsp;&nbsp;__aeabi_assert
</UL>
<BR>[Called By]<UL><LI><a href="#[46]">&gt;&gt;</a>&nbsp;&nbsp;&nbsp;main
</UL>

<P><STRONG><a name="[d6]"></a>BOARD_InitPins</STRONG> (Thumb, 580 bytes, Stack size 152 bytes, pin_mux.o(i.BOARD_InitPins))
<BR><BR>[Stack]<UL><LI>Max Depth = 160<LI>Call Chain = BOARD_InitPins &rArr; IOCON_PinMuxSet
</UL>
<BR>[Calls]<UL><LI><a href="#[d7]">&gt;&gt;</a>&nbsp;&nbsp;&nbsp;IOCON_PinMuxSet
</UL>
<BR>[Called By]<UL><LI><a href="#[46]">&gt;&gt;</a>&nbsp;&nbsp;&nbsp;main
</UL>

<P><STRONG><a name="[cd]"></a>CLOCK_AttachClk</STRONG> (Thumb, 66 bytes, Stack size 20 bytes, fsl_clock.o(i.CLOCK_AttachClk))
<BR><BR>[Stack]<UL><LI>Max Depth = 20<LI>Call Chain = CLOCK_AttachClk
</UL>
<BR>[Called By]<UL><LI><a href="#[cb]">&gt;&gt;</a>&nbsp;&nbsp;&nbsp;BOARD_BootClockFROHF48M
<LI><a href="#[46]">&gt;&gt;</a>&nbsp;&nbsp;&nbsp;main
</UL>

<P><STRONG><a name="[d8]"></a>CLOCK_GetAdcClkFreq</STRONG> (Thumb, 72 bytes, Stack size 4 bytes, fsl_clock.o(i.CLOCK_GetAdcClkFreq))
<BR><BR>[Stack]<UL><LI>Max Depth = 4<LI>Call Chain = CLOCK_GetAdcClkFreq
</UL>
<BR>[Calls]<UL><LI><a href="#[db]">&gt;&gt;</a>&nbsp;&nbsp;&nbsp;CLOCK_GetUsbPllOutFreq
<LI><a href="#[da]">&gt;&gt;</a>&nbsp;&nbsp;&nbsp;CLOCK_GetPllOutFreq
<LI><a href="#[d9]">&gt;&gt;</a>&nbsp;&nbsp;&nbsp;CLOCK_GetFroHfFreq
<LI><a href="#[dc]">&gt;&gt;</a>&nbsp;&nbsp;&nbsp;CLOCK_GetAudioPllOutFreq
</UL>
<BR>[Called By]<UL><LI><a href="#[d4]">&gt;&gt;</a>&nbsp;&nbsp;&nbsp;CLOCK_GetFreq
</UL>

<P><STRONG><a name="[dd]"></a>CLOCK_GetAsyncApbClkFreq</STRONG> (Thumb, 40 bytes, Stack size 8 bytes, fsl_clock.o(i.CLOCK_GetAsyncApbClkFreq))
<BR><BR>[Stack]<UL><LI>Max Depth = 12<LI>Call Chain = CLOCK_GetAsyncApbClkFreq &rArr; CLOCK_GetCoreSysClkFreq
</UL>
<BR>[Calls]<UL><LI><a href="#[de]">&gt;&gt;</a>&nbsp;&nbsp;&nbsp;CLOCK_GetCoreSysClkFreq
</UL>
<BR>[Called By]<UL><LI><a href="#[d4]">&gt;&gt;</a>&nbsp;&nbsp;&nbsp;CLOCK_GetFreq
</UL>

<P><STRONG><a name="[dc]"></a>CLOCK_GetAudioPllOutFreq</STRONG> (Thumb, 6 bytes, Stack size 0 bytes, fsl_clock.o(i.CLOCK_GetAudioPllOutFreq))
<BR><BR>[Called By]<UL><LI><a href="#[e6]">&gt;&gt;</a>&nbsp;&nbsp;&nbsp;CLOCK_GetSpifiClkFreq
<LI><a href="#[eb]">&gt;&gt;</a>&nbsp;&nbsp;&nbsp;CLOCK_GetSdioClkFreq
<LI><a href="#[ea]">&gt;&gt;</a>&nbsp;&nbsp;&nbsp;CLOCK_GetSctClkFreq
<LI><a href="#[e9]">&gt;&gt;</a>&nbsp;&nbsp;&nbsp;CLOCK_GetMclkClkFreq
<LI><a href="#[df]">&gt;&gt;</a>&nbsp;&nbsp;&nbsp;CLOCK_GetClockOutClkFreq
<LI><a href="#[d8]">&gt;&gt;</a>&nbsp;&nbsp;&nbsp;CLOCK_GetAdcClkFreq
</UL>

<P><STRONG><a name="[df]"></a>CLOCK_GetClockOutClkFreq</STRONG> (Thumb, 116 bytes, Stack size 4 bytes, fsl_clock.o(i.CLOCK_GetClockOutClkFreq))
<BR><BR>[Stack]<UL><LI>Max Depth = 8<LI>Call Chain = CLOCK_GetClockOutClkFreq &rArr; CLOCK_GetCoreSysClkFreq
</UL>
<BR>[Calls]<UL><LI><a href="#[e1]">&gt;&gt;</a>&nbsp;&nbsp;&nbsp;CLOCK_GetWdtOscFreq
<LI><a href="#[db]">&gt;&gt;</a>&nbsp;&nbsp;&nbsp;CLOCK_GetUsbPllOutFreq
<LI><a href="#[da]">&gt;&gt;</a>&nbsp;&nbsp;&nbsp;CLOCK_GetPllOutFreq
<LI><a href="#[e2]">&gt;&gt;</a>&nbsp;&nbsp;&nbsp;CLOCK_GetOsc32KFreq
<LI><a href="#[d9]">&gt;&gt;</a>&nbsp;&nbsp;&nbsp;CLOCK_GetFroHfFreq
<LI><a href="#[e0]">&gt;&gt;</a>&nbsp;&nbsp;&nbsp;CLOCK_GetExtClkFreq
<LI><a href="#[de]">&gt;&gt;</a>&nbsp;&nbsp;&nbsp;CLOCK_GetCoreSysClkFreq
<LI><a href="#[dc]">&gt;&gt;</a>&nbsp;&nbsp;&nbsp;CLOCK_GetAudioPllOutFreq
</UL>
<BR>[Called By]<UL><LI><a href="#[d4]">&gt;&gt;</a>&nbsp;&nbsp;&nbsp;CLOCK_GetFreq
</UL>

<P><STRONG><a name="[de]"></a>CLOCK_GetCoreSysClkFreq</STRONG> (Thumb, 120 bytes, Stack size 4 bytes, fsl_clock.o(i.CLOCK_GetCoreSysClkFreq))
<BR><BR>[Stack]<UL><LI>Max Depth = 4<LI>Call Chain = CLOCK_GetCoreSysClkFreq
</UL>
<BR>[Calls]<UL><LI><a href="#[e1]">&gt;&gt;</a>&nbsp;&nbsp;&nbsp;CLOCK_GetWdtOscFreq
<LI><a href="#[da]">&gt;&gt;</a>&nbsp;&nbsp;&nbsp;CLOCK_GetPllOutFreq
<LI><a href="#[e2]">&gt;&gt;</a>&nbsp;&nbsp;&nbsp;CLOCK_GetOsc32KFreq
<LI><a href="#[d9]">&gt;&gt;</a>&nbsp;&nbsp;&nbsp;CLOCK_GetFroHfFreq
<LI><a href="#[e3]">&gt;&gt;</a>&nbsp;&nbsp;&nbsp;CLOCK_GetFro12MFreq
<LI><a href="#[e0]">&gt;&gt;</a>&nbsp;&nbsp;&nbsp;CLOCK_GetExtClkFreq
</UL>
<BR>[Called By]<UL><LI><a href="#[d4]">&gt;&gt;</a>&nbsp;&nbsp;&nbsp;CLOCK_GetFreq
<LI><a href="#[e8]">&gt;&gt;</a>&nbsp;&nbsp;&nbsp;CLOCK_GetUsb1ClkFreq
<LI><a href="#[e6]">&gt;&gt;</a>&nbsp;&nbsp;&nbsp;CLOCK_GetSpifiClkFreq
<LI><a href="#[eb]">&gt;&gt;</a>&nbsp;&nbsp;&nbsp;CLOCK_GetSdioClkFreq
<LI><a href="#[ea]">&gt;&gt;</a>&nbsp;&nbsp;&nbsp;CLOCK_GetSctClkFreq
<LI><a href="#[ec]">&gt;&gt;</a>&nbsp;&nbsp;&nbsp;CLOCK_GetLcdClkFreq
<LI><a href="#[df]">&gt;&gt;</a>&nbsp;&nbsp;&nbsp;CLOCK_GetClockOutClkFreq
<LI><a href="#[dd]">&gt;&gt;</a>&nbsp;&nbsp;&nbsp;CLOCK_GetAsyncApbClkFreq
</UL>

<P><STRONG><a name="[e0]"></a>CLOCK_GetExtClkFreq</STRONG> (Thumb, 4 bytes, Stack size 0 bytes, fsl_clock.o(i.CLOCK_GetExtClkFreq))
<BR><BR>[Called By]<UL><LI><a href="#[d4]">&gt;&gt;</a>&nbsp;&nbsp;&nbsp;CLOCK_GetFreq
<LI><a href="#[de]">&gt;&gt;</a>&nbsp;&nbsp;&nbsp;CLOCK_GetCoreSysClkFreq
<LI><a href="#[df]">&gt;&gt;</a>&nbsp;&nbsp;&nbsp;CLOCK_GetClockOutClkFreq
</UL>

<P><STRONG><a name="[e4]"></a>CLOCK_GetFlexCommClkFreq</STRONG> (Thumb, 88 bytes, Stack size 8 bytes, fsl_clock.o(i.CLOCK_GetFlexCommClkFreq))
<BR><BR>[Stack]<UL><LI>Max Depth = 8 + In Cycle
<LI>Call Chain = CLOCK_GetFlexCommClkFreq &rArr;  CLOCK_GetFreq (Cycle)
</UL>
<BR>[Calls]<UL><LI><a href="#[d4]">&gt;&gt;</a>&nbsp;&nbsp;&nbsp;CLOCK_GetFreq
<LI><a href="#[da]">&gt;&gt;</a>&nbsp;&nbsp;&nbsp;CLOCK_GetPllOutFreq
<LI><a href="#[e5]">&gt;&gt;</a>&nbsp;&nbsp;&nbsp;CLOCK_GetI2SMClkFreq
<LI><a href="#[d9]">&gt;&gt;</a>&nbsp;&nbsp;&nbsp;CLOCK_GetFroHfFreq
<LI><a href="#[e3]">&gt;&gt;</a>&nbsp;&nbsp;&nbsp;CLOCK_GetFro12MFreq
</UL>
<BR>[Called By]<UL><LI><a href="#[d4]">&gt;&gt;</a>&nbsp;&nbsp;&nbsp;CLOCK_GetFreq
</UL>

<P><STRONG><a name="[d4]"></a>CLOCK_GetFreq</STRONG> (Thumb, 708 bytes, Stack size 16 bytes, fsl_clock.o(i.CLOCK_GetFreq))
<BR><BR>[Stack]<UL><LI>Max Depth = 28<LI>Call Chain = CLOCK_GetFreq &rArr; CLOCK_GetAsyncApbClkFreq &rArr; CLOCK_GetCoreSysClkFreq
</UL>
<BR>[Calls]<UL><LI><a href="#[e1]">&gt;&gt;</a>&nbsp;&nbsp;&nbsp;CLOCK_GetWdtOscFreq
<LI><a href="#[e8]">&gt;&gt;</a>&nbsp;&nbsp;&nbsp;CLOCK_GetUsb1ClkFreq
<LI><a href="#[e7]">&gt;&gt;</a>&nbsp;&nbsp;&nbsp;CLOCK_GetUsb0ClkFreq
<LI><a href="#[e6]">&gt;&gt;</a>&nbsp;&nbsp;&nbsp;CLOCK_GetSpifiClkFreq
<LI><a href="#[eb]">&gt;&gt;</a>&nbsp;&nbsp;&nbsp;CLOCK_GetSdioClkFreq
<LI><a href="#[ea]">&gt;&gt;</a>&nbsp;&nbsp;&nbsp;CLOCK_GetSctClkFreq
<LI><a href="#[da]">&gt;&gt;</a>&nbsp;&nbsp;&nbsp;CLOCK_GetPllOutFreq
<LI><a href="#[e9]">&gt;&gt;</a>&nbsp;&nbsp;&nbsp;CLOCK_GetMclkClkFreq
<LI><a href="#[ec]">&gt;&gt;</a>&nbsp;&nbsp;&nbsp;CLOCK_GetLcdClkFreq
<LI><a href="#[e5]">&gt;&gt;</a>&nbsp;&nbsp;&nbsp;CLOCK_GetI2SMClkFreq
<LI><a href="#[d9]">&gt;&gt;</a>&nbsp;&nbsp;&nbsp;CLOCK_GetFroHfFreq
<LI><a href="#[e3]">&gt;&gt;</a>&nbsp;&nbsp;&nbsp;CLOCK_GetFro12MFreq
<LI><a href="#[e4]">&gt;&gt;</a>&nbsp;&nbsp;&nbsp;CLOCK_GetFlexCommClkFreq
<LI><a href="#[e0]">&gt;&gt;</a>&nbsp;&nbsp;&nbsp;CLOCK_GetExtClkFreq
<LI><a href="#[de]">&gt;&gt;</a>&nbsp;&nbsp;&nbsp;CLOCK_GetCoreSysClkFreq
<LI><a href="#[df]">&gt;&gt;</a>&nbsp;&nbsp;&nbsp;CLOCK_GetClockOutClkFreq
<LI><a href="#[dd]">&gt;&gt;</a>&nbsp;&nbsp;&nbsp;CLOCK_GetAsyncApbClkFreq
<LI><a href="#[d8]">&gt;&gt;</a>&nbsp;&nbsp;&nbsp;CLOCK_GetAdcClkFreq
</UL>
<BR>[Called By]<UL><LI><a href="#[d2]">&gt;&gt;</a>&nbsp;&nbsp;&nbsp;BOARD_InitDebugConsole
<LI><a href="#[11c]">&gt;&gt;</a>&nbsp;&nbsp;&nbsp;ENET_SetSMI
<LI><a href="#[116]">&gt;&gt;</a>&nbsp;&nbsp;&nbsp;ENET_SetMacControl
<LI><a href="#[e4]">&gt;&gt;</a>&nbsp;&nbsp;&nbsp;CLOCK_GetFlexCommClkFreq
<LI><a href="#[1e3]">&gt;&gt;</a>&nbsp;&nbsp;&nbsp;enet_init
<LI><a href="#[1dd]">&gt;&gt;</a>&nbsp;&nbsp;&nbsp;eeprom_init
<LI><a href="#[240]">&gt;&gt;</a>&nbsp;&nbsp;&nbsp;usart_interrupt_init
</UL>

<P><STRONG><a name="[e3]"></a>CLOCK_GetFro12MFreq</STRONG> (Thumb, 18 bytes, Stack size 0 bytes, fsl_clock.o(i.CLOCK_GetFro12MFreq))
<BR><BR>[Called By]<UL><LI><a href="#[d4]">&gt;&gt;</a>&nbsp;&nbsp;&nbsp;CLOCK_GetFreq
<LI><a href="#[e4]">&gt;&gt;</a>&nbsp;&nbsp;&nbsp;CLOCK_GetFlexCommClkFreq
<LI><a href="#[de]">&gt;&gt;</a>&nbsp;&nbsp;&nbsp;CLOCK_GetCoreSysClkFreq
</UL>

<P><STRONG><a name="[d9]"></a>CLOCK_GetFroHfFreq</STRONG> (Thumb, 46 bytes, Stack size 0 bytes, fsl_clock.o(i.CLOCK_GetFroHfFreq))
<BR><BR>[Called By]<UL><LI><a href="#[d4]">&gt;&gt;</a>&nbsp;&nbsp;&nbsp;CLOCK_GetFreq
<LI><a href="#[e7]">&gt;&gt;</a>&nbsp;&nbsp;&nbsp;CLOCK_GetUsb0ClkFreq
<LI><a href="#[e6]">&gt;&gt;</a>&nbsp;&nbsp;&nbsp;CLOCK_GetSpifiClkFreq
<LI><a href="#[eb]">&gt;&gt;</a>&nbsp;&nbsp;&nbsp;CLOCK_GetSdioClkFreq
<LI><a href="#[ea]">&gt;&gt;</a>&nbsp;&nbsp;&nbsp;CLOCK_GetSctClkFreq
<LI><a href="#[e9]">&gt;&gt;</a>&nbsp;&nbsp;&nbsp;CLOCK_GetMclkClkFreq
<LI><a href="#[ec]">&gt;&gt;</a>&nbsp;&nbsp;&nbsp;CLOCK_GetLcdClkFreq
<LI><a href="#[e4]">&gt;&gt;</a>&nbsp;&nbsp;&nbsp;CLOCK_GetFlexCommClkFreq
<LI><a href="#[de]">&gt;&gt;</a>&nbsp;&nbsp;&nbsp;CLOCK_GetCoreSysClkFreq
<LI><a href="#[df]">&gt;&gt;</a>&nbsp;&nbsp;&nbsp;CLOCK_GetClockOutClkFreq
[...]
<LI><a href="#[1f2]">&gt;&gt;</a>&nbsp;&nbsp;&nbsp;etharp_output_to_arp_index
</UL>

<P><STRONG><a name="[1ee]"></a>etharp_update_arp_entry</STRONG> (Thumb, 212 bytes, Stack size 32 bytes, etharp.o(i.etharp_update_arp_entry))
<BR><BR>[Stack]<UL><LI>Max Depth = 800<LI>Call Chain = etharp_update_arp_entry &rArr; etharp_find_entry &rArr; etharp_free_entry &rArr; pbuf_free &rArr; memp_free &rArr; do_memp_free_pool &rArr; sys_assert &rArr; DbgConsole_Printf &rArr; DbgConsole_PrintfFormattedData &rArr; DbgConsole_ConvertFloatRadixNumToString &rArr; __hardfp_pow &rArr; __kernel_poly &rArr; __aeabi_dmul &rArr; _double_epilogue &rArr; _double_round
</UL>
<BR>[Calls]<UL><LI><a href="#[1c4]">&gt;&gt;</a>&nbsp;&nbsp;&nbsp;pbuf_free
<LI><a href="#[1ad]">&gt;&gt;</a>&nbsp;&nbsp;&nbsp;sys_assert
<LI><a href="#[1f1]">&gt;&gt;</a>&nbsp;&nbsp;&nbsp;ip4_addr_isbroadcast_u32
<LI><a href="#[1f0]">&gt;&gt;</a>&nbsp;&nbsp;&nbsp;ethernet_output
<LI><a href="#[1eb]">&gt;&gt;</a>&nbsp;&nbsp;&nbsp;etharp_find_entry
</UL>
<BR>[Called By]<UL><LI><a href="#[1ed]">&gt;&gt;</a>&nbsp;&nbsp;&nbsp;etharp_input
</UL>

<P><STRONG><a name="[202]"></a>icmp_send_response</STRONG> (Thumb, 142 bytes, Stack size 48 bytes, icmp.o(i.icmp_send_response))
<BR><BR>[Stack]<UL><LI>Max Depth = 984<LI>Call Chain = icmp_send_response &rArr; ip4_output_if &rArr; ip4_output_if_src &rArr; ip4_frag &rArr; pbuf_alloc &rArr; pbuf_free &rArr; memp_free &rArr; do_memp_free_pool &rArr; sys_assert &rArr; DbgConsole_Printf &rArr; DbgConsole_PrintfFormattedData &rArr; DbgConsole_ConvertFloatRadixNumToString &rArr; __hardfp_pow &rArr; __kernel_poly &rArr; __aeabi_dmul &rArr; _double_epilogue &rArr; _double_round
</UL>
<BR>[Calls]<UL><LI><a href="#[1c4]">&gt;&gt;</a>&nbsp;&nbsp;&nbsp;pbuf_free
<LI><a href="#[1b9]">&gt;&gt;</a>&nbsp;&nbsp;&nbsp;pbuf_alloc
<LI><a href="#[1ad]">&gt;&gt;</a>&nbsp;&nbsp;&nbsp;sys_assert
<LI><a href="#[205]">&gt;&gt;</a>&nbsp;&nbsp;&nbsp;inet_chksum
<LI><a href="#[207]">&gt;&gt;</a>&nbsp;&nbsp;&nbsp;ip4_route
<LI><a href="#[206]">&gt;&gt;</a>&nbsp;&nbsp;&nbsp;ip4_output_if
<LI><a href="#[119]">&gt;&gt;</a>&nbsp;&nbsp;&nbsp;__aeabi_memcpy
</UL>
<BR>[Called By]<UL><LI><a href="#[201]">&gt;&gt;</a>&nbsp;&nbsp;&nbsp;icmp_dest_unreach
<LI><a href="#[208]">&gt;&gt;</a>&nbsp;&nbsp;&nbsp;icmp_time_exceeded
</UL>

<P><STRONG><a name="[20d]"></a>ip_frag_alloc_pbuf_custom_ref</STRONG> (Thumb, 10 bytes, Stack size 8 bytes, ip4_frag.o(i.ip_frag_alloc_pbuf_custom_ref))
<BR><BR>[Stack]<UL><LI>Max Depth = 680<LI>Call Chain = ip_frag_alloc_pbuf_custom_ref &rArr; memp_malloc &rArr; do_memp_malloc_pool &rArr; sys_assert &rArr; DbgConsole_Printf &rArr; DbgConsole_PrintfFormattedData &rArr; DbgConsole_ConvertFloatRadixNumToString &rArr; __hardfp_pow &rArr; __kernel_poly &rArr; __aeabi_dmul &rArr; _double_epilogue &rArr; _double_round
</UL>
<BR>[Calls]<UL><LI><a href="#[21d]">&gt;&gt;</a>&nbsp;&nbsp;&nbsp;memp_malloc
</UL>
<BR>[Called By]<UL><LI><a href="#[20c]">&gt;&gt;</a>&nbsp;&nbsp;&nbsp;ip4_frag
</UL>

<P><STRONG><a name="[20f]"></a>ip_frag_free_pbuf_custom_ref</STRONG> (Thumb, 26 bytes, Stack size 8 bytes, ip4_frag.o(i.ip_frag_free_pbuf_custom_ref))
<BR><BR>[Stack]<UL><LI>Max Depth = 688<LI>Call Chain = ip_frag_free_pbuf_custom_ref &rArr; memp_free &rArr; do_memp_free_pool &rArr; sys_assert &rArr; DbgConsole_Printf &rArr; DbgConsole_PrintfFormattedData &rArr; DbgConsole_ConvertFloatRadixNumToString &rArr; __hardfp_pow &rArr; __kernel_poly &rArr; __aeabi_dmul &rArr; _double_epilogue &rArr; _double_round
</UL>
<BR>[Calls]<UL><LI><a href="#[1ad]">&gt;&gt;</a>&nbsp;&nbsp;&nbsp;sys_assert
<LI><a href="#[21e]">&gt;&gt;</a>&nbsp;&nbsp;&nbsp;memp_free
</UL>
<BR>[Called By]<UL><LI><a href="#[8f]">&gt;&gt;</a>&nbsp;&nbsp;&nbsp;ipfrag_free_pbuf_custom
<LI><a href="#[20c]">&gt;&gt;</a>&nbsp;&nbsp;&nbsp;ip4_frag
</UL>

<P><STRONG><a name="[21a]"></a>ip_reass_chain_frag_into_datagram_and_validate</STRONG> (Thumb, 432 bytes, Stack size 48 bytes, ip4_frag.o(i.ip_reass_chain_frag_into_datagram_and_validate))
<BR><BR>[Stack]<UL><LI>Max Depth = 760<LI>Call Chain = ip_reass_chain_frag_into_datagram_and_validate &rArr; pbuf_free &rArr; memp_free &rArr; do_memp_free_pool &rArr; sys_assert &rArr; DbgConsole_Printf &rArr; DbgConsole_PrintfFormattedData &rArr; DbgConsole_ConvertFloatRadixNumToString &rArr; __hardfp_pow &rArr; __kernel_poly &rArr; __aeabi_dmul &rArr; _double_epilogue &rArr; _double_round
</UL>
<BR>[Calls]<UL><LI><a href="#[1c4]">&gt;&gt;</a>&nbsp;&nbsp;&nbsp;pbuf_free
<LI><a href="#[1ad]">&gt;&gt;</a>&nbsp;&nbsp;&nbsp;sys_assert
<LI><a href="#[1ef]">&gt;&gt;</a>&nbsp;&nbsp;&nbsp;lwip_htons
<LI><a href="#[217]">&gt;&gt;</a>&nbsp;&nbsp;&nbsp;pbuf_clen
</UL>
<BR>[Called By]<UL><LI><a href="#[211]">&gt;&gt;</a>&nbsp;&nbsp;&nbsp;ip4_reass
</UL>

<P><STRONG><a name="[21b]"></a>ip_reass_dequeue_datagram</STRONG> (Thumb, 48 bytes, Stack size 16 bytes, ip4_frag.o(i.ip_reass_dequeue_datagram))
<BR><BR>[Stack]<UL><LI>Max Depth = 696<LI>Call Chain = ip_reass_dequeue_datagram &rArr; memp_free &rArr; do_memp_free_pool &rArr; sys_assert &rArr; DbgConsole_Printf &rArr; DbgConsole_PrintfFormattedData &rArr; DbgConsole_ConvertFloatRadixNumToString &rArr; __hardfp_pow &rArr; __kernel_poly &rArr; __aeabi_dmul &rArr; _double_epilogue &rArr; _double_round
</UL>
<BR>[Calls]<UL><LI><a href="#[1ad]">&gt;&gt;</a>&nbsp;&nbsp;&nbsp;sys_assert
<LI><a href="#[21e]">&gt;&gt;</a>&nbsp;&nbsp;&nbsp;memp_free
</UL>
<BR>[Called By]<UL><LI><a href="#[21f]">&gt;&gt;</a>&nbsp;&nbsp;&nbsp;ip_reass_free_complete_datagram
<LI><a href="#[211]">&gt;&gt;</a>&nbsp;&nbsp;&nbsp;ip4_reass
</UL>

<P><STRONG><a name="[219]"></a>ip_reass_enqueue_new_datagram</STRONG> (Thumb, 84 bytes, Stack size 16 bytes, ip4_frag.o(i.ip_reass_enqueue_new_datagram))
<BR><BR>[Stack]<UL><LI>Max Depth = 1088<LI>Call Chain = ip_reass_enqueue_new_datagram &rArr; ip_reass_remove_oldest_datagram &rArr; ip_reass_free_complete_datagram &rArr; icmp_time_exceeded &rArr; icmp_send_response &rArr; ip4_output_if &rArr; ip4_output_if_src &rArr; ip4_frag &rArr; pbuf_alloc &rArr; pbuf_free &rArr; memp_free &rArr; do_memp_free_pool &rArr; sys_assert &rArr; DbgConsole_Printf &rArr; DbgConsole_PrintfFormattedData &rArr; DbgConsole_ConvertFloatRadixNumToString &rArr; __hardfp_pow &rArr; __kernel_poly &rArr; __aeabi_dmul &rArr; _double_epilogue &rArr; _double_round
</UL>
<BR>[Calls]<UL><LI><a href="#[21d]">&gt;&gt;</a>&nbsp;&nbsp;&nbsp;memp_malloc
<LI><a href="#[218]">&gt;&gt;</a>&nbsp;&nbsp;&nbsp;ip_reass_remove_oldest_datagram
<LI><a href="#[106]">&gt;&gt;</a>&nbsp;&nbsp;&nbsp;__aeabi_memclr4
<LI><a href="#[119]">&gt;&gt;</a>&nbsp;&nbsp;&nbsp;__aeabi_memcpy
</UL>
<BR>[Called By]<UL><LI><a href="#[211]">&gt;&gt;</a>&nbsp;&nbsp;&nbsp;ip4_reass
</UL>

<P><STRONG><a name="[21f]"></a>ip_reass_free_complete_datagram</STRONG> (Thumb, 222 bytes, Stack size 32 bytes, ip4_frag.o(i.ip_reass_free_complete_datagram))
<BR><BR>[Stack]<UL><LI>Max Depth = 1032<LI>Call Chain = ip_reass_free_complete_datagram &rArr; icmp_time_exceeded &rArr; icmp_send_response &rArr; ip4_output_if &rArr; ip4_output_if_src &rArr; ip4_frag &rArr; pbuf_alloc &rArr; pbuf_free &rArr; memp_free &rArr; do_memp_free_pool &rArr; sys_assert &rArr; DbgConsole_Printf &rArr; DbgConsole_PrintfFormattedData &rArr; DbgConsole_ConvertFloatRadixNumToString &rArr; __hardfp_pow &rArr; __kernel_poly &rArr; __aeabi_dmul &rArr; _double_epilogue &rArr; _double_round
</UL>
<BR>[Calls]<UL><LI><a href="#[1c4]">&gt;&gt;</a>&nbsp;&nbsp;&nbsp;pbuf_free
<LI><a href="#[1ad]">&gt;&gt;</a>&nbsp;&nbsp;&nbsp;sys_assert
<LI><a href="#[217]">&gt;&gt;</a>&nbsp;&nbsp;&nbsp;pbuf_clen
<LI><a href="#[21b]">&gt;&gt;</a>&nbsp;&nbsp;&nbsp;ip_reass_dequeue_datagram
<LI><a href="#[208]">&gt;&gt;</a>&nbsp;&nbsp;&nbsp;icmp_time_exceeded
<LI><a href="#[119]">&gt;&gt;</a>&nbsp;&nbsp;&nbsp;__aeabi_memcpy
</UL>
<BR>[Called By]<UL><LI><a href="#[ab]">&gt;&gt;</a>&nbsp;&nbsp;&nbsp;ip_reass_tmr
<LI><a href="#[218]">&gt;&gt;</a>&nbsp;&nbsp;&nbsp;ip_reass_remove_oldest_datagram
</UL>

<P><STRONG><a name="[218]"></a>ip_reass_remove_oldest_datagram</STRONG> (Thumb, 130 bytes, Stack size 40 bytes, ip4_frag.o(i.ip_reass_remove_oldest_datagram))
<BR><BR>[Stack]<UL><LI>Max Depth = 1072<LI>Call Chain = ip_reass_remove_oldest_datagram &rArr; ip_reass_free_complete_datagram &rArr; icmp_time_exceeded &rArr; icmp_send_response &rArr; ip4_output_if &rArr; ip4_output_if_src &rArr; ip4_frag &rArr; pbuf_alloc &rArr; pbuf_free &rArr; memp_free &rArr; do_memp_free_pool &rArr; sys_assert &rArr; DbgConsole_Printf &rArr; DbgConsole_PrintfFormattedData &rArr; DbgConsole_ConvertFloatRadixNumToString &rArr; __hardfp_pow &rArr; __kernel_poly &rArr; __aeabi_dmul &rArr; _double_epilogue &rArr; _double_round
</UL>
<BR>[Calls]<UL><LI><a href="#[21f]">&gt;&gt;</a>&nbsp;&nbsp;&nbsp;ip_reass_free_complete_datagram
</UL>
<BR>[Called By]<UL><LI><a href="#[219]">&gt;&gt;</a>&nbsp;&nbsp;&nbsp;ip_reass_enqueue_new_datagram
<LI><a href="#[211]">&gt;&gt;</a>&nbsp;&nbsp;&nbsp;ip4_reass
</UL>

<P><STRONG><a name="[8f]"></a>ipfrag_free_pbuf_custom</STRONG> (Thumb, 50 bytes, Stack size 16 bytes, ip4_frag.o(i.ipfrag_free_pbuf_custom))
<BR><BR>[Stack]<UL><LI>Max Depth = 728<LI>Call Chain = ipfrag_free_pbuf_custom &rArr; pbuf_free &rArr; memp_free &rArr; do_memp_free_pool &rArr; sys_assert &rArr; DbgConsole_Printf &rArr; DbgConsole_PrintfFormattedData &rArr; DbgConsole_ConvertFloatRadixNumToString &rArr; __hardfp_pow &rArr; __kernel_poly &rArr; __aeabi_dmul &rArr; _double_epilogue &rArr; _double_round
</UL>
<BR>[Calls]<UL><LI><a href="#[1c4]">&gt;&gt;</a>&nbsp;&nbsp;&nbsp;pbuf_free
<LI><a href="#[1ad]">&gt;&gt;</a>&nbsp;&nbsp;&nbsp;sys_assert
<LI><a href="#[20f]">&gt;&gt;</a>&nbsp;&nbsp;&nbsp;ip_frag_free_pbuf_custom_ref
</UL>
<BR>[Address Reference Count : 1]<UL><LI> ip4_frag.o(i.ip4_frag)
</UL>
<P><STRONG><a name="[f1]"></a>GPIO_WritePinOutput</STRONG> (Thumb, 10 bytes, Stack size 8 bytes, gpio_api.o(i.GPIO_WritePinOutput))
<BR><BR>[Stack]<UL><LI>Max Depth = 8<LI>Call Chain = GPIO_WritePinOutput
</UL>
<BR>[Called By]<UL><LI><a href="#[152]">&gt;&gt;</a>&nbsp;&nbsp;&nbsp;SW_ON
<LI><a href="#[151]">&gt;&gt;</a>&nbsp;&nbsp;&nbsp;SW_OFF
<LI><a href="#[150]">&gt;&gt;</a>&nbsp;&nbsp;&nbsp;RS485_TX_ON
<LI><a href="#[14f]">&gt;&gt;</a>&nbsp;&nbsp;&nbsp;RS485_TX_OFF
<LI><a href="#[14e]">&gt;&gt;</a>&nbsp;&nbsp;&nbsp;RS485_RX_ON
<LI><a href="#[14d]">&gt;&gt;</a>&nbsp;&nbsp;&nbsp;RS485_RX_OFF
<LI><a href="#[14a]">&gt;&gt;</a>&nbsp;&nbsp;&nbsp;RELAY0_ON
<LI><a href="#[149]">&gt;&gt;</a>&nbsp;&nbsp;&nbsp;RELAY0_OFF
<LI><a href="#[148]">&gt;&gt;</a>&nbsp;&nbsp;&nbsp;PWM_ON
<LI><a href="#[147]">&gt;&gt;</a>&nbsp;&nbsp;&nbsp;PWM_OFF
<LI><a href="#[145]">&gt;&gt;</a>&nbsp;&nbsp;&nbsp;PIO1_30_ON
<LI><a href="#[144]">&gt;&gt;</a>&nbsp;&nbsp;&nbsp;PIO1_30_OFF
<LI><a href="#[143]">&gt;&gt;</a>&nbsp;&nbsp;&nbsp;PIO1_22_ON
<LI><a href="#[142]">&gt;&gt;</a>&nbsp;&nbsp;&nbsp;PIO1_22_OFF
<LI><a href="#[141]">&gt;&gt;</a>&nbsp;&nbsp;&nbsp;PIO1_0_ON
<LI><a href="#[140]">&gt;&gt;</a>&nbsp;&nbsp;&nbsp;PIO1_0_OFF
<LI><a href="#[13f]">&gt;&gt;</a>&nbsp;&nbsp;&nbsp;PIO0_28_ON
<LI><a href="#[13e]">&gt;&gt;</a>&nbsp;&nbsp;&nbsp;PIO0_28_OFF
<LI><a href="#[13d]">&gt;&gt;</a>&nbsp;&nbsp;&nbsp;PIO0_25_ON
<LI><a href="#[13c]">&gt;&gt;</a>&nbsp;&nbsp;&nbsp;PIO0_25_OFF
<LI><a href="#[13b]">&gt;&gt;</a>&nbsp;&nbsp;&nbsp;PIO0_21_ON
<LI><a href="#[13a]">&gt;&gt;</a>&nbsp;&nbsp;&nbsp;PIO0_21_OFF
<LI><a href="#[132]">&gt;&gt;</a>&nbsp;&nbsp;&nbsp;LED_Y_ON
<LI><a href="#[131]">&gt;&gt;</a>&nbsp;&nbsp;&nbsp;LED_Y_OFF
<LI><a href="#[130]">&gt;&gt;</a>&nbsp;&nbsp;&nbsp;LED_W_ON
<LI><a href="#[12f]">&gt;&gt;</a>&nbsp;&nbsp;&nbsp;LED_W_OFF
<LI><a href="#[12e]">&gt;&gt;</a>&nbsp;&nbsp;&nbsp;LED_G_ON
<LI><a href="#[12d]">&gt;&gt;</a>&nbsp;&nbsp;&nbsp;LED_G_OFF
<LI><a href="#[12c]">&gt;&gt;</a>&nbsp;&nbsp;&nbsp;LED_B_ON
<LI><a href="#[12b]">&gt;&gt;</a>&nbsp;&nbsp;&nbsp;LED_B_OFF
<LI><a href="#[f2]">&gt;&gt;</a>&nbsp;&nbsp;&nbsp;CP_ON
<LI><a href="#[f0]">&gt;&gt;</a>&nbsp;&nbsp;&nbsp;CP_OFF
</UL>

<P><STRONG><a name="[16d]"></a>parse_hex4(const char*)</STRONG> (Thumb, 276 bytes, Stack size 0 bytes, cjson.o(i._Z10parse_hex4PKc))
<BR><BR>[Called By]<UL><LI><a href="#[164]">&gt;&gt;</a>&nbsp;&nbsp;&nbsp;parse_string(cJSON*, const char*, const char**)
</UL>

<P><STRONG><a name="[15f]"></a>parse_array(cJSON*, const char*, const char**)</STRONG> (Thumb, 174 bytes, Stack size 32 bytes, cjson.o(i._Z11parse_arrayP5cJSONPKcPS2_))
<BR><BR>[Stack]<UL><LI>Max Depth = 40 + In Cycle
<LI>Call Chain = parse_array(cJSON*, const char*, const char**) &rArr;  parse_value(cJSON*, const char*, const char**) (Cycle)
</UL>
<BR>[Calls]<UL><LI><a href="#[160]">&gt;&gt;</a>&nbsp;&nbsp;&nbsp;skip(const char*)
<LI><a href="#[161]">&gt;&gt;</a>&nbsp;&nbsp;&nbsp;cJSON_New_Item()
<LI><a href="#[162]">&gt;&gt;</a>&nbsp;&nbsp;&nbsp;parse_value(cJSON*, const char*, const char**)
</UL>
<BR>[Called By]<UL><LI><a href="#[162]">&gt;&gt;</a>&nbsp;&nbsp;&nbsp;parse_value(cJSON*, const char*, const char**)
</UL>

<P><STRONG><a name="[162]"></a>parse_value(cJSON*, const char*, const char**)</STRONG> (Thumb, 166 bytes, Stack size 16 bytes, cjson.o(i._Z11parse_valueP5cJSONPKcPS2_))
<BR><BR>[Stack]<UL><LI>Max Depth = 400<LI>Call Chain = parse_value(cJSON*, const char*, const char**) &rArr; parse_number(cJSON*, const char*) &rArr; __hardfp_pow &rArr; __kernel_poly &rArr; __aeabi_dmul &rArr; _double_epilogue &rArr; _double_round
</UL>
<BR>[Calls]<UL><LI><a href="#[164]">&gt;&gt;</a>&nbsp;&nbsp;&nbsp;parse_string(cJSON*, const char*, const char**)
<LI><a href="#[166]">&gt;&gt;</a>&nbsp;&nbsp;&nbsp;parse_object(cJSON*, const char*, const char**)
<LI><a href="#[165]">&gt;&gt;</a>&nbsp;&nbsp;&nbsp;parse_number(cJSON*, const char*)
<LI><a href="#[15f]">&gt;&gt;</a>&nbsp;&nbsp;&nbsp;parse_array(cJSON*, const char*, const char**)
<LI><a href="#[163]">&gt;&gt;</a>&nbsp;&nbsp;&nbsp;strncmp
</UL>
<BR>[Called By]<UL><LI><a href="#[1a8]">&gt;&gt;</a>&nbsp;&nbsp;&nbsp;cJSON_ParseWithOpts
<LI><a href="#[166]">&gt;&gt;</a>&nbsp;&nbsp;&nbsp;parse_object(cJSON*, const char*, const char**)
<LI><a href="#[15f]">&gt;&gt;</a>&nbsp;&nbsp;&nbsp;parse_array(cJSON*, const char*, const char**)
</UL>

<P><STRONG><a name="[165]"></a>parse_number(cJSON*, const char*)</STRONG> (Thumb, 424 bytes, Stack size 80 bytes, cjson.o(i._Z12parse_numberP5cJSONPKc))
<BR><BR>[Stack]<UL><LI>Max Depth = 384<LI>Call Chain = parse_number(cJSON*, const char*) &rArr; __hardfp_pow &rArr; __kernel_poly &rArr; __aeabi_dmul &rArr; _double_epilogue &rArr; _double_round
</UL>
<BR>[Calls]<UL><LI><a href="#[c1]">&gt;&gt;</a>&nbsp;&nbsp;&nbsp;__aeabi_i2d
<LI><a href="#[bd]">&gt;&gt;</a>&nbsp;&nbsp;&nbsp;__aeabi_dsub
<LI><a href="#[bf]">&gt;&gt;</a>&nbsp;&nbsp;&nbsp;__aeabi_dmul
<LI><a href="#[b9]">&gt;&gt;</a>&nbsp;&nbsp;&nbsp;__aeabi_dadd
<LI><a href="#[c4]">&gt;&gt;</a>&nbsp;&nbsp;&nbsp;__aeabi_d2iz
<LI><a href="#[f7]">&gt;&gt;</a>&nbsp;&nbsp;&nbsp;__hardfp_pow
</UL>
<BR>[Called By]<UL><LI><a href="#[162]">&gt;&gt;</a>&nbsp;&nbsp;&nbsp;parse_value(cJSON*, const char*, const char**)
</UL>

<P><STRONG><a name="[166]"></a>parse_object(cJSON*, const char*, const char**)</STRONG> (Thumb, 278 bytes, Stack size 32 bytes, cjson.o(i._Z12parse_objectP5cJSONPKcPS2_))
<BR><BR>[Stack]<UL><LI>Max Depth = 88 + In Cycle
<LI>Call Chain = parse_object(cJSON*, const char*, const char**) &rArr;  parse_value(cJSON*, const char*, const char**) (Cycle)
</UL>
<BR>[Calls]<UL><LI><a href="#[160]">&gt;&gt;</a>&nbsp;&nbsp;&nbsp;skip(const char*)
<LI><a href="#[161]">&gt;&gt;</a>&nbsp;&nbsp;&nbsp;cJSON_New_Item()
<LI><a href="#[164]">&gt;&gt;</a>&nbsp;&nbsp;&nbsp;parse_string(cJSON*, const char*, const char**)
<LI><a href="#[162]">&gt;&gt;</a>&nbsp;&nbsp;&nbsp;parse_value(cJSON*, const char*, const char**)
</UL>
<BR>[Called By]<UL><LI><a href="#[162]">&gt;&gt;</a>&nbsp;&nbsp;&nbsp;parse_value(cJSON*, const char*, const char**)
</UL>

<P><STRONG><a name="[164]"></a>parse_string(cJSON*, const char*, const char**)</STRONG> (Thumb, 516 bytes, Stack size 56 bytes, cjson.o(i._Z12parse_stringP5cJSONPKcPS2_))
<BR><BR>[Stack]<UL><LI>Max Depth = 56<LI>Call Chain = parse_string(cJSON*, const char*, const char**)
</UL>
<BR>[Calls]<UL><LI><a href="#[16d]">&gt;&gt;</a>&nbsp;&nbsp;&nbsp;parse_hex4(const char*)
</UL>
<BR>[Called By]<UL><LI><a href="#[166]">&gt;&gt;</a>&nbsp;&nbsp;&nbsp;parse_object(cJSON*, const char*, const char**)
<LI><a href="#[162]">&gt;&gt;</a>&nbsp;&nbsp;&nbsp;parse_value(cJSON*, const char*, const char**)
</UL>

<P><STRONG><a name="[161]"></a>cJSON_New_Item()</STRONG> (Thumb, 26 bytes, Stack size 8 bytes, cjson.o(i._Z14cJSON_New_Itemv))
<BR><BR>[Stack]<UL><LI>Max Depth = 8<LI>Call Chain = cJSON_New_Item()
</UL>
<BR>[Calls]<UL><LI><a href="#[106]">&gt;&gt;</a>&nbsp;&nbsp;&nbsp;__aeabi_memclr4
</UL>
<BR>[Called By]<UL><LI><a href="#[1a8]">&gt;&gt;</a>&nbsp;&nbsp;&nbsp;cJSON_ParseWithOpts
<LI><a href="#[166]">&gt;&gt;</a>&nbsp;&nbsp;&nbsp;parse_object(cJSON*, const char*, const char**)
<LI><a href="#[15f]">&gt;&gt;</a>&nbsp;&nbsp;&nbsp;parse_array(cJSON*, const char*, const char**)
</UL>

<P><STRONG><a name="[17f]"></a>cJSON_strcasecmp(const char*, const char*)</STRONG> (Thumb, 76 bytes, Stack size 16 bytes, cjson.o(i._Z16cJSON_strcasecmpPKcS0_))
<BR><BR>[Stack]<UL><LI>Max Depth = 16<LI>Call Chain = cJSON_strcasecmp(const char*, const char*)
</UL>
<BR>[Calls]<UL><LI><a href="#[180]">&gt;&gt;</a>&nbsp;&nbsp;&nbsp;tolower
</UL>
<BR>[Called By]<UL><LI><a href="#[183]">&gt;&gt;</a>&nbsp;&nbsp;&nbsp;cJSON_GetObjectItem
</UL>

<P><STRONG><a name="[160]"></a>skip(const char*)</STRONG> (Thumb, 18 bytes, Stack size 0 bytes, cjson.o(i._Z4skipPKc))
<BR><BR>[Called By]<UL><LI><a href="#[1a8]">&gt;&gt;</a>&nbsp;&nbsp;&nbsp;cJSON_ParseWithOpts
<LI><a href="#[166]">&gt;&gt;</a>&nbsp;&nbsp;&nbsp;parse_object(cJSON*, const char*, const char**)
<LI><a href="#[15f]">&gt;&gt;</a>&nbsp;&nbsp;&nbsp;parse_array(cJSON*, const char*, const char**)
</UL>

<P><STRONG><a name="[1a4]"></a>_fp_digits</STRONG> (Thumb, 366 bytes, Stack size 64 bytes, printfa.o(i._fp_digits), UNUSED)
<BR><BR>[Calls]<UL><LI><a href="#[bf]">&gt;&gt;</a>&nbsp;&nbsp;&nbsp;__aeabi_dmul
<LI><a href="#[c0]">&gt;&gt;</a>&nbsp;&nbsp;&nbsp;__aeabi_ddiv
<LI><a href="#[b9]">&gt;&gt;</a>&nbsp;&nbsp;&nbsp;__aeabi_dadd
<LI><a href="#[f6]">&gt;&gt;</a>&nbsp;&nbsp;&nbsp;__aeabi_cdrcmple
<LI><a href="#[c6]">&gt;&gt;</a>&nbsp;&nbsp;&nbsp;__aeabi_d2ulz
<LI><a href="#[b2]">&gt;&gt;</a>&nbsp;&nbsp;&nbsp;__aeabi_uldivmod
</UL>
<BR>[Called By]<UL><LI><a href="#[197]">&gt;&gt;</a>&nbsp;&nbsp;&nbsp;_printf_core
</UL>

<P><STRONG><a name="[197]"></a>_printf_core</STRONG> (Thumb, 1744 bytes, Stack size 136 bytes, printfa.o(i._printf_core), UNUSED)
<BR><BR>[Calls]<UL><LI><a href="#[1a5]">&gt;&gt;</a>&nbsp;&nbsp;&nbsp;_printf_pre_padding
<LI><a href="#[1a6]">&gt;&gt;</a>&nbsp;&nbsp;&nbsp;_printf_post_padding
<LI><a href="#[1a4]">&gt;&gt;</a>&nbsp;&nbsp;&nbsp;_fp_digits
<LI><a href="#[b2]">&gt;&gt;</a>&nbsp;&nbsp;&nbsp;__aeabi_uldivmod
<LI><a href="#[1a7]">&gt;&gt;</a>&nbsp;&nbsp;&nbsp;__aeabi_uidivmod
</UL>
<BR>[Called By]<UL><LI><a href="#[198]">&gt;&gt;</a>&nbsp;&nbsp;&nbsp;__0sprintf
<LI><a href="#[196]">&gt;&gt;</a>&nbsp;&nbsp;&nbsp;__0printf
</UL>

<P><STRONG><a name="[1a6]"></a>_printf_post_padding</STRONG> (Thumb, 36 bytes, Stack size 24 bytes, printfa.o(i._printf_post_padding), UNUSED)
<BR><BR>[Called By]<UL><LI><a href="#[197]">&gt;&gt;</a>&nbsp;&nbsp;&nbsp;_printf_core
</UL>

<P><STRONG><a name="[1a5]"></a>_printf_pre_padding</STRONG> (Thumb, 46 bytes, Stack size 24 bytes, printfa.o(i._printf_pre_padding), UNUSED)
<BR><BR>[Called By]<UL><LI><a href="#[197]">&gt;&gt;</a>&nbsp;&nbsp;&nbsp;_printf_core
</UL>

<P><STRONG><a name="[89]"></a>_sputc</STRONG> (Thumb, 10 bytes, Stack size 0 bytes, printfa.o(i._sputc))
<BR><BR>[Called By]<UL><LI><a href="#[198]">&gt;&gt;</a>&nbsp;&nbsp;&nbsp;__0sprintf
</UL>
<BR>[Address Reference Count : 1]<UL><LI> printfa.o(i.__0sprintf)
</UL><P>
<H3>
Undefined Global Symbols
</H3><HR></body></html>
